C:\Users\mohamedosama\AppData\Local\anaconda3\envs\deep_rl\lib\site-packages\pygame\pkgdata.py:25: UserWarning: pkg_resources is deprecated as an API. See https://setuptools.pypa.io/en/latest/pkg_resources.html. The pkg_resources package is slated for removal as early as 2025-11-30. Refrain from using this package or pin to Setuptools<81.
  from pkg_resources import resource_stream, resource_exists
GPU not detected. Defaulting to CPU.
########################
logging outputs to ppo\data\ppo_sweep_LunarLander-v2_2026-05-10_17-25-28
########################
[update    1 | steps     2048 | sps   1666] ep_return -194.69  kl 0.0059  clip 0.062  ev 0.003  epochs 10/10
[update    2 | steps     4096 | sps   1683] ep_return -194.29  kl 0.0045  clip 0.061  ev -0.002  epochs 10/10
[update    3 | steps     6144 | sps   1725] ep_return -190.35  kl 0.0061  clip 0.072  ev -0.021  epochs 10/10
[update    4 | steps     8192 | sps   1673] ep_return -167.27  kl 0.0081  clip 0.112  ev -0.010  epochs 10/10
[eval @ step    10240] mean return =  -824.53
[update    5 | steps    10240 | sps   1613] ep_return -156.25  kl 0.0069  clip 0.096  ev -0.000  epochs 10/10
[update    6 | steps    12288 | sps   1641] ep_return -143.71  kl 0.0021  clip 0.022  ev 0.000  epochs 10/10
[update    7 | steps    14336 | sps   1661] ep_return -123.74  kl 0.0060  clip 0.073  ev -0.004  epochs 10/10
[update    8 | steps    16384 | sps   1604] ep_return -116.03  kl 0.0089  clip 0.114  ev -0.000  epochs 10/10
[update    9 | steps    18432 | sps   1625] ep_return  -94.51  kl 0.0093  clip 0.136  ev -0.000  epochs 10/10
[eval @ step    20480] mean return = -2898.16
[update   10 | steps    20480 | sps   1504] ep_return  -88.33  kl 0.0066  clip 0.077  ev -0.000  epochs 10/10
[update   11 | steps    22528 | sps   1525] ep_return  -81.37  kl 0.0011  clip 0.000  ev 0.001  epochs 10/10
[update   12 | steps    24576 | sps   1529] ep_return  -70.62  kl 0.0024  clip 0.008  ev -0.003  epochs 10/10
[update   13 | steps    26624 | sps   1489] ep_return  -60.36  kl 0.0034  clip 0.007  ev 0.095  epochs 10/10
[update   14 | steps    28672 | sps   1489] ep_return  -54.01  kl 0.0028  clip 0.030  ev 0.294  epochs 10/10
[eval @ step    30720] mean return = -2900.22
[update   15 | steps    30720 | sps   1471] ep_return  -48.28  kl 0.0031  clip 0.029  ev 0.310  epochs 10/10
[update   16 | steps    32768 | sps   1487] ep_return  -43.82  kl 0.0045  clip 0.037  ev 0.241  epochs 10/10
[update   17 | steps    34816 | sps   1494] ep_return  -44.77  kl 0.0068  clip 0.092  ev 0.223  epochs 10/10
[update   18 | steps    36864 | sps   1503] ep_return  -41.92  kl 0.0036  clip 0.039  ev 0.379  epochs 10/10
[update   19 | steps    38912 | sps   1514] ep_return  -39.62  kl 0.0065  clip 0.083  ev 0.781  epochs 10/10
[eval @ step    40960] mean return =  -352.42
[update   20 | steps    40960 | sps   1502] ep_return  -32.53  kl 0.0065  clip 0.094  ev 0.381  epochs 10/10
[update   21 | steps    43008 | sps   1507] ep_return  -30.34  kl 0.0052  clip 0.066  ev 0.390  epochs 10/10
[update   22 | steps    45056 | sps   1504] ep_return  -28.76  kl 0.0051  clip 0.064  ev 0.595  epochs 10/10
[update   23 | steps    47104 | sps   1512] ep_return  -24.56  kl 0.0090  clip 0.127  ev 0.717  epochs 10/10
[update   24 | steps    49152 | sps   1517] ep_return  -22.56  kl 0.0068  clip 0.086  ev 0.563  epochs 10/10
[eval @ step    51200] mean return =  -353.09
[update   25 | steps    51200 | sps   1458] ep_return  -22.29  kl 0.0086  clip 0.080  ev 0.543  epochs 10/10
[update   26 | steps    53248 | sps   1444] ep_return  -21.41  kl 0.0062  clip 0.079  ev 0.526  epochs 10/10
[update   27 | steps    55296 | sps   1435] ep_return  -18.95  kl 0.0048  clip 0.033  ev 0.574  epochs 10/10
[update   28 | steps    57344 | sps   1420] ep_return  -17.30  kl 0.0065  clip 0.072  ev 0.540  epochs 10/10
[update   29 | steps    59392 | sps   1428] ep_return  -16.50  kl 0.0036  clip 0.028  ev 0.601  epochs 10/10
[eval @ step    61440] mean return =  -310.23
[update   30 | steps    61440 | sps   1406] ep_return  -14.92  kl 0.0064  clip 0.076  ev 0.573  epochs 10/10
[update   31 | steps    63488 | sps   1411] ep_return  -10.96  kl 0.0019  clip 0.015  ev 0.346  epochs 10/10
[update   32 | steps    65536 | sps   1417] ep_return   -8.62  kl 0.0051  clip 0.074  ev 0.803  epochs 10/10
[update   33 | steps    67584 | sps   1416] ep_return   -7.50  kl 0.0056  clip 0.066  ev 0.547  epochs 10/10
[update   34 | steps    69632 | sps   1414] ep_return   -3.81  kl 0.0152  clip 0.117  ev 0.398  epochs 10/10
[eval @ step    71680] mean return =  -335.85
[update   35 | steps    71680 | sps   1400] ep_return   -2.09  kl 0.0044  clip 0.046  ev 0.715  epochs 10/10
[update   36 | steps    73728 | sps   1407] ep_return   -3.86  kl 0.0113  clip 0.180  ev 0.370  epochs 10/10
[update   37 | steps    75776 | sps   1413] ep_return   -6.26  kl 0.0037  clip 0.049  ev 0.502  epochs 10/10
[update   38 | steps    77824 | sps   1419] ep_return   -1.92  kl 0.0033  clip 0.036  ev 0.810  epochs 10/10
[update   39 | steps    79872 | sps   1426] ep_return   -1.95  kl 0.0037  clip 0.015  ev 0.393  epochs 10/10
[eval @ step    81920] mean return =  -148.67
[update   40 | steps    81920 | sps   1410] ep_return   -0.33  kl 0.0078  clip 0.090  ev 0.793  epochs 10/10
[update   41 | steps    83968 | sps   1416] ep_return    1.14  kl 0.0064  clip 0.040  ev 0.264  epochs 10/10
[update   42 | steps    86016 | sps   1422] ep_return    3.43  kl 0.0186  clip 0.179  ev 0.286  epochs 10/10
[update   43 | steps    88064 | sps   1428] ep_return    4.06  kl 0.0052  clip 0.061  ev 0.452  epochs 10/10
[eval @ step    90112] mean return =   -67.27
[update   44 | steps    90112 | sps   1412] ep_return    8.70  kl 0.0165  clip 0.112  ev 0.235  epochs 10/10
[update   45 | steps    92160 | sps   1417] ep_return   14.40  kl 0.0028  clip 0.024  ev 0.247  epochs 10/10
[update   46 | steps    94208 | sps   1422] ep_return   20.83  kl 0.0029  clip 0.016  ev 0.267  epochs 10/10
[update   47 | steps    96256 | sps   1426] ep_return   27.12  kl 0.0070  clip 0.085  ev 0.162  epochs 10/10
[update   48 | steps    98304 | sps   1426] ep_return   33.91  kl 0.0021  clip 0.016  ev 0.274  epochs 10/10
[eval @ step   100352] mean return =   -53.79
[update   49 | steps   100352 | sps   1393] ep_return   39.82  kl 0.0042  clip 0.057  ev 0.287  epochs 10/10
[update   50 | steps   102400 | sps   1380] ep_return   44.75  kl 0.0053  clip 0.061  ev 0.272  epochs 10/10
[update   51 | steps   104448 | sps   1375] ep_return   50.93  kl 0.0041  clip 0.017  ev 0.224  epochs 10/10
[update   52 | steps   106496 | sps   1370] ep_return   56.30  kl 0.0074  clip 0.097  ev 0.188  epochs 10/10
[update   53 | steps   108544 | sps   1365] ep_return   63.12  kl 0.0024  clip 0.020  ev 0.201  epochs 10/10
[eval @ step   110592] mean return =   -33.52
[update   54 | steps   110592 | sps   1347] ep_return   66.39  kl 0.0076  clip 0.103  ev 0.405  epochs 10/10
[update   55 | steps   112640 | sps   1344] ep_return   68.97  kl 0.0050  clip 0.073  ev 0.398  epochs 10/10
[update   56 | steps   114688 | sps   1343] ep_return   79.44  kl 0.0094  clip 0.137  ev 0.411  epochs 10/10
[update   57 | steps   116736 | sps   1341] ep_return   84.47  kl 0.0040  clip 0.050  ev 0.583  epochs 10/10
[update   58 | steps   118784 | sps   1339] ep_return   92.31  kl 0.0063  clip 0.070  ev 0.542  epochs 10/10
[eval @ step   120832] mean return =    16.57
[update   59 | steps   120832 | sps   1318] ep_return  100.65  kl 0.0055  clip 0.050  ev 0.434  epochs 10/10
[update   60 | steps   122880 | sps   1315] ep_return  106.49  kl 0.0032  clip 0.038  ev 0.463  epochs 10/10
[update   61 | steps   124928 | sps   1313] ep_return  113.64  kl 0.0059  clip 0.078  ev 0.591  epochs 10/10
[update   62 | steps   126976 | sps   1313] ep_return  116.48  kl 0.0038  clip 0.045  ev 0.487  epochs 10/10
[update   63 | steps   129024 | sps   1315] ep_return  120.42  kl 0.0029  clip 0.036  ev 0.629  epochs 10/10
[eval @ step   131072] mean return =    99.20
[update   64 | steps   131072 | sps   1299] ep_return  131.86  kl 0.0040  clip 0.049  ev 0.629  epochs 10/10
[update   65 | steps   133120 | sps   1299] ep_return  137.35  kl 0.0040  clip 0.035  ev 0.383  epochs 10/10
[update   66 | steps   135168 | sps   1297] ep_return  142.33  kl 0.0041  clip 0.044  ev 0.419  epochs 10/10
[update   67 | steps   137216 | sps   1295] ep_return  143.85  kl 0.0042  clip 0.047  ev 0.576  epochs 10/10
[update   68 | steps   139264 | sps   1294] ep_return  145.07  kl 0.0094  clip 0.127  ev 0.607  epochs 10/10
[eval @ step   141312] mean return =   162.04
[update   69 | steps   141312 | sps   1288] ep_return  147.55  kl 0.0045  clip 0.048  ev 0.464  epochs 10/10
[update   70 | steps   143360 | sps   1292] ep_return  143.95  kl 0.0056  clip 0.065  ev 0.405  epochs 10/10
[update   71 | steps   145408 | sps   1288] ep_return  143.10  kl 0.0039  clip 0.048  ev 0.576  epochs 10/10
[update   72 | steps   147456 | sps   1291] ep_return  142.35  kl 0.0048  clip 0.055  ev 0.533  epochs 10/10
[update   73 | steps   149504 | sps   1295] ep_return  140.32  kl 0.0027  clip 0.023  ev 0.485  epochs 10/10
[eval @ step   151552] mean return =   120.68
[update   74 | steps   151552 | sps   1293] ep_return  143.88  kl 0.0095  clip 0.148  ev 0.685  epochs 10/10
[update   75 | steps   153600 | sps   1297] ep_return  139.89  kl 0.0090  clip 0.133  ev 0.537  epochs 10/10
[update   76 | steps   155648 | sps   1302] ep_return  141.95  kl 0.0053  clip 0.073  ev 0.579  epochs 10/10
[update   77 | steps   157696 | sps   1305] ep_return  136.10  kl 0.0075  clip 0.104  ev 0.454  epochs 10/10
[update   78 | steps   159744 | sps   1305] ep_return  138.92  kl 0.0061  clip 0.081  ev 0.565  epochs 10/10
[eval @ step   161792] mean return =   148.68
[update   79 | steps   161792 | sps   1298] ep_return  141.11  kl 0.0041  clip 0.053  ev 0.531  epochs 10/10
[update   80 | steps   163840 | sps   1298] ep_return  138.27  kl 0.0043  clip 0.054  ev 0.560  epochs 10/10
[update   81 | steps   165888 | sps   1299] ep_return  137.01  kl 0.0056  clip 0.064  ev 0.639  epochs 10/10
[update   82 | steps   167936 | sps   1297] ep_return  135.08  kl 0.0030  clip 0.028  ev 0.522  epochs 10/10
[update   83 | steps   169984 | sps   1296] ep_return  137.60  kl 0.0081  clip 0.083  ev 0.691  epochs 10/10
[eval @ step   172032] mean return =    85.22
[update   84 | steps   172032 | sps   1287] ep_return  135.27  kl 0.0054  clip 0.065  ev 0.690  epochs 10/10
[update   85 | steps   174080 | sps   1286] ep_return  134.26  kl 0.0056  clip 0.061  ev 0.672  epochs 10/10
[update   86 | steps   176128 | sps   1284] ep_return  135.50  kl 0.0058  clip 0.083  ev 0.713  epochs 10/10
[update   87 | steps   178176 | sps   1283] ep_return  137.02  kl 0.0024  clip 0.021  ev 0.631  epochs 10/10
[eval @ step   180224] mean return =   166.12
[update   88 | steps   180224 | sps   1277] ep_return  137.77  kl 0.0041  clip 0.048  ev 0.809  epochs 10/10
[update   89 | steps   182272 | sps   1281] ep_return  140.92  kl 0.0055  clip 0.073  ev 0.744  epochs 10/10
[update   90 | steps   184320 | sps   1285] ep_return  143.56  kl 0.0051  clip 0.044  ev 0.742  epochs 10/10
[update   91 | steps   186368 | sps   1286] ep_return  151.12  kl 0.0060  clip 0.087  ev 0.681  epochs 10/10
[update   92 | steps   188416 | sps   1285] ep_return  160.45  kl 0.0046  clip 0.058  ev 0.679  epochs 10/10
[eval @ step   190464] mean return =   194.02
[update   93 | steps   190464 | sps   1280] ep_return  160.09  kl 0.0196  clip 0.069  ev 0.577  epochs 10/10
[update   94 | steps   192512 | sps   1278] ep_return  165.86  kl 0.0045  clip 0.058  ev 0.759  epochs 10/10
[update   95 | steps   194560 | sps   1278] ep_return  163.71  kl 0.0059  clip 0.068  ev 0.689  epochs 10/10
[update   96 | steps   196608 | sps   1279] ep_return  170.41  kl 0.0031  clip 0.034  ev 0.722  epochs 10/10
[update   97 | steps   198656 | sps   1282] ep_return  171.35  kl 0.0047  clip 0.036  ev 0.666  epochs 10/10
[eval @ step   200704] mean return =   198.26
[update   98 | steps   200704 | sps   1279] ep_return  173.29  kl 0.0076  clip 0.114  ev 0.605  epochs 10/10
[update   99 | steps   202752 | sps   1279] ep_return  169.36  kl 0.0027  clip 0.024  ev 0.567  epochs 10/10
[update  100 | steps   204800 | sps   1282] ep_return  171.61  kl 0.0034  clip 0.038  ev 0.639  epochs 10/10
[update  101 | steps   206848 | sps   1277] ep_return  174.30  kl 0.0072  clip 0.101  ev 0.706  epochs 10/10
[update  102 | steps   208896 | sps   1280] ep_return  170.02  kl 0.0041  clip 0.050  ev 0.629  epochs 10/10
[eval @ step   210944] mean return =   180.25
[update  103 | steps   210944 | sps   1281] ep_return  167.98  kl 0.0056  clip 0.061  ev 0.785  epochs 10/10
[update  104 | steps   212992 | sps   1284] ep_return  176.09  kl 0.0054  clip 0.056  ev 0.681  epochs 10/10
[update  105 | steps   215040 | sps   1286] ep_return  176.05  kl 0.0044  clip 0.028  ev 0.628  epochs 10/10
[update  106 | steps   217088 | sps   1289] ep_return  174.57  kl 0.0044  clip 0.048  ev 0.631  epochs 10/10
[update  107 | steps   219136 | sps   1291] ep_return  174.26  kl 0.0104  clip 0.138  ev 0.865  epochs 10/10
[eval @ step   221184] mean return =   179.22
[update  108 | steps   221184 | sps   1290] ep_return  168.37  kl 0.0077  clip 0.085  ev 0.767  epochs 10/10
[update  109 | steps   223232 | sps   1292] ep_return  171.30  kl 0.0044  clip 0.052  ev 0.933  epochs 10/10
[update  110 | steps   225280 | sps   1292] ep_return  170.74  kl 0.0049  clip 0.058  ev 0.774  epochs 10/10
[update  111 | steps   227328 | sps   1295] ep_return  173.04  kl 0.0029  clip 0.030  ev 0.729  epochs 10/10
[update  112 | steps   229376 | sps   1292] ep_return  170.82  kl 0.0031  clip 0.034  ev 0.537  epochs 10/10
[eval @ step   231424] mean return =   206.45
[update  113 | steps   231424 | sps   1292] ep_return  170.56  kl 0.0058  clip 0.080  ev 0.790  epochs 10/10
[update  114 | steps   233472 | sps   1290] ep_return  170.69  kl 0.0064  clip 0.088  ev 0.874  epochs 10/10
[update  115 | steps   235520 | sps   1293] ep_return  175.59  kl 0.0033  clip 0.037  ev 0.708  epochs 10/10
[update  116 | steps   237568 | sps   1296] ep_return  178.36  kl 0.0038  clip 0.040  ev 0.715  epochs 10/10
[update  117 | steps   239616 | sps   1294] ep_return  186.51  kl 0.0033  clip 0.033  ev 0.758  epochs 10/10
[eval @ step   241664] mean return =   226.92
[update  118 | steps   241664 | sps   1294] ep_return  193.11  kl 0.0051  clip 0.057  ev 0.748  epochs 10/10
[update  119 | steps   243712 | sps   1297] ep_return  189.34  kl 0.0068  clip 0.084  ev 0.810  epochs 10/10
[update  120 | steps   245760 | sps   1299] ep_return  191.38  kl 0.0045  clip 0.062  ev 0.764  epochs 10/10
[update  121 | steps   247808 | sps   1301] ep_return  190.22  kl 0.0065  clip 0.103  ev 0.861  epochs 10/10
[update  122 | steps   249856 | sps   1299] ep_return  191.70  kl 0.0046  clip 0.042  ev 0.754  epochs 10/10
[eval @ step   251904] mean return =   200.75
[update  123 | steps   251904 | sps   1294] ep_return  195.53  kl 0.0044  clip 0.053  ev 0.750  epochs 10/10
[update  124 | steps   253952 | sps   1293] ep_return  194.93  kl 0.0034  clip 0.044  ev 0.626  epochs 10/10
[update  125 | steps   256000 | sps   1292] ep_return  195.34  kl 0.0058  clip 0.087  ev 0.676  epochs 10/10
[update  126 | steps   258048 | sps   1291] ep_return  192.89  kl 0.0046  clip 0.052  ev 0.836  epochs 10/10
[eval @ step   260096] mean return =   195.85
[update  127 | steps   260096 | sps   1286] ep_return  198.08  kl 0.0055  clip 0.064  ev 0.666  epochs 10/10
[update  128 | steps   262144 | sps   1285] ep_return  197.65  kl 0.0034  clip 0.047  ev 0.771  epochs 10/10
[update  129 | steps   264192 | sps   1284] ep_return  199.34  kl 0.0049  clip 0.072  ev 0.690  epochs 10/10
[update  130 | steps   266240 | sps   1283] ep_return  197.04  kl 0.0046  clip 0.063  ev 0.710  epochs 10/10
[update  131 | steps   268288 | sps   1283] ep_return  200.79  kl 0.0082  clip 0.116  ev 0.844  epochs 10/10
[eval @ step   270336] mean return =   183.33
[update  132 | steps   270336 | sps   1280] ep_return  201.29  kl 0.0035  clip 0.043  ev 0.672  epochs 10/10
[update  133 | steps   272384 | sps   1279] ep_return  200.38  kl 0.0108  clip 0.099  ev 0.837  epochs 10/10
[update  134 | steps   274432 | sps   1278] ep_return  199.36  kl 0.0030  clip 0.032  ev 0.760  epochs 10/10
[update  135 | steps   276480 | sps   1278] ep_return  201.36  kl 0.0096  clip 0.114  ev 0.807  epochs 10/10
[update  136 | steps   278528 | sps   1277] ep_return  206.21  kl 0.0051  clip 0.067  ev 0.836  epochs 10/10
[eval @ step   280576] mean return =   189.54
[update  137 | steps   280576 | sps   1273] ep_return  201.19  kl 0.0030  clip 0.033  ev 0.623  epochs 10/10
[update  138 | steps   282624 | sps   1272] ep_return  200.00  kl 0.0026  clip 0.023  ev 0.739  epochs 10/10
[update  139 | steps   284672 | sps   1269] ep_return  203.41  kl 0.0042  clip 0.053  ev 0.802  epochs 10/10
[update  140 | steps   286720 | sps   1266] ep_return  204.68  kl 0.0047  clip 0.061  ev 0.754  epochs 10/10
[update  141 | steps   288768 | sps   1264] ep_return  209.34  kl 0.0041  clip 0.042  ev 0.742  epochs 10/10
[eval @ step   290816] mean return =   208.99
[update  142 | steps   290816 | sps   1261] ep_return  205.71  kl 0.0060  clip 0.087  ev 0.674  epochs 10/10
[update  143 | steps   292864 | sps   1259] ep_return  208.30  kl 0.0032  clip 0.042  ev 0.835  epochs 10/10
[update  144 | steps   294912 | sps   1256] ep_return  207.24  kl 0.0059  clip 0.084  ev 0.657  epochs 10/10
[update  145 | steps   296960 | sps   1256] ep_return  215.80  kl 0.0049  clip 0.056  ev 0.761  epochs 10/10
[update  146 | steps   299008 | sps   1255] ep_return  215.81  kl 0.0037  clip 0.037  ev 0.801  epochs 10/10
[eval @ step   301056] mean return =   206.63
[update  147 | steps   301056 | sps   1251] ep_return  214.04  kl 0.0039  clip 0.041  ev 0.636  epochs 10/10
[update  148 | steps   303104 | sps   1250] ep_return  214.76  kl 0.0056  clip 0.068  ev 0.905  epochs 10/10
[update  149 | steps   305152 | sps   1249] ep_return  216.86  kl 0.0015  clip 0.014  ev 0.820  epochs 10/10
[update  150 | steps   307200 | sps   1248] ep_return  219.03  kl 0.0026  clip 0.023  ev 0.758  epochs 10/10
[update  151 | steps   309248 | sps   1246] ep_return  218.90  kl 0.0082  clip 0.122  ev 0.873  epochs 10/10
[eval @ step   311296] mean return =   226.67
[update  152 | steps   311296 | sps   1243] ep_return  219.37  kl 0.0069  clip 0.096  ev 0.970  epochs 10/10
[update  153 | steps   313344 | sps   1241] ep_return  227.80  kl 0.0036  clip 0.038  ev 0.696  epochs 10/10
[update  154 | steps   315392 | sps   1240] ep_return  223.86  kl 0.0023  clip 0.025  ev 0.713  epochs 10/10
[update  155 | steps   317440 | sps   1238] ep_return  222.41  kl 0.0045  clip 0.062  ev 0.841  epochs 10/10
[update  156 | steps   319488 | sps   1237] ep_return  221.26  kl 0.0073  clip 0.082  ev 0.933  epochs 10/10
[eval @ step   321536] mean return =   238.26
[update  157 | steps   321536 | sps   1233] ep_return  224.48  kl 0.0054  clip 0.080  ev 0.821  epochs 10/10
[update  158 | steps   323584 | sps   1232] ep_return  226.96  kl 0.0025  clip 0.029  ev 0.838  epochs 10/10
[update  159 | steps   325632 | sps   1231] ep_return  230.20  kl 0.0041  clip 0.052  ev 0.901  epochs 10/10
[update  160 | steps   327680 | sps   1231] ep_return  230.64  kl 0.0083  clip 0.046  ev 0.842  epochs 10/10
[update  161 | steps   329728 | sps   1229] ep_return  226.30  kl 0.0139  clip 0.152  ev 0.929  epochs 10/10
[eval @ step   331776] mean return =   237.20
[update  162 | steps   331776 | sps   1225] ep_return  223.91  kl 0.0037  clip 0.051  ev 0.802  epochs 10/10
[update  163 | steps   333824 | sps   1224] ep_return  220.00  kl 0.0027  clip 0.043  ev 0.797  epochs 10/10
[update  164 | steps   335872 | sps   1223] ep_return  218.60  kl 0.0046  clip 0.049  ev 0.878  epochs 10/10
[update  165 | steps   337920 | sps   1221] ep_return  218.82  kl 0.0035  clip 0.040  ev 0.935  epochs 10/10
[update  166 | steps   339968 | sps   1220] ep_return  218.97  kl 0.0065  clip 0.064  ev 0.914  epochs 10/10
[eval @ step   342016] mean return =   238.78
[update  167 | steps   342016 | sps   1216] ep_return  222.82  kl 0.0120  clip 0.068  ev 0.822  epochs 10/10
[update  168 | steps   344064 | sps   1214] ep_return  217.52  kl 0.0041  clip 0.052  ev 0.804  epochs 10/10
[update  169 | steps   346112 | sps   1212] ep_return  217.30  kl 0.0024  clip 0.022  ev 0.676  epochs 10/10
[update  170 | steps   348160 | sps   1210] ep_return  221.47  kl 0.0039  clip 0.048  ev 0.847  epochs 10/10
[eval @ step   350208] mean return =   257.53
[update  171 | steps   350208 | sps   1208] ep_return  229.09  kl 0.0063  clip 0.092  ev 0.823  epochs 10/10
[update  172 | steps   352256 | sps   1206] ep_return  227.94  kl 0.0051  clip 0.062  ev 0.825  epochs 10/10
[update  173 | steps   354304 | sps   1207] ep_return  226.04  kl 0.0060  clip 0.069  ev 0.958  epochs 10/10
[update  174 | steps   356352 | sps   1202] ep_return  225.78  kl 0.0072  clip 0.094  ev 0.922  epochs 10/10
[update  175 | steps   358400 | sps   1198] ep_return  223.80  kl 0.0039  clip 0.049  ev 0.930  epochs 10/10
[eval @ step   360448] mean return =   261.76
[update  176 | steps   360448 | sps   1194] ep_return  223.24  kl 0.0026  clip 0.029  ev 0.658  epochs 10/10
[update  177 | steps   362496 | sps   1193] ep_return  224.30  kl 0.0062  clip 0.084  ev 0.968  epochs 10/10
[update  178 | steps   364544 | sps   1192] ep_return  228.46  kl 0.0049  clip 0.066  ev 0.826  epochs 10/10
[update  179 | steps   366592 | sps   1191] ep_return  223.27  kl 0.0032  clip 0.041  ev 0.917  epochs 10/10
[update  180 | steps   368640 | sps   1189] ep_return  231.46  kl 0.0099  clip 0.093  ev 0.801  epochs 10/10
[eval @ step   370688] mean return =   233.72
[update  181 | steps   370688 | sps   1187] ep_return  232.41  kl 0.0041  clip 0.052  ev 0.842  epochs 10/10
[update  182 | steps   372736 | sps   1185] ep_return  232.48  kl 0.0049  clip 0.066  ev 0.884  epochs 10/10
[update  183 | steps   374784 | sps   1183] ep_return  231.18  kl 0.0028  clip 0.037  ev 0.885  epochs 10/10
[update  184 | steps   376832 | sps   1181] ep_return  233.62  kl 0.0096  clip 0.096  ev 0.817  epochs 10/10
[update  185 | steps   378880 | sps   1182] ep_return  232.13  kl 0.0049  clip 0.065  ev 0.779  epochs 10/10
[eval @ step   380928] mean return =   245.54
[update  186 | steps   380928 | sps   1178] ep_return  229.34  kl 0.0123  clip 0.071  ev 0.883  epochs 10/10
[update  187 | steps   382976 | sps   1179] ep_return  232.38  kl 0.0132  clip 0.122  ev 0.935  epochs 10/10
[update  188 | steps   385024 | sps   1180] ep_return  232.63  kl 0.0069  clip 0.067  ev 0.857  epochs 10/10
[update  189 | steps   387072 | sps   1181] ep_return  230.80  kl 0.0035  clip 0.040  ev 0.842  epochs 10/10
[update  190 | steps   389120 | sps   1181] ep_return  227.80  kl 0.0079  clip 0.113  ev 0.975  epochs 10/10
[eval @ step   391168] mean return =   241.55
[update  191 | steps   391168 | sps   1181] ep_return  231.82  kl 0.0032  clip 0.041  ev 0.856  epochs 10/10
[update  192 | steps   393216 | sps   1182] ep_return  230.27  kl 0.0198  clip 0.088  ev 0.364  epochs 10/10
[update  193 | steps   395264 | sps   1176] ep_return  229.79  kl 0.0094  clip 0.063  ev 0.895  epochs 10/10
[update  194 | steps   397312 | sps   1176] ep_return  226.54  kl 0.0051  clip 0.052  ev 0.774  epochs 10/10
[update  195 | steps   399360 | sps   1177] ep_return  230.12  kl 0.0033  clip 0.042  ev 0.897  epochs 10/10
[eval @ step   401408] mean return =   236.65
[update  196 | steps   401408 | sps   1173] ep_return  229.55  kl 0.0034  clip 0.041  ev 0.875  epochs 10/10
[update  197 | steps   403456 | sps   1170] ep_return  227.35  kl 0.0062  clip 0.076  ev 0.849  epochs 10/10
[update  198 | steps   405504 | sps   1169] ep_return  222.65  kl 0.0058  clip 0.057  ev 0.703  epochs 10/10
[update  199 | steps   407552 | sps   1168] ep_return  221.57  kl 0.0040  clip 0.030  ev 0.783  epochs 10/10
[update  200 | steps   409600 | sps   1166] ep_return  225.30  kl 0.0049  clip 0.056  ev 0.875  epochs 10/10
[eval @ step   411648] mean return =   243.35
[update  201 | steps   411648 | sps   1164] ep_return  222.63  kl 0.0051  clip 0.074  ev 0.784  epochs 10/10
[update  202 | steps   413696 | sps   1160] ep_return  223.57  kl 0.0025  clip 0.027  ev 0.810  epochs 10/10
[update  203 | steps   415744 | sps   1161] ep_return  214.78  kl 0.0032  clip 0.036  ev 0.727  epochs 10/10
[update  204 | steps   417792 | sps   1159] ep_return  211.78  kl 0.0133  clip 0.143  ev 0.896  epochs 10/10
[update  205 | steps   419840 | sps   1158] ep_return  215.73  kl 0.0043  clip 0.047  ev 0.904  epochs 10/10
[eval @ step   421888] mean return =   246.81
[update  206 | steps   421888 | sps   1158] ep_return  216.54  kl 0.0094  clip 0.091  ev 0.914  epochs 10/10
[update  207 | steps   423936 | sps   1158] ep_return  216.50  kl 0.0066  clip 0.051  ev 0.851  epochs 10/10
[update  208 | steps   425984 | sps   1159] ep_return  219.84  kl 0.0069  clip 0.079  ev 0.973  epochs 10/10
[update  209 | steps   428032 | sps   1158] ep_return  220.56  kl 0.0037  clip 0.046  ev 0.713  epochs 10/10
[eval @ step   430080] mean return =   275.73
[update  210 | steps   430080 | sps   1157] ep_return  222.57  kl 0.0056  clip 0.068  ev 0.980  epochs 10/10
[update  211 | steps   432128 | sps   1157] ep_return  223.13  kl 0.0028  clip 0.042  ev 0.877  epochs 10/10
[update  212 | steps   434176 | sps   1156] ep_return  229.78  kl 0.0039  clip 0.053  ev 0.905  epochs 10/10
[update  213 | steps   436224 | sps   1150] ep_return  227.96  kl 0.0044  clip 0.059  ev 0.679  epochs 10/10
[update  214 | steps   438272 | sps   1149] ep_return  229.94  kl 0.0027  clip 0.035  ev 0.812  epochs 10/10
[eval @ step   440320] mean return =   246.85
[update  215 | steps   440320 | sps   1148] ep_return  229.91  kl 0.0037  clip 0.050  ev 0.840  epochs 10/10
[update  216 | steps   442368 | sps   1147] ep_return  236.23  kl 0.0049  clip 0.067  ev 0.879  epochs 10/10
[update  217 | steps   444416 | sps   1146] ep_return  244.41  kl 0.0039  clip 0.042  ev 0.642  epochs 10/10
[update  218 | steps   446464 | sps   1144] ep_return  244.12  kl 0.0094  clip 0.131  ev 0.990  epochs 10/10
[update  219 | steps   448512 | sps   1143] ep_return  246.14  kl 0.0031  clip 0.039  ev 0.864  epochs 10/10
[eval @ step   450560] mean return =   277.50
[update  220 | steps   450560 | sps   1140] ep_return  244.94  kl 0.0037  clip 0.043  ev 0.963  epochs 10/10
[update  221 | steps   452608 | sps   1140] ep_return  246.99  kl 0.0058  clip 0.084  ev 0.983  epochs 10/10
[update  222 | steps   454656 | sps   1141] ep_return  248.77  kl 0.0032  clip 0.048  ev 0.845  epochs 10/10
[update  223 | steps   456704 | sps   1140] ep_return  251.36  kl 0.0039  clip 0.054  ev 0.875  epochs 10/10
[update  224 | steps   458752 | sps   1140] ep_return  250.68  kl 0.0064  clip 0.067  ev 0.968  epochs 10/10
[eval @ step   460800] mean return =   273.97
[update  225 | steps   460800 | sps   1139] ep_return  252.20  kl 0.0050  clip 0.063  ev 0.934  epochs 10/10
[update  226 | steps   462848 | sps   1133] ep_return  256.75  kl 0.0041  clip 0.055  ev 0.927  epochs 10/10
[update  227 | steps   464896 | sps   1131] ep_return  256.19  kl 0.0079  clip 0.062  ev 0.910  epochs 10/10
[update  228 | steps   466944 | sps   1129] ep_return  256.34  kl 0.0050  clip 0.058  ev 0.918  epochs 10/10
[update  229 | steps   468992 | sps   1129] ep_return  258.97  kl 0.0041  clip 0.052  ev 0.834  epochs 10/10
[eval @ step   471040] mean return =   281.09
[update  230 | steps   471040 | sps   1125] ep_return  261.63  kl 0.0038  clip 0.050  ev 0.898  epochs 10/10
[update  231 | steps   473088 | sps   1122] ep_return  262.90  kl 0.0058  clip 0.064  ev 0.920  epochs 10/10
[update  232 | steps   475136 | sps   1121] ep_return  261.16  kl 0.0030  clip 0.047  ev 0.895  epochs 10/10
[update  233 | steps   477184 | sps   1122] ep_return  262.07  kl 0.0056  clip 0.074  ev 0.914  epochs 10/10
[update  234 | steps   479232 | sps   1121] ep_return  263.41  kl 0.0047  clip 0.049  ev 0.956  epochs 10/10
[eval @ step   481280] mean return =   277.54
[update  235 | steps   481280 | sps   1120] ep_return  258.24  kl 0.0017  clip 0.017  ev 0.625  epochs 10/10
[update  236 | steps   483328 | sps   1120] ep_return  252.54  kl 0.0035  clip 0.039  ev 0.849  epochs 10/10
[update  237 | steps   485376 | sps   1119] ep_return  253.12  kl 0.0075  clip 0.093  ev 0.947  epochs 10/10
[update  238 | steps   487424 | sps   1117] ep_return  249.62  kl 0.0033  clip 0.040  ev 0.845  epochs 10/10
[update  239 | steps   489472 | sps   1117] ep_return  249.78  kl 0.0053  clip 0.055  ev 0.885  epochs 10/10
[eval @ step   491520] mean return =   273.31
[update  240 | steps   491520 | sps   1117] ep_return  247.66  kl 0.0050  clip 0.067  ev 0.958  epochs 10/10
[update  241 | steps   493568 | sps   1116] ep_return  242.85  kl 0.0037  clip 0.055  ev 0.931  epochs 10/10
[update  242 | steps   495616 | sps   1117] ep_return  242.23  kl 0.0041  clip 0.052  ev 0.885  epochs 10/10
[update  243 | steps   497664 | sps   1116] ep_return  242.00  kl 0.0071  clip 0.050  ev 0.870  epochs 10/10
[update  244 | steps   499712 | sps   1113] ep_return  241.76  kl 0.0143  clip 0.070  ev 0.938  epochs 10/10
Saved final model to ppo\data\ppo_sweep_LunarLander-v2_2026-05-10_17-25-28\model_final.pt
Saved 49 eval points -> C:\Users\mohamedosama\Downloads\CS515-Deep-RL\results\discrete\ppo\lunarlander-v2\seed_2.npy
Saved wallclock              -> C:\Users\mohamedosama\Downloads\CS515-Deep-RL\results\wallclock\discrete\ppo\lunarlander-v2\seed_2.npy
