2026-05-10 21:23:07.511466: I tensorflow/core/util/port.cc:153] oneDNN custom operations are on. You may see slightly different numerical results due to floating-point round-off errors from different computation orders. To turn them off, set the environment variable `TF_ENABLE_ONEDNN_OPTS=0`.
2026-05-10 21:23:07.523237: E external/local_xla/xla/stream_executor/cuda/cuda_fft.cc:467] Unable to register cuFFT factory: Attempting to register factory for plugin cuFFT when one has already been registered
WARNING: All log messages before absl::InitializeLog() is called are written to STDERR
E0000 00:00:1778437387.537378 2651370 cuda_dnn.cc:8579] Unable to register cuDNN factory: Attempting to register factory for plugin cuDNN when one has already been registered
E0000 00:00:1778437387.542034 2651370 cuda_blas.cc:1407] Unable to register cuBLAS factory: Attempting to register factory for plugin cuBLAS when one has already been registered
W0000 00:00:1778437387.554639 2651370 computation_placer.cc:177] computation placer already registered. Please check linkage and avoid linking the same target more than once.
W0000 00:00:1778437387.554683 2651370 computation_placer.cc:177] computation placer already registered. Please check linkage and avoid linking the same target more than once.
W0000 00:00:1778437387.554687 2651370 computation_placer.cc:177] computation placer already registered. Please check linkage and avoid linking the same target more than once.
W0000 00:00:1778437387.554690 2651370 computation_placer.cc:177] computation placer already registered. Please check linkage and avoid linking the same target more than once.
2026-05-10 21:23:07.557916: I tensorflow/core/platform/cpu_feature_guard.cc:210] This TensorFlow binary is optimized to use available CPU instructions in performance-critical operations.
To enable the following instructions: AVX2 AVX512F AVX512_VNNI FMA, in other operations, rebuild TensorFlow with the appropriate compiler flags.
GPU not detected. Defaulting to CPU.
########################
logging outputs to ppo/data/ppo_sweep_Hopper-v4_2026-05-10_21-23-08
########################
[update    1 | steps     2048 | sps    974] ep_return   16.61  kl 0.0131  clip 0.190  ev -0.018  epochs 10/10
[update    2 | steps     4096 | sps   1003] ep_return   31.65  kl 0.0068  clip 0.093  ev 0.265  epochs 10/10
[update    3 | steps     6144 | sps    968] ep_return   51.57  kl 0.0088  clip 0.121  ev 0.235  epochs 10/10
[update    4 | steps     8192 | sps    985] ep_return   66.81  kl 0.0073  clip 0.095  ev 0.126  epochs 10/10
[eval @ step    10240] mean return =    73.52
[update    5 | steps    10240 | sps    948] ep_return   81.55  kl 0.0065  clip 0.085  ev 0.013  epochs 10/10
[update    6 | steps    12288 | sps    936] ep_return  100.06  kl 0.0081  clip 0.110  ev -0.004  epochs 10/10
[update    7 | steps    14336 | sps    939] ep_return  115.98  kl 0.0062  clip 0.079  ev 0.015  epochs 10/10
[update    8 | steps    16384 | sps    939] ep_return  138.38  kl 0.0062  clip 0.078  ev -0.000  epochs 10/10
[update    9 | steps    18432 | sps    949] ep_return  159.59  kl 0.0067  clip 0.081  ev -0.000  epochs 10/10
[eval @ step    20480] mean return =   225.80
[update   10 | steps    20480 | sps    945] ep_return  177.65  kl 0.0069  clip 0.082  ev -0.000  epochs 10/10
[update   11 | steps    22528 | sps    954] ep_return  191.08  kl 0.0061  clip 0.071  ev -0.000  epochs 10/10
[update   12 | steps    24576 | sps    962] ep_return  199.26  kl 0.0144  clip 0.179  ev -0.000  epochs 10/10
[update   13 | steps    26624 | sps    957] ep_return  208.72  kl 0.0036  clip 0.036  ev 0.012  epochs 10/10
[update   14 | steps    28672 | sps    948] ep_return  211.95  kl 0.0031  clip 0.033  ev 0.666  epochs 10/10
[eval @ step    30720] mean return =   225.21
[update   15 | steps    30720 | sps    939] ep_return  214.98  kl 0.0043  clip 0.046  ev 0.837  epochs 10/10
[update   16 | steps    32768 | sps    944] ep_return  216.56  kl 0.0045  clip 0.051  ev 0.882  epochs 10/10
[update   17 | steps    34816 | sps    932] ep_return  220.08  kl 0.0063  clip 0.086  ev 0.840  epochs 10/10
[update   18 | steps    36864 | sps    934] ep_return  221.20  kl 0.0064  clip 0.078  ev 0.940  epochs 10/10
[update   19 | steps    38912 | sps    927] ep_return  225.37  kl 0.0065  clip 0.082  ev 0.958  epochs 10/10
[eval @ step    40960] mean return =   229.71
[update   20 | steps    40960 | sps    925] ep_return  227.26  kl 0.0062  clip 0.076  ev 0.951  epochs 10/10
[update   21 | steps    43008 | sps    930] ep_return  229.82  kl 0.0115  clip 0.163  ev 0.988  epochs 10/10
[update   22 | steps    45056 | sps    926] ep_return  234.79  kl 0.0084  clip 0.116  ev 0.969  epochs 10/10
[update   23 | steps    47104 | sps    928] ep_return  241.58  kl 0.0079  clip 0.105  ev 0.967  epochs 10/10
[update   24 | steps    49152 | sps    912] ep_return  250.83  kl 0.0081  clip 0.114  ev 0.937  epochs 10/10
[eval @ step    51200] mean return =   372.20
[update   25 | steps    51200 | sps    899] ep_return  257.92  kl 0.0073  clip 0.099  ev 0.858  epochs 10/10
[update   26 | steps    53248 | sps    904] ep_return  264.49  kl 0.0087  clip 0.117  ev 0.800  epochs 10/10
[update   27 | steps    55296 | sps    902] ep_return  277.26  kl 0.0078  clip 0.104  ev 0.902  epochs 10/10
[update   28 | steps    57344 | sps    906] ep_return  290.47  kl 0.0086  clip 0.119  ev 0.936  epochs 10/10
[update   29 | steps    59392 | sps    907] ep_return  304.58  kl 0.0105  clip 0.149  ev 0.976  epochs 10/10
[eval @ step    61440] mean return =   347.29
[update   30 | steps    61440 | sps    905] ep_return  317.00  kl 0.0100  clip 0.137  ev 0.983  epochs 10/10
[update   31 | steps    63488 | sps    908] ep_return  327.05  kl 0.0108  clip 0.153  ev 0.965  epochs 10/10
[update   32 | steps    65536 | sps    912] ep_return  331.87  kl 0.0093  clip 0.119  ev 0.989  epochs 10/10
[update   33 | steps    67584 | sps    916] ep_return  343.45  kl 0.0081  clip 0.104  ev 0.978  epochs 10/10
[update   34 | steps    69632 | sps    917] ep_return  347.65  kl 0.0114  clip 0.153  ev 0.993  epochs 10/10
[eval @ step    71680] mean return =   386.76
[update   35 | steps    71680 | sps    910] ep_return  349.97  kl 0.0087  clip 0.118  ev 0.994  epochs 10/10
[update   36 | steps    73728 | sps    912] ep_return  352.79  kl 0.0079  clip 0.107  ev 0.977  epochs 10/10
[update   37 | steps    75776 | sps    915] ep_return  351.86  kl 0.0093  clip 0.126  ev 0.987  epochs 10/10
[update   38 | steps    77824 | sps    915] ep_return  355.01  kl 0.0084  clip 0.114  ev 0.992  epochs 10/10
[update   39 | steps    79872 | sps    916] ep_return  361.65  kl 0.0071  clip 0.089  ev 0.953  epochs 10/10
[eval @ step    81920] mean return =   331.02
[update   40 | steps    81920 | sps    914] ep_return  369.06  kl 0.0073  clip 0.096  ev 0.955  epochs 10/10
[update   41 | steps    83968 | sps    907] ep_return  381.62  kl 0.0060  clip 0.076  ev 0.972  epochs 10/10
[update   42 | steps    86016 | sps    910] ep_return  404.17  kl 0.0074  clip 0.097  ev 0.912  epochs 10/10
[update   43 | steps    88064 | sps    912] ep_return  418.55  kl 0.0055  clip 0.066  ev 0.893  epochs 10/10
[eval @ step    90112] mean return =   903.09
[update   44 | steps    90112 | sps    903] ep_return  431.51  kl 0.0067  clip 0.090  ev 0.887  epochs 10/10
[update   45 | steps    92160 | sps    906] ep_return  447.76  kl 0.0092  clip 0.127  ev 0.979  epochs 10/10
[update   46 | steps    94208 | sps    909] ep_return  468.97  kl 0.0078  clip 0.098  ev 0.906  epochs 10/10
[update   47 | steps    96256 | sps    908] ep_return  481.61  kl 0.0063  clip 0.072  ev 0.728  epochs 10/10
[update   48 | steps    98304 | sps    907] ep_return  496.97  kl 0.0079  clip 0.100  ev 0.863  epochs 10/10
[eval @ step   100352] mean return =   924.99
[update   49 | steps   100352 | sps    901] ep_return  518.46  kl 0.0107  clip 0.135  ev 0.912  epochs 10/10
[update   50 | steps   102400 | sps    901] ep_return  539.92  kl 0.0084  clip 0.114  ev 0.875  epochs 10/10
[update   51 | steps   104448 | sps    904] ep_return  557.54  kl 0.0082  clip 0.108  ev 0.919  epochs 10/10
[update   52 | steps   106496 | sps    906] ep_return  563.93  kl 0.0101  clip 0.137  ev 0.983  epochs 10/10
[update   53 | steps   108544 | sps    909] ep_return  575.06  kl 0.0082  clip 0.112  ev 0.841  epochs 10/10
[eval @ step   110592] mean return =   723.78
[update   54 | steps   110592 | sps    895] ep_return  597.17  kl 0.0088  clip 0.120  ev 0.970  epochs 10/10
[update   55 | steps   112640 | sps    896] ep_return  613.49  kl 0.0077  clip 0.101  ev 0.866  epochs 10/10
[update   56 | steps   114688 | sps    898] ep_return  619.84  kl 0.0114  clip 0.153  ev 0.754  epochs 10/10
[update   57 | steps   116736 | sps    900] ep_return  646.48  kl 0.0114  clip 0.148  ev 0.973  epochs 10/10
[update   58 | steps   118784 | sps    901] ep_return  652.18  kl 0.0083  clip 0.107  ev 0.866  epochs 10/10
[eval @ step   120832] mean return =  1353.36
[update   59 | steps   120832 | sps    887] ep_return  679.45  kl 0.0097  clip 0.135  ev 0.985  epochs 10/10
[update   60 | steps   122880 | sps    889] ep_return  695.70  kl 0.0103  clip 0.138  ev 0.986  epochs 10/10
[update   61 | steps   124928 | sps    891] ep_return  706.45  kl 0.0085  clip 0.114  ev 0.970  epochs 10/10
[update   62 | steps   126976 | sps    893] ep_return  718.25  kl 0.0086  clip 0.123  ev 0.910  epochs 10/10
[update   63 | steps   129024 | sps    891] ep_return  715.26  kl 0.0060  clip 0.079  ev 0.886  epochs 10/10
[eval @ step   131072] mean return =  1844.52
[update   64 | steps   131072 | sps    882] ep_return  718.73  kl 0.0098  clip 0.136  ev 0.976  epochs 10/10
[update   65 | steps   133120 | sps    882] ep_return  738.25  kl 0.0094  clip 0.125  ev 0.982  epochs 10/10
[update   66 | steps   135168 | sps    877] ep_return  754.37  kl 0.0081  clip 0.104  ev 0.943  epochs 10/10
[update   67 | steps   137216 | sps    872] ep_return  771.93  kl 0.0112  clip 0.146  ev 0.968  epochs 10/10
[update   68 | steps   139264 | sps    870] ep_return  792.92  kl 0.0083  clip 0.112  ev 0.979  epochs 10/10
[eval @ step   141312] mean return =  2689.78
[update   69 | steps   141312 | sps    852] ep_return  814.42  kl 0.0105  clip 0.142  ev 0.989  epochs 10/10
[update   70 | steps   143360 | sps    853] ep_return  847.01  kl 0.0067  clip 0.081  ev 0.927  epochs 10/10
[update   71 | steps   145408 | sps    853] ep_return  850.97  kl 0.0070  clip 0.088  ev 0.901  epochs 10/10
[update   72 | steps   147456 | sps    852] ep_return  862.97  kl 0.0099  clip 0.138  ev 0.982  epochs 10/10
[update   73 | steps   149504 | sps    855] ep_return  878.47  kl 0.0060  clip 0.070  ev 0.835  epochs 10/10
[eval @ step   151552] mean return =  1587.10
[update   74 | steps   151552 | sps    847] ep_return  889.80  kl 0.0077  clip 0.103  ev 0.973  epochs 10/10
[update   75 | steps   153600 | sps    849] ep_return  901.56  kl 0.0097  clip 0.131  ev 0.963  epochs 10/10
[update   76 | steps   155648 | sps    849] ep_return  913.90  kl 0.0080  clip 0.105  ev 0.962  epochs 10/10
[update   77 | steps   157696 | sps    851] ep_return  904.78  kl 0.0086  clip 0.111  ev 0.971  epochs 10/10
[update   78 | steps   159744 | sps    853] ep_return  925.85  kl 0.0102  clip 0.135  ev 0.980  epochs 10/10
[eval @ step   161792] mean return =  2396.12
[update   79 | steps   161792 | sps    841] ep_return  958.69  kl 0.0096  clip 0.131  ev 0.965  epochs 10/10
[update   80 | steps   163840 | sps    843] ep_return  985.47  kl 0.0083  clip 0.110  ev 0.977  epochs 10/10
[update   81 | steps   165888 | sps    845] ep_return  998.82  kl 0.0070  clip 0.097  ev 0.856  epochs 10/10
[update   82 | steps   167936 | sps    847] ep_return 1007.78  kl 0.0085  clip 0.116  ev 0.930  epochs 10/10
[update   83 | steps   169984 | sps    846] ep_return 1006.00  kl 0.0108  clip 0.143  ev 0.982  epochs 10/10
[eval @ step   172032] mean return =  2516.95
[update   84 | steps   172032 | sps    836] ep_return  986.25  kl 0.0115  clip 0.160  ev 0.986  epochs 10/10
[update   85 | steps   174080 | sps    836] ep_return 1010.76  kl 0.0069  clip 0.090  ev 0.852  epochs 10/10
[update   86 | steps   176128 | sps    838] ep_return  991.95  kl 0.0105  clip 0.135  ev 0.978  epochs 10/10
[update   87 | steps   178176 | sps    840] ep_return  996.14  kl 0.0094  clip 0.125  ev 0.988  epochs 10/10
[eval @ step   180224] mean return =  1165.10
[update   88 | steps   180224 | sps    838] ep_return  983.15  kl 0.0088  clip 0.114  ev 0.989  epochs 10/10
[update   89 | steps   182272 | sps    840] ep_return  997.31  kl 0.0083  clip 0.108  ev 0.985  epochs 10/10
[update   90 | steps   184320 | sps    842] ep_return 1002.38  kl 0.0081  clip 0.110  ev 0.990  epochs 10/10
[update   91 | steps   186368 | sps    844] ep_return 1019.94  kl 0.0144  clip 0.190  ev 0.992  epochs 10/10
[update   92 | steps   188416 | sps    845] ep_return 1022.24  kl 0.0083  clip 0.107  ev 0.992  epochs 10/10
[eval @ step   190464] mean return =  1327.53
[update   93 | steps   190464 | sps    842] ep_return 1041.25  kl 0.0085  clip 0.105  ev 0.989  epochs 10/10
[update   94 | steps   192512 | sps    844] ep_return 1048.20  kl 0.0096  clip 0.134  ev 0.981  epochs 10/10
[update   95 | steps   194560 | sps    846] ep_return 1005.49  kl 0.0071  clip 0.092  ev 0.968  epochs 10/10
[update   96 | steps   196608 | sps    847] ep_return 1004.31  kl 0.0056  clip 0.067  ev 0.915  epochs 10/10
[update   97 | steps   198656 | sps    849] ep_return 1030.97  kl 0.0102  clip 0.132  ev 0.985  epochs 10/10
[eval @ step   200704] mean return =  1284.98
[update   98 | steps   200704 | sps    846] ep_return 1050.56  kl 0.0085  clip 0.112  ev 0.975  epochs 10/10
[update   99 | steps   202752 | sps    848] ep_return 1049.11  kl 0.0074  clip 0.098  ev 0.988  epochs 10/10
[update  100 | steps   204800 | sps    849] ep_return 1055.28  kl 0.0091  clip 0.121  ev 0.990  epochs 10/10
[update  101 | steps   206848 | sps    850] ep_return 1030.18  kl 0.0114  clip 0.150  ev 0.993  epochs 10/10
[update  102 | steps   208896 | sps    850] ep_return 1039.83  kl 0.0080  clip 0.106  ev 0.993  epochs 10/10
[eval @ step   210944] mean return =  1205.03
[update  103 | steps   210944 | sps    847] ep_return 1032.22  kl 0.0105  clip 0.143  ev 0.991  epochs 10/10
[update  104 | steps   212992 | sps    848] ep_return 1026.24  kl 0.0092  clip 0.117  ev 0.992  epochs 10/10
[update  105 | steps   215040 | sps    850] ep_return 1038.57  kl 0.0072  clip 0.094  ev 0.981  epochs 10/10
[update  106 | steps   217088 | sps    851] ep_return 1048.43  kl 0.0075  clip 0.097  ev 0.992  epochs 10/10
[update  107 | steps   219136 | sps    853] ep_return 1033.71  kl 0.0085  clip 0.109  ev 0.912  epochs 10/10
[eval @ step   221184] mean return =  1604.00
[update  108 | steps   221184 | sps    849] ep_return 1015.93  kl 0.0096  clip 0.126  ev 0.907  epochs 10/10
[update  109 | steps   223232 | sps    851] ep_return 1027.63  kl 0.0083  clip 0.108  ev 0.982  epochs 10/10
[update  110 | steps   225280 | sps    852] ep_return 1032.67  kl 0.0092  clip 0.119  ev 0.983  epochs 10/10
[update  111 | steps   227328 | sps    853] ep_return 1053.13  kl 0.0117  clip 0.165  ev 0.991  epochs 10/10
[update  112 | steps   229376 | sps    855] ep_return 1072.34  kl 0.0115  clip 0.156  ev 0.987  epochs 10/10
[eval @ step   231424] mean return =  1288.03
[update  113 | steps   231424 | sps    853] ep_return 1058.42  kl 0.0082  clip 0.108  ev 0.992  epochs 10/10
[update  114 | steps   233472 | sps    854] ep_return 1032.06  kl 0.0078  clip 0.101  ev 0.992  epochs 10/10
[update  115 | steps   235520 | sps    855] ep_return 1046.94  kl 0.0109  clip 0.146  ev 0.990  epochs 10/10
[update  116 | steps   237568 | sps    857] ep_return 1038.83  kl 0.0078  clip 0.102  ev 0.987  epochs 10/10
[update  117 | steps   239616 | sps    858] ep_return 1033.93  kl 0.0087  clip 0.116  ev 0.993  epochs 10/10
[eval @ step   241664] mean return =  1638.42
[update  118 | steps   241664 | sps    855] ep_return 1039.37  kl 0.0099  clip 0.138  ev 0.990  epochs 10/10
[update  119 | steps   243712 | sps    856] ep_return 1063.85  kl 0.0096  clip 0.126  ev 0.851  epochs 10/10
[update  120 | steps   245760 | sps    857] ep_return 1073.75  kl 0.0100  clip 0.138  ev 0.990  epochs 10/10
[update  121 | steps   247808 | sps    858] ep_return 1068.55  kl 0.0119  clip 0.158  ev 0.995  epochs 10/10
[update  122 | steps   249856 | sps    859] ep_return 1069.62  kl 0.0072  clip 0.089  ev 0.827  epochs 10/10
[eval @ step   251904] mean return =  2823.34
[update  123 | steps   251904 | sps    853] ep_return 1084.32  kl 0.0112  clip 0.155  ev 0.910  epochs 10/10
[update  124 | steps   253952 | sps    854] ep_return 1108.40  kl 0.0116  clip 0.152  ev 0.989  epochs 10/10
[update  125 | steps   256000 | sps    855] ep_return 1112.20  kl 0.0085  clip 0.110  ev 0.990  epochs 10/10
[update  126 | steps   258048 | sps    856] ep_return 1115.26  kl 0.0120  clip 0.153  ev 0.991  epochs 10/10
[eval @ step   260096] mean return =  2574.98
[update  127 | steps   260096 | sps    850] ep_return 1145.38  kl 0.0100  clip 0.129  ev 0.995  epochs 10/10
[update  128 | steps   262144 | sps    849] ep_return 1145.27  kl 0.0115  clip 0.153  ev 0.995  epochs 10/10
[update  129 | steps   264192 | sps    851] ep_return 1142.77  kl 0.0083  clip 0.114  ev 0.993  epochs 10/10
[update  130 | steps   266240 | sps    852] ep_return 1155.64  kl 0.0136  clip 0.176  ev 0.995  epochs 10/10
[update  131 | steps   268288 | sps    853] ep_return 1162.80  kl 0.0098  clip 0.131  ev 0.995  epochs 10/10
[eval @ step   270336] mean return =  2480.40
[update  132 | steps   270336 | sps    848] ep_return 1158.05  kl 0.0095  clip 0.133  ev 0.993  epochs 10/10
[update  133 | steps   272384 | sps    849] ep_return 1158.34  kl 0.0060  clip 0.074  ev 0.985  epochs 10/10
[update  134 | steps   274432 | sps    850] ep_return 1180.98  kl 0.0082  clip 0.110  ev 0.985  epochs 10/10
[update  135 | steps   276480 | sps    850] ep_return 1173.26  kl 0.0107  clip 0.134  ev 0.994  epochs 10/10
[update  136 | steps   278528 | sps    851] ep_return 1197.57  kl 0.0120  clip 0.153  ev 0.992  epochs 10/10
[eval @ step   280576] mean return =   955.78
[update  137 | steps   280576 | sps    850] ep_return 1186.73  kl 0.0099  clip 0.133  ev 0.990  epochs 10/10
[update  138 | steps   282624 | sps    851] ep_return 1206.99  kl 0.0085  clip 0.115  ev 0.992  epochs 10/10
[update  139 | steps   284672 | sps    852] ep_return 1207.06  kl 0.0090  clip 0.120  ev 0.994  epochs 10/10
[update  140 | steps   286720 | sps    851] ep_return 1221.45  kl 0.0119  clip 0.156  ev 0.997  epochs 10/10
[update  141 | steps   288768 | sps    852] ep_return 1236.07  kl 0.0076  clip 0.101  ev 0.916  epochs 10/10
[eval @ step   290816] mean return =  3061.55
[update  142 | steps   290816 | sps    842] ep_return 1234.79  kl 0.0063  clip 0.080  ev 0.896  epochs 10/10
[update  143 | steps   292864 | sps    843] ep_return 1234.97  kl 0.0116  clip 0.150  ev 0.994  epochs 10/10
[update  144 | steps   294912 | sps    844] ep_return 1270.30  kl 0.0106  clip 0.141  ev 0.986  epochs 10/10
[update  145 | steps   296960 | sps    845] ep_return 1229.19  kl 0.0093  clip 0.122  ev 0.991  epochs 10/10
[update  146 | steps   299008 | sps    845] ep_return 1253.96  kl 0.0100  clip 0.130  ev 0.990  epochs 10/10
[eval @ step   301056] mean return =  1009.64
[update  147 | steps   301056 | sps    842] ep_return 1269.57  kl 0.0090  clip 0.123  ev 0.988  epochs 10/10
[update  148 | steps   303104 | sps    841] ep_return 1265.85  kl 0.0110  clip 0.151  ev 0.991  epochs 10/10
[update  149 | steps   305152 | sps    842] ep_return 1266.23  kl 0.0100  clip 0.135  ev 0.994  epochs 10/10
[update  150 | steps   307200 | sps    840] ep_return 1298.92  kl 0.0135  clip 0.175  ev 0.992  epochs 10/10
[update  151 | steps   309248 | sps    840] ep_return 1296.03  kl 0.0083  clip 0.108  ev 0.992  epochs 10/10
[eval @ step   311296] mean return =  1713.27
[update  152 | steps   311296 | sps    838] ep_return 1316.54  kl 0.0108  clip 0.132  ev 0.994  epochs 10/10
[update  153 | steps   313344 | sps    838] ep_return 1354.01  kl 0.0093  clip 0.128  ev 0.994  epochs 10/10
[update  154 | steps   315392 | sps    839] ep_return 1328.03  kl 0.0098  clip 0.132  ev 0.994  epochs 10/10
[update  155 | steps   317440 | sps    839] ep_return 1304.41  kl 0.0088  clip 0.111  ev 0.993  epochs 10/10
[update  156 | steps   319488 | sps    840] ep_return 1285.79  kl 0.0123  clip 0.165  ev 0.993  epochs 10/10
[eval @ step   321536] mean return =  2685.40
[update  157 | steps   321536 | sps    834] ep_return 1275.84  kl 0.0078  clip 0.099  ev 0.983  epochs 10/10
[update  158 | steps   323584 | sps    835] ep_return 1306.21  kl 0.0175  clip 0.209  ev 0.991  epochs 10/10
[update  159 | steps   325632 | sps    836] ep_return 1281.76  kl 0.0081  clip 0.111  ev 0.993  epochs 10/10
[update  160 | steps   327680 | sps    837] ep_return 1241.23  kl 0.0100  clip 0.135  ev 0.990  epochs 10/10
[update  161 | steps   329728 | sps    838] ep_return 1235.21  kl 0.0086  clip 0.111  ev 0.987  epochs 10/10
[eval @ step   331776] mean return =  3141.50
[update  162 | steps   331776 | sps    833] ep_return 1201.28  kl 0.0107  clip 0.140  ev 0.986  epochs 10/10
[update  163 | steps   333824 | sps    834] ep_return 1213.91  kl 0.0055  clip 0.066  ev 0.926  epochs 10/10
[update  164 | steps   335872 | sps    835] ep_return 1187.14  kl 0.0098  clip 0.124  ev 0.992  epochs 10/10
[update  165 | steps   337920 | sps    835] ep_return 1176.28  kl 0.0105  clip 0.137  ev 0.994  epochs 10/10
[update  166 | steps   339968 | sps    836] ep_return 1194.28  kl 0.0126  clip 0.161  ev 0.995  epochs 10/10
[eval @ step   342016] mean return =  1091.20
[update  167 | steps   342016 | sps    835] ep_return 1204.60  kl 0.0087  clip 0.114  ev 0.993  epochs 10/10
[update  168 | steps   344064 | sps    836] ep_return 1205.40  kl 0.0090  clip 0.113  ev 0.991  epochs 10/10
[update  169 | steps   346112 | sps    837] ep_return 1212.26  kl 0.0112  clip 0.143  ev 0.991  epochs 10/10
[update  170 | steps   348160 | sps    838] ep_return 1209.99  kl 0.0108  clip 0.148  ev 0.994  epochs 10/10
[eval @ step   350208] mean return =  2973.85
[update  171 | steps   350208 | sps    831] ep_return 1210.81  kl 0.0078  clip 0.101  ev 0.991  epochs 10/10
[update  172 | steps   352256 | sps    831] ep_return 1237.72  kl 0.0186  clip 0.201  ev 0.992  epochs 10/10
[update  173 | steps   354304 | sps    832] ep_return 1271.13  kl 0.0079  clip 0.105  ev 0.993  epochs 10/10
[update  174 | steps   356352 | sps    833] ep_return 1287.73  kl 0.0068  clip 0.092  ev 0.901  epochs 10/10
[update  175 | steps   358400 | sps    833] ep_return 1316.81  kl 0.0126  clip 0.155  ev 0.991  epochs 10/10
[eval @ step   360448] mean return =  3284.24
[update  176 | steps   360448 | sps    827] ep_return 1340.85  kl 0.0073  clip 0.093  ev 0.914  epochs 10/10
[update  177 | steps   362496 | sps    828] ep_return 1346.10  kl 0.0104  clip 0.135  ev 0.993  epochs 10/10
[update  178 | steps   364544 | sps    829] ep_return 1324.27  kl 0.0109  clip 0.148  ev 0.992  epochs 10/10
[update  179 | steps   366592 | sps    830] ep_return 1352.46  kl 0.0225  clip 0.257  ev 0.993  epochs 10/10
[update  180 | steps   368640 | sps    831] ep_return 1400.05  kl 0.0050  clip 0.055  ev 0.946  epochs 10/10
[eval @ step   370688] mean return =  1154.59
[update  181 | steps   370688 | sps    829] ep_return 1416.03  kl 0.0088  clip 0.116  ev 0.989  epochs 10/10
[update  182 | steps   372736 | sps    829] ep_return 1423.24  kl 0.0051  clip 0.057  ev 0.985  epochs 10/10
[update  183 | steps   374784 | sps    830] ep_return 1421.04  kl 0.0085  clip 0.114  ev 0.996  epochs 10/10
[update  184 | steps   376832 | sps    831] ep_return 1415.05  kl 0.0109  clip 0.147  ev 0.993  epochs 10/10
[update  185 | steps   378880 | sps    832] ep_return 1458.99  kl 0.0163  clip 0.182  ev 0.991  epochs 10/10
[eval @ step   380928] mean return =  3151.88
[update  186 | steps   380928 | sps    827] ep_return 1477.01  kl 0.0072  clip 0.095  ev 0.982  epochs 10/10
[update  187 | steps   382976 | sps    828] ep_return 1503.42  kl 0.0147  clip 0.193  ev 0.994  epochs 10/10
[update  188 | steps   385024 | sps    829] ep_return 1516.88  kl 0.0094  clip 0.125  ev 0.867  epochs 10/10
[update  189 | steps   387072 | sps    830] ep_return 1543.21  kl 0.0052  clip 0.060  ev 0.894  epochs 10/10
[update  190 | steps   389120 | sps    830] ep_return 1542.04  kl 0.0137  clip 0.166  ev 0.990  epochs 10/10
[eval @ step   391168] mean return =  3272.97
[update  191 | steps   391168 | sps    826] ep_return 1560.41  kl 0.0124  clip 0.163  ev 0.992  epochs 10/10
[update  192 | steps   393216 | sps    827] ep_return 1542.05  kl 0.0118  clip 0.154  ev 0.994  epochs 10/10
[update  193 | steps   395264 | sps    827] ep_return 1533.80  kl 0.0098  clip 0.128  ev 0.983  epochs 10/10
[update  194 | steps   397312 | sps    828] ep_return 1510.37  kl 0.0093  clip 0.110  ev 0.926  epochs 10/10
[update  195 | steps   399360 | sps    829] ep_return 1522.78  kl 0.0118  clip 0.152  ev 0.995  epochs 10/10
[eval @ step   401408] mean return =  3188.66
[update  196 | steps   401408 | sps    824] ep_return 1500.44  kl 0.0117  clip 0.154  ev 0.996  epochs 10/10
[update  197 | steps   403456 | sps    824] ep_return 1494.53  kl 0.0070  clip 0.087  ev 0.835  epochs 10/10
[update  198 | steps   405504 | sps    824] ep_return 1494.33  kl 0.0172  clip 0.221  ev 0.990  epochs 10/10
[update  199 | steps   407552 | sps    825] ep_return 1499.93  kl 0.0103  clip 0.132  ev 0.991  epochs 10/10
[update  200 | steps   409600 | sps    826] ep_return 1533.80  kl 0.0136  clip 0.185  ev 0.994  epochs 10/10
[eval @ step   411648] mean return =  3261.27
[update  201 | steps   411648 | sps    822] ep_return 1566.68  kl 0.0106  clip 0.138  ev 0.996  epochs 10/10
[update  202 | steps   413696 | sps    822] ep_return 1480.37  kl 0.0059  clip 0.069  ev 0.847  epochs 10/10
[update  203 | steps   415744 | sps    822] ep_return 1467.87  kl 0.0095  clip 0.119  ev 0.990  epochs 10/10
[update  204 | steps   417792 | sps    823] ep_return 1471.62  kl 0.0148  clip 0.178  ev 0.994  epochs 10/10
[update  205 | steps   419840 | sps    824] ep_return 1505.37  kl 0.0148  clip 0.192  ev 0.994  epochs 10/10
[eval @ step   421888] mean return =  2770.34
[update  206 | steps   421888 | sps    818] ep_return 1526.17  kl 0.0083  clip 0.104  ev 0.967  epochs 10/10
[update  207 | steps   423936 | sps    818] ep_return 1526.33  kl 0.0086  clip 0.110  ev 0.990  epochs 10/10
[update  208 | steps   425984 | sps    816] ep_return 1494.19  kl 0.0068  clip 0.089  ev 0.983  epochs 10/10
[update  209 | steps   428032 | sps    816] ep_return 1482.35  kl 0.0104  clip 0.135  ev 0.994  epochs 10/10
[eval @ step   430080] mean return =  3198.43
[update  210 | steps   430080 | sps    812] ep_return 1501.04  kl 0.0159  clip 0.194  ev 0.991  epochs 10/10
[update  211 | steps   432128 | sps    811] ep_return 1463.83  kl 0.0121  clip 0.158  ev 0.995  epochs 10/10
[update  212 | steps   434176 | sps    810] ep_return 1477.99  kl 0.0168  clip 0.196  ev 0.994  epochs 10/10
[update  213 | steps   436224 | sps    810] ep_return 1496.39  kl 0.0118  clip 0.148  ev 0.996  epochs 10/10
[update  214 | steps   438272 | sps    811] ep_return 1484.94  kl 0.0091  clip 0.115  ev 0.991  epochs 10/10
[eval @ step   440320] mean return =  3191.50
[update  215 | steps   440320 | sps    805] ep_return 1468.21  kl 0.0085  clip 0.111  ev 0.997  epochs 10/10
[update  216 | steps   442368 | sps    805] ep_return 1478.97  kl 0.0117  clip 0.150  ev 0.997  epochs 10/10
[update  217 | steps   444416 | sps    804] ep_return 1524.52  kl 0.0097  clip 0.128  ev 0.782  epochs 10/10
[update  218 | steps   446464 | sps    805] ep_return 1548.91  kl 0.0235  clip 0.253  ev 0.991  epochs 10/10
[update  219 | steps   448512 | sps    805] ep_return 1551.96  kl 0.0096  clip 0.137  ev 0.996  epochs 10/10
[eval @ step   450560] mean return =  3237.18
[update  220 | steps   450560 | sps    799] ep_return 1560.73  kl 0.0074  clip 0.099  ev 0.864  epochs 10/10
[update  221 | steps   452608 | sps    800] ep_return 1586.65  kl 0.0076  clip 0.100  ev 0.864  epochs 10/10
[update  222 | steps   454656 | sps    801] ep_return 1579.34  kl 0.0050  clip 0.055  ev 0.863  epochs 10/10
[update  223 | steps   456704 | sps    802] ep_return 1570.32  kl 0.0136  clip 0.177  ev 0.994  epochs 10/10
[update  224 | steps   458752 | sps    802] ep_return 1597.19  kl 0.0143  clip 0.170  ev 0.995  epochs 10/10
[eval @ step   460800] mean return =  3263.27
[update  225 | steps   460800 | sps    796] ep_return 1591.52  kl 0.0109  clip 0.145  ev 0.995  epochs 10/10
[update  226 | steps   462848 | sps    796] ep_return 1631.56  kl 0.0151  clip 0.190  ev 0.996  epochs 10/10
[update  227 | steps   464896 | sps    796] ep_return 1655.69  kl 0.0093  clip 0.121  ev 0.993  epochs 10/10
[update  228 | steps   466944 | sps    796] ep_return 1701.37  kl 0.0105  clip 0.138  ev 0.994  epochs 10/10
[update  229 | steps   468992 | sps    797] ep_return 1669.62  kl 0.0091  clip 0.122  ev 0.991  epochs 10/10
[eval @ step   471040] mean return =  2934.89
[update  230 | steps   471040 | sps    794] ep_return 1706.58  kl 0.0147  clip 0.171  ev 0.995  epochs 10/10
[update  231 | steps   473088 | sps    794] ep_return 1676.19  kl 0.0104  clip 0.141  ev 0.994  epochs 10/10
[update  232 | steps   475136 | sps    794] ep_return 1685.60  kl 0.0168  clip 0.205  ev 0.997  epochs 10/10
[update  233 | steps   477184 | sps    793] ep_return 1728.41  kl 0.0077  clip 0.107  ev 0.252  epochs 10/10
[update  234 | steps   479232 | sps    792] ep_return 1749.79  kl 0.0119  clip 0.148  ev 0.962  epochs 10/10
[eval @ step   481280] mean return =  3276.12
[update  235 | steps   481280 | sps    786] ep_return 1756.25  kl 0.0122  clip 0.155  ev 0.993  epochs 10/10
[update  236 | steps   483328 | sps    787] ep_return 1732.69  kl 0.0097  clip 0.128  ev 0.988  epochs 10/10
[update  237 | steps   485376 | sps    786] ep_return 1708.02  kl 0.0236  clip 0.268  ev 0.996  epochs 10/10
[update  238 | steps   487424 | sps    785] ep_return 1694.18  kl 0.0071  clip 0.089  ev 0.991  epochs 10/10
[update  239 | steps   489472 | sps    786] ep_return 1693.68  kl 0.0037  clip 0.040  ev 0.923  epochs 10/10
[eval @ step   491520] mean return =  3290.05
[update  240 | steps   491520 | sps    783] ep_return 1702.32  kl 0.0116  clip 0.147  ev 0.988  epochs 10/10
[update  241 | steps   493568 | sps    784] ep_return 1653.10  kl 0.0072  clip 0.088  ev 0.987  epochs 10/10
[update  242 | steps   495616 | sps    785] ep_return 1625.83  kl 0.0127  clip 0.162  ev 0.993  epochs 10/10
[update  243 | steps   497664 | sps    785] ep_return 1663.21  kl 0.0092  clip 0.124  ev 0.995  epochs 10/10
[update  244 | steps   499712 | sps    786] ep_return 1662.67  kl 0.0138  clip 0.161  ev 0.992  epochs 10/10
[eval @ step   501760] mean return =  2210.71
[update  245 | steps   501760 | sps    784] ep_return 1636.28  kl 0.0085  clip 0.110  ev 0.916  epochs 10/10
[update  246 | steps   503808 | sps    785] ep_return 1589.59  kl 0.0042  clip 0.047  ev 0.890  epochs 10/10
[update  247 | steps   505856 | sps    786] ep_return 1568.95  kl 0.0105  clip 0.133  ev 0.987  epochs 10/10
[update  248 | steps   507904 | sps    787] ep_return 1556.63  kl 0.0105  clip 0.136  ev 0.991  epochs 10/10
[update  249 | steps   509952 | sps    787] ep_return 1526.52  kl 0.0126  clip 0.167  ev 0.997  epochs 10/10
[eval @ step   512000] mean return =  3268.66
[update  250 | steps   512000 | sps    784] ep_return 1520.00  kl 0.0046  clip 0.052  ev 0.888  epochs 10/10
[update  251 | steps   514048 | sps    784] ep_return 1537.31  kl 0.0103  clip 0.133  ev 0.993  epochs 10/10
[update  252 | steps   516096 | sps    785] ep_return 1495.44  kl 0.0112  clip 0.143  ev 0.997  epochs 10/10
[update  253 | steps   518144 | sps    786] ep_return 1524.01  kl 0.0115  clip 0.144  ev 0.983  epochs 10/10
[eval @ step   520192] mean return =  3147.95
[update  254 | steps   520192 | sps    783] ep_return 1572.89  kl 0.0122  clip 0.159  ev 0.992  epochs 10/10
[update  255 | steps   522240 | sps    783] ep_return 1550.60  kl 0.0073  clip 0.092  ev 0.786  epochs 10/10
[update  256 | steps   524288 | sps    782] ep_return 1499.54  kl 0.0082  clip 0.104  ev 0.986  epochs 10/10
[update  257 | steps   526336 | sps    781] ep_return 1502.51  kl 0.0108  clip 0.147  ev 0.995  epochs 10/10
[update  258 | steps   528384 | sps    782] ep_return 1506.86  kl 0.0082  clip 0.107  ev 0.988  epochs 10/10
[eval @ step   530432] mean return =  3227.84
[update  259 | steps   530432 | sps    778] ep_return 1532.71  kl 0.0183  clip 0.223  ev 0.980  epochs 10/10
[update  260 | steps   532480 | sps    779] ep_return 1490.43  kl 0.0064  clip 0.071  ev 0.861  epochs 10/10
[update  261 | steps   534528 | sps    779] ep_return 1515.17  kl 0.0057  clip 0.073  ev 0.938  epochs 10/10
[update  262 | steps   536576 | sps    780] ep_return 1531.41  kl 0.0156  clip 0.186  ev 0.991  epochs 10/10
[update  263 | steps   538624 | sps    781] ep_return 1531.35  kl 0.0117  clip 0.144  ev 0.996  epochs 10/10
[eval @ step   540672] mean return =  3256.90
[update  264 | steps   540672 | sps    777] ep_return 1584.70  kl 0.0108  clip 0.136  ev 0.993  epochs 10/10
[update  265 | steps   542720 | sps    777] ep_return 1600.70  kl 0.0063  clip 0.076  ev 0.948  epochs 10/10
[update  266 | steps   544768 | sps    777] ep_return 1551.98  kl 0.0062  clip 0.073  ev 0.900  epochs 10/10
[update  267 | steps   546816 | sps    778] ep_return 1568.12  kl 0.0136  clip 0.172  ev 0.993  epochs 10/10
[update  268 | steps   548864 | sps    777] ep_return 1583.36  kl 0.0082  clip 0.110  ev 0.993  epochs 10/10
[eval @ step   550912] mean return =  3245.56
[update  269 | steps   550912 | sps    771] ep_return 1612.56  kl 0.0180  clip 0.215  ev 0.997  epochs 10/10
[update  270 | steps   552960 | sps    772] ep_return 1652.37  kl 0.0117  clip 0.142  ev 0.997  epochs 10/10
[update  271 | steps   555008 | sps    772] ep_return 1685.42  kl 0.0086  clip 0.109  ev 0.994  epochs 10/10
[update  272 | steps   557056 | sps    773] ep_return 1673.34  kl 0.0104  clip 0.141  ev 0.997  epochs 10/10
[update  273 | steps   559104 | sps    774] ep_return 1682.65  kl 0.0106  clip 0.141  ev 0.997  epochs 10/10
[eval @ step   561152] mean return =  3146.96
[update  274 | steps   561152 | sps    771] ep_return 1678.76  kl 0.0164  clip 0.190  ev 0.997  epochs 10/10
[update  275 | steps   563200 | sps    772] ep_return 1668.62  kl 0.0121  clip 0.148  ev 0.997  epochs 10/10
[update  276 | steps   565248 | sps    773] ep_return 1692.17  kl 0.0129  clip 0.160  ev 0.997  epochs 10/10
[update  277 | steps   567296 | sps    773] ep_return 1676.72  kl 0.0094  clip 0.126  ev 0.997  epochs 10/10
[update  278 | steps   569344 | sps    774] ep_return 1670.81  kl 0.0096  clip 0.127  ev 0.997  epochs 10/10
[eval @ step   571392] mean return =  3112.88
[update  279 | steps   571392 | sps    771] ep_return 1631.63  kl 0.0057  clip 0.067  ev 0.794  epochs 10/10
[update  280 | steps   573440 | sps    772] ep_return 1662.72  kl 0.0045  clip 0.045  ev 0.246  epochs 10/10
[update  281 | steps   575488 | sps    772] ep_return 1675.69  kl 0.0162  clip 0.195  ev 0.994  epochs 10/10
[update  282 | steps   577536 | sps    772] ep_return 1664.87  kl 0.0092  clip 0.121  ev 0.994  epochs 10/10
[update  283 | steps   579584 | sps    772] ep_return 1633.66  kl 0.0059  clip 0.072  ev 0.856  epochs 10/10
[eval @ step   581632] mean return =  3173.52
[update  284 | steps   581632 | sps    770] ep_return 1660.57  kl 0.0139  clip 0.172  ev 0.990  epochs 10/10
[update  285 | steps   583680 | sps    770] ep_return 1672.75  kl 0.0042  clip 0.053  ev 0.906  epochs 10/10
[update  286 | steps   585728 | sps    770] ep_return 1677.32  kl 0.0101  clip 0.138  ev 0.989  epochs 10/10
[update  287 | steps   587776 | sps    771] ep_return 1662.77  kl 0.0116  clip 0.149  ev 0.995  epochs 10/10
[update  288 | steps   589824 | sps    772] ep_return 1590.16  kl 0.0062  clip 0.075  ev 0.944  epochs 10/10
[eval @ step   591872] mean return =  2985.10
[update  289 | steps   591872 | sps    769] ep_return 1610.60  kl 0.0180  clip 0.214  ev 0.991  epochs 10/10
[update  290 | steps   593920 | sps    770] ep_return 1610.62  kl 0.0114  clip 0.147  ev 0.995  epochs 10/10
[update  291 | steps   595968 | sps    770] ep_return 1611.35  kl 0.0062  clip 0.075  ev 0.861  epochs 10/10
[update  292 | steps   598016 | sps    771] ep_return 1598.43  kl 0.0092  clip 0.125  ev 0.993  epochs 10/10
[eval @ step   600064] mean return =  2740.29
[update  293 | steps   600064 | sps    769] ep_return 1579.71  kl 0.0110  clip 0.138  ev 0.993  epochs 10/10
[update  294 | steps   602112 | sps    769] ep_return 1629.79  kl 0.0132  clip 0.163  ev 0.995  epochs 10/10
[update  295 | steps   604160 | sps    770] ep_return 1641.16  kl 0.0150  clip 0.181  ev 0.995  epochs 10/10
[update  296 | steps   606208 | sps    771] ep_return 1646.26  kl 0.0058  clip 0.068  ev 0.926  epochs 10/10
[update  297 | steps   608256 | sps    771] ep_return 1671.96  kl 0.0095  clip 0.121  ev 0.996  epochs 10/10
[eval @ step   610304] mean return =  3237.19
[update  298 | steps   610304 | sps    769] ep_return 1630.71  kl 0.0101  clip 0.118  ev 0.995  epochs 10/10
[update  299 | steps   612352 | sps    769] ep_return 1641.08  kl 0.0100  clip 0.137  ev 0.991  epochs 10/10
[update  300 | steps   614400 | sps    770] ep_return 1631.38  kl 0.0096  clip 0.121  ev 0.985  epochs 10/10
[update  301 | steps   616448 | sps    771] ep_return 1643.69  kl 0.0111  clip 0.145  ev 0.996  epochs 10/10
[update  302 | steps   618496 | sps    771] ep_return 1612.80  kl 0.0093  clip 0.127  ev 0.997  epochs 10/10
[eval @ step   620544] mean return =  3252.14
[update  303 | steps   620544 | sps    766] ep_return 1625.93  kl 0.0139  clip 0.174  ev 0.997  epochs 10/10
[update  304 | steps   622592 | sps    767] ep_return 1601.60  kl 0.0140  clip 0.177  ev 0.997  epochs 10/10
[update  305 | steps   624640 | sps    767] ep_return 1625.47  kl 0.0223  clip 0.252  ev 0.962  epochs 10/10
[update  306 | steps   626688 | sps    768] ep_return 1647.16  kl 0.0107  clip 0.144  ev 0.993  epochs 10/10
[update  307 | steps   628736 | sps    768] ep_return 1682.76  kl 0.0081  clip 0.103  ev 0.997  epochs 10/10
[eval @ step   630784] mean return =  3291.92
[update  308 | steps   630784 | sps    765] ep_return 1675.88  kl 0.0077  clip 0.096  ev 0.998  epochs 10/10
[update  309 | steps   632832 | sps    766] ep_return 1662.82  kl 0.0087  clip 0.109  ev 0.997  epochs 10/10
[update  310 | steps   634880 | sps    766] ep_return 1684.85  kl 0.0135  clip 0.163  ev 0.997  epochs 10/10
[update  311 | steps   636928 | sps    767] ep_return 1702.51  kl 0.0040  clip 0.037  ev 0.899  epochs 10/10
[update  312 | steps   638976 | sps    767] ep_return 1741.65  kl 0.0042  clip 0.045  ev 0.800  epochs 10/10
[eval @ step   641024] mean return =  3180.16
[update  313 | steps   641024 | sps    765] ep_return 1768.65  kl 0.0085  clip 0.114  ev 0.994  epochs 10/10
[update  314 | steps   643072 | sps    766] ep_return 1789.68  kl 0.0138  clip 0.176  ev 0.994  epochs 10/10
[update  315 | steps   645120 | sps    766] ep_return 1755.10  kl 0.0056  clip 0.065  ev 0.911  epochs 10/10
[update  316 | steps   647168 | sps    767] ep_return 1756.94  kl 0.0128  clip 0.171  ev 0.988  epochs 10/10
[update  317 | steps   649216 | sps    767] ep_return 1771.02  kl 0.0134  clip 0.169  ev 0.993  epochs 10/10
[eval @ step   651264] mean return =  3244.01
[update  318 | steps   651264 | sps    765] ep_return 1789.12  kl 0.0104  clip 0.137  ev 0.996  epochs 10/10
[update  319 | steps   653312 | sps    766] ep_return 1811.02  kl 0.0076  clip 0.099  ev 0.989  epochs 10/10
[update  320 | steps   655360 | sps    767] ep_return 1729.87  kl 0.0107  clip 0.133  ev 0.995  epochs 10/10
[update  321 | steps   657408 | sps    767] ep_return 1715.01  kl 0.0101  clip 0.132  ev 0.996  epochs 10/10
[update  322 | steps   659456 | sps    768] ep_return 1706.96  kl 0.0077  clip 0.099  ev 0.920  epochs 10/10
[eval @ step   661504] mean return =  3286.79
[update  323 | steps   661504 | sps    766] ep_return 1721.24  kl 0.0073  clip 0.093  ev 0.902  epochs 10/10
[update  324 | steps   663552 | sps    766] ep_return 1721.37  kl 0.0117  clip 0.158  ev 0.994  epochs 10/10
[update  325 | steps   665600 | sps    766] ep_return 1665.52  kl 0.0068  clip 0.087  ev 0.923  epochs 10/10
[update  326 | steps   667648 | sps    767] ep_return 1626.51  kl 0.0057  clip 0.072  ev 0.926  epochs 10/10
[update  327 | steps   669696 | sps    767] ep_return 1632.65  kl 0.0166  clip 0.211  ev 0.978  epochs 10/10
[eval @ step   671744] mean return =  3308.47
[update  328 | steps   671744 | sps    765] ep_return 1585.34  kl 0.0106  clip 0.141  ev 0.991  epochs 10/10
[update  329 | steps   673792 | sps    766] ep_return 1545.40  kl 0.0129  clip 0.171  ev 0.995  epochs 10/10
[update  330 | steps   675840 | sps    766] ep_return 1526.46  kl 0.0098  clip 0.129  ev 0.918  epochs 10/10
[update  331 | steps   677888 | sps    767] ep_return 1521.55  kl 0.0171  clip 0.204  ev 0.992  epochs 10/10
[update  332 | steps   679936 | sps    767] ep_return 1500.45  kl 0.0156  clip 0.193  ev 0.995  epochs 10/10
[eval @ step   681984] mean return =  3301.71
[update  333 | steps   681984 | sps    765] ep_return 1526.30  kl 0.0105  clip 0.133  ev 0.993  epochs 10/10
[update  334 | steps   684032 | sps    766] ep_return 1500.64  kl 0.0108  clip 0.142  ev 0.996  epochs 10/10
[update  335 | steps   686080 | sps    766] ep_return 1518.39  kl 0.0075  clip 0.096  ev 0.826  epochs 10/10
[update  336 | steps   688128 | sps    767] ep_return 1498.12  kl 0.0129  clip 0.159  ev 0.996  epochs 10/10
[eval @ step   690176] mean return =  3141.08
[update  337 | steps   690176 | sps    765] ep_return 1511.57  kl 0.0131  clip 0.160  ev 0.996  epochs 10/10
[update  338 | steps   692224 | sps    765] ep_return 1515.51  kl 0.0146  clip 0.188  ev 0.996  epochs 10/10
[update  339 | steps   694272 | sps    765] ep_return 1470.21  kl 0.0090  clip 0.119  ev 0.995  epochs 10/10
[update  340 | steps   696320 | sps    766] ep_return 1413.00  kl 0.0127  clip 0.165  ev 0.995  epochs 10/10
[update  341 | steps   698368 | sps    766] ep_return 1461.59  kl 0.0161  clip 0.193  ev 0.994  epochs 10/10
[eval @ step   700416] mean return =  3311.06
[update  342 | steps   700416 | sps    764] ep_return 1492.17  kl 0.0106  clip 0.134  ev 0.995  epochs 10/10
[update  343 | steps   702464 | sps    764] ep_return 1503.02  kl 0.0108  clip 0.141  ev 0.994  epochs 10/10
[update  344 | steps   704512 | sps    765] ep_return 1534.41  kl 0.0174  clip 0.214  ev 0.994  epochs 10/10
[update  345 | steps   706560 | sps    765] ep_return 1571.10  kl 0.0128  clip 0.158  ev 0.994  epochs 10/10
[update  346 | steps   708608 | sps    765] ep_return 1597.15  kl 0.0172  clip 0.192  ev 0.990  epochs 10/10
[eval @ step   710656] mean return =  3264.61
[update  347 | steps   710656 | sps    763] ep_return 1611.11  kl 0.0156  clip 0.195  ev 0.988  epochs 10/10
[update  348 | steps   712704 | sps    763] ep_return 1636.78  kl 0.0082  clip 0.110  ev 0.995  epochs 10/10
[update  349 | steps   714752 | sps    763] ep_return 1667.16  kl 0.0059  clip 0.076  ev 0.814  epochs 10/10
[update  350 | steps   716800 | sps    764] ep_return 1673.88  kl 0.0092  clip 0.118  ev 0.890  epochs 10/10
[update  351 | steps   718848 | sps    764] ep_return 1709.23  kl 0.0050  clip 0.059  ev 0.850  epochs 10/10
[eval @ step   720896] mean return =  3292.83
[update  352 | steps   720896 | sps    762] ep_return 1732.24  kl 0.0106  clip 0.139  ev 0.993  epochs 10/10
[update  353 | steps   722944 | sps    762] ep_return 1731.29  kl 0.0107  clip 0.146  ev 0.995  epochs 10/10
[update  354 | steps   724992 | sps    763] ep_return 1722.25  kl 0.0090  clip 0.108  ev 0.988  epochs 10/10
[update  355 | steps   727040 | sps    763] ep_return 1726.16  kl 0.0083  clip 0.105  ev 0.924  epochs 10/10
[update  356 | steps   729088 | sps    764] ep_return 1728.79  kl 0.0122  clip 0.147  ev 0.986  epochs 10/10
[eval @ step   731136] mean return =  3306.97
[update  357 | steps   731136 | sps    760] ep_return 1704.54  kl 0.0084  clip 0.114  ev 0.910  epochs 10/10
[update  358 | steps   733184 | sps    760] ep_return 1711.44  kl 0.0079  clip 0.102  ev 0.900  epochs 10/10
[update  359 | steps   735232 | sps    761] ep_return 1675.18  kl 0.0055  clip 0.065  ev 0.909  epochs 10/10
[update  360 | steps   737280 | sps    761] ep_return 1663.59  kl 0.0193  clip 0.238  ev 0.992  epochs 10/10
[update  361 | steps   739328 | sps    761] ep_return 1691.31  kl 0.0122  clip 0.157  ev 0.991  epochs 10/10
[eval @ step   741376] mean return =  3378.93
[update  362 | steps   741376 | sps    759] ep_return 1661.83  kl 0.0165  clip 0.192  ev 0.996  epochs 10/10
[update  363 | steps   743424 | sps    760] ep_return 1644.79  kl 0.0147  clip 0.176  ev 0.997  epochs 10/10
[update  364 | steps   745472 | sps    760] ep_return 1629.59  kl 0.0090  clip 0.109  ev 0.972  epochs 10/10
[update  365 | steps   747520 | sps    760] ep_return 1587.20  kl 0.0113  clip 0.146  ev 0.995  epochs 10/10
[update  366 | steps   749568 | sps    760] ep_return 1590.39  kl 0.0152  clip 0.178  ev 0.991  epochs 10/10
[eval @ step   751616] mean return =  3367.92
[update  367 | steps   751616 | sps    758] ep_return 1597.78  kl 0.0179  clip 0.199  ev 0.993  epochs 10/10
[update  368 | steps   753664 | sps    757] ep_return 1575.21  kl 0.0072  clip 0.086  ev 0.771  epochs 10/10
[update  369 | steps   755712 | sps    757] ep_return 1596.11  kl 0.0173  clip 0.201  ev 0.986  epochs 10/10
[update  370 | steps   757760 | sps    757] ep_return 1585.42  kl 0.0183  clip 0.211  ev 0.993  epochs 10/10
[update  371 | steps   759808 | sps    758] ep_return 1574.52  kl 0.0071  clip 0.094  ev 0.991  epochs 10/10
[eval @ step   761856] mean return =  3332.71
[update  372 | steps   761856 | sps    756] ep_return 1575.51  kl 0.0067  clip 0.081  ev 0.995  epochs 10/10
[update  373 | steps   763904 | sps    756] ep_return 1563.80  kl 0.0135  clip 0.181  ev 0.994  epochs 10/10
[update  374 | steps   765952 | sps    757] ep_return 1612.34  kl 0.0139  clip 0.162  ev 0.995  epochs 10/10
[update  375 | steps   768000 | sps    757] ep_return 1639.95  kl 0.0119  clip 0.145  ev 0.998  epochs 10/10
[eval @ step   770048] mean return =  3400.11
[update  376 | steps   770048 | sps    755] ep_return 1630.59  kl 0.0179  clip 0.205  ev 0.994  epochs 10/10
[update  377 | steps   772096 | sps    755] ep_return 1669.42  kl 0.0091  clip 0.123  ev 0.995  epochs 10/10
[update  378 | steps   774144 | sps    756] ep_return 1710.74  kl 0.0144  clip 0.182  ev 0.997  epochs 10/10
[update  379 | steps   776192 | sps    756] ep_return 1739.18  kl 0.0088  clip 0.115  ev 0.994  epochs 10/10
[update  380 | steps   778240 | sps    756] ep_return 1765.40  kl 0.0101  clip 0.138  ev 0.995  epochs 10/10
[eval @ step   780288] mean return =  3393.85
[update  381 | steps   780288 | sps    754] ep_return 1796.34  kl 0.0162  clip 0.195  ev 0.990  epochs 10/10
[update  382 | steps   782336 | sps    754] ep_return 1825.19  kl 0.0094  clip 0.119  ev 0.998  epochs 10/10
[update  383 | steps   784384 | sps    755] ep_return 1827.09  kl 0.0110  clip 0.151  ev 0.794  epochs 10/10
[update  384 | steps   786432 | sps    755] ep_return 1863.43  kl 0.0116  clip 0.147  ev 0.997  epochs 10/10
[update  385 | steps   788480 | sps    755] ep_return 1852.25  kl 0.0081  clip 0.101  ev 0.995  epochs 10/10
[eval @ step   790528] mean return =  3413.71
[update  386 | steps   790528 | sps    754] ep_return 1862.92  kl 0.0133  clip 0.156  ev 0.996  epochs 10/10
[update  387 | steps   792576 | sps    754] ep_return 1870.96  kl 0.0074  clip 0.096  ev 0.995  epochs 10/10
[update  388 | steps   794624 | sps    754] ep_return 1882.68  kl 0.0108  clip 0.135  ev 0.996  epochs 10/10
[update  389 | steps   796672 | sps    754] ep_return 1908.15  kl 0.0107  clip 0.141  ev 0.996  epochs 10/10
[update  390 | steps   798720 | sps    754] ep_return 1925.64  kl 0.0133  clip 0.172  ev 0.998  epochs 10/10
[eval @ step   800768] mean return =  3330.57
[update  391 | steps   800768 | sps    753] ep_return 1951.68  kl 0.0178  clip 0.211  ev 0.996  epochs 10/10
[update  392 | steps   802816 | sps    753] ep_return 1976.42  kl 0.0101  clip 0.119  ev 0.994  epochs 10/10
[update  393 | steps   804864 | sps    753] ep_return 2012.44  kl 0.0053  clip 0.063  ev 0.853  epochs 10/10
[update  394 | steps   806912 | sps    753] ep_return 2051.87  kl 0.0096  clip 0.122  ev 0.995  epochs 10/10
[update  395 | steps   808960 | sps    754] ep_return 2093.33  kl 0.0097  clip 0.132  ev 0.993  epochs 10/10
[eval @ step   811008] mean return =  3404.67
[update  396 | steps   811008 | sps    751] ep_return 2073.91  kl 0.0085  clip 0.109  ev 0.994  epochs 10/10
[update  397 | steps   813056 | sps    751] ep_return 2085.77  kl 0.0141  clip 0.172  ev 0.993  epochs 10/10
[update  398 | steps   815104 | sps    752] ep_return 2080.18  kl 0.0113  clip 0.157  ev 0.994  epochs 10/10
[update  399 | steps   817152 | sps    752] ep_return 2058.92  kl 0.0099  clip 0.136  ev 0.996  epochs 10/10
[update  400 | steps   819200 | sps    752] ep_return 2072.06  kl 0.0065  clip 0.076  ev 0.892  epochs 10/10
[eval @ step   821248] mean return =  3416.68
[update  401 | steps   821248 | sps    749] ep_return 2071.76  kl 0.0125  clip 0.167  ev 0.997  epochs 10/10
[update  402 | steps   823296 | sps    749] ep_return 2120.88  kl 0.0283  clip 0.281  ev 0.949  epochs 10/10
[update  403 | steps   825344 | sps    750] ep_return 2098.38  kl 0.0113  clip 0.114  ev 0.881  epochs 10/10
[update  404 | steps   827392 | sps    750] ep_return 2108.03  kl 0.0142  clip 0.165  ev 0.978  epochs 10/10
[update  405 | steps   829440 | sps    751] ep_return 2106.93  kl 0.0096  clip 0.132  ev 0.996  epochs 10/10
[eval @ step   831488] mean return =  3297.79
[update  406 | steps   831488 | sps    748] ep_return 2074.80  kl 0.0094  clip 0.125  ev 0.996  epochs 10/10
[update  407 | steps   833536 | sps    748] ep_return 2055.01  kl 0.0060  clip 0.075  ev 0.994  epochs 10/10
[update  408 | steps   835584 | sps    749] ep_return 2045.07  kl 0.0086  clip 0.110  ev 0.994  epochs 10/10
[update  409 | steps   837632 | sps    749] ep_return 2046.41  kl 0.0138  clip 0.173  ev 0.996  epochs 10/10
[update  410 | steps   839680 | sps    749] ep_return 2000.76  kl 0.0066  clip 0.079  ev 0.926  epochs 10/10
[eval @ step   841728] mean return =  3397.11
[update  411 | steps   841728 | sps    748] ep_return 2039.56  kl 0.0261  clip 0.258  ev 0.961  epochs 10/10
[update  412 | steps   843776 | sps    748] ep_return 2032.35  kl 0.0099  clip 0.130  ev 0.983  epochs 10/10
[update  413 | steps   845824 | sps    748] ep_return 2033.48  kl 0.0032  clip 0.030  ev 0.868  epochs 10/10
[update  414 | steps   847872 | sps    749] ep_return 2073.63  kl 0.0108  clip 0.144  ev 0.993  epochs 10/10
[update  415 | steps   849920 | sps    749] ep_return 2106.07  kl 0.0225  clip 0.256  ev 0.995  epochs 10/10
[eval @ step   851968] mean return =  3427.46
[update  416 | steps   851968 | sps    747] ep_return 2154.68  kl 0.0110  clip 0.145  ev 0.969  epochs 10/10
[update  417 | steps   854016 | sps    748] ep_return 2129.04  kl 0.0057  clip 0.069  ev 0.996  epochs 10/10
[update  418 | steps   856064 | sps    748] ep_return 2104.04  kl 0.0069  clip 0.092  ev 0.994  epochs 10/10
[update  419 | steps   858112 | sps    748] ep_return 2144.16  kl 0.0060  clip 0.078  ev 0.995  epochs 10/10
[eval @ step   860160] mean return =  3440.37
[update  420 | steps   860160 | sps    747] ep_return 2138.02  kl 0.0077  clip 0.102  ev 0.994  epochs 10/10
[update  421 | steps   862208 | sps    747] ep_return 2127.83  kl 0.0032  clip 0.029  ev 0.786  epochs 10/10
[update  422 | steps   864256 | sps    748] ep_return 2153.72  kl 0.0097  clip 0.132  ev 0.988  epochs 10/10
[update  423 | steps   866304 | sps    748] ep_return 2094.63  kl 0.0062  clip 0.078  ev 0.991  epochs 10/10
[update  424 | steps   868352 | sps    748] ep_return 2055.92  kl 0.0091  clip 0.111  ev 0.994  epochs 10/10
[eval @ step   870400] mean return =  3431.63
[update  425 | steps   870400 | sps    747] ep_return 2089.04  kl 0.0130  clip 0.158  ev 0.989  epochs 10/10
[update  426 | steps   872448 | sps    747] ep_return 2079.82  kl 0.0086  clip 0.114  ev 0.997  epochs 10/10
[update  427 | steps   874496 | sps    747] ep_return 2065.11  kl 0.0228  clip 0.242  ev 0.996  epochs 10/10
[update  428 | steps   876544 | sps    748] ep_return 2098.21  kl 0.0117  clip 0.138  ev 0.995  epochs 10/10
[update  429 | steps   878592 | sps    748] ep_return 2084.74  kl 0.0082  clip 0.105  ev 0.996  epochs 10/10
[eval @ step   880640] mean return =  3422.33
[update  430 | steps   880640 | sps    746] ep_return 2094.56  kl 0.0044  clip 0.054  ev 0.891  epochs 10/10
[update  431 | steps   882688 | sps    747] ep_return 2092.88  kl 0.0088  clip 0.111  ev 0.995  epochs 10/10
[update  432 | steps   884736 | sps    747] ep_return 2093.68  kl 0.0053  clip 0.062  ev 0.806  epochs 10/10
[update  433 | steps   886784 | sps    747] ep_return 2048.04  kl 0.0089  clip 0.116  ev 0.995  epochs 10/10
[update  434 | steps   888832 | sps    748] ep_return 2049.87  kl 0.0070  clip 0.090  ev 0.994  epochs 10/10
[eval @ step   890880] mean return =  3447.70
[update  435 | steps   890880 | sps    746] ep_return 2062.86  kl 0.0277  clip 0.238  ev 0.949  epochs 10/10
[update  436 | steps   892928 | sps    747] ep_return 2049.15  kl 0.0068  clip 0.087  ev 0.990  epochs 10/10
[update  437 | steps   894976 | sps    747] ep_return 2032.04  kl 0.0092  clip 0.113  ev 0.998  epochs 10/10
[update  438 | steps   897024 | sps    747] ep_return 2043.53  kl 0.0072  clip 0.091  ev 0.997  epochs 10/10
[update  439 | steps   899072 | sps    748] ep_return 1941.67  kl 0.0032  clip 0.031  ev 0.923  epochs 10/10
[eval @ step   901120] mean return =  3505.34
[update  440 | steps   901120 | sps    746] ep_return 1953.85  kl 0.0054  clip 0.066  ev 0.863  epochs 10/10
[update  441 | steps   903168 | sps    746] ep_return 1900.15  kl 0.0086  clip 0.110  ev 0.996  epochs 10/10
[update  442 | steps   905216 | sps    746] ep_return 1893.96  kl 0.0162  clip 0.197  ev 0.994  epochs 10/10
[update  443 | steps   907264 | sps    746] ep_return 1872.01  kl 0.0079  clip 0.103  ev 0.996  epochs 10/10
[update  444 | steps   909312 | sps    747] ep_return 1892.27  kl 0.0110  clip 0.139  ev 0.995  epochs 10/10
[eval @ step   911360] mean return =  3553.84
[update  445 | steps   911360 | sps    745] ep_return 1918.56  kl 0.0065  clip 0.081  ev 0.684  epochs 10/10
[update  446 | steps   913408 | sps    745] ep_return 1895.89  kl 0.0061  clip 0.074  ev 0.876  epochs 10/10
[update  447 | steps   915456 | sps    745] ep_return 1901.06  kl 0.0154  clip 0.198  ev 0.988  epochs 10/10
[update  448 | steps   917504 | sps    746] ep_return 1839.06  kl 0.0109  clip 0.134  ev 0.994  epochs 10/10
[update  449 | steps   919552 | sps    746] ep_return 1872.38  kl 0.0130  clip 0.166  ev 0.996  epochs 10/10
[eval @ step   921600] mean return =  3530.03
[update  450 | steps   921600 | sps    744] ep_return 1900.40  kl 0.0145  clip 0.176  ev 0.997  epochs 10/10
[update  451 | steps   923648 | sps    744] ep_return 1879.01  kl 0.0084  clip 0.100  ev 0.607  epochs 10/10
[update  452 | steps   925696 | sps    745] ep_return 1854.94  kl 0.0048  clip 0.061  ev 0.884  epochs 10/10
[update  453 | steps   927744 | sps    745] ep_return 1829.83  kl 0.0116  clip 0.138  ev 0.988  epochs 10/10
[update  454 | steps   929792 | sps    745] ep_return 1789.74  kl 0.0071  clip 0.083  ev 0.920  epochs 10/10
[eval @ step   931840] mean return =  3561.61
[update  455 | steps   931840 | sps    743] ep_return 1766.28  kl 0.0119  clip 0.149  ev 0.992  epochs 10/10
[update  456 | steps   933888 | sps    743] ep_return 1743.87  kl 0.0072  clip 0.089  ev 0.920  epochs 10/10
[update  457 | steps   935936 | sps    744] ep_return 1718.05  kl 0.0084  clip 0.106  ev 0.800  epochs 10/10
[update  458 | steps   937984 | sps    744] ep_return 1674.55  kl 0.0118  clip 0.144  ev 0.923  epochs 10/10
[eval @ step   940032] mean return =  3544.92
[update  459 | steps   940032 | sps    742] ep_return 1691.60  kl 0.0217  clip 0.246  ev 0.991  epochs 10/10
[update  460 | steps   942080 | sps    743] ep_return 1700.85  kl 0.0181  clip 0.208  ev 0.992  epochs 10/10
[update  461 | steps   944128 | sps    743] ep_return 1716.72  kl 0.0071  clip 0.094  ev 0.760  epochs 10/10
[update  462 | steps   946176 | sps    743] ep_return 1734.74  kl 0.0229  clip 0.234  ev 0.993  epochs 10/10
[update  463 | steps   948224 | sps    742] ep_return 1759.67  kl 0.0223  clip 0.238  ev 0.996  epochs 10/10
[eval @ step   950272] mean return =  3537.85
[update  464 | steps   950272 | sps    740] ep_return 1806.52  kl 0.0089  clip 0.123  ev 0.765  epochs 10/10
[update  465 | steps   952320 | sps    740] ep_return 1811.37  kl 0.0098  clip 0.129  ev 0.993  epochs 10/10
[update  466 | steps   954368 | sps    740] ep_return 1842.54  kl 0.0337  clip 0.315  ev 0.972  epochs 10/10
[update  467 | steps   956416 | sps    741] ep_return 1789.55  kl 0.0092  clip 0.120  ev 0.993  epochs 10/10
[update  468 | steps   958464 | sps    741] ep_return 1762.85  kl 0.0032  clip 0.036  ev 0.907  epochs 10/10
[eval @ step   960512] mean return =  3551.76
[update  469 | steps   960512 | sps    738] ep_return 1685.97  kl 0.0057  clip 0.073  ev 0.827  epochs 10/10
[update  470 | steps   962560 | sps    738] ep_return 1697.99  kl 0.0057  clip 0.072  ev 0.856  epochs 10/10
[update  471 | steps   964608 | sps    738] ep_return 1690.10  kl 0.0091  clip 0.112  ev 0.991  epochs 10/10
[update  472 | steps   966656 | sps    739] ep_return 1704.55  kl 0.0076  clip 0.102  ev 0.988  epochs 10/10
[update  473 | steps   968704 | sps    739] ep_return 1707.00  kl 0.0120  clip 0.156  ev 0.996  epochs 10/10
[eval @ step   970752] mean return =  3550.63
[update  474 | steps   970752 | sps    736] ep_return 1688.05  kl 0.0080  clip 0.098  ev 0.993  epochs 10/10
[update  475 | steps   972800 | sps    736] ep_return 1724.67  kl 0.0066  clip 0.087  ev 0.440  epochs 10/10
[update  476 | steps   974848 | sps    736] ep_return 1744.89  kl 0.0101  clip 0.125  ev 0.992  epochs 10/10
[update  477 | steps   976896 | sps    736] ep_return 1738.94  kl 0.0103  clip 0.130  ev 0.995  epochs 10/10
[update  478 | steps   978944 | sps    737] ep_return 1781.09  kl 0.0142  clip 0.179  ev 0.997  epochs 10/10
[eval @ step   980992] mean return =  3512.87
[update  479 | steps   980992 | sps    734] ep_return 1814.73  kl 0.0141  clip 0.176  ev 0.996  epochs 10/10
[update  480 | steps   983040 | sps    734] ep_return 1839.47  kl 0.0200  clip 0.222  ev 0.997  epochs 10/10
[update  481 | steps   985088 | sps    735] ep_return 1874.89  kl 0.0132  clip 0.158  ev 0.995  epochs 10/10
[update  482 | steps   987136 | sps    735] ep_return 1880.62  kl 0.0078  clip 0.100  ev 0.987  epochs 10/10
[update  483 | steps   989184 | sps    735] ep_return 1927.29  kl 0.0080  clip 0.106  ev 0.991  epochs 10/10
[eval @ step   991232] mean return =  3486.83
[update  484 | steps   991232 | sps    733] ep_return 1940.03  kl 0.0073  clip 0.095  ev 0.869  epochs 10/10
[update  485 | steps   993280 | sps    733] ep_return 1933.10  kl 0.0122  clip 0.158  ev 0.990  epochs 10/10
[update  486 | steps   995328 | sps    733] ep_return 1938.48  kl 0.0132  clip 0.165  ev 0.993  epochs 10/10
[update  487 | steps   997376 | sps    733] ep_return 1998.35  kl 0.0351  clip 0.300  ev 0.994  epochs 10/10
[update  488 | steps   999424 | sps    733] ep_return 1935.17  kl 0.0076  clip 0.091  ev 0.888  epochs 10/10
Saved final model to ppo/data/ppo_sweep_Hopper-v4_2026-05-10_21-23-08/model_final.pt
Saved 99 eval points -> /home/naida/Desktop/CS515-Deep-RL/results/continuous/ppo/hopper-v4/seed_0.npy
Saved wallclock              -> /home/naida/Desktop/CS515-Deep-RL/results/wallclock/continuous/ppo/hopper-v4/seed_0.npy
