2026-05-10 21:25:17.629050: I tensorflow/core/util/port.cc:153] oneDNN custom operations are on. You may see slightly different numerical results due to floating-point round-off errors from different computation orders. To turn them off, set the environment variable `TF_ENABLE_ONEDNN_OPTS=0`.
2026-05-10 21:25:17.640827: E external/local_xla/xla/stream_executor/cuda/cuda_fft.cc:467] Unable to register cuFFT factory: Attempting to register factory for plugin cuFFT when one has already been registered
WARNING: All log messages before absl::InitializeLog() is called are written to STDERR
E0000 00:00:1778437517.655192 2655703 cuda_dnn.cc:8579] Unable to register cuDNN factory: Attempting to register factory for plugin cuDNN when one has already been registered
E0000 00:00:1778437517.659790 2655703 cuda_blas.cc:1407] Unable to register cuBLAS factory: Attempting to register factory for plugin cuBLAS when one has already been registered
W0000 00:00:1778437517.672104 2655703 computation_placer.cc:177] computation placer already registered. Please check linkage and avoid linking the same target more than once.
W0000 00:00:1778437517.672144 2655703 computation_placer.cc:177] computation placer already registered. Please check linkage and avoid linking the same target more than once.
W0000 00:00:1778437517.672148 2655703 computation_placer.cc:177] computation placer already registered. Please check linkage and avoid linking the same target more than once.
W0000 00:00:1778437517.672151 2655703 computation_placer.cc:177] computation placer already registered. Please check linkage and avoid linking the same target more than once.
2026-05-10 21:25:17.675235: I tensorflow/core/platform/cpu_feature_guard.cc:210] This TensorFlow binary is optimized to use available CPU instructions in performance-critical operations.
To enable the following instructions: AVX2 AVX512F AVX512_VNNI FMA, in other operations, rebuild TensorFlow with the appropriate compiler flags.
GPU not detected. Defaulting to CPU.
########################
logging outputs to ppo/data/ppo_sweep_HalfCheetah-v4_2026-05-10_21-25-18
########################
[update    1 | steps     2048 | sps   1154] ep_return -221.15  kl 0.0084  clip 0.117  ev -0.018  epochs 10/10
[update    2 | steps     4096 | sps   1151] ep_return -248.59  kl 0.0080  clip 0.112  ev 0.041  epochs 10/10
[update    3 | steps     6144 | sps   1149] ep_return -257.59  kl 0.0068  clip 0.091  ev 0.141  epochs 10/10
[update    4 | steps     8192 | sps   1022] ep_return -252.99  kl 0.0078  clip 0.114  ev 0.185  epochs 10/10
[eval @ step    10240] mean return =    10.88
[update    5 | steps    10240 | sps    824] ep_return -237.94  kl 0.0084  clip 0.121  ev 0.270  epochs 10/10
[update    6 | steps    12288 | sps    865] ep_return -250.14  kl 0.0071  clip 0.097  ev 0.240  epochs 10/10
[update    7 | steps    14336 | sps    899] ep_return -250.23  kl 0.0106  clip 0.158  ev 0.362  epochs 10/10
[update    8 | steps    16384 | sps    920] ep_return -239.70  kl 0.0088  clip 0.127  ev 0.362  epochs 10/10
[update    9 | steps    18432 | sps    938] ep_return -231.52  kl 0.0093  clip 0.137  ev 0.341  epochs 10/10
[eval @ step    20480] mean return =   166.99
[update   10 | steps    20480 | sps    870] ep_return -226.38  kl 0.0123  clip 0.185  ev 0.342  epochs 10/10
[update   11 | steps    22528 | sps    887] ep_return -219.46  kl 0.0103  clip 0.151  ev 0.496  epochs 10/10
[update   12 | steps    24576 | sps    904] ep_return -205.84  kl 0.0081  clip 0.115  ev 0.468  epochs 10/10
[update   13 | steps    26624 | sps    919] ep_return -201.35  kl 0.0101  clip 0.148  ev 0.594  epochs 10/10
[update   14 | steps    28672 | sps    933] ep_return -191.76  kl 0.0111  clip 0.160  ev 0.406  epochs 10/10
[eval @ step    30720] mean return =   585.16
[update   15 | steps    30720 | sps    890] ep_return -187.83  kl 0.0103  clip 0.150  ev 0.580  epochs 10/10
[update   16 | steps    32768 | sps    903] ep_return -185.50  kl 0.0147  clip 0.218  ev 0.656  epochs 10/10
[update   17 | steps    34816 | sps    910] ep_return -184.25  kl 0.0125  clip 0.183  ev 0.613  epochs 10/10
[update   18 | steps    36864 | sps    895] ep_return -184.31  kl 0.0138  clip 0.202  ev 0.663  epochs 10/10
[update   19 | steps    38912 | sps    883] ep_return -183.26  kl 0.0143  clip 0.212  ev 0.851  epochs 10/10
[eval @ step    40960] mean return =   275.52
[update   20 | steps    40960 | sps    850] ep_return -182.56  kl 0.0131  clip 0.191  ev 0.681  epochs 10/10
[update   21 | steps    43008 | sps    841] ep_return -180.48  kl 0.0113  clip 0.173  ev 0.757  epochs 10/10
[update   22 | steps    45056 | sps    852] ep_return -177.38  kl 0.0110  clip 0.163  ev 0.701  epochs 10/10
[update   23 | steps    47104 | sps    856] ep_return -173.26  kl 0.0105  clip 0.152  ev 0.785  epochs 10/10
[update   24 | steps    49152 | sps    861] ep_return -171.99  kl 0.0111  clip 0.164  ev 0.770  epochs 10/10
[eval @ step    51200] mean return =     7.28
[update   25 | steps    51200 | sps    842] ep_return -170.03  kl 0.0137  clip 0.202  ev 0.796  epochs 10/10
[update   26 | steps    53248 | sps    851] ep_return -167.13  kl 0.0115  clip 0.167  ev 0.634  epochs 10/10
[update   27 | steps    55296 | sps    859] ep_return -167.93  kl 0.0203  clip 0.284  ev 0.770  epochs 10/10
[update   28 | steps    57344 | sps    864] ep_return -168.00  kl 0.0132  clip 0.201  ev 0.785  epochs 10/10
[update   29 | steps    59392 | sps    865] ep_return -167.76  kl 0.0096  clip 0.142  ev 0.510  epochs 10/10
[eval @ step    61440] mean return =    82.39
[update   30 | steps    61440 | sps    841] ep_return -166.86  kl 0.0147  clip 0.221  ev 0.713  epochs 10/10
[update   31 | steps    63488 | sps    840] ep_return -165.72  kl 0.0210  clip 0.285  ev 0.659  epochs 10/10
[update   32 | steps    65536 | sps    847] ep_return -164.95  kl 0.0108  clip 0.162  ev 0.664  epochs 10/10
[update   33 | steps    67584 | sps    853] ep_return -162.66  kl 0.0133  clip 0.197  ev 0.808  epochs 10/10
[update   34 | steps    69632 | sps    860] ep_return -161.53  kl 0.0127  clip 0.195  ev 0.802  epochs 10/10
[eval @ step    71680] mean return =    43.30
[update   35 | steps    71680 | sps    825] ep_return -159.80  kl 0.0108  clip 0.157  ev 0.771  epochs 10/10
[update   36 | steps    73728 | sps    821] ep_return -158.54  kl 0.0181  clip 0.250  ev 0.738  epochs 10/10
[update   37 | steps    75776 | sps    828] ep_return -156.74  kl 0.0198  clip 0.272  ev 0.849  epochs 10/10
[update   38 | steps    77824 | sps    834] ep_return -154.45  kl 0.0137  clip 0.209  ev 0.794  epochs 10/10
[update   39 | steps    79872 | sps    840] ep_return -153.29  kl 0.0141  clip 0.212  ev 0.776  epochs 10/10
[eval @ step    81920] mean return =    89.07
[update   40 | steps    81920 | sps    817] ep_return -154.58  kl 0.0095  clip 0.143  ev 0.549  epochs 10/10
[update   41 | steps    83968 | sps    823] ep_return -153.04  kl 0.0139  clip 0.211  ev 0.649  epochs 10/10
[update   42 | steps    86016 | sps    828] ep_return -149.46  kl 0.0129  clip 0.196  ev 0.708  epochs 10/10
[update   43 | steps    88064 | sps    831] ep_return -147.69  kl 0.0125  clip 0.186  ev 0.550  epochs 10/10
[eval @ step    90112] mean return =    68.95
[update   44 | steps    90112 | sps    820] ep_return -145.22  kl 0.0170  clip 0.255  ev 0.723  epochs 10/10
[update   45 | steps    92160 | sps    825] ep_return -141.91  kl 0.0144  clip 0.214  ev 0.575  epochs 10/10
[update   46 | steps    94208 | sps    830] ep_return -139.37  kl 0.0131  clip 0.193  ev 0.576  epochs 10/10
[update   47 | steps    96256 | sps    835] ep_return -137.13  kl 0.0155  clip 0.225  ev 0.715  epochs 10/10
[update   48 | steps    98304 | sps    840] ep_return -133.53  kl 0.0178  clip 0.256  ev 0.490  epochs 10/10
[eval @ step   100352] mean return =   253.26
[update   49 | steps   100352 | sps    826] ep_return -129.03  kl 0.0163  clip 0.238  ev 0.619  epochs 10/10
[update   50 | steps   102400 | sps    825] ep_return -124.17  kl 0.0132  clip 0.199  ev 0.507  epochs 10/10
[update   51 | steps   104448 | sps    822] ep_return -118.15  kl 0.0152  clip 0.225  ev 0.399  epochs 10/10
[update   52 | steps   106496 | sps    824] ep_return -111.57  kl 0.0164  clip 0.235  ev 0.449  epochs 10/10
[update   53 | steps   108544 | sps    829] ep_return -105.86  kl 0.0142  clip 0.215  ev 0.475  epochs 10/10
[eval @ step   110592] mean return =   558.08
[update   54 | steps   110592 | sps    820] ep_return  -99.47  kl 0.0117  clip 0.175  ev 0.532  epochs 10/10
[update   55 | steps   112640 | sps    817] ep_return  -91.71  kl 0.0191  clip 0.272  ev 0.362  epochs 10/10
[update   56 | steps   114688 | sps    814] ep_return  -84.68  kl 0.0173  clip 0.247  ev 0.570  epochs 10/10
[update   57 | steps   116736 | sps    814] ep_return  -81.03  kl 0.0144  clip 0.214  ev 0.407  epochs 10/10
[update   58 | steps   118784 | sps    811] ep_return  -74.25  kl 0.0128  clip 0.190  ev 0.478  epochs 10/10
[eval @ step   120832] mean return =   539.70
[update   59 | steps   120832 | sps    799] ep_return  -67.34  kl 0.0189  clip 0.269  ev 0.362  epochs 10/10
[update   60 | steps   122880 | sps    801] ep_return  -60.36  kl 0.0182  clip 0.261  ev 0.426  epochs 10/10
[update   61 | steps   124928 | sps    801] ep_return  -58.99  kl 0.0207  clip 0.279  ev 0.827  epochs 10/10
[update   62 | steps   126976 | sps    804] ep_return  -53.06  kl 0.0145  clip 0.220  ev 0.514  epochs 10/10
[update   63 | steps   129024 | sps    808] ep_return  -41.29  kl 0.0173  clip 0.242  ev 0.396  epochs 10/10
[eval @ step   131072] mean return =   659.84
[update   64 | steps   131072 | sps    798] ep_return  -34.27  kl 0.0151  clip 0.224  ev 0.541  epochs 10/10
[update   65 | steps   133120 | sps    802] ep_return  -27.42  kl 0.0144  clip 0.211  ev 0.448  epochs 10/10
[update   66 | steps   135168 | sps    806] ep_return  -20.26  kl 0.0117  clip 0.176  ev 0.569  epochs 10/10
[update   67 | steps   137216 | sps    810] ep_return  -15.13  kl 0.0170  clip 0.249  ev 0.869  epochs 10/10
[update   68 | steps   139264 | sps    813] ep_return   -8.11  kl 0.0185  clip 0.265  ev 0.389  epochs 10/10
[eval @ step   141312] mean return =   654.54
[update   69 | steps   141312 | sps    806] ep_return   -0.01  kl 0.0182  clip 0.256  ev 0.517  epochs 10/10
[update   70 | steps   143360 | sps    810] ep_return    6.76  kl 0.0182  clip 0.255  ev 0.378  epochs 10/10
[update   71 | steps   145408 | sps    813] ep_return   13.14  kl 0.0185  clip 0.264  ev 0.374  epochs 10/10
[update   72 | steps   147456 | sps    816] ep_return   18.42  kl 0.0183  clip 0.256  ev 0.476  epochs 10/10
[update   73 | steps   149504 | sps    820] ep_return   25.48  kl 0.0189  clip 0.276  ev 0.442  epochs 10/10
[eval @ step   151552] mean return =   821.68
[update   74 | steps   151552 | sps    812] ep_return   33.35  kl 0.0220  clip 0.291  ev 0.395  epochs 10/10
[update   75 | steps   153600 | sps    813] ep_return   39.93  kl 0.0196  clip 0.272  ev 0.656  epochs 10/10
[update   76 | steps   155648 | sps    816] ep_return   48.30  kl 0.0168  clip 0.247  ev 0.494  epochs 10/10
[update   77 | steps   157696 | sps    819] ep_return   58.35  kl 0.0199  clip 0.269  ev 0.418  epochs 10/10
[update   78 | steps   159744 | sps    822] ep_return   65.54  kl 0.0217  clip 0.290  ev 0.477  epochs 10/10
[eval @ step   161792] mean return =   769.62
[update   79 | steps   161792 | sps    813] ep_return   75.83  kl 0.0194  clip 0.267  ev 0.715  epochs 10/10
[update   80 | steps   163840 | sps    816] ep_return   81.05  kl 0.0198  clip 0.277  ev 0.807  epochs 10/10
[update   81 | steps   165888 | sps    819] ep_return   85.64  kl 0.0228  clip 0.302  ev 0.906  epochs 10/10
[update   82 | steps   167936 | sps    821] ep_return   93.80  kl 0.0245  clip 0.315  ev 0.411  epochs 10/10
[update   83 | steps   169984 | sps    823] ep_return  102.07  kl 0.0241  clip 0.315  ev 0.438  epochs 10/10
[eval @ step   172032] mean return =   849.07
[update   84 | steps   172032 | sps    814] ep_return  115.67  kl 0.0197  clip 0.272  ev 0.319  epochs 10/10
[update   85 | steps   174080 | sps    813] ep_return  124.02  kl 0.0199  clip 0.281  ev 0.472  epochs 10/10
[update   86 | steps   176128 | sps    816] ep_return  131.52  kl 0.0181  clip 0.258  ev 0.478  epochs 10/10
[update   87 | steps   178176 | sps    816] ep_return  140.54  kl 0.0144  clip 0.215  ev 0.547  epochs 10/10
[eval @ step   180224] mean return =   837.39
[update   88 | steps   180224 | sps    811] ep_return  150.50  kl 0.0213  clip 0.298  ev 0.413  epochs 10/10
[update   89 | steps   182272 | sps    813] ep_return  161.28  kl 0.0202  clip 0.276  ev 0.403  epochs 10/10
[update   90 | steps   184320 | sps    812] ep_return  168.65  kl 0.0207  clip 0.285  ev 0.823  epochs 10/10
[update   91 | steps   186368 | sps    814] ep_return  178.16  kl 0.0297  clip 0.366  ev 0.431  epochs 10/10
[update   92 | steps   188416 | sps    815] ep_return  188.59  kl 0.0223  clip 0.298  ev 0.476  epochs 10/10
[eval @ step   190464] mean return =   833.13
[update   93 | steps   190464 | sps    809] ep_return  200.29  kl 0.0312  clip 0.376  ev 0.464  epochs 10/10
[update   94 | steps   192512 | sps    812] ep_return  210.54  kl 0.0252  clip 0.320  ev 0.442  epochs 10/10
[update   95 | steps   194560 | sps    814] ep_return  222.27  kl 0.0247  clip 0.317  ev 0.386  epochs 10/10
[update   96 | steps   196608 | sps    817] ep_return  233.94  kl 0.0218  clip 0.295  ev 0.555  epochs 10/10
[update   97 | steps   198656 | sps    818] ep_return  241.16  kl 0.0224  clip 0.299  ev 0.483  epochs 10/10
[eval @ step   200704] mean return =   955.07
[update   98 | steps   200704 | sps    814] ep_return  247.02  kl 0.0249  clip 0.314  ev 0.417  epochs 10/10
[update   99 | steps   202752 | sps    816] ep_return  256.40  kl 0.0198  clip 0.286  ev 0.456  epochs 10/10
[update  100 | steps   204800 | sps    818] ep_return  262.45  kl 0.0190  clip 0.261  ev 0.850  epochs 10/10
[update  101 | steps   206848 | sps    820] ep_return  271.26  kl 0.0191  clip 0.276  ev 0.481  epochs 10/10
[update  102 | steps   208896 | sps    823] ep_return  281.26  kl 0.0221  clip 0.293  ev 0.569  epochs 10/10
[eval @ step   210944] mean return =   914.57
[update  103 | steps   210944 | sps    819] ep_return  287.83  kl 0.0196  clip 0.275  ev 0.508  epochs 10/10
[update  104 | steps   212992 | sps    821] ep_return  294.93  kl 0.0191  clip 0.268  ev 0.559  epochs 10/10
[update  105 | steps   215040 | sps    820] ep_return  309.01  kl 0.0218  clip 0.287  ev 0.478  epochs 10/10
[update  106 | steps   217088 | sps    819] ep_return  314.98  kl 0.0212  clip 0.289  ev 0.414  epochs 10/10
[update  107 | steps   219136 | sps    818] ep_return  322.08  kl 0.0283  clip 0.354  ev 0.454  epochs 10/10
[eval @ step   221184] mean return =   907.71
[update  108 | steps   221184 | sps    809] ep_return  327.92  kl 0.0209  clip 0.288  ev 0.522  epochs 10/10
[update  109 | steps   223232 | sps    808] ep_return  332.47  kl 0.0211  clip 0.287  ev 0.454  epochs 10/10
[update  110 | steps   225280 | sps    809] ep_return  341.35  kl 0.0237  clip 0.316  ev 0.507  epochs 10/10
[update  111 | steps   227328 | sps    809] ep_return  348.95  kl 0.0218  clip 0.294  ev 0.511  epochs 10/10
[update  112 | steps   229376 | sps    811] ep_return  355.68  kl 0.0307  clip 0.370  ev 0.376  epochs 10/10
[eval @ step   231424] mean return =  1022.51
[update  113 | steps   231424 | sps    806] ep_return  365.58  kl 0.0289  clip 0.348  ev 0.550  epochs 10/10
[update  114 | steps   233472 | sps    808] ep_return  371.74  kl 0.0198  clip 0.271  ev 0.895  epochs 10/10
[update  115 | steps   235520 | sps    810] ep_return  379.12  kl 0.0195  clip 0.278  ev 0.516  epochs 10/10
[update  116 | steps   237568 | sps    812] ep_return  390.92  kl 0.0223  clip 0.302  ev 0.914  epochs 10/10
[update  117 | steps   239616 | sps    814] ep_return  386.68  kl 0.0287  clip 0.349  ev 0.969  epochs 10/10
[eval @ step   241664] mean return =  1074.67
[update  118 | steps   241664 | sps    811] ep_return  394.15  kl 0.0205  clip 0.284  ev 0.831  epochs 10/10
[update  119 | steps   243712 | sps    813] ep_return  399.90  kl 0.0273  clip 0.343  ev 0.470  epochs 10/10
[update  120 | steps   245760 | sps    815] ep_return  409.50  kl 0.0322  clip 0.384  ev 0.490  epochs 10/10
[update  121 | steps   247808 | sps    817] ep_return  417.49  kl 0.0261  clip 0.333  ev 0.923  epochs 10/10
[update  122 | steps   249856 | sps    819] ep_return  421.34  kl 0.0302  clip 0.370  ev 0.906  epochs 10/10
[eval @ step   251904] mean return =  1080.62
[update  123 | steps   251904 | sps    815] ep_return  427.26  kl 0.0263  clip 0.339  ev 0.567  epochs 10/10
[update  124 | steps   253952 | sps    814] ep_return  436.38  kl 0.0239  clip 0.312  ev 0.965  epochs 10/10
[update  125 | steps   256000 | sps    816] ep_return  435.92  kl 0.0265  clip 0.337  ev 0.951  epochs 10/10
[update  126 | steps   258048 | sps    816] ep_return  442.07  kl 0.0251  clip 0.316  ev 0.520  epochs 10/10
[eval @ step   260096] mean return =  1183.03
[update  127 | steps   260096 | sps    807] ep_return  450.15  kl 0.0263  clip 0.334  ev 0.556  epochs 10/10
[update  128 | steps   262144 | sps    805] ep_return  457.53  kl 0.0263  clip 0.321  ev 0.527  epochs 10/10
[update  129 | steps   264192 | sps    804] ep_return  465.67  kl 0.0262  clip 0.332  ev 0.536  epochs 10/10
[update  130 | steps   266240 | sps    804] ep_return  474.72  kl 0.0252  clip 0.336  ev 0.552  epochs 10/10
[update  131 | steps   268288 | sps    806] ep_return  478.37  kl 0.0225  clip 0.299  ev 0.576  epochs 10/10
[eval @ step   270336] mean return =  1123.08
[update  132 | steps   270336 | sps    803] ep_return  486.89  kl 0.0300  clip 0.355  ev 0.451  epochs 10/10
[update  133 | steps   272384 | sps    804] ep_return  495.54  kl 0.0278  clip 0.351  ev 0.558  epochs 10/10
[update  134 | steps   274432 | sps    806] ep_return  504.15  kl 0.0297  clip 0.359  ev 0.557  epochs 10/10
[update  135 | steps   276480 | sps    807] ep_return  511.03  kl 0.0307  clip 0.356  ev 0.448  epochs 10/10
[update  136 | steps   278528 | sps    809] ep_return  520.14  kl 0.0323  clip 0.381  ev 0.472  epochs 10/10
[eval @ step   280576] mean return =  1116.46
[update  137 | steps   280576 | sps    806] ep_return  524.70  kl 0.0258  clip 0.334  ev 0.519  epochs 10/10
[update  138 | steps   282624 | sps    808] ep_return  531.90  kl 0.0281  clip 0.345  ev 0.517  epochs 10/10
[update  139 | steps   284672 | sps    809] ep_return  540.05  kl 0.0288  clip 0.353  ev 0.530  epochs 10/10
[update  140 | steps   286720 | sps    811] ep_return  544.41  kl 0.0277  clip 0.344  ev 0.484  epochs 10/10
[update  141 | steps   288768 | sps    812] ep_return  551.03  kl 0.0302  clip 0.356  ev 0.955  epochs 10/10
[eval @ step   290816] mean return =  1157.18
[update  142 | steps   290816 | sps    809] ep_return  549.13  kl 0.0308  clip 0.368  ev 0.945  epochs 10/10
[update  143 | steps   292864 | sps    810] ep_return  553.39  kl 0.0298  clip 0.358  ev 0.507  epochs 10/10
[update  144 | steps   294912 | sps    811] ep_return  555.32  kl 0.0343  clip 0.394  ev 0.443  epochs 10/10
[update  145 | steps   296960 | sps    810] ep_return  558.87  kl 0.0290  clip 0.352  ev 0.501  epochs 10/10
[update  146 | steps   299008 | sps    809] ep_return  568.40  kl 0.0252  clip 0.328  ev 0.573  epochs 10/10
[eval @ step   301056] mean return =  1224.88
[update  147 | steps   301056 | sps    802] ep_return  575.28  kl 0.0283  clip 0.351  ev 0.556  epochs 10/10
[update  148 | steps   303104 | sps    802] ep_return  583.24  kl 0.0321  clip 0.374  ev 0.494  epochs 10/10
[update  149 | steps   305152 | sps    803] ep_return  593.49  kl 0.0241  clip 0.323  ev 0.594  epochs 10/10
[update  150 | steps   307200 | sps    804] ep_return  599.73  kl 0.0271  clip 0.340  ev 0.612  epochs 10/10
[update  151 | steps   309248 | sps    806] ep_return  602.65  kl 0.0215  clip 0.299  ev 0.550  epochs 10/10
[eval @ step   311296] mean return =  1180.06
[update  152 | steps   311296 | sps    800] ep_return  609.28  kl 0.0282  clip 0.348  ev 0.489  epochs 10/10
[update  153 | steps   313344 | sps    800] ep_return  614.81  kl 0.0287  clip 0.354  ev 0.527  epochs 10/10
[update  154 | steps   315392 | sps    801] ep_return  617.28  kl 0.0249  clip 0.320  ev 0.556  epochs 10/10
[update  155 | steps   317440 | sps    803] ep_return  624.20  kl 0.0310  clip 0.352  ev 0.592  epochs 10/10
[update  156 | steps   319488 | sps    804] ep_return  628.15  kl 0.0313  clip 0.368  ev 0.507  epochs 10/10
[eval @ step   321536] mean return =  1119.43
[update  157 | steps   321536 | sps    799] ep_return  633.25  kl 0.0314  clip 0.372  ev 0.395  epochs 10/10
[update  158 | steps   323584 | sps    798] ep_return  641.45  kl 0.0353  clip 0.386  ev 0.533  epochs 10/10
[update  159 | steps   325632 | sps    797] ep_return  651.08  kl 0.0305  clip 0.363  ev 0.592  epochs 10/10
[update  160 | steps   327680 | sps    799] ep_return  658.00  kl 0.0366  clip 0.404  ev 0.508  epochs 10/10
[update  161 | steps   329728 | sps    800] ep_return  661.40  kl 0.0299  clip 0.360  ev 0.575  epochs 10/10
[eval @ step   331776] mean return =  1378.76
[update  162 | steps   331776 | sps    798] ep_return  662.34  kl 0.0300  clip 0.368  ev 0.959  epochs 10/10
[update  163 | steps   333824 | sps    799] ep_return  668.39  kl 0.0326  clip 0.378  ev 0.422  epochs 10/10
[update  164 | steps   335872 | sps    800] ep_return  672.14  kl 0.0325  clip 0.390  ev 0.530  epochs 10/10
[update  165 | steps   337920 | sps    802] ep_return  677.02  kl 0.0321  clip 0.370  ev 0.569  epochs 10/10
[update  166 | steps   339968 | sps    803] ep_return  692.64  kl 0.0264  clip 0.332  ev 0.936  epochs 10/10
[eval @ step   342016] mean return =  1355.67
[update  167 | steps   342016 | sps    801] ep_return  697.86  kl 0.0284  clip 0.349  ev 0.790  epochs 10/10
[update  168 | steps   344064 | sps    801] ep_return  699.44  kl 0.0296  clip 0.352  ev 0.501  epochs 10/10
[update  169 | steps   346112 | sps    800] ep_return  703.34  kl 0.0347  clip 0.392  ev 0.513  epochs 10/10
[update  170 | steps   348160 | sps    802] ep_return  715.37  kl 0.0364  clip 0.394  ev 0.573  epochs 10/10
[eval @ step   350208] mean return =  1424.01
[update  171 | steps   350208 | sps    795] ep_return  717.05  kl 0.0257  clip 0.331  ev 0.913  epochs 10/10
[update  172 | steps   352256 | sps    794] ep_return  712.22  kl 0.0334  clip 0.378  ev 0.977  epochs 10/10
[update  173 | steps   354304 | sps    796] ep_return  724.32  kl 0.0289  clip 0.349  ev 0.578  epochs 10/10
[update  174 | steps   356352 | sps    797] ep_return  733.61  kl 0.0323  clip 0.373  ev 0.507  epochs 10/10
[update  175 | steps   358400 | sps    798] ep_return  741.35  kl 0.0335  clip 0.380  ev 0.534  epochs 10/10
[eval @ step   360448] mean return =  1480.22
[update  176 | steps   360448 | sps    796] ep_return  747.32  kl 0.0308  clip 0.365  ev 0.562  epochs 10/10
[update  177 | steps   362496 | sps    798] ep_return  753.89  kl 0.0284  clip 0.353  ev 0.570  epochs 10/10
[update  178 | steps   364544 | sps    799] ep_return  760.31  kl 0.0333  clip 0.386  ev 0.530  epochs 10/10
[update  179 | steps   366592 | sps    800] ep_return  766.09  kl 0.0288  clip 0.361  ev 0.970  epochs 10/10
[update  180 | steps   368640 | sps    801] ep_return  763.33  kl 0.0251  clip 0.318  ev 0.960  epochs 10/10
[eval @ step   370688] mean return =  1416.78
[update  181 | steps   370688 | sps    797] ep_return  762.47  kl 0.0313  clip 0.361  ev 0.547  epochs 10/10
[update  182 | steps   372736 | sps    797] ep_return  764.79  kl 0.0301  clip 0.360  ev 0.948  epochs 10/10
[update  183 | steps   374784 | sps    796] ep_return  770.12  kl 0.0392  clip 0.417  ev 0.543  epochs 10/10
[update  184 | steps   376832 | sps    797] ep_return  776.89  kl 0.0366  clip 0.403  ev 0.563  epochs 10/10
[update  185 | steps   378880 | sps    798] ep_return  771.65  kl 0.0293  clip 0.365  ev 0.976  epochs 10/10
[eval @ step   380928] mean return =  1359.37
[update  186 | steps   380928 | sps    796] ep_return  777.77  kl 0.0289  clip 0.359  ev 0.530  epochs 10/10
[update  187 | steps   382976 | sps    795] ep_return  784.24  kl 0.0291  clip 0.361  ev 0.643  epochs 10/10
[update  188 | steps   385024 | sps    796] ep_return  784.43  kl 0.0329  clip 0.374  ev 0.976  epochs 10/10
[update  189 | steps   387072 | sps    797] ep_return  789.24  kl 0.0351  clip 0.397  ev 0.565  epochs 10/10
[update  190 | steps   389120 | sps    796] ep_return  799.25  kl 0.0324  clip 0.378  ev 0.576  epochs 10/10
[eval @ step   391168] mean return =  1544.82
[update  191 | steps   391168 | sps    793] ep_return  803.86  kl 0.0356  clip 0.397  ev 0.545  epochs 10/10
[update  192 | steps   393216 | sps    794] ep_return  809.94  kl 0.0332  clip 0.377  ev 0.576  epochs 10/10
[update  193 | steps   395264 | sps    794] ep_return  817.85  kl 0.0389  clip 0.413  ev 0.547  epochs 10/10
[update  194 | steps   397312 | sps    796] ep_return  824.75  kl 0.0297  clip 0.358  ev 0.583  epochs 10/10
[update  195 | steps   399360 | sps    797] ep_return  832.20  kl 0.0369  clip 0.410  ev 0.562  epochs 10/10
[eval @ step   401408] mean return =  1547.73
[update  196 | steps   401408 | sps    795] ep_return  839.52  kl 0.0294  clip 0.355  ev 0.947  epochs 10/10
[update  197 | steps   403456 | sps    796] ep_return  824.80  kl 0.0309  clip 0.357  ev 0.979  epochs 10/10
[update  198 | steps   405504 | sps    797] ep_return  827.64  kl 0.0378  clip 0.422  ev 0.527  epochs 10/10
[update  199 | steps   407552 | sps    798] ep_return  829.45  kl 0.0368  clip 0.400  ev 0.974  epochs 10/10
[update  200 | steps   409600 | sps    799] ep_return  835.62  kl 0.0360  clip 0.399  ev 0.410  epochs 10/10
[eval @ step   411648] mean return =  1689.34
[update  201 | steps   411648 | sps    798] ep_return  843.72  kl 0.0359  clip 0.409  ev 0.578  epochs 10/10
[update  202 | steps   413696 | sps    799] ep_return  853.45  kl 0.0343  clip 0.390  ev 0.511  epochs 10/10
[update  203 | steps   415744 | sps    799] ep_return  859.54  kl 0.0350  clip 0.400  ev 0.578  epochs 10/10
[update  204 | steps   417792 | sps    800] ep_return  867.09  kl 0.0335  clip 0.387  ev 0.554  epochs 10/10
[update  205 | steps   419840 | sps    801] ep_return  874.69  kl 0.0373  clip 0.409  ev 0.518  epochs 10/10
[eval @ step   421888] mean return =  1745.55
[update  206 | steps   421888 | sps    798] ep_return  883.29  kl 0.0362  clip 0.402  ev 0.572  epochs 10/10
[update  207 | steps   423936 | sps    799] ep_return  893.92  kl 0.0413  clip 0.423  ev 0.541  epochs 10/10
[update  208 | steps   425984 | sps    800] ep_return  897.33  kl 0.0286  clip 0.357  ev 0.608  epochs 10/10
[update  209 | steps   428032 | sps    802] ep_return  903.72  kl 0.0349  clip 0.386  ev 0.601  epochs 10/10
[eval @ step   430080] mean return =  1747.20
[update  210 | steps   430080 | sps    800] ep_return  910.78  kl 0.0389  clip 0.403  ev 0.545  epochs 10/10
[update  211 | steps   432128 | sps    801] ep_return  921.54  kl 0.0332  clip 0.381  ev 0.550  epochs 10/10
[update  212 | steps   434176 | sps    801] ep_return  929.40  kl 0.0343  clip 0.383  ev 0.613  epochs 10/10
[update  213 | steps   436224 | sps    801] ep_return  937.61  kl 0.0354  clip 0.389  ev 0.501  epochs 10/10
[update  214 | steps   438272 | sps    801] ep_return  942.60  kl 0.0269  clip 0.344  ev 0.621  epochs 10/10
[eval @ step   440320] mean return =  1711.22
[update  215 | steps   440320 | sps    799] ep_return  952.23  kl 0.0381  clip 0.410  ev 0.604  epochs 10/10
[update  216 | steps   442368 | sps    800] ep_return  959.97  kl 0.0390  clip 0.409  ev 0.507  epochs 10/10
[update  217 | steps   444416 | sps    802] ep_return  972.80  kl 0.0333  clip 0.390  ev 0.581  epochs 10/10
[update  218 | steps   446464 | sps    802] ep_return  978.29  kl 0.0312  clip 0.377  ev 0.589  epochs 10/10
[update  219 | steps   448512 | sps    803] ep_return  988.12  kl 0.0352  clip 0.400  ev 0.571  epochs 10/10
[eval @ step   450560] mean return =  1752.49
[update  220 | steps   450560 | sps    801] ep_return  995.52  kl 0.0340  clip 0.396  ev 0.576  epochs 10/10
[update  221 | steps   452608 | sps    802] ep_return 1011.85  kl 0.0402  clip 0.421  ev 0.479  epochs 10/10
[update  222 | steps   454656 | sps    802] ep_return 1021.44  kl 0.0471  clip 0.450  ev 0.494  epochs 10/10
[update  223 | steps   456704 | sps    803] ep_return 1028.92  kl 0.0295  clip 0.354  ev 0.629  epochs 10/10
[update  224 | steps   458752 | sps    805] ep_return 1037.65  kl 0.0311  clip 0.370  ev 0.571  epochs 10/10
[eval @ step   460800] mean return =  1797.70
[update  225 | steps   460800 | sps    802] ep_return 1044.22  kl 0.0327  clip 0.380  ev 0.584  epochs 10/10
[update  226 | steps   462848 | sps    802] ep_return 1053.95  kl 0.0386  clip 0.402  ev 0.578  epochs 10/10
[update  227 | steps   464896 | sps    803] ep_return 1065.30  kl 0.0353  clip 0.393  ev 0.612  epochs 10/10
[update  228 | steps   466944 | sps    804] ep_return 1076.08  kl 0.0344  clip 0.390  ev 0.517  epochs 10/10
[update  229 | steps   468992 | sps    806] ep_return 1094.20  kl 0.0328  clip 0.385  ev 0.495  epochs 10/10
[eval @ step   471040] mean return =  1824.09
[update  230 | steps   471040 | sps    802] ep_return 1111.75  kl 0.0349  clip 0.398  ev 0.605  epochs 10/10
[update  231 | steps   473088 | sps    803] ep_return 1121.05  kl 0.0284  clip 0.346  ev 0.603  epochs 10/10
[update  232 | steps   475136 | sps    804] ep_return 1130.22  kl 0.0440  clip 0.440  ev 0.579  epochs 10/10
[update  233 | steps   477184 | sps    804] ep_return 1136.05  kl 0.0285  clip 0.351  ev 0.745  epochs 10/10
[update  234 | steps   479232 | sps    805] ep_return 1151.92  kl 0.0354  clip 0.390  ev 0.615  epochs 10/10
[eval @ step   481280] mean return =  1898.22
[update  235 | steps   481280 | sps    804] ep_return 1163.07  kl 0.0322  clip 0.368  ev 0.638  epochs 10/10
[update  236 | steps   483328 | sps    805] ep_return 1172.21  kl 0.0353  clip 0.399  ev 0.560  epochs 10/10
[update  237 | steps   485376 | sps    806] ep_return 1189.99  kl 0.0314  clip 0.367  ev 0.621  epochs 10/10
[update  238 | steps   487424 | sps    807] ep_return 1201.20  kl 0.0423  clip 0.424  ev 0.496  epochs 10/10
[update  239 | steps   489472 | sps    808] ep_return 1212.41  kl 0.0404  clip 0.426  ev 0.537  epochs 10/10
[eval @ step   491520] mean return =  2110.70
[update  240 | steps   491520 | sps    806] ep_return 1221.14  kl 0.0502  clip 0.461  ev 0.561  epochs 10/10
[update  241 | steps   493568 | sps    806] ep_return 1232.69  kl 0.0329  clip 0.373  ev 0.598  epochs 10/10
[update  242 | steps   495616 | sps    807] ep_return 1238.72  kl 0.0412  clip 0.427  ev 0.584  epochs 10/10
[update  243 | steps   497664 | sps    808] ep_return 1249.29  kl 0.0469  clip 0.452  ev 0.645  epochs 10/10
[update  244 | steps   499712 | sps    808] ep_return 1261.33  kl 0.0385  clip 0.399  ev 0.674  epochs 10/10
[eval @ step   501760] mean return =  1921.69
[update  245 | steps   501760 | sps    806] ep_return 1270.52  kl 0.0319  clip 0.374  ev 0.636  epochs 10/10
[update  246 | steps   503808 | sps    807] ep_return 1299.73  kl 0.0345  clip 0.382  ev 0.665  epochs 10/10
[update  247 | steps   505856 | sps    807] ep_return 1312.27  kl 0.0496  clip 0.470  ev 0.581  epochs 10/10
[update  248 | steps   507904 | sps    808] ep_return 1326.83  kl 0.0395  clip 0.415  ev 0.625  epochs 10/10
[update  249 | steps   509952 | sps    809] ep_return 1323.61  kl 0.0313  clip 0.358  ev 0.971  epochs 10/10
[eval @ step   512000] mean return =  2193.72
[update  250 | steps   512000 | sps    807] ep_return 1336.55  kl 0.0407  clip 0.407  ev 0.495  epochs 10/10
[update  251 | steps   514048 | sps    808] ep_return 1344.57  kl 0.0368  clip 0.398  ev 0.587  epochs 10/10
[update  252 | steps   516096 | sps    809] ep_return 1341.73  kl 0.0293  clip 0.347  ev 0.979  epochs 10/10
[update  253 | steps   518144 | sps    810] ep_return 1353.67  kl 0.0457  clip 0.438  ev 0.595  epochs 10/10
[eval @ step   520192] mean return =  2181.75
[update  254 | steps   520192 | sps    807] ep_return 1360.71  kl 0.0423  clip 0.431  ev 0.504  epochs 10/10
[update  255 | steps   522240 | sps    807] ep_return 1367.01  kl 0.0444  clip 0.442  ev 0.617  epochs 10/10
[update  256 | steps   524288 | sps    807] ep_return 1365.52  kl 0.0290  clip 0.358  ev 0.970  epochs 10/10
[update  257 | steps   526336 | sps    808] ep_return 1376.34  kl 0.0369  clip 0.388  ev 0.629  epochs 10/10
[update  258 | steps   528384 | sps    809] ep_return 1384.63  kl 0.0405  clip 0.425  ev 0.660  epochs 10/10
[eval @ step   530432] mean return =  2221.07
[update  259 | steps   530432 | sps    807] ep_return 1394.44  kl 0.0433  clip 0.436  ev 0.609  epochs 10/10
[update  260 | steps   532480 | sps    808] ep_return 1402.68  kl 0.0330  clip 0.385  ev 0.642  epochs 10/10
[update  261 | steps   534528 | sps    808] ep_return 1408.37  kl 0.0346  clip 0.384  ev 0.657  epochs 10/10
[update  262 | steps   536576 | sps    808] ep_return 1419.33  kl 0.0452  clip 0.443  ev 0.668  epochs 10/10
[update  263 | steps   538624 | sps    808] ep_return 1431.62  kl 0.0384  clip 0.414  ev 0.545  epochs 10/10
[eval @ step   540672] mean return =  2301.14
[update  264 | steps   540672 | sps    806] ep_return 1443.14  kl 0.0553  clip 0.481  ev 0.591  epochs 10/10
[update  265 | steps   542720 | sps    807] ep_return 1451.46  kl 0.0467  clip 0.434  ev 0.634  epochs 10/10
[update  266 | steps   544768 | sps    808] ep_return 1459.79  kl 0.0336  clip 0.375  ev 0.650  epochs 10/10
[update  267 | steps   546816 | sps    809] ep_return 1471.16  kl 0.0484  clip 0.445  ev 0.596  epochs 10/10
[update  268 | steps   548864 | sps    810] ep_return 1479.99  kl 0.0410  clip 0.420  ev 0.539  epochs 10/10
[eval @ step   550912] mean return =  2409.98
[update  269 | steps   550912 | sps    808] ep_return 1493.74  kl 0.0334  clip 0.379  ev 0.618  epochs 10/10
[update  270 | steps   552960 | sps    809] ep_return 1504.58  kl 0.0426  clip 0.426  ev 0.650  epochs 10/10
[update  271 | steps   555008 | sps    810] ep_return 1504.07  kl 0.0303  clip 0.357  ev 0.981  epochs 10/10
[update  272 | steps   557056 | sps    811] ep_return 1514.39  kl 0.0357  clip 0.397  ev 0.657  epochs 10/10
[update  273 | steps   559104 | sps    811] ep_return 1523.48  kl 0.0404  clip 0.400  ev 0.429  epochs 10/10
[eval @ step   561152] mean return =  2394.66
[update  274 | steps   561152 | sps    809] ep_return 1531.48  kl 0.0410  clip 0.421  ev 0.674  epochs 10/10
[update  275 | steps   563200 | sps    810] ep_return 1535.68  kl 0.0331  clip 0.378  ev 0.704  epochs 10/10
[update  276 | steps   565248 | sps    810] ep_return 1545.75  kl 0.0340  clip 0.385  ev 0.664  epochs 10/10
[update  277 | steps   567296 | sps    811] ep_return 1556.72  kl 0.0496  clip 0.471  ev 0.577  epochs 10/10
[update  278 | steps   569344 | sps    812] ep_return 1570.63  kl 0.0393  clip 0.423  ev 0.618  epochs 10/10
[eval @ step   571392] mean return =  2555.14
[update  279 | steps   571392 | sps    810] ep_return 1582.49  kl 0.0352  clip 0.382  ev 0.653  epochs 10/10
[update  280 | steps   573440 | sps    810] ep_return 1597.55  kl 0.0433  clip 0.426  ev 0.583  epochs 10/10
[update  281 | steps   575488 | sps    811] ep_return 1605.19  kl 0.0383  clip 0.408  ev 0.638  epochs 10/10
[update  282 | steps   577536 | sps    812] ep_return 1616.93  kl 0.0408  clip 0.422  ev 0.601  epochs 10/10
[update  283 | steps   579584 | sps    813] ep_return 1630.16  kl 0.0430  clip 0.429  ev 0.655  epochs 10/10
[eval @ step   581632] mean return =  2644.26
[update  284 | steps   581632 | sps    811] ep_return 1636.23  kl 0.0359  clip 0.379  ev 0.620  epochs 10/10
[update  285 | steps   583680 | sps    812] ep_return 1637.61  kl 0.0308  clip 0.355  ev 0.971  epochs 10/10
[update  286 | steps   585728 | sps    813] ep_return 1649.45  kl 0.0445  clip 0.432  ev 0.625  epochs 10/10
[update  287 | steps   587776 | sps    814] ep_return 1658.75  kl 0.0408  clip 0.418  ev 0.652  epochs 10/10
[update  288 | steps   589824 | sps    814] ep_return 1666.35  kl 0.0354  clip 0.385  ev 0.543  epochs 10/10
[eval @ step   591872] mean return =  2697.05
[update  289 | steps   591872 | sps    813] ep_return 1676.71  kl 0.0416  clip 0.426  ev 0.619  epochs 10/10
[update  290 | steps   593920 | sps    814] ep_return 1684.14  kl 0.0476  clip 0.442  ev 0.562  epochs 10/10
[update  291 | steps   595968 | sps    815] ep_return 1693.96  kl 0.0366  clip 0.392  ev 0.656  epochs 10/10
[update  292 | steps   598016 | sps    815] ep_return 1707.61  kl 0.0396  clip 0.407  ev 0.647  epochs 10/10
[eval @ step   600064] mean return =  2760.79
[update  293 | steps   600064 | sps    814] ep_return 1717.80  kl 0.0445  clip 0.434  ev 0.662  epochs 10/10
[update  294 | steps   602112 | sps    815] ep_return 1731.33  kl 0.0619  clip 0.495  ev 0.582  epochs 10/10
[update  295 | steps   604160 | sps    815] ep_return 1742.15  kl 0.0524  clip 0.467  ev 0.600  epochs 10/10
[update  296 | steps   606208 | sps    816] ep_return 1752.93  kl 0.0409  clip 0.418  ev 0.652  epochs 10/10
[update  297 | steps   608256 | sps    817] ep_return 1762.91  kl 0.0321  clip 0.371  ev 0.639  epochs 10/10
[eval @ step   610304] mean return =  2864.77
[update  298 | steps   610304 | sps    815] ep_return 1786.49  kl 0.0374  clip 0.403  ev 0.663  epochs 10/10
[update  299 | steps   612352 | sps    816] ep_return 1800.52  kl 0.0410  clip 0.410  ev 0.583  epochs 10/10
[update  300 | steps   614400 | sps    817] ep_return 1817.36  kl 0.0398  clip 0.405  ev 0.677  epochs 10/10
[update  301 | steps   616448 | sps    817] ep_return 1843.51  kl 0.0381  clip 0.410  ev 0.671  epochs 10/10
[update  302 | steps   618496 | sps    816] ep_return 1854.47  kl 0.0370  clip 0.395  ev 0.643  epochs 10/10
[eval @ step   620544] mean return =  2901.95
[update  303 | steps   620544 | sps    815] ep_return 1870.08  kl 0.0365  clip 0.393  ev 0.628  epochs 10/10
[update  304 | steps   622592 | sps    815] ep_return 1883.94  kl 0.0323  clip 0.357  ev 0.611  epochs 10/10
[update  305 | steps   624640 | sps    816] ep_return 1905.10  kl 0.0362  clip 0.402  ev 0.679  epochs 10/10
[update  306 | steps   626688 | sps    816] ep_return 1919.05  kl 0.0386  clip 0.410  ev 0.673  epochs 10/10
[update  307 | steps   628736 | sps    817] ep_return 1927.91  kl 0.0343  clip 0.378  ev 0.693  epochs 10/10
[eval @ step   630784] mean return =  2881.00
[update  308 | steps   630784 | sps    816] ep_return 1941.50  kl 0.0578  clip 0.481  ev 0.535  epochs 10/10
[update  309 | steps   632832 | sps    816] ep_return 1957.21  kl 0.0426  clip 0.427  ev 0.690  epochs 10/10
[update  310 | steps   634880 | sps    816] ep_return 1975.63  kl 0.0316  clip 0.375  ev 0.722  epochs 10/10
[update  311 | steps   636928 | sps    817] ep_return 1983.67  kl 0.0368  clip 0.399  ev 0.619  epochs 10/10
[update  312 | steps   638976 | sps    817] ep_return 1997.92  kl 0.0458  clip 0.427  ev 0.639  epochs 10/10
[eval @ step   641024] mean return =  2840.41
[update  313 | steps   641024 | sps    815] ep_return 2015.12  kl 0.0496  clip 0.440  ev 0.630  epochs 10/10
[update  314 | steps   643072 | sps    815] ep_return 2031.24  kl 0.0526  clip 0.475  ev 0.683  epochs 10/10
[update  315 | steps   645120 | sps    815] ep_return 2046.94  kl 0.0445  clip 0.439  ev 0.708  epochs 10/10
[update  316 | steps   647168 | sps    816] ep_return 2055.37  kl 0.0338  clip 0.371  ev 0.659  epochs 10/10
[update  317 | steps   649216 | sps    816] ep_return 2067.70  kl 0.0407  clip 0.406  ev 0.689  epochs 10/10
[eval @ step   651264] mean return =  2702.10
[update  318 | steps   651264 | sps    814] ep_return 2080.73  kl 0.0373  clip 0.402  ev 0.686  epochs 10/10
[update  319 | steps   653312 | sps    815] ep_return 2090.88  kl 0.0385  clip 0.408  ev 0.726  epochs 10/10
[update  320 | steps   655360 | sps    815] ep_return 2121.52  kl 0.0426  clip 0.424  ev 0.644  epochs 10/10
[update  321 | steps   657408 | sps    816] ep_return 2133.73  kl 0.0349  clip 0.391  ev 0.693  epochs 10/10
[update  322 | steps   659456 | sps    817] ep_return 2145.28  kl 0.0594  clip 0.479  ev 0.591  epochs 10/10
[eval @ step   661504] mean return =  3066.05
[update  323 | steps   661504 | sps    814] ep_return 2153.90  kl 0.0284  clip 0.325  ev 0.957  epochs 10/10
[update  324 | steps   663552 | sps    814] ep_return 2161.75  kl 0.0313  clip 0.345  ev 0.926  epochs 10/10
[update  325 | steps   665600 | sps    815] ep_return 2169.79  kl 0.0367  clip 0.401  ev 0.617  epochs 10/10
[update  326 | steps   667648 | sps    816] ep_return 2176.24  kl 0.0509  clip 0.448  ev 0.541  epochs 10/10
[update  327 | steps   669696 | sps    816] ep_return 2187.24  kl 0.0487  clip 0.431  ev 0.657  epochs 10/10
[eval @ step   671744] mean return =  3086.70
[update  328 | steps   671744 | sps    815] ep_return 2194.96  kl 0.0498  clip 0.453  ev 0.692  epochs 10/10
[update  329 | steps   673792 | sps    815] ep_return 2202.49  kl 0.0383  clip 0.404  ev 0.662  epochs 10/10
[update  330 | steps   675840 | sps    816] ep_return 2216.41  kl 0.0620  clip 0.481  ev 0.642  epochs 10/10
[update  331 | steps   677888 | sps    817] ep_return 2229.12  kl 0.0722  clip 0.515  ev 0.705  epochs 10/10
[update  332 | steps   679936 | sps    817] ep_return 2240.42  kl 0.0397  clip 0.403  ev 0.667  epochs 10/10
[eval @ step   681984] mean return =  3180.26
[update  333 | steps   681984 | sps    815] ep_return 2254.37  kl 0.0479  clip 0.447  ev 0.667  epochs 10/10
[update  334 | steps   684032 | sps    816] ep_return 2277.78  kl 0.0376  clip 0.405  ev 0.713  epochs 10/10
[update  335 | steps   686080 | sps    815] ep_return 2291.35  kl 0.0434  clip 0.430  ev 0.665  epochs 10/10
[update  336 | steps   688128 | sps    814] ep_return 2305.35  kl 0.0417  clip 0.409  ev 0.743  epochs 10/10
[eval @ step   690176] mean return =  3291.82
[update  337 | steps   690176 | sps    812] ep_return 2322.60  kl 0.0558  clip 0.481  ev 0.677  epochs 10/10
[update  338 | steps   692224 | sps    813] ep_return 2333.18  kl 0.0369  clip 0.399  ev 0.614  epochs 10/10
[update  339 | steps   694272 | sps    813] ep_return 2340.95  kl 0.0258  clip 0.298  ev 0.968  epochs 10/10
[update  340 | steps   696320 | sps    814] ep_return 2353.70  kl 0.0336  clip 0.367  ev 0.593  epochs 10/10
[update  341 | steps   698368 | sps    814] ep_return 2364.51  kl 0.0475  clip 0.430  ev 0.713  epochs 10/10
[eval @ step   700416] mean return =  3299.75
[update  342 | steps   700416 | sps    813] ep_return 2377.89  kl 0.0433  clip 0.417  ev 0.697  epochs 10/10
[update  343 | steps   702464 | sps    813] ep_return 2386.34  kl 0.0456  clip 0.438  ev 0.627  epochs 10/10
[update  344 | steps   704512 | sps    814] ep_return 2398.52  kl 0.0428  clip 0.431  ev 0.750  epochs 10/10
[update  345 | steps   706560 | sps    813] ep_return 2409.44  kl 0.0490  clip 0.445  ev 0.686  epochs 10/10
[update  346 | steps   708608 | sps    812] ep_return 2422.89  kl 0.0409  clip 0.406  ev 0.683  epochs 10/10
[eval @ step   710656] mean return =  3352.08
[update  347 | steps   710656 | sps    811] ep_return 2435.16  kl 0.0549  clip 0.463  ev 0.765  epochs 10/10
[update  348 | steps   712704 | sps    810] ep_return 2444.38  kl 0.0384  clip 0.392  ev 0.739  epochs 10/10
[update  349 | steps   714752 | sps    811] ep_return 2451.06  kl 0.0464  clip 0.420  ev 0.645  epochs 10/10
[update  350 | steps   716800 | sps    811] ep_return 2462.30  kl 0.0692  clip 0.502  ev 0.781  epochs 10/10
[update  351 | steps   718848 | sps    812] ep_return 2473.97  kl 0.0428  clip 0.427  ev 0.630  epochs 10/10
[eval @ step   720896] mean return =  3397.38
[update  352 | steps   720896 | sps    810] ep_return 2483.33  kl 0.0445  clip 0.423  ev 0.726  epochs 10/10
[update  353 | steps   722944 | sps    810] ep_return 2497.63  kl 0.0363  clip 0.389  ev 0.754  epochs 10/10
[update  354 | steps   724992 | sps    811] ep_return 2505.28  kl 0.0437  clip 0.423  ev 0.665  epochs 10/10
[update  355 | steps   727040 | sps    811] ep_return 2519.46  kl 0.0476  clip 0.423  ev 0.727  epochs 10/10
[update  356 | steps   729088 | sps    811] ep_return 2532.64  kl 0.0379  clip 0.405  ev 0.676  epochs 10/10
[eval @ step   731136] mean return =  3426.47
[update  357 | steps   731136 | sps    810] ep_return 2541.75  kl 0.0383  clip 0.403  ev 0.732  epochs 10/10
[update  358 | steps   733184 | sps    811] ep_return 2547.72  kl 0.0258  clip 0.328  ev 0.936  epochs 10/10
[update  359 | steps   735232 | sps    810] ep_return 2557.21  kl 0.0595  clip 0.477  ev 0.642  epochs 10/10
[update  360 | steps   737280 | sps    811] ep_return 2571.07  kl 0.0613  clip 0.487  ev 0.738  epochs 10/10
[update  361 | steps   739328 | sps    811] ep_return 2580.07  kl 0.0344  clip 0.381  ev 0.717  epochs 10/10
[eval @ step   741376] mean return =  3604.83
[update  362 | steps   741376 | sps    809] ep_return 2594.40  kl 0.0516  clip 0.461  ev 0.666  epochs 10/10
[update  363 | steps   743424 | sps    808] ep_return 2604.85  kl 0.0588  clip 0.477  ev 0.785  epochs 10/10
[update  364 | steps   745472 | sps    809] ep_return 2615.85  kl 0.0389  clip 0.404  ev 0.755  epochs 10/10
[update  365 | steps   747520 | sps    809] ep_return 2627.73  kl 0.0542  clip 0.455  ev 0.749  epochs 10/10
[update  366 | steps   749568 | sps    809] ep_return 2638.80  kl 0.0444  clip 0.426  ev 0.728  epochs 10/10
[eval @ step   751616] mean return =  3572.90
[update  367 | steps   751616 | sps    808] ep_return 2654.62  kl 0.0538  clip 0.465  ev 0.731  epochs 10/10
[update  368 | steps   753664 | sps    808] ep_return 2667.23  kl 0.0419  clip 0.422  ev 0.646  epochs 10/10
[update  369 | steps   755712 | sps    807] ep_return 2677.27  kl 0.0560  clip 0.460  ev 0.728  epochs 10/10
[update  370 | steps   757760 | sps    807] ep_return 2686.62  kl 0.0274  clip 0.323  ev 0.686  epochs 10/10
[update  371 | steps   759808 | sps    808] ep_return 2699.30  kl 0.0345  clip 0.380  ev 0.705  epochs 10/10
[eval @ step   761856] mean return =  3580.48
[update  372 | steps   761856 | sps    807] ep_return 2714.16  kl 0.0438  clip 0.419  ev 0.690  epochs 10/10
[update  373 | steps   763904 | sps    807] ep_return 2730.00  kl 0.0340  clip 0.372  ev 0.757  epochs 10/10
[update  374 | steps   765952 | sps    808] ep_return 2743.27  kl 0.0418  clip 0.428  ev 0.722  epochs 10/10
[update  375 | steps   768000 | sps    808] ep_return 2758.71  kl 0.0441  clip 0.431  ev 0.706  epochs 10/10
[eval @ step   770048] mean return =  3664.10
[update  376 | steps   770048 | sps    807] ep_return 2773.17  kl 0.0530  clip 0.454  ev 0.795  epochs 10/10
[update  377 | steps   772096 | sps    808] ep_return 2784.64  kl 0.0380  clip 0.411  ev 0.728  epochs 10/10
[update  378 | steps   774144 | sps    808] ep_return 2796.21  kl 0.0336  clip 0.370  ev 0.747  epochs 10/10
[update  379 | steps   776192 | sps    809] ep_return 2804.96  kl 0.0522  clip 0.455  ev 0.724  epochs 10/10
[update  380 | steps   778240 | sps    809] ep_return 2812.63  kl 0.0392  clip 0.401  ev 0.718  epochs 10/10
[eval @ step   780288] mean return =  3758.61
[update  381 | steps   780288 | sps    807] ep_return 2821.57  kl 0.0392  clip 0.392  ev 0.719  epochs 10/10
[update  382 | steps   782336 | sps    808] ep_return 2832.02  kl 0.0400  clip 0.411  ev 0.685  epochs 10/10
[update  383 | steps   784384 | sps    807] ep_return 2843.95  kl 0.0395  clip 0.400  ev 0.730  epochs 10/10
[update  384 | steps   786432 | sps    807] ep_return 2850.88  kl 0.0381  clip 0.393  ev 0.748  epochs 10/10
[update  385 | steps   788480 | sps    807] ep_return 2859.10  kl 0.0358  clip 0.380  ev 0.739  epochs 10/10
[eval @ step   790528] mean return =  3587.82
[update  386 | steps   790528 | sps    806] ep_return 2861.98  kl 0.0271  clip 0.310  ev 0.934  epochs 10/10
[update  387 | steps   792576 | sps    806] ep_return 2849.52  kl 0.0424  clip 0.415  ev 0.989  epochs 10/10
[update  388 | steps   794624 | sps    807] ep_return 2870.17  kl 0.0550  clip 0.464  ev 0.704  epochs 10/10
[update  389 | steps   796672 | sps    807] ep_return 2878.12  kl 0.0560  clip 0.481  ev 0.741  epochs 10/10
[update  390 | steps   798720 | sps    807] ep_return 2889.25  kl 0.0678  clip 0.489  ev 0.734  epochs 10/10
[eval @ step   800768] mean return =  3757.94
[update  391 | steps   800768 | sps    805] ep_return 2896.50  kl 0.0388  clip 0.405  ev 0.717  epochs 10/10
[update  392 | steps   802816 | sps    806] ep_return 2901.25  kl 0.0411  clip 0.403  ev 0.717  epochs 10/10
[update  393 | steps   804864 | sps    806] ep_return 2906.70  kl 0.0475  clip 0.431  ev 0.740  epochs 10/10
[update  394 | steps   806912 | sps    807] ep_return 2916.57  kl 0.0349  clip 0.375  ev 0.790  epochs 10/10
[update  395 | steps   808960 | sps    806] ep_return 2921.95  kl 0.0292  clip 0.344  ev 0.716  epochs 10/10
[eval @ step   811008] mean return =  3736.98
[update  396 | steps   811008 | sps    805] ep_return 2933.89  kl 0.0432  clip 0.423  ev 0.726  epochs 10/10
[update  397 | steps   813056 | sps    805] ep_return 2940.26  kl 0.0437  clip 0.427  ev 0.765  epochs 10/10
[update  398 | steps   815104 | sps    805] ep_return 2948.87  kl 0.0373  clip 0.388  ev 0.748  epochs 10/10
[update  399 | steps   817152 | sps    805] ep_return 2955.63  kl 0.0560  clip 0.470  ev 0.686  epochs 10/10
[update  400 | steps   819200 | sps    805] ep_return 2961.38  kl 0.0588  clip 0.474  ev 0.638  epochs 10/10
[eval @ step   821248] mean return =  3725.98
[update  401 | steps   821248 | sps    804] ep_return 2967.86  kl 0.0749  clip 0.513  ev 0.716  epochs 10/10
[update  402 | steps   823296 | sps    804] ep_return 2975.46  kl 0.0368  clip 0.392  ev 0.738  epochs 10/10
[update  403 | steps   825344 | sps    805] ep_return 2982.18  kl 0.0466  clip 0.428  ev 0.760  epochs 10/10
[update  404 | steps   827392 | sps    804] ep_return 2987.59  kl 0.0422  clip 0.428  ev 0.713  epochs 10/10
[update  405 | steps   829440 | sps    805] ep_return 2991.38  kl 0.0295  clip 0.340  ev 0.967  epochs 10/10
[eval @ step   831488] mean return =  3745.49
[update  406 | steps   831488 | sps    803] ep_return 2996.52  kl 0.0666  clip 0.481  ev 0.668  epochs 10/10
[update  407 | steps   833536 | sps    804] ep_return 3004.40  kl 0.0480  clip 0.448  ev 0.712  epochs 10/10
[update  408 | steps   835584 | sps    804] ep_return 3010.55  kl 0.0387  clip 0.400  ev 0.747  epochs 10/10
[update  409 | steps   837632 | sps    805] ep_return 3013.10  kl 0.0414  clip 0.406  ev 0.726  epochs 10/10
[update  410 | steps   839680 | sps    805] ep_return 3020.92  kl 0.0577  clip 0.475  ev 0.721  epochs 10/10
[eval @ step   841728] mean return =  3802.80
[update  411 | steps   841728 | sps    804] ep_return 3025.75  kl 0.0429  clip 0.415  ev 0.778  epochs 10/10
[update  412 | steps   843776 | sps    803] ep_return 3027.27  kl 0.0430  clip 0.409  ev 0.592  epochs 10/10
[update  413 | steps   845824 | sps    804] ep_return 3023.33  kl 0.0616  clip 0.475  ev 0.988  epochs 10/10
[update  414 | steps   847872 | sps    804] ep_return 3030.06  kl 0.0700  clip 0.504  ev 0.718  epochs 10/10
[update  415 | steps   849920 | sps    804] ep_return 3038.69  kl 0.0644  clip 0.491  ev 0.769  epochs 10/10
[eval @ step   851968] mean return =  3841.94
[update  416 | steps   851968 | sps    803] ep_return 3037.92  kl 0.0487  clip 0.435  ev 0.707  epochs 10/10
[update  417 | steps   854016 | sps    803] ep_return 3048.13  kl 0.0551  clip 0.451  ev 0.782  epochs 10/10
[update  418 | steps   856064 | sps    804] ep_return 3048.98  kl 0.0428  clip 0.415  ev 0.701  epochs 10/10
[update  419 | steps   858112 | sps    804] ep_return 3057.61  kl 0.0550  clip 0.470  ev 0.771  epochs 10/10
[eval @ step   860160] mean return =  3566.12
[update  420 | steps   860160 | sps    803] ep_return 3065.12  kl 0.0609  clip 0.488  ev 0.675  epochs 10/10
[update  421 | steps   862208 | sps    804] ep_return 3071.36  kl 0.0443  clip 0.416  ev 0.783  epochs 10/10
[update  422 | steps   864256 | sps    804] ep_return 3077.22  kl 0.0409  clip 0.420  ev 0.782  epochs 10/10
[update  423 | steps   866304 | sps    804] ep_return 3082.99  kl 0.0293  clip 0.332  ev 0.786  epochs 10/10
[update  424 | steps   868352 | sps    804] ep_return 3087.75  kl 0.0373  clip 0.383  ev 0.728  epochs 10/10
[eval @ step   870400] mean return =  3847.53
[update  425 | steps   870400 | sps    804] ep_return 3084.22  kl 0.0239  clip 0.296  ev 0.951  epochs 10/10
[update  426 | steps   872448 | sps    804] ep_return 3088.91  kl 0.0408  clip 0.404  ev 0.581  epochs 10/10
[update  427 | steps   874496 | sps    804] ep_return 3093.95  kl 0.0611  clip 0.491  ev 0.738  epochs 10/10
[update  428 | steps   876544 | sps    805] ep_return 3101.69  kl 0.0531  clip 0.451  ev 0.728  epochs 10/10
[update  429 | steps   878592 | sps    805] ep_return 3104.54  kl 0.0461  clip 0.433  ev 0.705  epochs 10/10
[eval @ step   880640] mean return =  3905.33
[update  430 | steps   880640 | sps    803] ep_return 3107.61  kl 0.0426  clip 0.419  ev 0.753  epochs 10/10
[update  431 | steps   882688 | sps    802] ep_return 3115.27  kl 0.0579  clip 0.482  ev 0.748  epochs 10/10
[update  432 | steps   884736 | sps    803] ep_return 3120.15  kl 0.0605  clip 0.482  ev 0.696  epochs 10/10
[update  433 | steps   886784 | sps    803] ep_return 3127.58  kl 0.0576  clip 0.469  ev 0.767  epochs 10/10
[update  434 | steps   888832 | sps    803] ep_return 3132.04  kl 0.0517  clip 0.455  ev 0.743  epochs 10/10
[eval @ step   890880] mean return =  3986.30
[update  435 | steps   890880 | sps    802] ep_return 3137.00  kl 0.0260  clip 0.315  ev 0.954  epochs 10/10
[update  436 | steps   892928 | sps    802] ep_return 3157.45  kl 0.0675  clip 0.509  ev 0.989  epochs 10/10
[update  437 | steps   894976 | sps    803] ep_return 3158.47  kl 0.0505  clip 0.459  ev 0.716  epochs 10/10
[update  438 | steps   897024 | sps    803] ep_return 3167.26  kl 0.0465  clip 0.432  ev 0.760  epochs 10/10
[update  439 | steps   899072 | sps    803] ep_return 3170.25  kl 0.0496  clip 0.446  ev 0.761  epochs 10/10
[eval @ step   901120] mean return =  3981.69
[update  440 | steps   901120 | sps    802] ep_return 3177.83  kl 0.0307  clip 0.356  ev 0.680  epochs 10/10
[update  441 | steps   903168 | sps    802] ep_return 3183.71  kl 0.0451  clip 0.420  ev 0.769  epochs 10/10
[update  442 | steps   905216 | sps    803] ep_return 3191.69  kl 0.0595  clip 0.475  ev 0.716  epochs 10/10
[update  443 | steps   907264 | sps    803] ep_return 3195.45  kl 0.0422  clip 0.403  ev 0.815  epochs 10/10
[update  444 | steps   909312 | sps    804] ep_return 3202.46  kl 0.0357  clip 0.384  ev 0.767  epochs 10/10
[eval @ step   911360] mean return =  3955.09
[update  445 | steps   911360 | sps    802] ep_return 3208.62  kl 0.0477  clip 0.429  ev 0.655  epochs 10/10
[update  446 | steps   913408 | sps    803] ep_return 3213.96  kl 0.0580  clip 0.457  ev 0.712  epochs 10/10
[update  447 | steps   915456 | sps    802] ep_return 3219.11  kl 0.0451  clip 0.435  ev 0.786  epochs 10/10
[update  448 | steps   917504 | sps    803] ep_return 3219.03  kl 0.0510  clip 0.460  ev 0.722  epochs 10/10
[update  449 | steps   919552 | sps    803] ep_return 3224.79  kl 0.0449  clip 0.431  ev 0.777  epochs 10/10
[eval @ step   921600] mean return =  3981.87
[update  450 | steps   921600 | sps    801] ep_return 3225.23  kl 0.0575  clip 0.467  ev 0.729  epochs 10/10
[update  451 | steps   923648 | sps    800] ep_return 3230.95  kl 0.0681  clip 0.502  ev 0.744  epochs 10/10
[update  452 | steps   925696 | sps    800] ep_return 3236.88  kl 0.0426  clip 0.417  ev 0.755  epochs 10/10
[update  453 | steps   927744 | sps    800] ep_return 3239.07  kl 0.0417  clip 0.404  ev 0.734  epochs 10/10
[update  454 | steps   929792 | sps    801] ep_return 3243.62  kl 0.0490  clip 0.433  ev 0.735  epochs 10/10
[eval @ step   931840] mean return =  4002.66
[update  455 | steps   931840 | sps    800] ep_return 3246.03  kl 0.0737  clip 0.506  ev 0.782  epochs 10/10
[update  456 | steps   933888 | sps    800] ep_return 3251.85  kl 0.0370  clip 0.399  ev 0.768  epochs 10/10
[update  457 | steps   935936 | sps    800] ep_return 3250.44  kl 0.0424  clip 0.409  ev 0.795  epochs 10/10
[update  458 | steps   937984 | sps    800] ep_return 3254.95  kl 0.0539  clip 0.453  ev 0.688  epochs 10/10
[eval @ step   940032] mean return =  3967.36
[update  459 | steps   940032 | sps    799] ep_return 3256.52  kl 0.0538  clip 0.451  ev 0.782  epochs 10/10
[update  460 | steps   942080 | sps    798] ep_return 3262.04  kl 0.0556  clip 0.470  ev 0.662  epochs 10/10
[update  461 | steps   944128 | sps    798] ep_return 3272.22  kl 0.0696  clip 0.506  ev 0.759  epochs 10/10
[update  462 | steps   946176 | sps    799] ep_return 3273.42  kl 0.0431  clip 0.426  ev 0.717  epochs 10/10
[update  463 | steps   948224 | sps    799] ep_return 3274.09  kl 0.0676  clip 0.510  ev 0.725  epochs 10/10
[eval @ step   950272] mean return =  3973.20
[update  464 | steps   950272 | sps    798] ep_return 3274.68  kl 0.0392  clip 0.387  ev 0.802  epochs 10/10
[update  465 | steps   952320 | sps    798] ep_return 3276.70  kl 0.0493  clip 0.423  ev 0.721  epochs 10/10
[update  466 | steps   954368 | sps    797] ep_return 3275.92  kl 0.0538  clip 0.460  ev 0.648  epochs 10/10
[update  467 | steps   956416 | sps    797] ep_return 3279.48  kl 0.0647  clip 0.492  ev 0.713  epochs 10/10
[update  468 | steps   958464 | sps    797] ep_return 3281.09  kl 0.0813  clip 0.531  ev 0.733  epochs 10/10
[eval @ step   960512] mean return =  4000.26
[update  469 | steps   960512 | sps    796] ep_return 3282.87  kl 0.0612  clip 0.481  ev 0.790  epochs 10/10
[update  470 | steps   962560 | sps    797] ep_return 3286.06  kl 0.0384  clip 0.371  ev 0.982  epochs 10/10
[update  471 | steps   964608 | sps    797] ep_return 3256.60  kl 0.0653  clip 0.494  ev 0.993  epochs 10/10
[update  472 | steps   966656 | sps    797] ep_return 3262.66  kl 0.0548  clip 0.473  ev 0.693  epochs 10/10
[update  473 | steps   968704 | sps    798] ep_return 3270.47  kl 0.0680  clip 0.510  ev 0.745  epochs 10/10
[eval @ step   970752] mean return =  4038.67
[update  474 | steps   970752 | sps    797] ep_return 3277.68  kl 0.0481  clip 0.433  ev 0.743  epochs 10/10
[update  475 | steps   972800 | sps    797] ep_return 3279.57  kl 0.0367  clip 0.381  ev 0.742  epochs 10/10
[update  476 | steps   974848 | sps    797] ep_return 3283.86  kl 0.0776  clip 0.526  ev 0.791  epochs 10/10
[update  477 | steps   976896 | sps    798] ep_return 3287.88  kl 0.0597  clip 0.478  ev 0.765  epochs 10/10
[update  478 | steps   978944 | sps    798] ep_return 3298.03  kl 0.0330  clip 0.368  ev 0.770  epochs 10/10
[eval @ step   980992] mean return =  4115.55
[update  479 | steps   980992 | sps    797] ep_return 3306.01  kl 0.0505  clip 0.454  ev 0.764  epochs 10/10
[update  480 | steps   983040 | sps    797] ep_return 3304.47  kl 0.0270  clip 0.308  ev 0.970  epochs 10/10
[update  481 | steps   985088 | sps    797] ep_return 3304.89  kl 0.0323  clip 0.357  ev 0.453  epochs 10/10
[update  482 | steps   987136 | sps    797] ep_return 3304.97  kl 0.0412  clip 0.401  ev 0.726  epochs 10/10
[update  483 | steps   989184 | sps    798] ep_return 3307.28  kl 0.0583  clip 0.480  ev 0.711  epochs 10/10
[eval @ step   991232] mean return =  4166.80
[update  484 | steps   991232 | sps    797] ep_return 3323.41  kl 0.0610  clip 0.490  ev 0.770  epochs 10/10
[update  485 | steps   993280 | sps    797] ep_return 3329.23  kl 0.0485  clip 0.441  ev 0.783  epochs 10/10
[update  486 | steps   995328 | sps    797] ep_return 3329.92  kl 0.0610  clip 0.478  ev 0.720  epochs 10/10
[update  487 | steps   997376 | sps    797] ep_return 3334.04  kl 0.0556  clip 0.463  ev 0.816  epochs 10/10
[update  488 | steps   999424 | sps    798] ep_return 3336.20  kl 0.0409  clip 0.409  ev 0.755  epochs 10/10
Saved final model to ppo/data/ppo_sweep_HalfCheetah-v4_2026-05-10_21-25-18/model_final.pt
Saved 99 eval points -> /home/naida/Desktop/CS515-Deep-RL/results/continuous/ppo/halfcheetah-v4/seed_1.npy
Saved wallclock              -> /home/naida/Desktop/CS515-Deep-RL/results/wallclock/continuous/ppo/halfcheetah-v4/seed_1.npy
