2026-05-10 21:23:47.898242: I tensorflow/core/util/port.cc:153] oneDNN custom operations are on. You may see slightly different numerical results due to floating-point round-off errors from different computation orders. To turn them off, set the environment variable `TF_ENABLE_ONEDNN_OPTS=0`.
2026-05-10 21:23:47.916508: E external/local_xla/xla/stream_executor/cuda/cuda_fft.cc:467] Unable to register cuFFT factory: Attempting to register factory for plugin cuFFT when one has already been registered
WARNING: All log messages before absl::InitializeLog() is called are written to STDERR
E0000 00:00:1778437427.931120 2652763 cuda_dnn.cc:8579] Unable to register cuDNN factory: Attempting to register factory for plugin cuDNN when one has already been registered
E0000 00:00:1778437427.935739 2652763 cuda_blas.cc:1407] Unable to register cuBLAS factory: Attempting to register factory for plugin cuBLAS when one has already been registered
W0000 00:00:1778437427.948051 2652763 computation_placer.cc:177] computation placer already registered. Please check linkage and avoid linking the same target more than once.
W0000 00:00:1778437427.948087 2652763 computation_placer.cc:177] computation placer already registered. Please check linkage and avoid linking the same target more than once.
W0000 00:00:1778437427.948090 2652763 computation_placer.cc:177] computation placer already registered. Please check linkage and avoid linking the same target more than once.
W0000 00:00:1778437427.948093 2652763 computation_placer.cc:177] computation placer already registered. Please check linkage and avoid linking the same target more than once.
2026-05-10 21:23:47.951250: I tensorflow/core/platform/cpu_feature_guard.cc:210] This TensorFlow binary is optimized to use available CPU instructions in performance-critical operations.
To enable the following instructions: AVX2 AVX512F AVX512_VNNI FMA, in other operations, rebuild TensorFlow with the appropriate compiler flags.
GPU not detected. Defaulting to CPU.
########################
logging outputs to ppo/data/ppo_sweep_Hopper-v4_2026-05-10_21-23-49
########################
[update    1 | steps     2048 | sps    958] ep_return   17.32  kl 0.0128  clip 0.195  ev -0.041  epochs 10/10
[update    2 | steps     4096 | sps    983] ep_return   27.70  kl 0.0088  clip 0.129  ev 0.230  epochs 10/10
[update    3 | steps     6144 | sps    998] ep_return   44.34  kl 0.0093  clip 0.131  ev 0.304  epochs 10/10
[update    4 | steps     8192 | sps    951] ep_return   64.79  kl 0.0064  clip 0.082  ev 0.098  epochs 10/10
[eval @ step    10240] mean return =   225.18
[update    5 | steps    10240 | sps    928] ep_return   84.46  kl 0.0078  clip 0.103  ev 0.052  epochs 10/10
[update    6 | steps    12288 | sps    941] ep_return  111.20  kl 0.0068  clip 0.087  ev 0.006  epochs 10/10
[update    7 | steps    14336 | sps    948] ep_return  135.76  kl 0.0058  clip 0.074  ev 0.049  epochs 10/10
[update    8 | steps    16384 | sps    953] ep_return  155.08  kl 0.0076  clip 0.101  ev 0.201  epochs 10/10
[update    9 | steps    18432 | sps    961] ep_return  173.55  kl 0.0055  clip 0.064  ev 0.565  epochs 10/10
[eval @ step    20480] mean return =   224.88
[update   10 | steps    20480 | sps    951] ep_return  182.70  kl 0.0063  clip 0.077  ev 0.711  epochs 10/10
[update   11 | steps    22528 | sps    928] ep_return  192.36  kl 0.0077  clip 0.099  ev 0.796  epochs 10/10
[update   12 | steps    24576 | sps    933] ep_return  202.66  kl 0.0061  clip 0.078  ev 0.834  epochs 10/10
[update   13 | steps    26624 | sps    937] ep_return  214.82  kl 0.0062  clip 0.072  ev 0.833  epochs 10/10
[update   14 | steps    28672 | sps    943] ep_return  220.39  kl 0.0091  clip 0.128  ev 0.930  epochs 10/10
[eval @ step    30720] mean return =   291.46
[update   15 | steps    30720 | sps    937] ep_return  226.46  kl 0.0087  clip 0.120  ev 0.937  epochs 10/10
[update   16 | steps    32768 | sps    929] ep_return  234.32  kl 0.0105  clip 0.142  ev 0.954  epochs 10/10
[update   17 | steps    34816 | sps    932] ep_return  241.06  kl 0.0085  clip 0.117  ev 0.865  epochs 10/10
[update   18 | steps    36864 | sps    922] ep_return  251.07  kl 0.0093  clip 0.131  ev 0.891  epochs 10/10
[update   19 | steps    38912 | sps    910] ep_return  263.34  kl 0.0079  clip 0.098  ev 0.928  epochs 10/10
[eval @ step    40960] mean return =   323.43
[update   20 | steps    40960 | sps    898] ep_return  271.29  kl 0.0115  clip 0.159  ev 0.919  epochs 10/10
[update   21 | steps    43008 | sps    893] ep_return  284.22  kl 0.0091  clip 0.122  ev 0.968  epochs 10/10
[update   22 | steps    45056 | sps    876] ep_return  294.64  kl 0.0072  clip 0.094  ev 0.965  epochs 10/10
[update   23 | steps    47104 | sps    875] ep_return  304.18  kl 0.0083  clip 0.116  ev 0.975  epochs 10/10
[update   24 | steps    49152 | sps    874] ep_return  314.89  kl 0.0124  clip 0.171  ev 0.934  epochs 10/10
[eval @ step    51200] mean return =   382.64
[update   25 | steps    51200 | sps    873] ep_return  325.03  kl 0.0076  clip 0.101  ev 0.974  epochs 10/10
[update   26 | steps    53248 | sps    877] ep_return  332.86  kl 0.0062  clip 0.077  ev 0.980  epochs 10/10
[update   27 | steps    55296 | sps    882] ep_return  342.74  kl 0.0091  clip 0.127  ev 0.959  epochs 10/10
[update   28 | steps    57344 | sps    885] ep_return  351.60  kl 0.0076  clip 0.103  ev 0.944  epochs 10/10
[update   29 | steps    59392 | sps    888] ep_return  362.58  kl 0.0050  clip 0.057  ev 0.953  epochs 10/10
[eval @ step    61440] mean return =   966.36
[update   30 | steps    61440 | sps    877] ep_return  378.83  kl 0.0072  clip 0.094  ev 0.907  epochs 10/10
[update   31 | steps    63488 | sps    878] ep_return  396.03  kl 0.0091  clip 0.116  ev 0.856  epochs 10/10
[update   32 | steps    65536 | sps    878] ep_return  421.09  kl 0.0090  clip 0.125  ev 0.945  epochs 10/10
[update   33 | steps    67584 | sps    882] ep_return  437.91  kl 0.0091  clip 0.129  ev 0.908  epochs 10/10
[update   34 | steps    69632 | sps    881] ep_return  458.36  kl 0.0051  clip 0.060  ev 0.913  epochs 10/10
[eval @ step    71680] mean return =   677.43
[update   35 | steps    71680 | sps    879] ep_return  473.67  kl 0.0070  clip 0.088  ev 0.855  epochs 10/10
[update   36 | steps    73728 | sps    882] ep_return  496.26  kl 0.0082  clip 0.113  ev 0.929  epochs 10/10
[update   37 | steps    75776 | sps    886] ep_return  514.59  kl 0.0076  clip 0.103  ev 0.881  epochs 10/10
[update   38 | steps    77824 | sps    886] ep_return  537.34  kl 0.0098  clip 0.130  ev 0.962  epochs 10/10
[update   39 | steps    79872 | sps    890] ep_return  548.79  kl 0.0098  clip 0.132  ev 0.791  epochs 10/10
[eval @ step    81920] mean return =   851.10
[update   40 | steps    81920 | sps    885] ep_return  571.88  kl 0.0090  clip 0.123  ev 0.947  epochs 10/10
[update   41 | steps    83968 | sps    888] ep_return  577.74  kl 0.0050  clip 0.055  ev 0.793  epochs 10/10
[update   42 | steps    86016 | sps    886] ep_return  588.45  kl 0.0062  clip 0.080  ev 0.947  epochs 10/10
[update   43 | steps    88064 | sps    889] ep_return  584.17  kl 0.0055  clip 0.066  ev 0.955  epochs 10/10
[eval @ step    90112] mean return =   773.75
[update   44 | steps    90112 | sps    882] ep_return  613.14  kl 0.0104  clip 0.142  ev 0.960  epochs 10/10
[update   45 | steps    92160 | sps    874] ep_return  620.06  kl 0.0068  clip 0.085  ev 0.898  epochs 10/10
[update   46 | steps    94208 | sps    867] ep_return  617.96  kl 0.0095  clip 0.125  ev 0.900  epochs 10/10
[update   47 | steps    96256 | sps    869] ep_return  638.45  kl 0.0102  clip 0.142  ev 0.964  epochs 10/10
[update   48 | steps    98304 | sps    872] ep_return  642.03  kl 0.0105  clip 0.144  ev 0.973  epochs 10/10
[eval @ step   100352] mean return =   631.97
[update   49 | steps   100352 | sps    866] ep_return  661.47  kl 0.0084  clip 0.104  ev 0.956  epochs 10/10
[update   50 | steps   102400 | sps    865] ep_return  676.80  kl 0.0076  clip 0.100  ev 0.959  epochs 10/10
[update   51 | steps   104448 | sps    865] ep_return  657.22  kl 0.0064  clip 0.080  ev 0.949  epochs 10/10
[update   52 | steps   106496 | sps    868] ep_return  675.09  kl 0.0071  clip 0.087  ev 0.941  epochs 10/10
[update   53 | steps   108544 | sps    870] ep_return  692.06  kl 0.0106  clip 0.146  ev 0.960  epochs 10/10
[eval @ step   110592] mean return =   784.31
[update   54 | steps   110592 | sps    859] ep_return  705.07  kl 0.0071  clip 0.090  ev 0.970  epochs 10/10
[update   55 | steps   112640 | sps    862] ep_return  722.02  kl 0.0107  clip 0.145  ev 0.952  epochs 10/10
[update   56 | steps   114688 | sps    864] ep_return  714.73  kl 0.0096  clip 0.132  ev 0.957  epochs 10/10
[update   57 | steps   116736 | sps    867] ep_return  732.27  kl 0.0085  clip 0.112  ev 0.977  epochs 10/10
[update   58 | steps   118784 | sps    865] ep_return  721.93  kl 0.0060  clip 0.072  ev 0.886  epochs 10/10
[eval @ step   120832] mean return =   608.97
[update   59 | steps   120832 | sps    862] ep_return  727.21  kl 0.0106  clip 0.147  ev 0.955  epochs 10/10
[update   60 | steps   122880 | sps    859] ep_return  716.36  kl 0.0088  clip 0.112  ev 0.891  epochs 10/10
[update   61 | steps   124928 | sps    861] ep_return  711.84  kl 0.0076  clip 0.097  ev 0.945  epochs 10/10
[update   62 | steps   126976 | sps    860] ep_return  716.21  kl 0.0070  clip 0.091  ev 0.951  epochs 10/10
[update   63 | steps   129024 | sps    857] ep_return  724.30  kl 0.0078  clip 0.100  ev 0.946  epochs 10/10
[eval @ step   131072] mean return =   676.71
[update   64 | steps   131072 | sps    854] ep_return  698.20  kl 0.0107  clip 0.133  ev 0.908  epochs 10/10
[update   65 | steps   133120 | sps    854] ep_return  694.03  kl 0.0099  clip 0.137  ev 0.965  epochs 10/10
[update   66 | steps   135168 | sps    856] ep_return  686.48  kl 0.0097  clip 0.130  ev 0.933  epochs 10/10
[update   67 | steps   137216 | sps    858] ep_return  683.54  kl 0.0098  clip 0.120  ev 0.971  epochs 10/10
[update   68 | steps   139264 | sps    861] ep_return  701.51  kl 0.0095  clip 0.127  ev 0.983  epochs 10/10
[eval @ step   141312] mean return =  1347.97
[update   69 | steps   141312 | sps    856] ep_return  737.72  kl 0.0087  clip 0.118  ev 0.899  epochs 10/10
[update   70 | steps   143360 | sps    858] ep_return  756.47  kl 0.0118  clip 0.158  ev 0.941  epochs 10/10
[update   71 | steps   145408 | sps    857] ep_return  782.95  kl 0.0105  clip 0.146  ev 0.977  epochs 10/10
[update   72 | steps   147456 | sps    858] ep_return  800.55  kl 0.0140  clip 0.182  ev 0.979  epochs 10/10
[update   73 | steps   149504 | sps    857] ep_return  821.64  kl 0.0103  clip 0.135  ev 0.983  epochs 10/10
[eval @ step   151552] mean return =  1077.97
[update   74 | steps   151552 | sps    853] ep_return  833.31  kl 0.0067  clip 0.080  ev 0.968  epochs 10/10
[update   75 | steps   153600 | sps    855] ep_return  841.06  kl 0.0064  clip 0.077  ev 0.969  epochs 10/10
[update   76 | steps   155648 | sps    857] ep_return  850.78  kl 0.0078  clip 0.105  ev 0.976  epochs 10/10
[update   77 | steps   157696 | sps    859] ep_return  855.63  kl 0.0081  clip 0.108  ev 0.967  epochs 10/10
[update   78 | steps   159744 | sps    860] ep_return  880.25  kl 0.0075  clip 0.099  ev 0.973  epochs 10/10
[eval @ step   161792] mean return =  2639.50
[update   79 | steps   161792 | sps    843] ep_return  909.35  kl 0.0100  clip 0.130  ev 0.986  epochs 10/10
[update   80 | steps   163840 | sps    844] ep_return  932.07  kl 0.0091  clip 0.127  ev 0.987  epochs 10/10
[update   81 | steps   165888 | sps    846] ep_return  940.56  kl 0.0072  clip 0.093  ev 0.974  epochs 10/10
[update   82 | steps   167936 | sps    848] ep_return  956.33  kl 0.0119  clip 0.147  ev 0.985  epochs 10/10
[update   83 | steps   169984 | sps    850] ep_return  966.83  kl 0.0091  clip 0.123  ev 0.985  epochs 10/10
[eval @ step   172032] mean return =  2923.80
[update   84 | steps   172032 | sps    839] ep_return  978.86  kl 0.0102  clip 0.145  ev 0.986  epochs 10/10
[update   85 | steps   174080 | sps    839] ep_return  965.38  kl 0.0092  clip 0.125  ev 0.987  epochs 10/10
[update   86 | steps   176128 | sps    839] ep_return  954.03  kl 0.0076  clip 0.097  ev 0.974  epochs 10/10
[update   87 | steps   178176 | sps    838] ep_return  945.81  kl 0.0131  clip 0.177  ev 0.981  epochs 10/10
[eval @ step   180224] mean return =  2844.23
[update   88 | steps   180224 | sps    826] ep_return  969.67  kl 0.0139  clip 0.185  ev 0.988  epochs 10/10
[update   89 | steps   182272 | sps    823] ep_return 1007.89  kl 0.0084  clip 0.108  ev 0.982  epochs 10/10
[update   90 | steps   184320 | sps    825] ep_return 1022.24  kl 0.0060  clip 0.074  ev 0.984  epochs 10/10
[update   91 | steps   186368 | sps    824] ep_return 1043.30  kl 0.0131  clip 0.177  ev 0.991  epochs 10/10
[update   92 | steps   188416 | sps    826] ep_return 1063.35  kl 0.0081  clip 0.104  ev 0.883  epochs 10/10
[eval @ step   190464] mean return =  1431.55
[update   93 | steps   190464 | sps    823] ep_return 1091.04  kl 0.0083  clip 0.108  ev 0.983  epochs 10/10
[update   94 | steps   192512 | sps    824] ep_return 1130.39  kl 0.0087  clip 0.112  ev 0.810  epochs 10/10
[update   95 | steps   194560 | sps    826] ep_return 1131.63  kl 0.0059  clip 0.072  ev 0.838  epochs 10/10
[update   96 | steps   196608 | sps    827] ep_return 1088.34  kl 0.0050  clip 0.059  ev 0.830  epochs 10/10
[update   97 | steps   198656 | sps    829] ep_return 1105.66  kl 0.0142  clip 0.178  ev 0.988  epochs 10/10
[eval @ step   200704] mean return =  2753.44
[update   98 | steps   200704 | sps    820] ep_return 1094.60  kl 0.0074  clip 0.087  ev 0.885  epochs 10/10
[update   99 | steps   202752 | sps    822] ep_return 1108.43  kl 0.0122  clip 0.156  ev 0.986  epochs 10/10
[update  100 | steps   204800 | sps    824] ep_return 1108.96  kl 0.0054  clip 0.063  ev 0.888  epochs 10/10
[update  101 | steps   206848 | sps    825] ep_return 1103.45  kl 0.0113  clip 0.147  ev 0.986  epochs 10/10
[update  102 | steps   208896 | sps    826] ep_return 1110.80  kl 0.0082  clip 0.108  ev 0.984  epochs 10/10
[eval @ step   210944] mean return =  2555.25
[update  103 | steps   210944 | sps    820] ep_return 1097.05  kl 0.0080  clip 0.103  ev 0.836  epochs 10/10
[update  104 | steps   212992 | sps    819] ep_return 1090.18  kl 0.0084  clip 0.105  ev 0.890  epochs 10/10
[update  105 | steps   215040 | sps    821] ep_return 1104.92  kl 0.0179  clip 0.219  ev 0.976  epochs 10/10
[update  106 | steps   217088 | sps    822] ep_return 1082.48  kl 0.0098  clip 0.131  ev 0.969  epochs 10/10
[update  107 | steps   219136 | sps    822] ep_return 1096.63  kl 0.0110  clip 0.149  ev 0.977  epochs 10/10
[eval @ step   221184] mean return =  3003.27
[update  108 | steps   221184 | sps    815] ep_return 1106.24  kl 0.0095  clip 0.121  ev 0.980  epochs 10/10
[update  109 | steps   223232 | sps    817] ep_return 1116.77  kl 0.0116  clip 0.154  ev 0.986  epochs 10/10
[update  110 | steps   225280 | sps    818] ep_return 1130.70  kl 0.0116  clip 0.153  ev 0.981  epochs 10/10
[update  111 | steps   227328 | sps    820] ep_return 1156.78  kl 0.0091  clip 0.123  ev 0.859  epochs 10/10
[update  112 | steps   229376 | sps    821] ep_return 1153.11  kl 0.0107  clip 0.140  ev 0.788  epochs 10/10
[eval @ step   231424] mean return =  3064.65
[update  113 | steps   231424 | sps    814] ep_return 1192.99  kl 0.0096  clip 0.130  ev 0.961  epochs 10/10
[update  114 | steps   233472 | sps    815] ep_return 1224.18  kl 0.0107  clip 0.154  ev 0.981  epochs 10/10
[update  115 | steps   235520 | sps    816] ep_return 1252.07  kl 0.0131  clip 0.172  ev 0.989  epochs 10/10
[update  116 | steps   237568 | sps    817] ep_return 1292.95  kl 0.0111  clip 0.142  ev 0.898  epochs 10/10
[update  117 | steps   239616 | sps    819] ep_return 1291.70  kl 0.0101  clip 0.129  ev 0.898  epochs 10/10
[eval @ step   241664] mean return =  3115.14
[update  118 | steps   241664 | sps    812] ep_return 1319.59  kl 0.0104  clip 0.132  ev 0.967  epochs 10/10
[update  119 | steps   243712 | sps    814] ep_return 1350.66  kl 0.0137  clip 0.186  ev 0.984  epochs 10/10
[update  120 | steps   245760 | sps    815] ep_return 1352.11  kl 0.0184  clip 0.223  ev 0.985  epochs 10/10
[update  121 | steps   247808 | sps    817] ep_return 1370.96  kl 0.0079  clip 0.106  ev 0.990  epochs 10/10
[update  122 | steps   249856 | sps    816] ep_return 1379.14  kl 0.0076  clip 0.097  ev 0.976  epochs 10/10
[eval @ step   251904] mean return =  3176.59
[update  123 | steps   251904 | sps    807] ep_return 1377.98  kl 0.0089  clip 0.119  ev 0.984  epochs 10/10
[update  124 | steps   253952 | sps    808] ep_return 1404.85  kl 0.0118  clip 0.151  ev 0.989  epochs 10/10
[update  125 | steps   256000 | sps    809] ep_return 1408.28  kl 0.0090  clip 0.123  ev 0.928  epochs 10/10
[update  126 | steps   258048 | sps    809] ep_return 1390.93  kl 0.0116  clip 0.143  ev 0.982  epochs 10/10
[eval @ step   260096] mean return =  3248.04
[update  127 | steps   260096 | sps    802] ep_return 1359.32  kl 0.0093  clip 0.122  ev 0.989  epochs 10/10
[update  128 | steps   262144 | sps    804] ep_return 1312.82  kl 0.0108  clip 0.148  ev 0.991  epochs 10/10
[update  129 | steps   264192 | sps    805] ep_return 1335.31  kl 0.0136  clip 0.172  ev 0.992  epochs 10/10
[update  130 | steps   266240 | sps    806] ep_return 1324.80  kl 0.0086  clip 0.114  ev 0.991  epochs 10/10
[update  131 | steps   268288 | sps    807] ep_return 1333.64  kl 0.0140  clip 0.176  ev 0.990  epochs 10/10
[eval @ step   270336] mean return =  3154.84
[update  132 | steps   270336 | sps    802] ep_return 1336.44  kl 0.0120  clip 0.164  ev 0.964  epochs 10/10
[update  133 | steps   272384 | sps    803] ep_return 1347.60  kl 0.0102  clip 0.139  ev 0.991  epochs 10/10
[update  134 | steps   274432 | sps    804] ep_return 1340.25  kl 0.0105  clip 0.140  ev 0.988  epochs 10/10
[update  135 | steps   276480 | sps    802] ep_return 1291.25  kl 0.0115  clip 0.159  ev 0.989  epochs 10/10
[update  136 | steps   278528 | sps    803] ep_return 1274.28  kl 0.0110  clip 0.152  ev 0.994  epochs 10/10
[eval @ step   280576] mean return =  3058.12
[update  137 | steps   280576 | sps    797] ep_return 1307.58  kl 0.0126  clip 0.157  ev 0.991  epochs 10/10
[update  138 | steps   282624 | sps    799] ep_return 1288.33  kl 0.0082  clip 0.105  ev 0.882  epochs 10/10
[update  139 | steps   284672 | sps    800] ep_return 1259.35  kl 0.0100  clip 0.134  ev 0.960  epochs 10/10
[update  140 | steps   286720 | sps    799] ep_return 1307.47  kl 0.0143  clip 0.184  ev 0.990  epochs 10/10
[update  141 | steps   288768 | sps    799] ep_return 1317.67  kl 0.0130  clip 0.158  ev 0.839  epochs 10/10
[eval @ step   290816] mean return =  2937.16
[update  142 | steps   290816 | sps    795] ep_return 1359.87  kl 0.0110  clip 0.143  ev 0.963  epochs 10/10
[update  143 | steps   292864 | sps    796] ep_return 1392.73  kl 0.0094  clip 0.124  ev 0.894  epochs 10/10
[update  144 | steps   294912 | sps    797] ep_return 1371.69  kl 0.0096  clip 0.131  ev 0.985  epochs 10/10
[update  145 | steps   296960 | sps    798] ep_return 1384.54  kl 0.0152  clip 0.193  ev 0.990  epochs 10/10
[update  146 | steps   299008 | sps    799] ep_return 1375.25  kl 0.0064  clip 0.082  ev 0.950  epochs 10/10
[eval @ step   301056] mean return =  2417.31
[update  147 | steps   301056 | sps    796] ep_return 1366.27  kl 0.0054  clip 0.062  ev 0.890  epochs 10/10
[update  148 | steps   303104 | sps    797] ep_return 1397.76  kl 0.0069  clip 0.091  ev 0.867  epochs 10/10
[update  149 | steps   305152 | sps    797] ep_return 1425.98  kl 0.0119  clip 0.155  ev 0.985  epochs 10/10
[update  150 | steps   307200 | sps    798] ep_return 1359.14  kl 0.0106  clip 0.144  ev 0.894  epochs 10/10
[update  151 | steps   309248 | sps    799] ep_return 1303.30  kl 0.0085  clip 0.111  ev 0.967  epochs 10/10
[eval @ step   311296] mean return =  3252.64
[update  152 | steps   311296 | sps    792] ep_return 1255.84  kl 0.0101  clip 0.134  ev 0.975  epochs 10/10
[update  153 | steps   313344 | sps    793] ep_return 1239.78  kl 0.0097  clip 0.125  ev 0.845  epochs 10/10
[update  154 | steps   315392 | sps    794] ep_return 1230.31  kl 0.0075  clip 0.094  ev 0.933  epochs 10/10
[update  155 | steps   317440 | sps    795] ep_return 1239.30  kl 0.0120  clip 0.151  ev 0.856  epochs 10/10
[update  156 | steps   319488 | sps    795] ep_return 1194.39  kl 0.0106  clip 0.148  ev 0.916  epochs 10/10
[eval @ step   321536] mean return =  3313.14
[update  157 | steps   321536 | sps    791] ep_return 1171.05  kl 0.0105  clip 0.133  ev 0.863  epochs 10/10
[update  158 | steps   323584 | sps    792] ep_return 1168.87  kl 0.0140  clip 0.188  ev 0.979  epochs 10/10
[update  159 | steps   325632 | sps    792] ep_return 1110.37  kl 0.0138  clip 0.185  ev 0.988  epochs 10/10
[update  160 | steps   327680 | sps    793] ep_return 1105.27  kl 0.0176  clip 0.226  ev 0.993  epochs 10/10
[update  161 | steps   329728 | sps    794] ep_return 1103.08  kl 0.0177  clip 0.205  ev 0.990  epochs 10/10
[eval @ step   331776] mean return =  3112.58
[update  162 | steps   331776 | sps    790] ep_return 1108.27  kl 0.0074  clip 0.095  ev 0.960  epochs 10/10
[update  163 | steps   333824 | sps    791] ep_return 1124.22  kl 0.0111  clip 0.158  ev 0.986  epochs 10/10
[update  164 | steps   335872 | sps    790] ep_return 1127.70  kl 0.0077  clip 0.102  ev 0.979  epochs 10/10
[update  165 | steps   337920 | sps    790] ep_return 1145.69  kl 0.0075  clip 0.097  ev 0.975  epochs 10/10
[update  166 | steps   339968 | sps    791] ep_return 1120.38  kl 0.0083  clip 0.103  ev 0.901  epochs 10/10
[eval @ step   342016] mean return =  3352.73
[update  167 | steps   342016 | sps    787] ep_return 1168.22  kl 0.0161  clip 0.210  ev 0.988  epochs 10/10
[update  168 | steps   344064 | sps    787] ep_return 1230.59  kl 0.0188  clip 0.225  ev 0.968  epochs 10/10
[update  169 | steps   346112 | sps    787] ep_return 1267.91  kl 0.0140  clip 0.188  ev 0.989  epochs 10/10
[update  170 | steps   348160 | sps    789] ep_return 1274.38  kl 0.0087  clip 0.113  ev 0.992  epochs 10/10
[eval @ step   350208] mean return =  2371.13
[update  171 | steps   350208 | sps    786] ep_return 1278.69  kl 0.0059  clip 0.073  ev 0.921  epochs 10/10
[update  172 | steps   352256 | sps    786] ep_return 1286.57  kl 0.0081  clip 0.111  ev 0.915  epochs 10/10
[update  173 | steps   354304 | sps    787] ep_return 1287.11  kl 0.0124  clip 0.165  ev 0.990  epochs 10/10
[update  174 | steps   356352 | sps    788] ep_return 1291.34  kl 0.0078  clip 0.100  ev 0.986  epochs 10/10
[update  175 | steps   358400 | sps    789] ep_return 1295.84  kl 0.0099  clip 0.131  ev 0.990  epochs 10/10
[eval @ step   360448] mean return =  2438.45
[update  176 | steps   360448 | sps    786] ep_return 1277.98  kl 0.0089  clip 0.117  ev 0.958  epochs 10/10
[update  177 | steps   362496 | sps    787] ep_return 1289.35  kl 0.0080  clip 0.108  ev 0.972  epochs 10/10
[update  178 | steps   364544 | sps    788] ep_return 1310.70  kl 0.0131  clip 0.168  ev 0.979  epochs 10/10
[update  179 | steps   366592 | sps    789] ep_return 1332.90  kl 0.0137  clip 0.179  ev 0.993  epochs 10/10
[update  180 | steps   368640 | sps    790] ep_return 1312.70  kl 0.0091  clip 0.119  ev 0.800  epochs 10/10
[eval @ step   370688] mean return =  3343.95
[update  181 | steps   370688 | sps    786] ep_return 1306.36  kl 0.0080  clip 0.092  ev 0.916  epochs 10/10
[update  182 | steps   372736 | sps    787] ep_return 1343.59  kl 0.0125  clip 0.166  ev 0.912  epochs 10/10
[update  183 | steps   374784 | sps    788] ep_return 1333.31  kl 0.0095  clip 0.127  ev 0.909  epochs 10/10
[update  184 | steps   376832 | sps    789] ep_return 1351.34  kl 0.0149  clip 0.191  ev 0.991  epochs 10/10
[update  185 | steps   378880 | sps    790] ep_return 1363.61  kl 0.0149  clip 0.195  ev 0.991  epochs 10/10
[eval @ step   380928] mean return =  1018.24
[update  186 | steps   380928 | sps    789] ep_return 1296.39  kl 0.0135  clip 0.165  ev 0.993  epochs 10/10
[update  187 | steps   382976 | sps    788] ep_return 1244.85  kl 0.0168  clip 0.202  ev 0.996  epochs 10/10
[update  188 | steps   385024 | sps    789] ep_return 1243.85  kl 0.0139  clip 0.180  ev 0.987  epochs 10/10
[update  189 | steps   387072 | sps    790] ep_return 1279.50  kl 0.0093  clip 0.125  ev 0.986  epochs 10/10
[update  190 | steps   389120 | sps    790] ep_return 1302.67  kl 0.0098  clip 0.140  ev 0.990  epochs 10/10
[eval @ step   391168] mean return =  3376.68
[update  191 | steps   391168 | sps    786] ep_return 1348.12  kl 0.0165  clip 0.204  ev 0.997  epochs 10/10
[update  192 | steps   393216 | sps    787] ep_return 1325.19  kl 0.0086  clip 0.116  ev 0.767  epochs 10/10
[update  193 | steps   395264 | sps    787] ep_return 1317.40  kl 0.0072  clip 0.095  ev 0.956  epochs 10/10
[update  194 | steps   397312 | sps    788] ep_return 1330.55  kl 0.0102  clip 0.136  ev 0.973  epochs 10/10
[update  195 | steps   399360 | sps    789] ep_return 1350.52  kl 0.0122  clip 0.160  ev 0.983  epochs 10/10
[eval @ step   401408] mean return =  3326.32
[update  196 | steps   401408 | sps    783] ep_return 1340.29  kl 0.0071  clip 0.092  ev 0.836  epochs 10/10
[update  197 | steps   403456 | sps    784] ep_return 1334.98  kl 0.0113  clip 0.152  ev 0.972  epochs 10/10
[update  198 | steps   405504 | sps    785] ep_return 1308.97  kl 0.0085  clip 0.113  ev 0.971  epochs 10/10
[update  199 | steps   407552 | sps    785] ep_return 1308.42  kl 0.0147  clip 0.192  ev 0.986  epochs 10/10
[update  200 | steps   409600 | sps    786] ep_return 1283.59  kl 0.0066  clip 0.080  ev 0.628  epochs 10/10
[eval @ step   411648] mean return =  1851.53
[update  201 | steps   411648 | sps    785] ep_return 1258.53  kl 0.0080  clip 0.105  ev 0.894  epochs 10/10
[update  202 | steps   413696 | sps    785] ep_return 1264.45  kl 0.0139  clip 0.177  ev 0.980  epochs 10/10
[update  203 | steps   415744 | sps    786] ep_return 1244.52  kl 0.0152  clip 0.190  ev 0.989  epochs 10/10
[update  204 | steps   417792 | sps    785] ep_return 1255.39  kl 0.0076  clip 0.101  ev 0.891  epochs 10/10
[update  205 | steps   419840 | sps    785] ep_return 1293.33  kl 0.0171  clip 0.211  ev 0.986  epochs 10/10
[eval @ step   421888] mean return =   975.18
[update  206 | steps   421888 | sps    785] ep_return 1290.80  kl 0.0090  clip 0.121  ev 0.963  epochs 10/10
[update  207 | steps   423936 | sps    783] ep_return 1278.74  kl 0.0098  clip 0.137  ev 0.983  epochs 10/10
[update  208 | steps   425984 | sps    782] ep_return 1237.40  kl 0.0120  clip 0.153  ev 0.988  epochs 10/10
[update  209 | steps   428032 | sps    783] ep_return 1175.76  kl 0.0087  clip 0.118  ev 0.876  epochs 10/10
[eval @ step   430080] mean return =  2173.87
[update  210 | steps   430080 | sps    781] ep_return 1177.82  kl 0.0129  clip 0.172  ev 0.987  epochs 10/10
[update  211 | steps   432128 | sps    782] ep_return 1187.32  kl 0.0157  clip 0.210  ev 0.989  epochs 10/10
[update  212 | steps   434176 | sps    783] ep_return 1162.02  kl 0.0097  clip 0.124  ev 0.867  epochs 10/10
[update  213 | steps   436224 | sps    783] ep_return 1161.19  kl 0.0081  clip 0.114  ev 0.895  epochs 10/10
[update  214 | steps   438272 | sps    784] ep_return 1162.78  kl 0.0171  clip 0.215  ev 0.987  epochs 10/10
[eval @ step   440320] mean return =  2188.19
[update  215 | steps   440320 | sps    782] ep_return 1160.82  kl 0.0076  clip 0.100  ev 0.910  epochs 10/10
[update  216 | steps   442368 | sps    783] ep_return 1151.70  kl 0.0102  clip 0.135  ev 0.976  epochs 10/10
[update  217 | steps   444416 | sps    783] ep_return 1206.10  kl 0.0074  clip 0.095  ev 0.870  epochs 10/10
[update  218 | steps   446464 | sps    784] ep_return 1161.97  kl 0.0081  clip 0.115  ev 0.852  epochs 10/10
[update  219 | steps   448512 | sps    785] ep_return 1168.43  kl 0.0083  clip 0.107  ev 0.869  epochs 10/10
[eval @ step   450560] mean return =  1043.01
[update  220 | steps   450560 | sps    784] ep_return 1182.50  kl 0.0095  clip 0.123  ev 0.937  epochs 10/10
[update  221 | steps   452608 | sps    785] ep_return 1193.19  kl 0.0196  clip 0.244  ev 0.982  epochs 10/10
[update  222 | steps   454656 | sps    786] ep_return 1158.31  kl 0.0097  clip 0.129  ev 0.914  epochs 10/10
[update  223 | steps   456704 | sps    787] ep_return 1164.57  kl 0.0147  clip 0.196  ev 0.986  epochs 10/10
[update  224 | steps   458752 | sps    787] ep_return 1165.69  kl 0.0087  clip 0.112  ev 0.920  epochs 10/10
[eval @ step   460800] mean return =  1004.21
[update  225 | steps   460800 | sps    787] ep_return 1195.26  kl 0.0187  clip 0.215  ev 0.969  epochs 10/10
[update  226 | steps   462848 | sps    788] ep_return 1264.51  kl 0.0240  clip 0.263  ev 0.988  epochs 10/10
[update  227 | steps   464896 | sps    787] ep_return 1289.25  kl 0.0069  clip 0.086  ev 0.977  epochs 10/10
[update  228 | steps   466944 | sps    786] ep_return 1306.23  kl 0.0084  clip 0.110  ev 0.991  epochs 10/10
[update  229 | steps   468992 | sps    785] ep_return 1289.83  kl 0.0100  clip 0.133  ev 0.987  epochs 10/10
[eval @ step   471040] mean return =   950.43
[update  230 | steps   471040 | sps    783] ep_return 1284.63  kl 0.0101  clip 0.136  ev 0.970  epochs 10/10
[update  231 | steps   473088 | sps    784] ep_return 1305.10  kl 0.0150  clip 0.186  ev 0.989  epochs 10/10
[update  232 | steps   475136 | sps    784] ep_return 1306.47  kl 0.0178  clip 0.224  ev 0.995  epochs 10/10
[update  233 | steps   477184 | sps    785] ep_return 1322.69  kl 0.0134  clip 0.169  ev 0.985  epochs 10/10
[update  234 | steps   479232 | sps    786] ep_return 1337.91  kl 0.0078  clip 0.102  ev 0.977  epochs 10/10
[eval @ step   481280] mean return =  3293.94
[update  235 | steps   481280 | sps    783] ep_return 1322.08  kl 0.0132  clip 0.171  ev 0.988  epochs 10/10
[update  236 | steps   483328 | sps    784] ep_return 1329.26  kl 0.0134  clip 0.170  ev 0.981  epochs 10/10
[update  237 | steps   485376 | sps    784] ep_return 1356.19  kl 0.0130  clip 0.155  ev 0.985  epochs 10/10
[update  238 | steps   487424 | sps    785] ep_return 1394.41  kl 0.0076  clip 0.103  ev 0.899  epochs 10/10
[update  239 | steps   489472 | sps    785] ep_return 1418.84  kl 0.0063  clip 0.079  ev 0.905  epochs 10/10
[eval @ step   491520] mean return =  2507.73
[update  240 | steps   491520 | sps    783] ep_return 1440.49  kl 0.0159  clip 0.202  ev 0.988  epochs 10/10
[update  241 | steps   493568 | sps    784] ep_return 1446.13  kl 0.0075  clip 0.090  ev 0.853  epochs 10/10
[update  242 | steps   495616 | sps    785] ep_return 1452.42  kl 0.0118  clip 0.148  ev 0.983  epochs 10/10
[update  243 | steps   497664 | sps    785] ep_return 1481.93  kl 0.0094  clip 0.119  ev 0.705  epochs 10/10
[update  244 | steps   499712 | sps    786] ep_return 1494.03  kl 0.0138  clip 0.173  ev 0.963  epochs 10/10
[eval @ step   501760] mean return =  1015.71
[update  245 | steps   501760 | sps    785] ep_return 1491.62  kl 0.0107  clip 0.143  ev 0.982  epochs 10/10
[update  246 | steps   503808 | sps    786] ep_return 1477.71  kl 0.0117  clip 0.146  ev 0.885  epochs 10/10
[update  247 | steps   505856 | sps    785] ep_return 1387.25  kl 0.0064  clip 0.082  ev 0.785  epochs 10/10
[update  248 | steps   507904 | sps    784] ep_return 1396.28  kl 0.0109  clip 0.149  ev 0.974  epochs 10/10
[update  249 | steps   509952 | sps    785] ep_return 1426.60  kl 0.0166  clip 0.215  ev 0.987  epochs 10/10
[eval @ step   512000] mean return =  2878.31
[update  250 | steps   512000 | sps    783] ep_return 1440.07  kl 0.0073  clip 0.094  ev 0.937  epochs 10/10
[update  251 | steps   514048 | sps    783] ep_return 1443.62  kl 0.0078  clip 0.103  ev 0.911  epochs 10/10
[update  252 | steps   516096 | sps    784] ep_return 1453.48  kl 0.0118  clip 0.153  ev 0.980  epochs 10/10
[update  253 | steps   518144 | sps    785] ep_return 1437.55  kl 0.0147  clip 0.183  ev 0.990  epochs 10/10
[eval @ step   520192] mean return =  2825.12
[update  254 | steps   520192 | sps    783] ep_return 1444.26  kl 0.0126  clip 0.162  ev 0.990  epochs 10/10
[update  255 | steps   522240 | sps    783] ep_return 1469.80  kl 0.0141  clip 0.177  ev 0.989  epochs 10/10
[update  256 | steps   524288 | sps    784] ep_return 1471.16  kl 0.0158  clip 0.203  ev 0.992  epochs 10/10
[update  257 | steps   526336 | sps    785] ep_return 1477.35  kl 0.0130  clip 0.169  ev 0.993  epochs 10/10
[update  258 | steps   528384 | sps    786] ep_return 1497.61  kl 0.0076  clip 0.096  ev 0.877  epochs 10/10
[eval @ step   530432] mean return =  2141.92
[update  259 | steps   530432 | sps    784] ep_return 1496.44  kl 0.0098  clip 0.130  ev 0.934  epochs 10/10
[update  260 | steps   532480 | sps    785] ep_return 1513.88  kl 0.0073  clip 0.089  ev 0.520  epochs 10/10
[update  261 | steps   534528 | sps    785] ep_return 1491.47  kl 0.0103  clip 0.134  ev 0.899  epochs 10/10
[update  262 | steps   536576 | sps    786] ep_return 1444.77  kl 0.0093  clip 0.119  ev 0.947  epochs 10/10
[update  263 | steps   538624 | sps    787] ep_return 1478.08  kl 0.0084  clip 0.108  ev 0.854  epochs 10/10
[eval @ step   540672] mean return =  1417.29
[update  264 | steps   540672 | sps    786] ep_return 1366.55  kl 0.0059  clip 0.072  ev 0.795  epochs 10/10
[update  265 | steps   542720 | sps    787] ep_return 1383.86  kl 0.0084  clip 0.109  ev 0.926  epochs 10/10
[update  266 | steps   544768 | sps    787] ep_return 1415.64  kl 0.0177  clip 0.217  ev 0.962  epochs 10/10
[update  267 | steps   546816 | sps    788] ep_return 1439.53  kl 0.0067  clip 0.084  ev 0.936  epochs 10/10
[update  268 | steps   548864 | sps    789] ep_return 1439.42  kl 0.0081  clip 0.112  ev 0.872  epochs 10/10
[eval @ step   550912] mean return =  2673.69
[update  269 | steps   550912 | sps    785] ep_return 1456.84  kl 0.0088  clip 0.108  ev 0.774  epochs 10/10
[update  270 | steps   552960 | sps    785] ep_return 1435.66  kl 0.0100  clip 0.140  ev 0.824  epochs 10/10
[update  271 | steps   555008 | sps    786] ep_return 1438.98  kl 0.0072  clip 0.094  ev 0.901  epochs 10/10
[update  272 | steps   557056 | sps    787] ep_return 1421.77  kl 0.0100  clip 0.142  ev 0.932  epochs 10/10
[update  273 | steps   559104 | sps    786] ep_return 1396.02  kl 0.0111  clip 0.129  ev 0.867  epochs 10/10
[eval @ step   561152] mean return =  3418.12
[update  274 | steps   561152 | sps    782] ep_return 1400.35  kl 0.0084  clip 0.109  ev 0.889  epochs 10/10
[update  275 | steps   563200 | sps    782] ep_return 1410.35  kl 0.0157  clip 0.188  ev 0.828  epochs 10/10
[update  276 | steps   565248 | sps    783] ep_return 1436.52  kl 0.0219  clip 0.244  ev 0.872  epochs 10/10
[update  277 | steps   567296 | sps    783] ep_return 1448.75  kl 0.0182  clip 0.220  ev 0.963  epochs 10/10
[update  278 | steps   569344 | sps    784] ep_return 1465.34  kl 0.0118  clip 0.152  ev 0.984  epochs 10/10
[eval @ step   571392] mean return =  3264.57
[update  279 | steps   571392 | sps    782] ep_return 1458.04  kl 0.0154  clip 0.188  ev 0.985  epochs 10/10
[update  280 | steps   573440 | sps    782] ep_return 1469.13  kl 0.0091  clip 0.124  ev 0.981  epochs 10/10
[update  281 | steps   575488 | sps    783] ep_return 1449.16  kl 0.0113  clip 0.147  ev 0.991  epochs 10/10
[update  282 | steps   577536 | sps    783] ep_return 1457.99  kl 0.0145  clip 0.190  ev 0.991  epochs 10/10
[update  283 | steps   579584 | sps    784] ep_return 1448.22  kl 0.0095  clip 0.125  ev 0.920  epochs 10/10
[eval @ step   581632] mean return =  3185.82
[update  284 | steps   581632 | sps    781] ep_return 1460.85  kl 0.0096  clip 0.131  ev 0.990  epochs 10/10
[update  285 | steps   583680 | sps    781] ep_return 1503.28  kl 0.0170  clip 0.212  ev 0.988  epochs 10/10
[update  286 | steps   585728 | sps    781] ep_return 1554.54  kl 0.0060  clip 0.070  ev 0.863  epochs 10/10
[update  287 | steps   587776 | sps    782] ep_return 1543.19  kl 0.0111  clip 0.130  ev 0.924  epochs 10/10
[update  288 | steps   589824 | sps    782] ep_return 1522.42  kl 0.0112  clip 0.146  ev 0.982  epochs 10/10
[eval @ step   591872] mean return =  2930.20
[update  289 | steps   591872 | sps    780] ep_return 1542.75  kl 0.0121  clip 0.160  ev 0.991  epochs 10/10
[update  290 | steps   593920 | sps    781] ep_return 1514.47  kl 0.0098  clip 0.133  ev 0.985  epochs 10/10
[update  291 | steps   595968 | sps    781] ep_return 1519.28  kl 0.0208  clip 0.234  ev 0.968  epochs 10/10
[update  292 | steps   598016 | sps    782] ep_return 1473.25  kl 0.0078  clip 0.100  ev 0.830  epochs 10/10
[eval @ step   600064] mean return =  2966.79
[update  293 | steps   600064 | sps    780] ep_return 1503.11  kl 0.0063  clip 0.083  ev 0.775  epochs 10/10
[update  294 | steps   602112 | sps    780] ep_return 1531.18  kl 0.0066  clip 0.082  ev 0.593  epochs 10/10
[update  295 | steps   604160 | sps    781] ep_return 1503.02  kl 0.0068  clip 0.093  ev 0.857  epochs 10/10
[update  296 | steps   606208 | sps    781] ep_return 1498.03  kl 0.0092  clip 0.121  ev 0.897  epochs 10/10
[update  297 | steps   608256 | sps    782] ep_return 1450.98  kl 0.0095  clip 0.117  ev 0.853  epochs 10/10
[eval @ step   610304] mean return =  2018.23
[update  298 | steps   610304 | sps    781] ep_return 1388.35  kl 0.0076  clip 0.097  ev 0.873  epochs 10/10
[update  299 | steps   612352 | sps    781] ep_return 1379.63  kl 0.0221  clip 0.244  ev 0.954  epochs 10/10
[update  300 | steps   614400 | sps    782] ep_return 1371.79  kl 0.0093  clip 0.130  ev 0.875  epochs 10/10
[update  301 | steps   616448 | sps    782] ep_return 1354.25  kl 0.0108  clip 0.136  ev 0.898  epochs 10/10
[update  302 | steps   618496 | sps    783] ep_return 1382.28  kl 0.0117  clip 0.150  ev 0.847  epochs 10/10
[eval @ step   620544] mean return =  1557.09
[update  303 | steps   620544 | sps    782] ep_return 1439.73  kl 0.0271  clip 0.292  ev 0.690  epochs 10/10
[update  304 | steps   622592 | sps    782] ep_return 1467.16  kl 0.0146  clip 0.190  ev 0.984  epochs 10/10
[update  305 | steps   624640 | sps    783] ep_return 1476.89  kl 0.0147  clip 0.179  ev 0.990  epochs 10/10
[update  306 | steps   626688 | sps    783] ep_return 1453.26  kl 0.0109  clip 0.155  ev 0.982  epochs 10/10
[update  307 | steps   628736 | sps    783] ep_return 1457.88  kl 0.0218  clip 0.246  ev 0.974  epochs 10/10
[eval @ step   630784] mean return =  2732.50
[update  308 | steps   630784 | sps    782] ep_return 1497.80  kl 0.0075  clip 0.096  ev 0.954  epochs 10/10
[update  309 | steps   632832 | sps    782] ep_return 1490.72  kl 0.0101  clip 0.146  ev 0.991  epochs 10/10
[update  310 | steps   634880 | sps    782] ep_return 1456.97  kl 0.0064  clip 0.080  ev 0.913  epochs 10/10
[update  311 | steps   636928 | sps    782] ep_return 1498.10  kl 0.0114  clip 0.161  ev 0.978  epochs 10/10
[update  312 | steps   638976 | sps    783] ep_return 1507.23  kl 0.0120  clip 0.166  ev 0.986  epochs 10/10
[eval @ step   641024] mean return =  3141.87
[update  313 | steps   641024 | sps    781] ep_return 1522.08  kl 0.0115  clip 0.157  ev 0.991  epochs 10/10
[update  314 | steps   643072 | sps    782] ep_return 1562.45  kl 0.0092  clip 0.122  ev 0.899  epochs 10/10
[update  315 | steps   645120 | sps    782] ep_return 1551.69  kl 0.0101  clip 0.142  ev 0.984  epochs 10/10
[update  316 | steps   647168 | sps    783] ep_return 1555.35  kl 0.0093  clip 0.122  ev 0.985  epochs 10/10
[update  317 | steps   649216 | sps    783] ep_return 1571.81  kl 0.0124  clip 0.164  ev 0.958  epochs 10/10
[eval @ step   651264] mean return =  2200.83
[update  318 | steps   651264 | sps    782] ep_return 1583.57  kl 0.0106  clip 0.134  ev 0.913  epochs 10/10
[update  319 | steps   653312 | sps    783] ep_return 1574.08  kl 0.0072  clip 0.093  ev 0.902  epochs 10/10
[update  320 | steps   655360 | sps    783] ep_return 1597.96  kl 0.0149  clip 0.194  ev 0.984  epochs 10/10
[update  321 | steps   657408 | sps    783] ep_return 1613.60  kl 0.0137  clip 0.178  ev 0.982  epochs 10/10
[update  322 | steps   659456 | sps    784] ep_return 1598.69  kl 0.0098  clip 0.130  ev 0.888  epochs 10/10
[eval @ step   661504] mean return =  1315.72
[update  323 | steps   661504 | sps    783] ep_return 1605.12  kl 0.0115  clip 0.127  ev 0.897  epochs 10/10
[update  324 | steps   663552 | sps    783] ep_return 1526.32  kl 0.0108  clip 0.140  ev 0.927  epochs 10/10
[update  325 | steps   665600 | sps    782] ep_return 1486.53  kl 0.0127  clip 0.174  ev 0.974  epochs 10/10
[update  326 | steps   667648 | sps    783] ep_return 1443.70  kl 0.0123  clip 0.161  ev 0.987  epochs 10/10
[update  327 | steps   669696 | sps    783] ep_return 1439.17  kl 0.0137  clip 0.182  ev 0.984  epochs 10/10
[eval @ step   671744] mean return =  1257.59
[update  328 | steps   671744 | sps    781] ep_return 1445.49  kl 0.0094  clip 0.125  ev 0.888  epochs 10/10
[update  329 | steps   673792 | sps    781] ep_return 1437.51  kl 0.0104  clip 0.142  ev 0.992  epochs 10/10
[update  330 | steps   675840 | sps    782] ep_return 1446.45  kl 0.0111  clip 0.150  ev 0.939  epochs 10/10
[update  331 | steps   677888 | sps    782] ep_return 1449.91  kl 0.0181  clip 0.221  ev 0.987  epochs 10/10
[update  332 | steps   679936 | sps    782] ep_return 1408.49  kl 0.0078  clip 0.107  ev 0.957  epochs 10/10
[eval @ step   681984] mean return =  3485.12
[update  333 | steps   681984 | sps    778] ep_return 1405.57  kl 0.0127  clip 0.164  ev 0.986  epochs 10/10
[update  334 | steps   684032 | sps    779] ep_return 1425.24  kl 0.0147  clip 0.190  ev 0.988  epochs 10/10
[update  335 | steps   686080 | sps    779] ep_return 1431.40  kl 0.0064  clip 0.083  ev 0.907  epochs 10/10
[update  336 | steps   688128 | sps    779] ep_return 1396.59  kl 0.0078  clip 0.101  ev 0.858  epochs 10/10
[eval @ step   690176] mean return =  2058.58
[update  337 | steps   690176 | sps    777] ep_return 1379.45  kl 0.0078  clip 0.101  ev 0.979  epochs 10/10
[update  338 | steps   692224 | sps    776] ep_return 1364.70  kl 0.0080  clip 0.109  ev 0.885  epochs 10/10
[update  339 | steps   694272 | sps    775] ep_return 1363.05  kl 0.0110  clip 0.151  ev 0.984  epochs 10/10
[update  340 | steps   696320 | sps    774] ep_return 1325.58  kl 0.0134  clip 0.174  ev 0.989  epochs 10/10
[update  341 | steps   698368 | sps    774] ep_return 1317.55  kl 0.0080  clip 0.108  ev 0.913  epochs 10/10
[eval @ step   700416] mean return =  2073.56
[update  342 | steps   700416 | sps    774] ep_return 1336.40  kl 0.0098  clip 0.137  ev 0.987  epochs 10/10
[update  343 | steps   702464 | sps    774] ep_return 1321.10  kl 0.0149  clip 0.190  ev 0.992  epochs 10/10
[update  344 | steps   704512 | sps    774] ep_return 1343.79  kl 0.0078  clip 0.096  ev 0.926  epochs 10/10
[update  345 | steps   706560 | sps    775] ep_return 1344.77  kl 0.0122  clip 0.161  ev 0.989  epochs 10/10
[update  346 | steps   708608 | sps    774] ep_return 1290.71  kl 0.0095  clip 0.124  ev 0.989  epochs 10/10
[eval @ step   710656] mean return =  1036.84
[update  347 | steps   710656 | sps    774] ep_return 1323.91  kl 0.0077  clip 0.099  ev 0.888  epochs 10/10
[update  348 | steps   712704 | sps    775] ep_return 1338.61  kl 0.0137  clip 0.178  ev 0.987  epochs 10/10
[update  349 | steps   714752 | sps    775] ep_return 1360.64  kl 0.0090  clip 0.118  ev 0.977  epochs 10/10
[update  350 | steps   716800 | sps    775] ep_return 1362.13  kl 0.0111  clip 0.136  ev 0.988  epochs 10/10
[update  351 | steps   718848 | sps    776] ep_return 1370.54  kl 0.0071  clip 0.090  ev 0.911  epochs 10/10
[eval @ step   720896] mean return =  1207.10
[update  352 | steps   720896 | sps    775] ep_return 1413.57  kl 0.0197  clip 0.227  ev 0.987  epochs 10/10
[update  353 | steps   722944 | sps    776] ep_return 1363.99  kl 0.0104  clip 0.142  ev 0.993  epochs 10/10
[update  354 | steps   724992 | sps    776] ep_return 1371.05  kl 0.0092  clip 0.125  ev 0.875  epochs 10/10
[update  355 | steps   727040 | sps    777] ep_return 1389.86  kl 0.0133  clip 0.174  ev 0.990  epochs 10/10
[update  356 | steps   729088 | sps    776] ep_return 1417.81  kl 0.0066  clip 0.084  ev 0.883  epochs 10/10
[eval @ step   731136] mean return =  2116.91
[update  357 | steps   731136 | sps    774] ep_return 1431.69  kl 0.0100  clip 0.135  ev 0.992  epochs 10/10
[update  358 | steps   733184 | sps    774] ep_return 1460.48  kl 0.0066  clip 0.084  ev 0.975  epochs 10/10
[update  359 | steps   735232 | sps    774] ep_return 1439.87  kl 0.0110  clip 0.151  ev 0.991  epochs 10/10
[update  360 | steps   737280 | sps    774] ep_return 1475.36  kl 0.0147  clip 0.188  ev 0.962  epochs 10/10
[update  361 | steps   739328 | sps    775] ep_return 1519.59  kl 0.0164  clip 0.207  ev 0.973  epochs 10/10
[eval @ step   741376] mean return =  1458.08
[update  362 | steps   741376 | sps    774] ep_return 1521.91  kl 0.0106  clip 0.140  ev 0.988  epochs 10/10
[update  363 | steps   743424 | sps    774] ep_return 1543.44  kl 0.0109  clip 0.147  ev 0.988  epochs 10/10
[update  364 | steps   745472 | sps    775] ep_return 1572.93  kl 0.0123  clip 0.158  ev 0.993  epochs 10/10
[update  365 | steps   747520 | sps    775] ep_return 1572.56  kl 0.0101  clip 0.134  ev 0.991  epochs 10/10
[update  366 | steps   749568 | sps    775] ep_return 1578.13  kl 0.0170  clip 0.215  ev 0.994  epochs 10/10
[eval @ step   751616] mean return =  1326.91
[update  367 | steps   751616 | sps    775] ep_return 1613.08  kl 0.0160  clip 0.203  ev 0.991  epochs 10/10
[update  368 | steps   753664 | sps    775] ep_return 1646.48  kl 0.0072  clip 0.098  ev 0.950  epochs 10/10
[update  369 | steps   755712 | sps    775] ep_return 1647.40  kl 0.0088  clip 0.118  ev 0.985  epochs 10/10
[update  370 | steps   757760 | sps    776] ep_return 1672.68  kl 0.0082  clip 0.113  ev 0.889  epochs 10/10
[update  371 | steps   759808 | sps    776] ep_return 1691.42  kl 0.0167  clip 0.206  ev 0.987  epochs 10/10
[eval @ step   761856] mean return =  3421.41
[update  372 | steps   761856 | sps    774] ep_return 1689.84  kl 0.0173  clip 0.222  ev 0.993  epochs 10/10
[update  373 | steps   763904 | sps    774] ep_return 1653.88  kl 0.0115  clip 0.156  ev 0.991  epochs 10/10
[update  374 | steps   765952 | sps    774] ep_return 1680.67  kl 0.0167  clip 0.170  ev 0.843  epochs 10/10
[update  375 | steps   768000 | sps    773] ep_return 1721.00  kl 0.0122  clip 0.163  ev 0.991  epochs 10/10
[eval @ step   770048] mean return =  1272.01
[update  376 | steps   770048 | sps    773] ep_return 1736.63  kl 0.0210  clip 0.246  ev 0.989  epochs 10/10
[update  377 | steps   772096 | sps    773] ep_return 1751.19  kl 0.0114  clip 0.150  ev 0.993  epochs 10/10
[update  378 | steps   774144 | sps    774] ep_return 1776.11  kl 0.0074  clip 0.098  ev 0.993  epochs 10/10
[update  379 | steps   776192 | sps    774] ep_return 1774.54  kl 0.0033  clip 0.032  ev 0.912  epochs 10/10
[update  380 | steps   778240 | sps    774] ep_return 1745.69  kl 0.0067  clip 0.084  ev 0.960  epochs 10/10
[eval @ step   780288] mean return =  1112.74
[update  381 | steps   780288 | sps    774] ep_return 1770.92  kl 0.0060  clip 0.073  ev 0.986  epochs 10/10
[update  382 | steps   782336 | sps    774] ep_return 1738.53  kl 0.0096  clip 0.129  ev 0.991  epochs 10/10
[update  383 | steps   784384 | sps    775] ep_return 1762.04  kl 0.0087  clip 0.115  ev 0.986  epochs 10/10
[update  384 | steps   786432 | sps    775] ep_return 1784.22  kl 0.0089  clip 0.124  ev 0.986  epochs 10/10
[update  385 | steps   788480 | sps    776] ep_return 1778.12  kl 0.0226  clip 0.256  ev 0.991  epochs 10/10
[eval @ step   790528] mean return =  3212.27
[update  386 | steps   790528 | sps    774] ep_return 1769.21  kl 0.0110  clip 0.143  ev 0.987  epochs 10/10
[update  387 | steps   792576 | sps    774] ep_return 1762.47  kl 0.0063  clip 0.075  ev 0.962  epochs 10/10
[update  388 | steps   794624 | sps    775] ep_return 1767.12  kl 0.0065  clip 0.083  ev 0.732  epochs 10/10
[update  389 | steps   796672 | sps    775] ep_return 1809.28  kl 0.0095  clip 0.130  ev 0.982  epochs 10/10
[update  390 | steps   798720 | sps    775] ep_return 1808.44  kl 0.0122  clip 0.162  ev 0.990  epochs 10/10
[eval @ step   800768] mean return =  3148.39
[update  391 | steps   800768 | sps    773] ep_return 1781.54  kl 0.0083  clip 0.112  ev 0.890  epochs 10/10
[update  392 | steps   802816 | sps    773] ep_return 1770.44  kl 0.0132  clip 0.173  ev 0.991  epochs 10/10
[update  393 | steps   804864 | sps    772] ep_return 1766.92  kl 0.0057  clip 0.068  ev 0.818  epochs 10/10
[update  394 | steps   806912 | sps    773] ep_return 1789.40  kl 0.0162  clip 0.202  ev 0.969  epochs 10/10
[update  395 | steps   808960 | sps    773] ep_return 1775.15  kl 0.0109  clip 0.142  ev 0.979  epochs 10/10
[eval @ step   811008] mean return =  2207.10
[update  396 | steps   811008 | sps    772] ep_return 1761.09  kl 0.0098  clip 0.130  ev 0.985  epochs 10/10
[update  397 | steps   813056 | sps    772] ep_return 1760.72  kl 0.0057  clip 0.069  ev 0.913  epochs 10/10
[update  398 | steps   815104 | sps    772] ep_return 1802.35  kl 0.0243  clip 0.253  ev 0.886  epochs 10/10
[update  399 | steps   817152 | sps    773] ep_return 1754.55  kl 0.0058  clip 0.069  ev 0.926  epochs 10/10
[update  400 | steps   819200 | sps    772] ep_return 1740.44  kl 0.0132  clip 0.173  ev 0.989  epochs 10/10
[eval @ step   821248] mean return =   787.93
[update  401 | steps   821248 | sps    772] ep_return 1739.67  kl 0.0142  clip 0.179  ev 0.993  epochs 10/10
[update  402 | steps   823296 | sps    772] ep_return 1742.26  kl 0.0101  clip 0.130  ev 0.995  epochs 10/10
[update  403 | steps   825344 | sps    772] ep_return 1708.90  kl 0.0107  clip 0.148  ev 0.993  epochs 10/10
[update  404 | steps   827392 | sps    772] ep_return 1696.49  kl 0.0078  clip 0.108  ev 0.984  epochs 10/10
[update  405 | steps   829440 | sps    773] ep_return 1717.30  kl 0.0146  clip 0.188  ev 0.992  epochs 10/10
[eval @ step   831488] mean return =  2076.42
[update  406 | steps   831488 | sps    772] ep_return 1710.82  kl 0.0138  clip 0.183  ev 0.992  epochs 10/10
[update  407 | steps   833536 | sps    772] ep_return 1714.33  kl 0.0085  clip 0.109  ev 0.971  epochs 10/10
[update  408 | steps   835584 | sps    772] ep_return 1713.56  kl 0.0153  clip 0.194  ev 0.986  epochs 10/10
[update  409 | steps   837632 | sps    772] ep_return 1702.31  kl 0.0123  clip 0.153  ev 0.989  epochs 10/10
[update  410 | steps   839680 | sps    773] ep_return 1691.88  kl 0.0091  clip 0.120  ev 0.983  epochs 10/10
[eval @ step   841728] mean return =  3410.30
[update  411 | steps   841728 | sps    770] ep_return 1627.02  kl 0.0103  clip 0.129  ev 0.988  epochs 10/10
[update  412 | steps   843776 | sps    771] ep_return 1622.90  kl 0.0098  clip 0.125  ev 0.726  epochs 10/10
[update  413 | steps   845824 | sps    770] ep_return 1657.75  kl 0.0147  clip 0.182  ev 0.954  epochs 10/10
[update  414 | steps   847872 | sps    770] ep_return 1689.69  kl 0.0072  clip 0.087  ev 0.629  epochs 10/10
[update  415 | steps   849920 | sps    771] ep_return 1701.92  kl 0.0137  clip 0.179  ev 0.976  epochs 10/10
[eval @ step   851968] mean return =  3438.62
[update  416 | steps   851968 | sps    767] ep_return 1717.13  kl 0.0101  clip 0.128  ev 0.974  epochs 10/10
[update  417 | steps   854016 | sps    767] ep_return 1746.31  kl 0.0135  clip 0.169  ev 0.977  epochs 10/10
[update  418 | steps   856064 | sps    767] ep_return 1774.83  kl 0.0134  clip 0.169  ev 0.989  epochs 10/10
[update  419 | steps   858112 | sps    768] ep_return 1756.66  kl 0.0170  clip 0.211  ev 0.994  epochs 10/10
[eval @ step   860160] mean return =  3404.73
[update  420 | steps   860160 | sps    766] ep_return 1782.48  kl 0.0199  clip 0.240  ev 0.994  epochs 10/10
[update  421 | steps   862208 | sps    766] ep_return 1784.12  kl 0.0133  clip 0.176  ev 0.990  epochs 10/10
[update  422 | steps   864256 | sps    765] ep_return 1819.50  kl 0.0135  clip 0.155  ev 0.986  epochs 10/10
[update  423 | steps   866304 | sps    765] ep_return 1820.61  kl 0.0187  clip 0.238  ev 0.984  epochs 10/10
[update  424 | steps   868352 | sps    765] ep_return 1839.05  kl 0.0100  clip 0.131  ev 0.985  epochs 10/10
[eval @ step   870400] mean return =  3084.17
[update  425 | steps   870400 | sps    764] ep_return 1884.60  kl 0.0073  clip 0.092  ev 0.750  epochs 10/10
[update  426 | steps   872448 | sps    764] ep_return 1868.04  kl 0.0074  clip 0.102  ev 0.930  epochs 10/10
[update  427 | steps   874496 | sps    764] ep_return 1834.06  kl 0.0068  clip 0.086  ev 0.893  epochs 10/10
[update  428 | steps   876544 | sps    765] ep_return 1872.15  kl 0.0133  clip 0.172  ev 0.988  epochs 10/10
[update  429 | steps   878592 | sps    765] ep_return 1864.16  kl 0.0077  clip 0.096  ev 0.917  epochs 10/10
[eval @ step   880640] mean return =  1212.49
[update  430 | steps   880640 | sps    764] ep_return 1909.33  kl 0.0188  clip 0.225  ev 0.992  epochs 10/10
[update  431 | steps   882688 | sps    764] ep_return 1886.39  kl 0.0147  clip 0.187  ev 0.992  epochs 10/10
[update  432 | steps   884736 | sps    764] ep_return 1882.49  kl 0.0055  clip 0.066  ev 0.919  epochs 10/10
[update  433 | steps   886784 | sps    764] ep_return 1876.07  kl 0.0087  clip 0.113  ev 0.981  epochs 10/10
[update  434 | steps   888832 | sps    764] ep_return 1857.98  kl 0.0195  clip 0.244  ev 0.995  epochs 10/10
[eval @ step   890880] mean return =  3157.25
[update  435 | steps   890880 | sps    763] ep_return 1846.33  kl 0.0110  clip 0.146  ev 0.991  epochs 10/10
[update  436 | steps   892928 | sps    763] ep_return 1869.77  kl 0.0102  clip 0.136  ev 0.977  epochs 10/10
[update  437 | steps   894976 | sps    764] ep_return 1882.12  kl 0.0121  clip 0.156  ev 0.988  epochs 10/10
[update  438 | steps   897024 | sps    764] ep_return 1823.98  kl 0.0091  clip 0.120  ev 0.943  epochs 10/10
[update  439 | steps   899072 | sps    764] ep_return 1772.16  kl 0.0079  clip 0.105  ev 0.928  epochs 10/10
[eval @ step   901120] mean return =  2280.82
[update  440 | steps   901120 | sps    764] ep_return 1724.10  kl 0.0094  clip 0.125  ev 0.934  epochs 10/10
[update  441 | steps   903168 | sps    764] ep_return 1685.83  kl 0.0150  clip 0.197  ev 0.993  epochs 10/10
[update  442 | steps   905216 | sps    764] ep_return 1615.32  kl 0.0120  clip 0.153  ev 0.981  epochs 10/10
[update  443 | steps   907264 | sps    764] ep_return 1578.24  kl 0.0111  clip 0.147  ev 0.992  epochs 10/10
[update  444 | steps   909312 | sps    765] ep_return 1504.29  kl 0.0073  clip 0.091  ev 0.926  epochs 10/10
[eval @ step   911360] mean return =  2077.17
[update  445 | steps   911360 | sps    764] ep_return 1452.39  kl 0.0133  clip 0.163  ev 0.990  epochs 10/10
[update  446 | steps   913408 | sps    763] ep_return 1437.62  kl 0.0082  clip 0.107  ev 0.954  epochs 10/10
[update  447 | steps   915456 | sps    763] ep_return 1393.74  kl 0.0156  clip 0.200  ev 0.990  epochs 10/10
[update  448 | steps   917504 | sps    762] ep_return 1403.66  kl 0.0170  clip 0.203  ev 0.983  epochs 10/10
[update  449 | steps   919552 | sps    762] ep_return 1422.62  kl 0.0131  clip 0.166  ev 0.987  epochs 10/10
[eval @ step   921600] mean return =  3144.23
[update  450 | steps   921600 | sps    761] ep_return 1437.93  kl 0.0152  clip 0.193  ev 0.993  epochs 10/10
[update  451 | steps   923648 | sps    761] ep_return 1458.61  kl 0.0058  clip 0.067  ev 0.929  epochs 10/10
[update  452 | steps   925696 | sps    761] ep_return 1459.87  kl 0.0170  clip 0.208  ev 0.992  epochs 10/10
[update  453 | steps   927744 | sps    762] ep_return 1499.55  kl 0.0080  clip 0.100  ev 0.865  epochs 10/10
[update  454 | steps   929792 | sps    762] ep_return 1521.06  kl 0.0124  clip 0.157  ev 0.987  epochs 10/10
[eval @ step   931840] mean return =  2417.51
[update  455 | steps   931840 | sps    761] ep_return 1506.10  kl 0.0118  clip 0.157  ev 0.991  epochs 10/10
[update  456 | steps   933888 | sps    761] ep_return 1477.82  kl 0.0143  clip 0.184  ev 0.992  epochs 10/10
[update  457 | steps   935936 | sps    762] ep_return 1464.31  kl 0.0075  clip 0.097  ev 0.959  epochs 10/10
[update  458 | steps   937984 | sps    762] ep_return 1462.46  kl 0.0073  clip 0.092  ev 0.897  epochs 10/10
[eval @ step   940032] mean return =  3573.56
[update  459 | steps   940032 | sps    760] ep_return 1485.50  kl 0.0080  clip 0.109  ev 0.884  epochs 10/10
[update  460 | steps   942080 | sps    760] ep_return 1517.16  kl 0.0196  clip 0.218  ev 0.995  epochs 10/10
[update  461 | steps   944128 | sps    761] ep_return 1525.38  kl 0.0130  clip 0.172  ev 0.988  epochs 10/10
[update  462 | steps   946176 | sps    760] ep_return 1535.84  kl 0.0051  clip 0.056  ev 0.808  epochs 10/10
[update  463 | steps   948224 | sps    761] ep_return 1549.59  kl 0.0110  clip 0.146  ev 0.990  epochs 10/10
[eval @ step   950272] mean return =  3582.89
[update  464 | steps   950272 | sps    759] ep_return 1559.70  kl 0.0141  clip 0.177  ev 0.973  epochs 10/10
[update  465 | steps   952320 | sps    759] ep_return 1606.61  kl 0.0171  clip 0.215  ev 0.992  epochs 10/10
[update  466 | steps   954368 | sps    760] ep_return 1598.47  kl 0.0112  clip 0.142  ev 0.844  epochs 10/10
[update  467 | steps   956416 | sps    760] ep_return 1622.28  kl 0.0106  clip 0.146  ev 0.980  epochs 10/10
[update  468 | steps   958464 | sps    760] ep_return 1617.76  kl 0.0126  clip 0.170  ev 0.994  epochs 10/10
[eval @ step   960512] mean return =  3438.27
[update  469 | steps   960512 | sps    759] ep_return 1653.70  kl 0.0110  clip 0.142  ev 0.981  epochs 10/10
[update  470 | steps   962560 | sps    759] ep_return 1658.87  kl 0.0147  clip 0.182  ev 0.989  epochs 10/10
[update  471 | steps   964608 | sps    760] ep_return 1603.81  kl 0.0095  clip 0.123  ev 0.857  epochs 10/10
[update  472 | steps   966656 | sps    760] ep_return 1585.30  kl 0.0143  clip 0.181  ev 0.987  epochs 10/10
[update  473 | steps   968704 | sps    760] ep_return 1612.54  kl 0.0079  clip 0.106  ev 0.930  epochs 10/10
[eval @ step   970752] mean return =  2027.59
[update  474 | steps   970752 | sps    759] ep_return 1578.90  kl 0.0140  clip 0.181  ev 0.991  epochs 10/10
[update  475 | steps   972800 | sps    760] ep_return 1589.00  kl 0.0149  clip 0.182  ev 0.993  epochs 10/10
[update  476 | steps   974848 | sps    760] ep_return 1576.82  kl 0.0110  clip 0.139  ev 0.973  epochs 10/10
[update  477 | steps   976896 | sps    760] ep_return 1601.42  kl 0.0122  clip 0.158  ev 0.986  epochs 10/10
[update  478 | steps   978944 | sps    760] ep_return 1637.81  kl 0.0069  clip 0.085  ev 0.901  epochs 10/10
[eval @ step   980992] mean return =  3420.70
[update  479 | steps   980992 | sps    759] ep_return 1672.91  kl 0.0115  clip 0.160  ev 0.982  epochs 10/10
[update  480 | steps   983040 | sps    759] ep_return 1697.30  kl 0.0133  clip 0.174  ev 0.990  epochs 10/10
[update  481 | steps   985088 | sps    759] ep_return 1696.88  kl 0.0084  clip 0.112  ev 0.884  epochs 10/10
[update  482 | steps   987136 | sps    759] ep_return 1701.06  kl 0.0198  clip 0.236  ev 0.992  epochs 10/10
[update  483 | steps   989184 | sps    759] ep_return 1723.36  kl 0.0133  clip 0.175  ev 0.987  epochs 10/10
[eval @ step   991232] mean return =  2386.14
[update  484 | steps   991232 | sps    758] ep_return 1722.97  kl 0.0082  clip 0.108  ev 0.928  epochs 10/10
[update  485 | steps   993280 | sps    758] ep_return 1696.20  kl 0.0053  clip 0.067  ev 0.636  epochs 10/10
[update  486 | steps   995328 | sps    758] ep_return 1689.95  kl 0.0058  clip 0.071  ev 0.867  epochs 10/10
[update  487 | steps   997376 | sps    758] ep_return 1625.25  kl 0.0073  clip 0.098  ev 0.904  epochs 10/10
[update  488 | steps   999424 | sps    758] ep_return 1639.45  kl 0.0093  clip 0.131  ev 0.930  epochs 10/10
Saved final model to ppo/data/ppo_sweep_Hopper-v4_2026-05-10_21-23-49/model_final.pt
Saved 99 eval points -> /home/naida/Desktop/CS515-Deep-RL/results/continuous/ppo/hopper-v4/seed_3.npy
Saved wallclock              -> /home/naida/Desktop/CS515-Deep-RL/results/wallclock/continuous/ppo/hopper-v4/seed_3.npy
