GPU not detected. Defaulting to CPU.
########################
logging outputs to ppo\data\ppo_sweep_Walker2d-v4_2026-05-11_13-54-56
########################
[update    1 | steps     2048 | sps   1629] ep_return    3.05  kl 0.0194  clip 0.272  ev -0.078  epochs 10/10
[update    2 | steps     4096 | sps   1620] ep_return    6.50  kl 0.0133  clip 0.201  ev 0.119  epochs 10/10
[update    3 | steps     6144 | sps   1615] ep_return   11.13  kl 0.0123  clip 0.188  ev 0.184  epochs 10/10
[update    4 | steps     8192 | sps   1621] ep_return   20.53  kl 0.0066  clip 0.089  ev 0.241  epochs 10/10
[eval @ step    10240] mean return =   274.18
[update    5 | steps    10240 | sps   1541] ep_return   28.51  kl 0.0074  clip 0.099  ev 0.390  epochs 10/10
[update    6 | steps    12288 | sps   1556] ep_return   36.50  kl 0.0069  clip 0.093  ev 0.558  epochs 10/10
[update    7 | steps    14336 | sps   1565] ep_return   50.63  kl 0.0053  clip 0.064  ev 0.617  epochs 10/10
[update    8 | steps    16384 | sps   1571] ep_return   58.33  kl 0.0049  clip 0.058  ev 0.757  epochs 10/10
[update    9 | steps    18432 | sps   1577] ep_return   72.80  kl 0.0043  clip 0.049  ev 0.778  epochs 10/10
[eval @ step    20480] mean return =   255.88
[update   10 | steps    20480 | sps   1541] ep_return   86.69  kl 0.0045  clip 0.055  ev 0.784  epochs 10/10
[update   11 | steps    22528 | sps   1547] ep_return  102.02  kl 0.0046  clip 0.054  ev 0.796  epochs 10/10
[update   12 | steps    24576 | sps   1552] ep_return  125.77  kl 0.0063  clip 0.088  ev 0.765  epochs 10/10
[update   13 | steps    26624 | sps   1557] ep_return  150.38  kl 0.0047  clip 0.053  ev 0.688  epochs 10/10
[update   14 | steps    28672 | sps   1559] ep_return  166.56  kl 0.0050  clip 0.055  ev 0.838  epochs 10/10
[eval @ step    30720] mean return =   260.64
[update   15 | steps    30720 | sps   1541] ep_return  185.17  kl 0.0083  clip 0.116  ev 0.249  epochs 10/10
[update   16 | steps    32768 | sps   1544] ep_return  211.93  kl 0.0067  clip 0.087  ev 0.650  epochs 10/10
[update   17 | steps    34816 | sps   1548] ep_return  232.13  kl 0.0107  clip 0.153  ev 0.129  epochs 10/10
[update   18 | steps    36864 | sps   1550] ep_return  253.51  kl 0.0086  clip 0.123  ev 0.581  epochs 10/10
[update   19 | steps    38912 | sps   1552] ep_return  267.17  kl 0.0093  clip 0.139  ev 0.653  epochs 10/10
[eval @ step    40960] mean return =   268.43
[update   20 | steps    40960 | sps   1538] ep_return  284.65  kl 0.0077  clip 0.110  ev 0.571  epochs 10/10
[update   21 | steps    43008 | sps   1541] ep_return  294.69  kl 0.0158  clip 0.213  ev 0.588  epochs 10/10
[update   22 | steps    45056 | sps   1543] ep_return  305.74  kl 0.0076  clip 0.099  ev 0.765  epochs 10/10
[update   23 | steps    47104 | sps   1545] ep_return  305.28  kl 0.0119  clip 0.177  ev 0.572  epochs 10/10
[update   24 | steps    49152 | sps   1547] ep_return  309.13  kl 0.0128  clip 0.185  ev 0.057  epochs 10/10
[eval @ step    51200] mean return =   255.88
[update   25 | steps    51200 | sps   1537] ep_return  306.06  kl 0.0133  clip 0.187  ev 0.576  epochs 10/10
[update   26 | steps    53248 | sps   1539] ep_return  302.40  kl 0.0058  clip 0.072  ev 0.771  epochs 10/10
[update   27 | steps    55296 | sps   1540] ep_return  299.58  kl 0.0067  clip 0.088  ev 0.806  epochs 10/10
[update   28 | steps    57344 | sps   1542] ep_return  300.36  kl 0.0129  clip 0.172  ev 0.170  epochs 10/10
[update   29 | steps    59392 | sps   1543] ep_return  298.01  kl 0.0223  clip 0.261  ev -0.008  epochs 10/10
[eval @ step    61440] mean return =   266.94
[update   30 | steps    61440 | sps   1534] ep_return  299.53  kl 0.0068  clip 0.093  ev 0.739  epochs 10/10
[update   31 | steps    63488 | sps   1535] ep_return  301.67  kl 0.0066  clip 0.085  ev 0.701  epochs 10/10
[update   32 | steps    65536 | sps   1537] ep_return  307.71  kl 0.0080  clip 0.110  ev 0.806  epochs 10/10
[update   33 | steps    67584 | sps   1538] ep_return  311.23  kl 0.0075  clip 0.099  ev 0.911  epochs 10/10
[update   34 | steps    69632 | sps   1540] ep_return  305.78  kl 0.0082  clip 0.116  ev 0.933  epochs 10/10
[eval @ step    71680] mean return =   279.91
[update   35 | steps    71680 | sps   1532] ep_return  312.49  kl 0.0085  clip 0.115  ev 0.900  epochs 10/10
[update   36 | steps    73728 | sps   1534] ep_return  321.62  kl 0.0099  clip 0.142  ev 0.914  epochs 10/10
[update   37 | steps    75776 | sps   1536] ep_return  327.65  kl 0.0092  clip 0.131  ev 0.918  epochs 10/10
[update   38 | steps    77824 | sps   1538] ep_return  330.14  kl 0.0105  clip 0.156  ev 0.933  epochs 10/10
[update   39 | steps    79872 | sps   1539] ep_return  328.85  kl 0.0122  clip 0.178  ev 0.953  epochs 10/10
[eval @ step    81920] mean return =   307.48
[update   40 | steps    81920 | sps   1531] ep_return  328.52  kl 0.0100  clip 0.140  ev 0.964  epochs 10/10
[update   41 | steps    83968 | sps   1532] ep_return  327.27  kl 0.0088  clip 0.127  ev 0.944  epochs 10/10
[update   42 | steps    86016 | sps   1534] ep_return  318.50  kl 0.0064  clip 0.083  ev 0.944  epochs 10/10
[update   43 | steps    88064 | sps   1536] ep_return  317.07  kl 0.0122  clip 0.180  ev 0.929  epochs 10/10
[eval @ step    90112] mean return =   361.99
[update   44 | steps    90112 | sps   1528] ep_return  317.42  kl 0.0135  clip 0.195  ev 0.948  epochs 10/10
[update   45 | steps    92160 | sps   1529] ep_return  317.30  kl 0.0095  clip 0.136  ev 0.954  epochs 10/10
[update   46 | steps    94208 | sps   1531] ep_return  315.50  kl 0.0135  clip 0.194  ev 0.959  epochs 10/10
[update   47 | steps    96256 | sps   1532] ep_return  311.25  kl 0.0085  clip 0.121  ev 0.956  epochs 10/10
[update   48 | steps    98304 | sps   1533] ep_return  311.42  kl 0.0110  clip 0.158  ev 0.950  epochs 10/10
[eval @ step   100352] mean return =   362.06
[update   49 | steps   100352 | sps   1526] ep_return  312.19  kl 0.0134  clip 0.201  ev 0.933  epochs 10/10
[update   50 | steps   102400 | sps   1527] ep_return  315.68  kl 0.0119  clip 0.173  ev 0.955  epochs 10/10
[update   51 | steps   104448 | sps   1528] ep_return  324.13  kl 0.0113  clip 0.163  ev 0.930  epochs 10/10
[update   52 | steps   106496 | sps   1530] ep_return  340.57  kl 0.0158  clip 0.234  ev 0.956  epochs 10/10
[update   53 | steps   108544 | sps   1531] ep_return  344.92  kl 0.0120  clip 0.175  ev 0.951  epochs 10/10
[eval @ step   110592] mean return =   366.98
[update   54 | steps   110592 | sps   1524] ep_return  348.44  kl 0.0152  clip 0.211  ev 0.966  epochs 10/10
[update   55 | steps   112640 | sps   1525] ep_return  357.81  kl 0.0158  clip 0.224  ev 0.977  epochs 10/10
[update   56 | steps   114688 | sps   1526] ep_return  362.25  kl 0.0158  clip 0.226  ev 0.984  epochs 10/10
[update   57 | steps   116736 | sps   1527] ep_return  366.92  kl 0.0119  clip 0.177  ev 0.969  epochs 10/10
[update   58 | steps   118784 | sps   1528] ep_return  371.01  kl 0.0143  clip 0.199  ev 0.983  epochs 10/10
[eval @ step   120832] mean return =   378.14
[update   59 | steps   120832 | sps   1522] ep_return  378.14  kl 0.0139  clip 0.206  ev 0.975  epochs 10/10
[update   60 | steps   122880 | sps   1523] ep_return  385.95  kl 0.0111  clip 0.162  ev 0.954  epochs 10/10
[update   61 | steps   124928 | sps   1524] ep_return  389.45  kl 0.0142  clip 0.207  ev 0.977  epochs 10/10
[update   62 | steps   126976 | sps   1525] ep_return  392.20  kl 0.0135  clip 0.198  ev 0.980  epochs 10/10
[update   63 | steps   129024 | sps   1526] ep_return  392.92  kl 0.0148  clip 0.210  ev 0.984  epochs 10/10
[eval @ step   131072] mean return =   373.21
[update   64 | steps   131072 | sps   1520] ep_return  393.97  kl 0.0121  clip 0.173  ev 0.974  epochs 10/10
[update   65 | steps   133120 | sps   1522] ep_return  389.41  kl 0.0123  clip 0.181  ev 0.979  epochs 10/10
[update   66 | steps   135168 | sps   1523] ep_return  389.90  kl 0.0146  clip 0.210  ev 0.982  epochs 10/10
[update   67 | steps   137216 | sps   1524] ep_return  395.23  kl 0.0159  clip 0.225  ev 0.981  epochs 10/10
[update   68 | steps   139264 | sps   1525] ep_return  395.55  kl 0.0134  clip 0.192  ev 0.983  epochs 10/10
[eval @ step   141312] mean return =   380.80
[update   69 | steps   141312 | sps   1519] ep_return  398.30  kl 0.0138  clip 0.198  ev 0.977  epochs 10/10
[update   70 | steps   143360 | sps   1520] ep_return  397.44  kl 0.0160  clip 0.216  ev 0.987  epochs 10/10
[update   71 | steps   145408 | sps   1521] ep_return  399.15  kl 0.0114  clip 0.162  ev 0.962  epochs 10/10
[update   72 | steps   147456 | sps   1522] ep_return  398.63  kl 0.0121  clip 0.174  ev 0.976  epochs 10/10
[update   73 | steps   149504 | sps   1523] ep_return  401.79  kl 0.0168  clip 0.245  ev 0.987  epochs 10/10
[eval @ step   151552] mean return =   384.95
[update   74 | steps   151552 | sps   1517] ep_return  403.68  kl 0.0129  clip 0.181  ev 0.971  epochs 10/10
[update   75 | steps   153600 | sps   1518] ep_return  411.81  kl 0.0099  clip 0.144  ev 0.960  epochs 10/10
[update   76 | steps   155648 | sps   1519] ep_return  411.28  kl 0.0093  clip 0.128  ev 0.968  epochs 10/10
[update   77 | steps   157696 | sps   1519] ep_return  412.37  kl 0.0122  clip 0.179  ev 0.974  epochs 10/10
[update   78 | steps   159744 | sps   1520] ep_return  410.16  kl 0.0092  clip 0.130  ev 0.976  epochs 10/10
[eval @ step   161792] mean return =   376.92
[update   79 | steps   161792 | sps   1516] ep_return  413.06  kl 0.0160  clip 0.220  ev 0.980  epochs 10/10
[update   80 | steps   163840 | sps   1516] ep_return  413.88  kl 0.0125  clip 0.181  ev 0.972  epochs 10/10
[update   81 | steps   165888 | sps   1517] ep_return  417.42  kl 0.0157  clip 0.212  ev 0.978  epochs 10/10
[update   82 | steps   167936 | sps   1518] ep_return  416.88  kl 0.0168  clip 0.221  ev 0.984  epochs 10/10
[update   83 | steps   169984 | sps   1519] ep_return  415.60  kl 0.0145  clip 0.207  ev 0.964  epochs 10/10
[eval @ step   172032] mean return =   384.06
[update   84 | steps   172032 | sps   1515] ep_return  415.41  kl 0.0140  clip 0.201  ev 0.971  epochs 10/10
[update   85 | steps   174080 | sps   1516] ep_return  411.95  kl 0.0142  clip 0.200  ev 0.976  epochs 10/10
[update   86 | steps   176128 | sps   1516] ep_return  411.83  kl 0.0113  clip 0.166  ev 0.965  epochs 10/10
[update   87 | steps   178176 | sps   1517] ep_return  417.23  kl 0.0137  clip 0.209  ev 0.976  epochs 10/10
[eval @ step   180224] mean return =   378.55
[update   88 | steps   180224 | sps   1513] ep_return  420.85  kl 0.0137  clip 0.198  ev 0.955  epochs 10/10
[update   89 | steps   182272 | sps   1514] ep_return  424.55  kl 0.0143  clip 0.198  ev 0.963  epochs 10/10
[update   90 | steps   184320 | sps   1515] ep_return  422.02  kl 0.0133  clip 0.195  ev 0.973  epochs 10/10
[update   91 | steps   186368 | sps   1516] ep_return  420.96  kl 0.0127  clip 0.188  ev 0.973  epochs 10/10
[update   92 | steps   188416 | sps   1517] ep_return  419.81  kl 0.0116  clip 0.168  ev 0.977  epochs 10/10
[eval @ step   190464] mean return =   389.53
[update   93 | steps   190464 | sps   1513] ep_return  421.23  kl 0.0144  clip 0.197  ev 0.956  epochs 10/10
[update   94 | steps   192512 | sps   1514] ep_return  422.50  kl 0.0178  clip 0.238  ev 0.973  epochs 10/10
[update   95 | steps   194560 | sps   1514] ep_return  430.29  kl 0.0144  clip 0.204  ev 0.928  epochs 10/10
[update   96 | steps   196608 | sps   1515] ep_return  435.17  kl 0.0199  clip 0.265  ev 0.970  epochs 10/10
[update   97 | steps   198656 | sps   1516] ep_return  443.04  kl 0.0168  clip 0.228  ev 0.944  epochs 10/10
[eval @ step   200704] mean return =   379.07
[update   98 | steps   200704 | sps   1512] ep_return  450.30  kl 0.0200  clip 0.269  ev 0.979  epochs 10/10
[update   99 | steps   202752 | sps   1513] ep_return  457.13  kl 0.0140  clip 0.200  ev 0.958  epochs 10/10
[update  100 | steps   204800 | sps   1514] ep_return  462.92  kl 0.0115  clip 0.167  ev 0.939  epochs 10/10
[update  101 | steps   206848 | sps   1514] ep_return  464.95  kl 0.0131  clip 0.194  ev 0.944  epochs 10/10
[update  102 | steps   208896 | sps   1515] ep_return  478.84  kl 0.0159  clip 0.226  ev 0.963  epochs 10/10
[eval @ step   210944] mean return =   402.92
[update  103 | steps   210944 | sps   1511] ep_return  489.03  kl 0.0142  clip 0.195  ev 0.949  epochs 10/10
[update  104 | steps   212992 | sps   1512] ep_return  494.58  kl 0.0162  clip 0.229  ev 0.969  epochs 10/10
[update  105 | steps   215040 | sps   1513] ep_return  502.53  kl 0.0113  clip 0.160  ev 0.949  epochs 10/10
[update  106 | steps   217088 | sps   1514] ep_return  515.45  kl 0.0160  clip 0.231  ev 0.949  epochs 10/10
[update  107 | steps   219136 | sps   1514] ep_return  520.59  kl 0.0159  clip 0.227  ev 0.969  epochs 10/10
[eval @ step   221184] mean return =   410.61
[update  108 | steps   221184 | sps   1510] ep_return  527.67  kl 0.0156  clip 0.218  ev 0.959  epochs 10/10
[update  109 | steps   223232 | sps   1511] ep_return  526.97  kl 0.0131  clip 0.174  ev 0.948  epochs 10/10
[update  110 | steps   225280 | sps   1512] ep_return  534.79  kl 0.0122  clip 0.170  ev 0.937  epochs 10/10
[update  111 | steps   227328 | sps   1512] ep_return  547.05  kl 0.0137  clip 0.205  ev 0.957  epochs 10/10
[update  112 | steps   229376 | sps   1513] ep_return  542.26  kl 0.0144  clip 0.202  ev 0.981  epochs 10/10
[eval @ step   231424] mean return =   435.29
[update  113 | steps   231424 | sps   1509] ep_return  560.55  kl 0.0142  clip 0.200  ev 0.929  epochs 10/10
[update  114 | steps   233472 | sps   1510] ep_return  574.01  kl 0.0128  clip 0.181  ev 0.926  epochs 10/10
[update  115 | steps   235520 | sps   1511] ep_return  583.46  kl 0.0144  clip 0.205  ev 0.945  epochs 10/10
[update  116 | steps   237568 | sps   1511] ep_return  590.24  kl 0.0131  clip 0.189  ev 0.904  epochs 10/10
[update  117 | steps   239616 | sps   1512] ep_return  599.50  kl 0.0184  clip 0.261  ev 0.940  epochs 10/10
[eval @ step   241664] mean return =   604.51
[update  118 | steps   241664 | sps   1506] ep_return  623.12  kl 0.0139  clip 0.196  ev 0.929  epochs 10/10
[update  119 | steps   243712 | sps   1506] ep_return  639.19  kl 0.0160  clip 0.221  ev 0.915  epochs 10/10
[update  120 | steps   245760 | sps   1507] ep_return  640.70  kl 0.0184  clip 0.254  ev 0.956  epochs 10/10
[update  121 | steps   247808 | sps   1507] ep_return  651.95  kl 0.0148  clip 0.208  ev 0.939  epochs 10/10
[update  122 | steps   249856 | sps   1508] ep_return  645.13  kl 0.0128  clip 0.179  ev 0.916  epochs 10/10
[eval @ step   251904] mean return =   548.18
[update  123 | steps   251904 | sps   1504] ep_return  655.24  kl 0.0143  clip 0.207  ev 0.909  epochs 10/10
[update  124 | steps   253952 | sps   1505] ep_return  677.92  kl 0.0193  clip 0.264  ev 0.942  epochs 10/10
[update  125 | steps   256000 | sps   1505] ep_return  682.43  kl 0.0212  clip 0.272  ev 0.961  epochs 10/10
[update  126 | steps   258048 | sps   1506] ep_return  701.59  kl 0.0190  clip 0.258  ev 0.964  epochs 10/10
[eval @ step   260096] mean return =   502.60
[update  127 | steps   260096 | sps   1502] ep_return  693.79  kl 0.0149  clip 0.207  ev 0.963  epochs 10/10
[update  128 | steps   262144 | sps   1503] ep_return  702.64  kl 0.0169  clip 0.237  ev 0.946  epochs 10/10
[update  129 | steps   264192 | sps   1504] ep_return  698.80  kl 0.0154  clip 0.219  ev 0.951  epochs 10/10
[update  130 | steps   266240 | sps   1504] ep_return  718.16  kl 0.0254  clip 0.319  ev 0.960  epochs 10/10
[update  131 | steps   268288 | sps   1505] ep_return  724.08  kl 0.0177  clip 0.228  ev 0.948  epochs 10/10
[eval @ step   270336] mean return =   444.52
[update  132 | steps   270336 | sps   1502] ep_return  725.14  kl 0.0166  clip 0.229  ev 0.955  epochs 10/10
[update  133 | steps   272384 | sps   1502] ep_return  736.49  kl 0.0186  clip 0.258  ev 0.961  epochs 10/10
[update  134 | steps   274432 | sps   1503] ep_return  744.83  kl 0.0174  clip 0.240  ev 0.941  epochs 10/10
[update  135 | steps   276480 | sps   1504] ep_return  763.87  kl 0.0192  clip 0.251  ev 0.963  epochs 10/10
[update  136 | steps   278528 | sps   1504] ep_return  787.57  kl 0.0200  clip 0.269  ev 0.964  epochs 10/10
[eval @ step   280576] mean return =   493.19
[update  137 | steps   280576 | sps   1501] ep_return  805.71  kl 0.0236  clip 0.295  ev 0.976  epochs 10/10
[update  138 | steps   282624 | sps   1502] ep_return  821.33  kl 0.0097  clip 0.139  ev 0.931  epochs 10/10
[update  139 | steps   284672 | sps   1502] ep_return  829.00  kl 0.0118  clip 0.169  ev 0.941  epochs 10/10
[update  140 | steps   286720 | sps   1503] ep_return  841.87  kl 0.0145  clip 0.201  ev 0.952  epochs 10/10
[update  141 | steps   288768 | sps   1503] ep_return  843.65  kl 0.0254  clip 0.319  ev 0.973  epochs 10/10
[eval @ step   290816] mean return =   919.83
[update  142 | steps   290816 | sps   1497] ep_return  857.30  kl 0.0178  clip 0.243  ev 0.962  epochs 10/10
[update  143 | steps   292864 | sps   1497] ep_return  868.59  kl 0.0193  clip 0.261  ev 0.970  epochs 10/10
[update  144 | steps   294912 | sps   1498] ep_return  881.71  kl 0.0157  clip 0.229  ev 0.922  epochs 10/10
[update  145 | steps   296960 | sps   1499] ep_return  898.66  kl 0.0136  clip 0.196  ev 0.926  epochs 10/10
[update  146 | steps   299008 | sps   1499] ep_return  916.06  kl 0.0154  clip 0.217  ev 0.957  epochs 10/10
[eval @ step   301056] mean return =   685.86
[update  147 | steps   301056 | sps   1495] ep_return  921.70  kl 0.0148  clip 0.212  ev 0.925  epochs 10/10
[update  148 | steps   303104 | sps   1496] ep_return  936.01  kl 0.0191  clip 0.249  ev 0.947  epochs 10/10
[update  149 | steps   305152 | sps   1497] ep_return  921.23  kl 0.0178  clip 0.257  ev 0.962  epochs 10/10
[update  150 | steps   307200 | sps   1497] ep_return  924.48  kl 0.0187  clip 0.253  ev 0.948  epochs 10/10
[update  151 | steps   309248 | sps   1498] ep_return  938.01  kl 0.0188  clip 0.249  ev 0.953  epochs 10/10
[eval @ step   311296] mean return =  1030.86
[update  152 | steps   311296 | sps   1490] ep_return  924.55  kl 0.0164  clip 0.226  ev 0.935  epochs 10/10
[update  153 | steps   313344 | sps   1491] ep_return  928.72  kl 0.0264  clip 0.318  ev 0.963  epochs 10/10
[update  154 | steps   315392 | sps   1492] ep_return  942.42  kl 0.0246  clip 0.298  ev 0.910  epochs 10/10
[update  155 | steps   317440 | sps   1492] ep_return  943.43  kl 0.0154  clip 0.222  ev 0.943  epochs 10/10
[update  156 | steps   319488 | sps   1493] ep_return  913.58  kl 0.0120  clip 0.175  ev 0.956  epochs 10/10
[eval @ step   321536] mean return =   847.46
[update  157 | steps   321536 | sps   1487] ep_return  937.43  kl 0.0127  clip 0.182  ev 0.939  epochs 10/10
[update  158 | steps   323584 | sps   1487] ep_return  954.44  kl 0.0220  clip 0.282  ev 0.962  epochs 10/10
[update  159 | steps   325632 | sps   1488] ep_return  956.06  kl 0.0135  clip 0.190  ev 0.938  epochs 10/10
[update  160 | steps   327680 | sps   1488] ep_return  981.40  kl 0.0164  clip 0.229  ev 0.962  epochs 10/10
[update  161 | steps   329728 | sps   1489] ep_return  991.97  kl 0.0202  clip 0.265  ev 0.955  epochs 10/10
[eval @ step   331776] mean return =   987.46
[update  162 | steps   331776 | sps   1482] ep_return  969.68  kl 0.0152  clip 0.210  ev 0.942  epochs 10/10
[update  163 | steps   333824 | sps   1482] ep_return  969.40  kl 0.0251  clip 0.316  ev 0.959  epochs 10/10
[update  164 | steps   335872 | sps   1483] ep_return  967.65  kl 0.0174  clip 0.243  ev 0.954  epochs 10/10
[update  165 | steps   337920 | sps   1484] ep_return  974.78  kl 0.0144  clip 0.193  ev 0.950  epochs 10/10
[update  166 | steps   339968 | sps   1484] ep_return  976.84  kl 0.0151  clip 0.198  ev 0.924  epochs 10/10
[eval @ step   342016] mean return =  1221.37
[update  167 | steps   342016 | sps   1477] ep_return  983.31  kl 0.0144  clip 0.194  ev 0.920  epochs 10/10
[update  168 | steps   344064 | sps   1478] ep_return  988.62  kl 0.0150  clip 0.213  ev 0.965  epochs 10/10
[update  169 | steps   346112 | sps   1479] ep_return  981.65  kl 0.0187  clip 0.252  ev 0.951  epochs 10/10
[update  170 | steps   348160 | sps   1479] ep_return  977.79  kl 0.0162  clip 0.222  ev 0.947  epochs 10/10
[eval @ step   350208] mean return =  1097.37
[update  171 | steps   350208 | sps   1474] ep_return  973.92  kl 0.0209  clip 0.282  ev 0.973  epochs 10/10
[update  172 | steps   352256 | sps   1474] ep_return  971.72  kl 0.0172  clip 0.241  ev 0.946  epochs 10/10
[update  173 | steps   354304 | sps   1475] ep_return  979.25  kl 0.0239  clip 0.312  ev 0.934  epochs 10/10
[update  174 | steps   356352 | sps   1476] ep_return  976.00  kl 0.0164  clip 0.221  ev 0.951  epochs 10/10
[update  175 | steps   358400 | sps   1476] ep_return  994.03  kl 0.0171  clip 0.236  ev 0.956  epochs 10/10
[eval @ step   360448] mean return =  1229.20
[update  176 | steps   360448 | sps   1470] ep_return  977.48  kl 0.0184  clip 0.234  ev 0.947  epochs 10/10
[update  177 | steps   362496 | sps   1471] ep_return  953.87  kl 0.0201  clip 0.261  ev 0.958  epochs 10/10
[update  178 | steps   364544 | sps   1472] ep_return  908.35  kl 0.0157  clip 0.220  ev 0.936  epochs 10/10
[update  179 | steps   366592 | sps   1472] ep_return  902.07  kl 0.0187  clip 0.252  ev 0.958  epochs 10/10
[update  180 | steps   368640 | sps   1473] ep_return  870.24  kl 0.0184  clip 0.240  ev 0.942  epochs 10/10
[eval @ step   370688] mean return =  1209.41
[update  181 | steps   370688 | sps   1467] ep_return  880.49  kl 0.0175  clip 0.235  ev 0.942  epochs 10/10
[update  182 | steps   372736 | sps   1467] ep_return  880.73  kl 0.0187  clip 0.257  ev 0.952  epochs 10/10
[update  183 | steps   374784 | sps   1468] ep_return  876.74  kl 0.0181  clip 0.244  ev 0.959  epochs 10/10
[update  184 | steps   376832 | sps   1469] ep_return  889.41  kl 0.0273  clip 0.322  ev 0.960  epochs 10/10
[update  185 | steps   378880 | sps   1469] ep_return  903.83  kl 0.0228  clip 0.288  ev 0.965  epochs 10/10
[eval @ step   380928] mean return =  1329.78
[update  186 | steps   380928 | sps   1463] ep_return  919.18  kl 0.0248  clip 0.288  ev 0.946  epochs 10/10
[update  187 | steps   382976 | sps   1464] ep_return  924.03  kl 0.0309  clip 0.345  ev 0.961  epochs 10/10
[update  188 | steps   385024 | sps   1465] ep_return  936.19  kl 0.0166  clip 0.224  ev 0.959  epochs 10/10
[update  189 | steps   387072 | sps   1465] ep_return  949.31  kl 0.0140  clip 0.197  ev 0.962  epochs 10/10
[update  190 | steps   389120 | sps   1466] ep_return  946.71  kl 0.0194  clip 0.266  ev 0.964  epochs 10/10
[eval @ step   391168] mean return =  1891.47
[update  191 | steps   391168 | sps   1457] ep_return  927.38  kl 0.0155  clip 0.215  ev 0.973  epochs 10/10
[update  192 | steps   393216 | sps   1458] ep_return  911.28  kl 0.0127  clip 0.182  ev 0.925  epochs 10/10
[update  193 | steps   395264 | sps   1459] ep_return  917.03  kl 0.0164  clip 0.227  ev 0.945  epochs 10/10
[update  194 | steps   397312 | sps   1459] ep_return  918.87  kl 0.0194  clip 0.258  ev 0.958  epochs 10/10
[update  195 | steps   399360 | sps   1460] ep_return  951.39  kl 0.0173  clip 0.232  ev 0.948  epochs 10/10
[eval @ step   401408] mean return =  2256.12
[update  196 | steps   401408 | sps   1450] ep_return  941.13  kl 0.0179  clip 0.246  ev 0.972  epochs 10/10
[update  197 | steps   403456 | sps   1451] ep_return  966.26  kl 0.0254  clip 0.292  ev 0.954  epochs 10/10
[update  198 | steps   405504 | sps   1452] ep_return  972.90  kl 0.0172  clip 0.220  ev 0.933  epochs 10/10
[update  199 | steps   407552 | sps   1452] ep_return  969.48  kl 0.0195  clip 0.251  ev 0.945  epochs 10/10
[update  200 | steps   409600 | sps   1453] ep_return  947.06  kl 0.0171  clip 0.243  ev 0.941  epochs 10/10
[eval @ step   411648] mean return =  2014.67
[update  201 | steps   411648 | sps   1445] ep_return  963.21  kl 0.0248  clip 0.302  ev 0.959  epochs 10/10
[update  202 | steps   413696 | sps   1445] ep_return  935.80  kl 0.0209  clip 0.258  ev 0.932  epochs 10/10
[update  203 | steps   415744 | sps   1446] ep_return  920.23  kl 0.0205  clip 0.268  ev 0.952  epochs 10/10
[update  204 | steps   417792 | sps   1447] ep_return  915.37  kl 0.0277  clip 0.325  ev 0.965  epochs 10/10
[update  205 | steps   419840 | sps   1447] ep_return  910.40  kl 0.0171  clip 0.231  ev 0.956  epochs 10/10
[eval @ step   421888] mean return =  2064.68
[update  206 | steps   421888 | sps   1440] ep_return  898.05  kl 0.0187  clip 0.252  ev 0.947  epochs 10/10
[update  207 | steps   423936 | sps   1441] ep_return  899.85  kl 0.0216  clip 0.288  ev 0.952  epochs 10/10
[update  208 | steps   425984 | sps   1442] ep_return  917.52  kl 0.0278  clip 0.315  ev 0.968  epochs 10/10
[update  209 | steps   428032 | sps   1442] ep_return  925.25  kl 0.0205  clip 0.266  ev 0.966  epochs 10/10
[eval @ step   430080] mean return =  2192.38
[update  210 | steps   430080 | sps   1434] ep_return  919.89  kl 0.0186  clip 0.249  ev 0.960  epochs 10/10
[update  211 | steps   432128 | sps   1435] ep_return  909.66  kl 0.0218  clip 0.280  ev 0.966  epochs 10/10
[update  212 | steps   434176 | sps   1435] ep_return  907.87  kl 0.0183  clip 0.244  ev 0.943  epochs 10/10
[update  213 | steps   436224 | sps   1436] ep_return  889.32  kl 0.0259  clip 0.300  ev 0.970  epochs 10/10
[update  214 | steps   438272 | sps   1437] ep_return  884.76  kl 0.0173  clip 0.235  ev 0.930  epochs 10/10
[eval @ step   440320] mean return =   970.75
[update  215 | steps   440320 | sps   1433] ep_return  872.40  kl 0.0229  clip 0.294  ev 0.957  epochs 10/10
[update  216 | steps   442368 | sps   1434] ep_return  892.92  kl 0.0213  clip 0.273  ev 0.929  epochs 10/10
[update  217 | steps   444416 | sps   1435] ep_return  899.42  kl 0.0273  clip 0.315  ev 0.967  epochs 10/10
[update  218 | steps   446464 | sps   1435] ep_return  918.26  kl 0.0259  clip 0.307  ev 0.931  epochs 10/10
[update  219 | steps   448512 | sps   1436] ep_return  927.65  kl 0.0176  clip 0.235  ev 0.952  epochs 10/10
[eval @ step   450560] mean return =  1144.47
[update  220 | steps   450560 | sps   1431] ep_return  905.29  kl 0.0171  clip 0.228  ev 0.935  epochs 10/10
[update  221 | steps   452608 | sps   1432] ep_return  920.18  kl 0.0289  clip 0.336  ev 0.963  epochs 10/10
[update  222 | steps   454656 | sps   1432] ep_return  912.37  kl 0.0206  clip 0.254  ev 0.956  epochs 10/10
[update  223 | steps   456704 | sps   1433] ep_return  935.01  kl 0.0201  clip 0.261  ev 0.953  epochs 10/10
[update  224 | steps   458752 | sps   1433] ep_return  955.40  kl 0.0174  clip 0.234  ev 0.959  epochs 10/10
[eval @ step   460800] mean return =  1244.41
[update  225 | steps   460800 | sps   1429] ep_return  947.18  kl 0.0167  clip 0.231  ev 0.972  epochs 10/10
[update  226 | steps   462848 | sps   1430] ep_return  943.93  kl 0.0185  clip 0.237  ev 0.935  epochs 10/10
[update  227 | steps   464896 | sps   1430] ep_return  968.11  kl 0.0309  clip 0.330  ev 0.966  epochs 10/10
[update  228 | steps   466944 | sps   1431] ep_return  985.18  kl 0.0201  clip 0.262  ev 0.956  epochs 10/10
[update  229 | steps   468992 | sps   1432] ep_return 1004.32  kl 0.0208  clip 0.276  ev 0.961  epochs 10/10
[eval @ step   471040] mean return =  2052.27
[update  230 | steps   471040 | sps   1425] ep_return 1022.58  kl 0.0237  clip 0.285  ev 0.979  epochs 10/10
[update  231 | steps   473088 | sps   1425] ep_return 1039.74  kl 0.0196  clip 0.270  ev 0.969  epochs 10/10
[update  232 | steps   475136 | sps   1426] ep_return 1019.11  kl 0.0125  clip 0.176  ev 0.922  epochs 10/10
[update  233 | steps   477184 | sps   1427] ep_return 1027.84  kl 0.0188  clip 0.249  ev 0.963  epochs 10/10
[update  234 | steps   479232 | sps   1427] ep_return 1022.62  kl 0.0199  clip 0.246  ev 0.962  epochs 10/10
[eval @ step   481280] mean return =  1722.53
[update  235 | steps   481280 | sps   1421] ep_return 1012.41  kl 0.0169  clip 0.233  ev 0.955  epochs 10/10
[update  236 | steps   483328 | sps   1422] ep_return  966.33  kl 0.0175  clip 0.231  ev 0.948  epochs 10/10
[update  237 | steps   485376 | sps   1422] ep_return  975.37  kl 0.0206  clip 0.241  ev 0.949  epochs 10/10
[update  238 | steps   487424 | sps   1423] ep_return  988.58  kl 0.0185  clip 0.249  ev 0.947  epochs 10/10
[update  239 | steps   489472 | sps   1423] ep_return  969.58  kl 0.0252  clip 0.308  ev 0.960  epochs 10/10
[eval @ step   491520] mean return =  2260.31
[update  240 | steps   491520 | sps   1416] ep_return  948.39  kl 0.0229  clip 0.270  ev 0.968  epochs 10/10
[update  241 | steps   493568 | sps   1417] ep_return  962.68  kl 0.0392  clip 0.388  ev 0.982  epochs 10/10
[update  242 | steps   495616 | sps   1418] ep_return  941.85  kl 0.0195  clip 0.259  ev 0.967  epochs 10/10
[update  243 | steps   497664 | sps   1418] ep_return  932.40  kl 0.0216  clip 0.273  ev 0.968  epochs 10/10
[update  244 | steps   499712 | sps   1419] ep_return  931.16  kl 0.0234  clip 0.279  ev 0.981  epochs 10/10
[eval @ step   501760] mean return =  1439.74
[update  245 | steps   501760 | sps   1416] ep_return  899.84  kl 0.0172  clip 0.229  ev 0.972  epochs 10/10
[update  246 | steps   503808 | sps   1417] ep_return  896.08  kl 0.0181  clip 0.244  ev 0.976  epochs 10/10
[update  247 | steps   505856 | sps   1417] ep_return  899.80  kl 0.0184  clip 0.249  ev 0.971  epochs 10/10
[update  248 | steps   507904 | sps   1418] ep_return  891.42  kl 0.0197  clip 0.245  ev 0.959  epochs 10/10
[update  249 | steps   509952 | sps   1419] ep_return  889.16  kl 0.0215  clip 0.280  ev 0.975  epochs 10/10
[eval @ step   512000] mean return =  1682.54
[update  250 | steps   512000 | sps   1415] ep_return  904.69  kl 0.0258  clip 0.304  ev 0.976  epochs 10/10
[update  251 | steps   514048 | sps   1416] ep_return  914.45  kl 0.0204  clip 0.261  ev 0.975  epochs 10/10
[update  252 | steps   516096 | sps   1416] ep_return  935.48  kl 0.0247  clip 0.296  ev 0.975  epochs 10/10
[update  253 | steps   518144 | sps   1417] ep_return  944.87  kl 0.0236  clip 0.298  ev 0.979  epochs 10/10
[eval @ step   520192] mean return =  1436.10
[update  254 | steps   520192 | sps   1414] ep_return  934.16  kl 0.0208  clip 0.269  ev 0.977  epochs 10/10
[update  255 | steps   522240 | sps   1415] ep_return  940.96  kl 0.0247  clip 0.306  ev 0.978  epochs 10/10
[update  256 | steps   524288 | sps   1415] ep_return  929.36  kl 0.0237  clip 0.293  ev 0.983  epochs 10/10
[update  257 | steps   526336 | sps   1416] ep_return  940.42  kl 0.0212  clip 0.268  ev 0.973  epochs 10/10
[update  258 | steps   528384 | sps   1417] ep_return  928.10  kl 0.0210  clip 0.266  ev 0.980  epochs 10/10
[eval @ step   530432] mean return =  2222.99
[update  259 | steps   530432 | sps   1411] ep_return  934.99  kl 0.0325  clip 0.352  ev 0.988  epochs 10/10
[update  260 | steps   532480 | sps   1412] ep_return  944.32  kl 0.0217  clip 0.272  ev 0.984  epochs 10/10
[update  261 | steps   534528 | sps   1413] ep_return  952.59  kl 0.0169  clip 0.217  ev 0.963  epochs 10/10
[update  262 | steps   536576 | sps   1413] ep_return  945.59  kl 0.0172  clip 0.235  ev 0.962  epochs 10/10
[update  263 | steps   538624 | sps   1414] ep_return  951.58  kl 0.0170  clip 0.226  ev 0.945  epochs 10/10
[eval @ step   540672] mean return =  1222.29
[update  264 | steps   540672 | sps   1412] ep_return  975.06  kl 0.0178  clip 0.245  ev 0.967  epochs 10/10
[update  265 | steps   542720 | sps   1412] ep_return  997.45  kl 0.0284  clip 0.323  ev 0.981  epochs 10/10
[update  266 | steps   544768 | sps   1413] ep_return 1009.73  kl 0.0231  clip 0.283  ev 0.978  epochs 10/10
[update  267 | steps   546816 | sps   1414] ep_return 1014.36  kl 0.0226  clip 0.293  ev 0.978  epochs 10/10
[update  268 | steps   548864 | sps   1414] ep_return 1029.18  kl 0.0255  clip 0.319  ev 0.980  epochs 10/10
[eval @ step   550912] mean return =  2002.46
[update  269 | steps   550912 | sps   1410] ep_return 1031.60  kl 0.0190  clip 0.253  ev 0.970  epochs 10/10
[update  270 | steps   552960 | sps   1411] ep_return 1023.89  kl 0.0172  clip 0.229  ev 0.961  epochs 10/10
[update  271 | steps   555008 | sps   1411] ep_return 1038.95  kl 0.0183  clip 0.242  ev 0.973  epochs 10/10
[update  272 | steps   557056 | sps   1412] ep_return 1059.34  kl 0.0256  clip 0.310  ev 0.979  epochs 10/10
[update  273 | steps   559104 | sps   1412] ep_return 1066.79  kl 0.0221  clip 0.286  ev 0.976  epochs 10/10
[eval @ step   561152] mean return =  2817.47
[update  274 | steps   561152 | sps   1406] ep_return 1075.77  kl 0.0235  clip 0.287  ev 0.979  epochs 10/10
[update  275 | steps   563200 | sps   1407] ep_return 1089.24  kl 0.0218  clip 0.271  ev 0.968  epochs 10/10
[update  276 | steps   565248 | sps   1407] ep_return 1115.58  kl 0.0284  clip 0.338  ev 0.978  epochs 10/10
[update  277 | steps   567296 | sps   1408] ep_return 1123.96  kl 0.0293  clip 0.335  ev 0.942  epochs 10/10
[update  278 | steps   569344 | sps   1409] ep_return 1145.00  kl 0.0186  clip 0.241  ev 0.955  epochs 10/10
[eval @ step   571392] mean return =  2638.54
[update  279 | steps   571392 | sps   1403] ep_return 1148.92  kl 0.0190  clip 0.256  ev 0.958  epochs 10/10
[update  280 | steps   573440 | sps   1403] ep_return 1163.99  kl 0.0199  clip 0.250  ev 0.961  epochs 10/10
[update  281 | steps   575488 | sps   1404] ep_return 1169.33  kl 0.0174  clip 0.233  ev 0.948  epochs 10/10
[update  282 | steps   577536 | sps   1404] ep_return 1177.84  kl 0.0182  clip 0.235  ev 0.963  epochs 10/10
[update  283 | steps   579584 | sps   1405] ep_return 1172.78  kl 0.0263  clip 0.304  ev 0.978  epochs 10/10
[eval @ step   581632] mean return =  2626.63
[update  284 | steps   581632 | sps   1400] ep_return 1168.07  kl 0.0218  clip 0.277  ev 0.976  epochs 10/10
[update  285 | steps   583680 | sps   1401] ep_return 1154.09  kl 0.0175  clip 0.231  ev 0.965  epochs 10/10
[update  286 | steps   585728 | sps   1401] ep_return 1144.96  kl 0.0246  clip 0.303  ev 0.968  epochs 10/10
[update  287 | steps   587776 | sps   1402] ep_return 1146.10  kl 0.0277  clip 0.325  ev 0.977  epochs 10/10
[update  288 | steps   589824 | sps   1402] ep_return 1140.43  kl 0.0295  clip 0.342  ev 0.985  epochs 10/10
[eval @ step   591872] mean return =  1965.54
[update  289 | steps   591872 | sps   1399] ep_return 1136.87  kl 0.0246  clip 0.293  ev 0.980  epochs 10/10
[update  290 | steps   593920 | sps   1400] ep_return 1123.88  kl 0.0216  clip 0.267  ev 0.972  epochs 10/10
[update  291 | steps   595968 | sps   1400] ep_return 1109.65  kl 0.0229  clip 0.287  ev 0.974  epochs 10/10
[update  292 | steps   598016 | sps   1401] ep_return 1113.72  kl 0.0273  clip 0.317  ev 0.978  epochs 10/10
[eval @ step   600064] mean return =  1236.86
[update  293 | steps   600064 | sps   1399] ep_return 1093.55  kl 0.0240  clip 0.307  ev 0.980  epochs 10/10
[update  294 | steps   602112 | sps   1400] ep_return 1047.47  kl 0.0209  clip 0.254  ev 0.965  epochs 10/10
[update  295 | steps   604160 | sps   1400] ep_return 1021.31  kl 0.0235  clip 0.281  ev 0.976  epochs 10/10
[update  296 | steps   606208 | sps   1401] ep_return 1019.74  kl 0.0253  clip 0.285  ev 0.987  epochs 10/10
[update  297 | steps   608256 | sps   1401] ep_return 1016.86  kl 0.0283  clip 0.327  ev 0.979  epochs 10/10
[eval @ step   610304] mean return =  1347.73
[update  298 | steps   610304 | sps   1399] ep_return  997.65  kl 0.0175  clip 0.224  ev 0.965  epochs 10/10
[update  299 | steps   612352 | sps   1400] ep_return  995.17  kl 0.0288  clip 0.317  ev 0.984  epochs 10/10
[update  300 | steps   614400 | sps   1401] ep_return  996.33  kl 0.0163  clip 0.222  ev 0.964  epochs 10/10
[update  301 | steps   616448 | sps   1401] ep_return 1001.22  kl 0.0217  clip 0.275  ev 0.974  epochs 10/10
[update  302 | steps   618496 | sps   1402] ep_return  983.75  kl 0.0228  clip 0.265  ev 0.968  epochs 10/10
[eval @ step   620544] mean return =  1022.99
[update  303 | steps   620544 | sps   1400] ep_return  981.53  kl 0.0200  clip 0.253  ev 0.956  epochs 10/10
[update  304 | steps   622592 | sps   1401] ep_return  978.91  kl 0.0230  clip 0.282  ev 0.975  epochs 10/10
[update  305 | steps   624640 | sps   1401] ep_return  963.94  kl 0.0211  clip 0.261  ev 0.960  epochs 10/10
[update  306 | steps   626688 | sps   1402] ep_return  959.90  kl 0.0210  clip 0.264  ev 0.974  epochs 10/10
[update  307 | steps   628736 | sps   1403] ep_return  962.52  kl 0.0236  clip 0.280  ev 0.969  epochs 10/10
[eval @ step   630784] mean return =  1477.76
[update  308 | steps   630784 | sps   1401] ep_return  980.36  kl 0.0287  clip 0.318  ev 0.979  epochs 10/10
[update  309 | steps   632832 | sps   1401] ep_return  994.09  kl 0.0329  clip 0.335  ev 0.981  epochs 10/10
[update  310 | steps   634880 | sps   1402] ep_return  990.30  kl 0.0221  clip 0.287  ev 0.976  epochs 10/10
[update  311 | steps   636928 | sps   1402] ep_return 1000.80  kl 0.0289  clip 0.334  ev 0.979  epochs 10/10
[update  312 | steps   638976 | sps   1403] ep_return 1001.02  kl 0.0263  clip 0.310  ev 0.976  epochs 10/10
[eval @ step   641024] mean return =  1755.06
[update  313 | steps   641024 | sps   1400] ep_return 1006.92  kl 0.0266  clip 0.296  ev 0.977  epochs 10/10
[update  314 | steps   643072 | sps   1401] ep_return 1011.74  kl 0.0215  clip 0.283  ev 0.975  epochs 10/10
[update  315 | steps   645120 | sps   1401] ep_return 1010.37  kl 0.0234  clip 0.286  ev 0.977  epochs 10/10
[update  316 | steps   647168 | sps   1402] ep_return 1034.19  kl 0.0284  clip 0.317  ev 0.985  epochs 10/10
[update  317 | steps   649216 | sps   1403] ep_return 1038.49  kl 0.0183  clip 0.246  ev 0.973  epochs 10/10
[eval @ step   651264] mean return =  2272.17
[update  318 | steps   651264 | sps   1399] ep_return 1052.43  kl 0.0203  clip 0.273  ev 0.969  epochs 10/10
[update  319 | steps   653312 | sps   1400] ep_return 1043.49  kl 0.0182  clip 0.240  ev 0.973  epochs 10/10
[update  320 | steps   655360 | sps   1400] ep_return 1048.24  kl 0.0300  clip 0.333  ev 0.982  epochs 10/10
[update  321 | steps   657408 | sps   1401] ep_return 1040.09  kl 0.0210  clip 0.279  ev 0.978  epochs 10/10
[update  322 | steps   659456 | sps   1401] ep_return 1046.20  kl 0.0202  clip 0.261  ev 0.969  epochs 10/10
[eval @ step   661504] mean return =  2292.73
[update  323 | steps   661504 | sps   1398] ep_return 1052.47  kl 0.0206  clip 0.264  ev 0.972  epochs 10/10
[update  324 | steps   663552 | sps   1398] ep_return 1059.48  kl 0.0352  clip 0.378  ev 0.985  epochs 10/10
[update  325 | steps   665600 | sps   1399] ep_return 1018.03  kl 0.0238  clip 0.298  ev 0.979  epochs 10/10
[update  326 | steps   667648 | sps   1399] ep_return 1042.95  kl 0.0322  clip 0.336  ev 0.978  epochs 10/10
[update  327 | steps   669696 | sps   1400] ep_return 1050.88  kl 0.0262  clip 0.306  ev 0.983  epochs 10/10
[eval @ step   671744] mean return =  1903.35
[update  328 | steps   671744 | sps   1397] ep_return 1062.21  kl 0.0270  clip 0.323  ev 0.982  epochs 10/10
[update  329 | steps   673792 | sps   1397] ep_return 1057.45  kl 0.0246  clip 0.294  ev 0.979  epochs 10/10
[update  330 | steps   675840 | sps   1398] ep_return 1065.73  kl 0.0239  clip 0.291  ev 0.982  epochs 10/10
[update  331 | steps   677888 | sps   1398] ep_return 1061.75  kl 0.0191  clip 0.242  ev 0.973  epochs 10/10
[update  332 | steps   679936 | sps   1399] ep_return 1063.62  kl 0.0282  clip 0.329  ev 0.979  epochs 10/10
[eval @ step   681984] mean return =  2160.21
[update  333 | steps   681984 | sps   1396] ep_return 1063.28  kl 0.0254  clip 0.291  ev 0.977  epochs 10/10
[update  334 | steps   684032 | sps   1396] ep_return 1069.70  kl 0.0250  clip 0.305  ev 0.977  epochs 10/10
[update  335 | steps   686080 | sps   1397] ep_return 1075.14  kl 0.0304  clip 0.341  ev 0.982  epochs 10/10
[update  336 | steps   688128 | sps   1397] ep_return 1079.00  kl 0.0302  clip 0.340  ev 0.985  epochs 10/10
[eval @ step   690176] mean return =  1473.09
[update  337 | steps   690176 | sps   1395] ep_return 1102.03  kl 0.0261  clip 0.314  ev 0.974  epochs 10/10
[update  338 | steps   692224 | sps   1395] ep_return 1100.80  kl 0.0191  clip 0.256  ev 0.977  epochs 10/10
[update  339 | steps   694272 | sps   1396] ep_return 1115.66  kl 0.0248  clip 0.278  ev 0.980  epochs 10/10
[update  340 | steps   696320 | sps   1396] ep_return 1109.44  kl 0.0356  clip 0.379  ev 0.988  epochs 10/10
[update  341 | steps   698368 | sps   1397] ep_return 1125.98  kl 0.0305  clip 0.333  ev 0.979  epochs 10/10
[eval @ step   700416] mean return =  2032.46
[update  342 | steps   700416 | sps   1394] ep_return 1133.69  kl 0.0250  clip 0.289  ev 0.978  epochs 10/10
[update  343 | steps   702464 | sps   1395] ep_return 1157.74  kl 0.0249  clip 0.306  ev 0.985  epochs 10/10
[update  344 | steps   704512 | sps   1395] ep_return 1150.69  kl 0.0231  clip 0.283  ev 0.980  epochs 10/10
[update  345 | steps   706560 | sps   1396] ep_return 1094.26  kl 0.0172  clip 0.255  ev 0.964  epochs 10/10
[update  346 | steps   708608 | sps   1396] ep_return 1084.63  kl 0.0255  clip 0.304  ev 0.978  epochs 10/10
[eval @ step   710656] mean return =  1675.93
[update  347 | steps   710656 | sps   1394] ep_return 1097.68  kl 0.0379  clip 0.380  ev 0.983  epochs 10/10
[update  348 | steps   712704 | sps   1394] ep_return 1108.95  kl 0.0253  clip 0.303  ev 0.986  epochs 10/10
[update  349 | steps   714752 | sps   1395] ep_return 1119.57  kl 0.0242  clip 0.287  ev 0.984  epochs 10/10
[update  350 | steps   716800 | sps   1395] ep_return 1107.21  kl 0.0217  clip 0.272  ev 0.980  epochs 10/10
[update  351 | steps   718848 | sps   1396] ep_return 1116.54  kl 0.0199  clip 0.253  ev 0.978  epochs 10/10
[eval @ step   720896] mean return =  1450.96
[update  352 | steps   720896 | sps   1394] ep_return 1138.00  kl 0.0516  clip 0.433  ev 0.979  epochs 10/10
[update  353 | steps   722944 | sps   1394] ep_return 1165.93  kl 0.0208  clip 0.260  ev 0.980  epochs 10/10
[update  354 | steps   724992 | sps   1395] ep_return 1172.39  kl 0.0184  clip 0.249  ev 0.968  epochs 10/10
[update  355 | steps   727040 | sps   1395] ep_return 1169.10  kl 0.0250  clip 0.297  ev 0.984  epochs 10/10
[update  356 | steps   729088 | sps   1396] ep_return 1201.61  kl 0.0324  clip 0.340  ev 0.982  epochs 10/10
[eval @ step   731136] mean return =  1955.52
[update  357 | steps   731136 | sps   1393] ep_return 1225.92  kl 0.0191  clip 0.245  ev 0.977  epochs 10/10
[update  358 | steps   733184 | sps   1393] ep_return 1229.44  kl 0.0263  clip 0.291  ev 0.979  epochs 10/10
[update  359 | steps   735232 | sps   1394] ep_return 1245.27  kl 0.0235  clip 0.290  ev 0.969  epochs 10/10
[update  360 | steps   737280 | sps   1394] ep_return 1242.21  kl 0.0215  clip 0.261  ev 0.980  epochs 10/10
[update  361 | steps   739328 | sps   1395] ep_return 1256.18  kl 0.0267  clip 0.298  ev 0.975  epochs 10/10
[eval @ step   741376] mean return =  1831.48
[update  362 | steps   741376 | sps   1392] ep_return 1254.80  kl 0.0245  clip 0.301  ev 0.979  epochs 10/10
[update  363 | steps   743424 | sps   1393] ep_return 1227.57  kl 0.0140  clip 0.192  ev 0.963  epochs 10/10
[update  364 | steps   745472 | sps   1393] ep_return 1242.78  kl 0.0236  clip 0.270  ev 0.972  epochs 10/10
[update  365 | steps   747520 | sps   1394] ep_return 1265.27  kl 0.0298  clip 0.343  ev 0.983  epochs 10/10
[update  366 | steps   749568 | sps   1394] ep_return 1278.02  kl 0.0265  clip 0.300  ev 0.979  epochs 10/10
[eval @ step   751616] mean return =  2134.60
[update  367 | steps   751616 | sps   1391] ep_return 1281.24  kl 0.0271  clip 0.306  ev 0.975  epochs 10/10
[update  368 | steps   753664 | sps   1392] ep_return 1295.75  kl 0.0276  clip 0.309  ev 0.982  epochs 10/10
[update  369 | steps   755712 | sps   1392] ep_return 1292.66  kl 0.0293  clip 0.330  ev 0.983  epochs 10/10
[update  370 | steps   757760 | sps   1393] ep_return 1304.26  kl 0.0270  clip 0.302  ev 0.979  epochs 10/10
[update  371 | steps   759808 | sps   1393] ep_return 1328.54  kl 0.0318  clip 0.355  ev 0.984  epochs 10/10
[eval @ step   761856] mean return =  2033.44
[update  372 | steps   761856 | sps   1391] ep_return 1343.38  kl 0.0296  clip 0.333  ev 0.982  epochs 10/10
[update  373 | steps   763904 | sps   1391] ep_return 1296.30  kl 0.0247  clip 0.313  ev 0.980  epochs 10/10
[update  374 | steps   765952 | sps   1392] ep_return 1282.47  kl 0.0142  clip 0.189  ev 0.962  epochs 10/10
[update  375 | steps   768000 | sps   1392] ep_return 1273.08  kl 0.0256  clip 0.295  ev 0.978  epochs 10/10
[eval @ step   770048] mean return =  2208.85
[update  376 | steps   770048 | sps   1389] ep_return 1240.25  kl 0.0218  clip 0.271  ev 0.973  epochs 10/10
[update  377 | steps   772096 | sps   1390] ep_return 1248.55  kl 0.0216  clip 0.283  ev 0.971  epochs 10/10
[update  378 | steps   774144 | sps   1390] ep_return 1261.30  kl 0.0349  clip 0.360  ev 0.978  epochs 10/10
[update  379 | steps   776192 | sps   1390] ep_return 1274.10  kl 0.0208  clip 0.265  ev 0.976  epochs 10/10
[update  380 | steps   778240 | sps   1391] ep_return 1274.24  kl 0.0213  clip 0.259  ev 0.977  epochs 10/10
[eval @ step   780288] mean return =  2703.40
[update  381 | steps   780288 | sps   1387] ep_return 1256.35  kl 0.0254  clip 0.311  ev 0.979  epochs 10/10
[update  382 | steps   782336 | sps   1388] ep_return 1285.80  kl 0.0291  clip 0.334  ev 0.978  epochs 10/10
[update  383 | steps   784384 | sps   1388] ep_return 1310.89  kl 0.0255  clip 0.289  ev 0.968  epochs 10/10
[update  384 | steps   786432 | sps   1388] ep_return 1342.44  kl 0.0430  clip 0.394  ev 0.983  epochs 10/10
[update  385 | steps   788480 | sps   1389] ep_return 1349.42  kl 0.0291  clip 0.327  ev 0.980  epochs 10/10
[eval @ step   790528] mean return =  2673.49
[update  386 | steps   790528 | sps   1385] ep_return 1362.68  kl 0.0377  clip 0.385  ev 0.982  epochs 10/10
[update  387 | steps   792576 | sps   1385] ep_return 1362.96  kl 0.0201  clip 0.249  ev 0.968  epochs 10/10
[update  388 | steps   794624 | sps   1386] ep_return 1333.56  kl 0.0163  clip 0.222  ev 0.974  epochs 10/10
[update  389 | steps   796672 | sps   1386] ep_return 1344.37  kl 0.0201  clip 0.253  ev 0.967  epochs 10/10
[update  390 | steps   798720 | sps   1387] ep_return 1353.18  kl 0.0213  clip 0.253  ev 0.966  epochs 10/10
[eval @ step   800768] mean return =  2951.52
[update  391 | steps   800768 | sps   1383] ep_return 1354.27  kl 0.0324  clip 0.351  ev 0.979  epochs 10/10
[update  392 | steps   802816 | sps   1383] ep_return 1345.81  kl 0.0175  clip 0.240  ev 0.968  epochs 10/10
[update  393 | steps   804864 | sps   1383] ep_return 1351.32  kl 0.0333  clip 0.356  ev 0.984  epochs 10/10
[update  394 | steps   806912 | sps   1384] ep_return 1349.44  kl 0.0198  clip 0.265  ev 0.977  epochs 10/10
[update  395 | steps   808960 | sps   1384] ep_return 1372.05  kl 0.0269  clip 0.303  ev 0.979  epochs 10/10
[eval @ step   811008] mean return =  2801.92
[update  396 | steps   811008 | sps   1380] ep_return 1371.64  kl 0.0271  clip 0.304  ev 0.980  epochs 10/10
[update  397 | steps   813056 | sps   1381] ep_return 1384.35  kl 0.0242  clip 0.291  ev 0.974  epochs 10/10
[update  398 | steps   815104 | sps   1381] ep_return 1371.00  kl 0.0283  clip 0.323  ev 0.985  epochs 10/10
[update  399 | steps   817152 | sps   1382] ep_return 1339.47  kl 0.0187  clip 0.252  ev 0.964  epochs 10/10
[update  400 | steps   819200 | sps   1382] ep_return 1327.35  kl 0.0250  clip 0.298  ev 0.981  epochs 10/10
[eval @ step   821248] mean return =  2682.12
[update  401 | steps   821248 | sps   1378] ep_return 1317.00  kl 0.0221  clip 0.280  ev 0.977  epochs 10/10
[update  402 | steps   823296 | sps   1379] ep_return 1317.89  kl 0.0216  clip 0.272  ev 0.969  epochs 10/10
[update  403 | steps   825344 | sps   1379] ep_return 1325.11  kl 0.0342  clip 0.356  ev 0.984  epochs 10/10
[update  404 | steps   827392 | sps   1380] ep_return 1280.99  kl 0.0243  clip 0.301  ev 0.982  epochs 10/10
[update  405 | steps   829440 | sps   1380] ep_return 1309.06  kl 0.0381  clip 0.361  ev 0.985  epochs 10/10
[eval @ step   831488] mean return =  2510.65
[update  406 | steps   831488 | sps   1377] ep_return 1291.89  kl 0.0228  clip 0.290  ev 0.982  epochs 10/10
[update  407 | steps   833536 | sps   1378] ep_return 1280.87  kl 0.0260  clip 0.325  ev 0.986  epochs 10/10
[update  408 | steps   835584 | sps   1378] ep_return 1305.61  kl 0.0263  clip 0.300  ev 0.983  epochs 10/10
[update  409 | steps   837632 | sps   1379] ep_return 1279.78  kl 0.0209  clip 0.267  ev 0.974  epochs 10/10
[update  410 | steps   839680 | sps   1379] ep_return 1255.88  kl 0.0257  clip 0.290  ev 0.982  epochs 10/10
[eval @ step   841728] mean return =  2086.56
[update  411 | steps   841728 | sps   1377] ep_return 1257.97  kl 0.0214  clip 0.265  ev 0.972  epochs 10/10
[update  412 | steps   843776 | sps   1377] ep_return 1235.79  kl 0.0345  clip 0.348  ev 0.983  epochs 10/10
[update  413 | steps   845824 | sps   1378] ep_return 1268.24  kl 0.0346  clip 0.354  ev 0.986  epochs 10/10
[update  414 | steps   847872 | sps   1378] ep_return 1223.07  kl 0.0235  clip 0.279  ev 0.974  epochs 10/10
[update  415 | steps   849920 | sps   1378] ep_return 1213.64  kl 0.0290  clip 0.332  ev 0.986  epochs 10/10
[eval @ step   851968] mean return =  2302.08
[update  416 | steps   851968 | sps   1376] ep_return 1206.42  kl 0.0332  clip 0.341  ev 0.989  epochs 10/10
[update  417 | steps   854016 | sps   1376] ep_return 1199.67  kl 0.0234  clip 0.299  ev 0.987  epochs 10/10
[update  418 | steps   856064 | sps   1377] ep_return 1222.56  kl 0.0281  clip 0.319  ev 0.980  epochs 10/10
[update  419 | steps   858112 | sps   1377] ep_return 1233.98  kl 0.0267  clip 0.299  ev 0.984  epochs 10/10
[eval @ step   860160] mean return =  2790.70
[update  420 | steps   860160 | sps   1373] ep_return 1242.14  kl 0.0263  clip 0.304  ev 0.982  epochs 10/10
[update  421 | steps   862208 | sps   1374] ep_return 1231.24  kl 0.0193  clip 0.228  ev 0.964  epochs 10/10
[update  422 | steps   864256 | sps   1374] ep_return 1257.74  kl 0.0436  clip 0.394  ev 0.981  epochs 10/10
[update  423 | steps   866304 | sps   1375] ep_return 1258.55  kl 0.0265  clip 0.299  ev 0.980  epochs 10/10
[update  424 | steps   868352 | sps   1375] ep_return 1250.52  kl 0.0289  clip 0.313  ev 0.982  epochs 10/10
[eval @ step   870400] mean return =  2868.24
[update  425 | steps   870400 | sps   1371] ep_return 1256.37  kl 0.0291  clip 0.309  ev 0.983  epochs 10/10
[update  426 | steps   872448 | sps   1372] ep_return 1275.43  kl 0.0271  clip 0.314  ev 0.979  epochs 10/10
[update  427 | steps   874496 | sps   1372] ep_return 1259.97  kl 0.0261  clip 0.316  ev 0.983  epochs 10/10
[update  428 | steps   876544 | sps   1373] ep_return 1233.69  kl 0.0178  clip 0.234  ev 0.966  epochs 10/10
[update  429 | steps   878592 | sps   1373] ep_return 1227.42  kl 0.0199  clip 0.254  ev 0.975  epochs 10/10
[eval @ step   880640] mean return =  2054.57
[update  430 | steps   880640 | sps   1371] ep_return 1224.63  kl 0.0517  clip 0.424  ev 0.972  epochs 10/10
[update  431 | steps   882688 | sps   1371] ep_return 1256.77  kl 0.0246  clip 0.293  ev 0.968  epochs 10/10
[update  432 | steps   884736 | sps   1372] ep_return 1266.07  kl 0.0375  clip 0.369  ev 0.978  epochs 10/10
[update  433 | steps   886784 | sps   1372] ep_return 1294.98  kl 0.0421  clip 0.372  ev 0.975  epochs 10/10
[update  434 | steps   888832 | sps   1372] ep_return 1342.67  kl 0.0181  clip 0.246  ev 0.977  epochs 10/10
[eval @ step   890880] mean return =  2761.03
[update  435 | steps   890880 | sps   1369] ep_return 1371.16  kl 0.0182  clip 0.227  ev 0.979  epochs 10/10
[update  436 | steps   892928 | sps   1369] ep_return 1384.88  kl 0.0228  clip 0.294  ev 0.981  epochs 10/10
[update  437 | steps   894976 | sps   1370] ep_return 1394.21  kl 0.0249  clip 0.296  ev 0.976  epochs 10/10
[update  438 | steps   897024 | sps   1370] ep_return 1377.45  kl 0.0189  clip 0.243  ev 0.976  epochs 10/10
[update  439 | steps   899072 | sps   1370] ep_return 1378.92  kl 0.0284  clip 0.317  ev 0.979  epochs 10/10
[eval @ step   901120] mean return =  2565.16
[update  440 | steps   901120 | sps   1368] ep_return 1382.39  kl 0.0192  clip 0.252  ev 0.966  epochs 10/10
[update  441 | steps   903168 | sps   1368] ep_return 1382.98  kl 0.0285  clip 0.300  ev 0.981  epochs 10/10
[update  442 | steps   905216 | sps   1368] ep_return 1365.18  kl 0.0221  clip 0.276  ev 0.979  epochs 10/10
[update  443 | steps   907264 | sps   1369] ep_return 1364.28  kl 0.0259  clip 0.304  ev 0.977  epochs 10/10
[update  444 | steps   909312 | sps   1369] ep_return 1344.80  kl 0.0211  clip 0.265  ev 0.974  epochs 10/10
[eval @ step   911360] mean return =  2275.89
[update  445 | steps   911360 | sps   1367] ep_return 1335.97  kl 0.0203  clip 0.258  ev 0.959  epochs 10/10
[update  446 | steps   913408 | sps   1367] ep_return 1333.59  kl 0.0310  clip 0.334  ev 0.975  epochs 10/10
[update  447 | steps   915456 | sps   1368] ep_return 1366.43  kl 0.0379  clip 0.386  ev 0.981  epochs 10/10
[update  448 | steps   917504 | sps   1368] ep_return 1373.06  kl 0.0194  clip 0.247  ev 0.977  epochs 10/10
[update  449 | steps   919552 | sps   1369] ep_return 1383.95  kl 0.0220  clip 0.260  ev 0.976  epochs 10/10
[eval @ step   921600] mean return =  2139.24
[update  450 | steps   921600 | sps   1367] ep_return 1414.93  kl 0.0241  clip 0.299  ev 0.965  epochs 10/10
[update  451 | steps   923648 | sps   1367] ep_return 1430.71  kl 0.0273  clip 0.303  ev 0.960  epochs 10/10
[update  452 | steps   925696 | sps   1367] ep_return 1385.39  kl 0.0212  clip 0.261  ev 0.967  epochs 10/10
[update  453 | steps   927744 | sps   1368] ep_return 1367.28  kl 0.0481  clip 0.421  ev 0.986  epochs 10/10
[update  454 | steps   929792 | sps   1368] ep_return 1362.97  kl 0.0369  clip 0.353  ev 0.967  epochs 10/10
[eval @ step   931840] mean return =  1690.05
[update  455 | steps   931840 | sps   1367] ep_return 1351.50  kl 0.0203  clip 0.267  ev 0.971  epochs 10/10
[update  456 | steps   933888 | sps   1367] ep_return 1365.52  kl 0.0285  clip 0.316  ev 0.970  epochs 10/10
[update  457 | steps   935936 | sps   1368] ep_return 1331.97  kl 0.0199  clip 0.258  ev 0.968  epochs 10/10
[update  458 | steps   937984 | sps   1368] ep_return 1300.80  kl 0.0268  clip 0.303  ev 0.973  epochs 10/10
[eval @ step   940032] mean return =  2596.48
[update  459 | steps   940032 | sps   1365] ep_return 1297.40  kl 0.0352  clip 0.342  ev 0.983  epochs 10/10
[update  460 | steps   942080 | sps   1366] ep_return 1297.31  kl 0.0255  clip 0.302  ev 0.976  epochs 10/10
[update  461 | steps   944128 | sps   1366] ep_return 1319.96  kl 0.0371  clip 0.369  ev 0.972  epochs 10/10
[update  462 | steps   946176 | sps   1367] ep_return 1315.72  kl 0.0300  clip 0.322  ev 0.977  epochs 10/10
[update  463 | steps   948224 | sps   1367] ep_return 1299.99  kl 0.0309  clip 0.329  ev 0.984  epochs 10/10
[eval @ step   950272] mean return =  2779.13
[update  464 | steps   950272 | sps   1364] ep_return 1301.21  kl 0.0210  clip 0.272  ev 0.968  epochs 10/10
[update  465 | steps   952320 | sps   1365] ep_return 1284.57  kl 0.0244  clip 0.292  ev 0.977  epochs 10/10
[update  466 | steps   954368 | sps   1365] ep_return 1277.76  kl 0.0258  clip 0.298  ev 0.959  epochs 10/10
[update  467 | steps   956416 | sps   1365] ep_return 1286.43  kl 0.0340  clip 0.362  ev 0.975  epochs 10/10
[update  468 | steps   958464 | sps   1366] ep_return 1297.02  kl 0.0336  clip 0.340  ev 0.975  epochs 10/10
[eval @ step   960512] mean return =  2803.25
[update  469 | steps   960512 | sps   1363] ep_return 1288.15  kl 0.0367  clip 0.362  ev 0.980  epochs 10/10
[update  470 | steps   962560 | sps   1364] ep_return 1337.17  kl 0.0295  clip 0.330  ev 0.966  epochs 10/10
[update  471 | steps   964608 | sps   1364] ep_return 1327.96  kl 0.0329  clip 0.360  ev 0.975  epochs 10/10
[update  472 | steps   966656 | sps   1364] ep_return 1337.31  kl 0.0274  clip 0.304  ev 0.976  epochs 10/10
[update  473 | steps   968704 | sps   1365] ep_return 1328.09  kl 0.0413  clip 0.380  ev 0.980  epochs 10/10
[eval @ step   970752] mean return =  2031.13
[update  474 | steps   970752 | sps   1363] ep_return 1336.39  kl 0.0232  clip 0.283  ev 0.957  epochs 10/10
[update  475 | steps   972800 | sps   1363] ep_return 1326.01  kl 0.0196  clip 0.267  ev 0.975  epochs 10/10
[update  476 | steps   974848 | sps   1364] ep_return 1345.64  kl 0.0203  clip 0.266  ev 0.951  epochs 10/10
[update  477 | steps   976896 | sps   1364] ep_return 1367.06  kl 0.0277  clip 0.316  ev 0.968  epochs 10/10
[update  478 | steps   978944 | sps   1364] ep_return 1394.54  kl 0.0323  clip 0.347  ev 0.977  epochs 10/10
[eval @ step   980992] mean return =  2757.34
[update  479 | steps   980992 | sps   1362] ep_return 1393.72  kl 0.0149  clip 0.197  ev 0.940  epochs 10/10
[update  480 | steps   983040 | sps   1362] ep_return 1408.30  kl 0.0476  clip 0.417  ev 0.973  epochs 10/10
[update  481 | steps   985088 | sps   1362] ep_return 1434.40  kl 0.0215  clip 0.280  ev 0.967  epochs 10/10
[update  482 | steps   987136 | sps   1363] ep_return 1439.37  kl 0.0197  clip 0.249  ev 0.953  epochs 10/10
[update  483 | steps   989184 | sps   1363] ep_return 1434.80  kl 0.0205  clip 0.257  ev 0.962  epochs 10/10
[eval @ step   991232] mean return =  2456.08
[update  484 | steps   991232 | sps   1360] ep_return 1463.33  kl 0.0228  clip 0.277  ev 0.925  epochs 10/10
[update  485 | steps   993280 | sps   1361] ep_return 1479.62  kl 0.0243  clip 0.273  ev 0.965  epochs 10/10
[update  486 | steps   995328 | sps   1361] ep_return 1501.11  kl 0.0383  clip 0.361  ev 0.974  epochs 10/10
[update  487 | steps   997376 | sps   1361] ep_return 1485.18  kl 0.0220  clip 0.282  ev 0.966  epochs 10/10
[update  488 | steps   999424 | sps   1362] ep_return 1516.91  kl 0.0298  clip 0.340  ev 0.974  epochs 10/10
Saved final model to ppo\data\ppo_sweep_Walker2d-v4_2026-05-11_13-54-56\model_final.pt
Saved 99 eval points -> C:\Users\mohamedosama\Downloads\CS515-Deep-RL\results\continuous\ppo\walker2d-v4\seed_2.npy
Saved wallclock              -> C:\Users\mohamedosama\Downloads\CS515-Deep-RL\results\wallclock\continuous\ppo\walker2d-v4\seed_2.npy
