GPU not detected. Defaulting to CPU.
########################
logging outputs to ppo\data\ppo_sweep_Walker2d-v4_2026-05-11_13-56-25
########################
[update    1 | steps     2048 | sps   1649] ep_return    4.01  kl 0.0193  clip 0.275  ev -0.026  epochs 10/10
[update    2 | steps     4096 | sps   1630] ep_return    8.25  kl 0.0129  clip 0.193  ev 0.107  epochs 10/10
[update    3 | steps     6144 | sps   1617] ep_return   13.41  kl 0.0122  clip 0.180  ev 0.215  epochs 10/10
[update    4 | steps     8192 | sps   1614] ep_return   23.97  kl 0.0057  clip 0.076  ev 0.275  epochs 10/10
[eval @ step    10240] mean return =   256.71
[update    5 | steps    10240 | sps   1542] ep_return   32.59  kl 0.0081  clip 0.116  ev 0.404  epochs 10/10
[update    6 | steps    12288 | sps   1557] ep_return   47.86  kl 0.0060  clip 0.079  ev 0.559  epochs 10/10
[update    7 | steps    14336 | sps   1563] ep_return   64.19  kl 0.0048  clip 0.053  ev 0.658  epochs 10/10
[update    8 | steps    16384 | sps   1569] ep_return   73.03  kl 0.0043  clip 0.051  ev 0.737  epochs 10/10
[update    9 | steps    18432 | sps   1573] ep_return   86.70  kl 0.0062  clip 0.086  ev 0.742  epochs 10/10
[eval @ step    20480] mean return =   252.75
[update   10 | steps    20480 | sps   1542] ep_return  100.65  kl 0.0053  clip 0.065  ev 0.757  epochs 10/10
[update   11 | steps    22528 | sps   1549] ep_return  115.11  kl 0.0059  clip 0.080  ev 0.777  epochs 10/10
[update   12 | steps    24576 | sps   1554] ep_return  132.99  kl 0.0056  clip 0.071  ev 0.780  epochs 10/10
[update   13 | steps    26624 | sps   1559] ep_return  147.70  kl 0.0054  clip 0.069  ev 0.777  epochs 10/10
[update   14 | steps    28672 | sps   1561] ep_return  158.63  kl 0.0061  clip 0.080  ev 0.788  epochs 10/10
[eval @ step    30720] mean return =   262.03
[update   15 | steps    30720 | sps   1542] ep_return  171.49  kl 0.0078  clip 0.110  ev 0.817  epochs 10/10
[update   16 | steps    32768 | sps   1546] ep_return  181.43  kl 0.0072  clip 0.096  ev 0.838  epochs 10/10
[update   17 | steps    34816 | sps   1550] ep_return  195.52  kl 0.0072  clip 0.097  ev 0.770  epochs 10/10
[update   18 | steps    36864 | sps   1553] ep_return  212.23  kl 0.0095  clip 0.138  ev 0.783  epochs 10/10
[update   19 | steps    38912 | sps   1556] ep_return  228.69  kl 0.0105  clip 0.150  ev 0.530  epochs 10/10
[eval @ step    40960] mean return =   288.20
[update   20 | steps    40960 | sps   1541] ep_return  243.59  kl 0.0137  clip 0.195  ev 0.053  epochs 10/10
[update   21 | steps    43008 | sps   1543] ep_return  259.52  kl 0.0174  clip 0.235  ev 0.054  epochs 10/10
[update   22 | steps    45056 | sps   1547] ep_return  262.47  kl 0.0108  clip 0.156  ev 0.545  epochs 10/10
[update   23 | steps    47104 | sps   1549] ep_return  274.04  kl 0.0143  clip 0.199  ev 0.030  epochs 10/10
[update   24 | steps    49152 | sps   1551] ep_return  288.21  kl 0.0081  clip 0.113  ev 0.597  epochs 10/10
[eval @ step    51200] mean return =   323.12
[update   25 | steps    51200 | sps   1538] ep_return  291.58  kl 0.0108  clip 0.158  ev 0.558  epochs 10/10
[update   26 | steps    53248 | sps   1540] ep_return  305.46  kl 0.0188  clip 0.253  ev 0.011  epochs 10/10
[update   27 | steps    55296 | sps   1542] ep_return  305.69  kl 0.0064  clip 0.082  ev 0.473  epochs 10/10
[update   28 | steps    57344 | sps   1544] ep_return  312.69  kl 0.0089  clip 0.127  ev 0.099  epochs 10/10
[update   29 | steps    59392 | sps   1546] ep_return  308.44  kl 0.0044  clip 0.049  ev 0.863  epochs 10/10
[eval @ step    61440] mean return =   346.11
[update   30 | steps    61440 | sps   1534] ep_return  303.91  kl 0.0089  clip 0.130  ev 0.887  epochs 10/10
[update   31 | steps    63488 | sps   1537] ep_return  297.28  kl 0.0080  clip 0.117  ev 0.932  epochs 10/10
[update   32 | steps    65536 | sps   1538] ep_return  300.45  kl 0.0121  clip 0.177  ev 0.939  epochs 10/10
[update   33 | steps    67584 | sps   1540] ep_return  299.21  kl 0.0085  clip 0.121  ev 0.961  epochs 10/10
[update   34 | steps    69632 | sps   1542] ep_return  304.14  kl 0.0100  clip 0.141  ev 0.942  epochs 10/10
[eval @ step    71680] mean return =   316.80
[update   35 | steps    71680 | sps   1533] ep_return  301.04  kl 0.0096  clip 0.139  ev 0.923  epochs 10/10
[update   36 | steps    73728 | sps   1535] ep_return  304.40  kl 0.0127  clip 0.185  ev 0.957  epochs 10/10
[update   37 | steps    75776 | sps   1536] ep_return  302.68  kl 0.0116  clip 0.168  ev 0.969  epochs 10/10
[update   38 | steps    77824 | sps   1538] ep_return  303.63  kl 0.0098  clip 0.142  ev 0.951  epochs 10/10
[update   39 | steps    79872 | sps   1540] ep_return  308.84  kl 0.0126  clip 0.183  ev 0.967  epochs 10/10
[eval @ step    81920] mean return =   376.05
[update   40 | steps    81920 | sps   1530] ep_return  311.71  kl 0.0132  clip 0.190  ev 0.975  epochs 10/10
[update   41 | steps    83968 | sps   1532] ep_return  311.24  kl 0.0123  clip 0.183  ev 0.965  epochs 10/10
[update   42 | steps    86016 | sps   1533] ep_return  314.49  kl 0.0112  clip 0.162  ev 0.949  epochs 10/10
[update   43 | steps    88064 | sps   1534] ep_return  315.62  kl 0.0120  clip 0.176  ev 0.967  epochs 10/10
[eval @ step    90112] mean return =   391.68
[update   44 | steps    90112 | sps   1524] ep_return  318.16  kl 0.0139  clip 0.196  ev 0.971  epochs 10/10
[update   45 | steps    92160 | sps   1526] ep_return  322.75  kl 0.0132  clip 0.185  ev 0.962  epochs 10/10
[update   46 | steps    94208 | sps   1528] ep_return  330.63  kl 0.0137  clip 0.196  ev 0.959  epochs 10/10
[update   47 | steps    96256 | sps   1529] ep_return  341.43  kl 0.0137  clip 0.199  ev 0.970  epochs 10/10
[update   48 | steps    98304 | sps   1530] ep_return  348.27  kl 0.0147  clip 0.203  ev 0.981  epochs 10/10
[eval @ step   100352] mean return =   382.55
[update   49 | steps   100352 | sps   1522] ep_return  352.39  kl 0.0099  clip 0.134  ev 0.967  epochs 10/10
[update   50 | steps   102400 | sps   1523] ep_return  358.37  kl 0.0145  clip 0.199  ev 0.983  epochs 10/10
[update   51 | steps   104448 | sps   1524] ep_return  366.28  kl 0.0144  clip 0.207  ev 0.980  epochs 10/10
[update   52 | steps   106496 | sps   1525] ep_return  368.38  kl 0.0129  clip 0.182  ev 0.980  epochs 10/10
[update   53 | steps   108544 | sps   1527] ep_return  371.99  kl 0.0140  clip 0.207  ev 0.982  epochs 10/10
[eval @ step   110592] mean return =   389.74
[update   54 | steps   110592 | sps   1519] ep_return  376.69  kl 0.0144  clip 0.196  ev 0.985  epochs 10/10
[update   55 | steps   112640 | sps   1521] ep_return  377.83  kl 0.0142  clip 0.196  ev 0.987  epochs 10/10
[update   56 | steps   114688 | sps   1521] ep_return  376.19  kl 0.0182  clip 0.245  ev 0.993  epochs 10/10
[update   57 | steps   116736 | sps   1522] ep_return  377.72  kl 0.0125  clip 0.176  ev 0.986  epochs 10/10
[update   58 | steps   118784 | sps   1523] ep_return  379.46  kl 0.0131  clip 0.184  ev 0.988  epochs 10/10
[eval @ step   120832] mean return =   380.93
[update   59 | steps   120832 | sps   1517] ep_return  378.46  kl 0.0119  clip 0.180  ev 0.961  epochs 10/10
[update   60 | steps   122880 | sps   1518] ep_return  380.31  kl 0.0113  clip 0.167  ev 0.984  epochs 10/10
[update   61 | steps   124928 | sps   1519] ep_return  380.50  kl 0.0110  clip 0.154  ev 0.979  epochs 10/10
[update   62 | steps   126976 | sps   1521] ep_return  382.77  kl 0.0134  clip 0.194  ev 0.982  epochs 10/10
[update   63 | steps   129024 | sps   1522] ep_return  384.48  kl 0.0138  clip 0.192  ev 0.986  epochs 10/10
[eval @ step   131072] mean return =   391.43
[update   64 | steps   131072 | sps   1516] ep_return  386.46  kl 0.0197  clip 0.270  ev 0.992  epochs 10/10
[update   65 | steps   133120 | sps   1518] ep_return  387.75  kl 0.0126  clip 0.182  ev 0.990  epochs 10/10
[update   66 | steps   135168 | sps   1519] ep_return  387.36  kl 0.0144  clip 0.205  ev 0.993  epochs 10/10
[update   67 | steps   137216 | sps   1520] ep_return  385.62  kl 0.0137  clip 0.199  ev 0.993  epochs 10/10
[update   68 | steps   139264 | sps   1521] ep_return  386.54  kl 0.0149  clip 0.209  ev 0.991  epochs 10/10
[eval @ step   141312] mean return =   375.64
[update   69 | steps   141312 | sps   1516] ep_return  390.54  kl 0.0129  clip 0.185  ev 0.992  epochs 10/10
[update   70 | steps   143360 | sps   1517] ep_return  387.08  kl 0.0114  clip 0.165  ev 0.988  epochs 10/10
[update   71 | steps   145408 | sps   1519] ep_return  390.63  kl 0.0149  clip 0.204  ev 0.992  epochs 10/10
[update   72 | steps   147456 | sps   1520] ep_return  388.41  kl 0.0152  clip 0.213  ev 0.992  epochs 10/10
[update   73 | steps   149504 | sps   1521] ep_return  385.62  kl 0.0101  clip 0.152  ev 0.979  epochs 10/10
[eval @ step   151552] mean return =   412.79
[update   74 | steps   151552 | sps   1516] ep_return  385.26  kl 0.0143  clip 0.198  ev 0.990  epochs 10/10
[update   75 | steps   153600 | sps   1517] ep_return  387.87  kl 0.0178  clip 0.248  ev 0.991  epochs 10/10
[update   76 | steps   155648 | sps   1518] ep_return  389.07  kl 0.0171  clip 0.236  ev 0.994  epochs 10/10
[update   77 | steps   157696 | sps   1519] ep_return  386.58  kl 0.0155  clip 0.219  ev 0.994  epochs 10/10
[update   78 | steps   159744 | sps   1520] ep_return  386.68  kl 0.0101  clip 0.137  ev 0.982  epochs 10/10
[eval @ step   161792] mean return =   378.34
[update   79 | steps   161792 | sps   1516] ep_return  387.41  kl 0.0134  clip 0.188  ev 0.994  epochs 10/10
[update   80 | steps   163840 | sps   1517] ep_return  386.27  kl 0.0125  clip 0.185  ev 0.971  epochs 10/10
[update   81 | steps   165888 | sps   1517] ep_return  386.17  kl 0.0147  clip 0.215  ev 0.990  epochs 10/10
[update   82 | steps   167936 | sps   1519] ep_return  388.51  kl 0.0120  clip 0.161  ev 0.987  epochs 10/10
[update   83 | steps   169984 | sps   1519] ep_return  391.22  kl 0.0150  clip 0.213  ev 0.987  epochs 10/10
[eval @ step   172032] mean return =   388.25
[update   84 | steps   172032 | sps   1516] ep_return  390.80  kl 0.0146  clip 0.210  ev 0.987  epochs 10/10
[update   85 | steps   174080 | sps   1516] ep_return  389.75  kl 0.0155  clip 0.216  ev 0.991  epochs 10/10
[update   86 | steps   176128 | sps   1517] ep_return  392.42  kl 0.0116  clip 0.166  ev 0.987  epochs 10/10
[update   87 | steps   178176 | sps   1518] ep_return  394.60  kl 0.0138  clip 0.192  ev 0.987  epochs 10/10
[eval @ step   180224] mean return =   387.01
[update   88 | steps   180224 | sps   1514] ep_return  396.02  kl 0.0161  clip 0.226  ev 0.990  epochs 10/10
[update   89 | steps   182272 | sps   1515] ep_return  403.02  kl 0.0143  clip 0.198  ev 0.991  epochs 10/10
[update   90 | steps   184320 | sps   1516] ep_return  404.03  kl 0.0096  clip 0.135  ev 0.970  epochs 10/10
[update   91 | steps   186368 | sps   1517] ep_return  407.21  kl 0.0116  clip 0.170  ev 0.986  epochs 10/10
[update   92 | steps   188416 | sps   1518] ep_return  408.49  kl 0.0101  clip 0.143  ev 0.980  epochs 10/10
[eval @ step   190464] mean return =   398.16
[update   93 | steps   190464 | sps   1514] ep_return  411.79  kl 0.0132  clip 0.186  ev 0.987  epochs 10/10
[update   94 | steps   192512 | sps   1515] ep_return  416.76  kl 0.0153  clip 0.207  ev 0.992  epochs 10/10
[update   95 | steps   194560 | sps   1516] ep_return  418.13  kl 0.0084  clip 0.114  ev 0.955  epochs 10/10
[update   96 | steps   196608 | sps   1517] ep_return  419.17  kl 0.0114  clip 0.162  ev 0.974  epochs 10/10
[update   97 | steps   198656 | sps   1517] ep_return  422.63  kl 0.0154  clip 0.216  ev 0.983  epochs 10/10
[eval @ step   200704] mean return =   395.51
[update   98 | steps   200704 | sps   1514] ep_return  422.07  kl 0.0149  clip 0.213  ev 0.983  epochs 10/10
[update   99 | steps   202752 | sps   1515] ep_return  424.26  kl 0.0194  clip 0.251  ev 0.989  epochs 10/10
[update  100 | steps   204800 | sps   1516] ep_return  426.76  kl 0.0143  clip 0.201  ev 0.988  epochs 10/10
[update  101 | steps   206848 | sps   1516] ep_return  428.77  kl 0.0142  clip 0.198  ev 0.985  epochs 10/10
[update  102 | steps   208896 | sps   1517] ep_return  432.48  kl 0.0145  clip 0.198  ev 0.986  epochs 10/10
[eval @ step   210944] mean return =   420.54
[update  103 | steps   210944 | sps   1514] ep_return  435.03  kl 0.0167  clip 0.228  ev 0.987  epochs 10/10
[update  104 | steps   212992 | sps   1515] ep_return  435.00  kl 0.0131  clip 0.187  ev 0.987  epochs 10/10
[update  105 | steps   215040 | sps   1515] ep_return  438.12  kl 0.0096  clip 0.135  ev 0.966  epochs 10/10
[update  106 | steps   217088 | sps   1516] ep_return  434.60  kl 0.0096  clip 0.136  ev 0.962  epochs 10/10
[update  107 | steps   219136 | sps   1517] ep_return  436.28  kl 0.0190  clip 0.250  ev 0.966  epochs 10/10
[eval @ step   221184] mean return =   441.60
[update  108 | steps   221184 | sps   1514] ep_return  434.73  kl 0.0089  clip 0.122  ev 0.942  epochs 10/10
[update  109 | steps   223232 | sps   1515] ep_return  435.13  kl 0.0169  clip 0.228  ev 0.985  epochs 10/10
[update  110 | steps   225280 | sps   1515] ep_return  434.52  kl 0.0100  clip 0.134  ev 0.973  epochs 10/10
[update  111 | steps   227328 | sps   1516] ep_return  431.50  kl 0.0107  clip 0.152  ev 0.961  epochs 10/10
[update  112 | steps   229376 | sps   1517] ep_return  432.29  kl 0.0199  clip 0.242  ev 0.986  epochs 10/10
[eval @ step   231424] mean return =   462.51
[update  113 | steps   231424 | sps   1514] ep_return  429.22  kl 0.0102  clip 0.142  ev 0.948  epochs 10/10
[update  114 | steps   233472 | sps   1514] ep_return  430.24  kl 0.0153  clip 0.215  ev 0.979  epochs 10/10
[update  115 | steps   235520 | sps   1515] ep_return  433.14  kl 0.0108  clip 0.150  ev 0.954  epochs 10/10
[update  116 | steps   237568 | sps   1515] ep_return  434.10  kl 0.0190  clip 0.245  ev 0.982  epochs 10/10
[update  117 | steps   239616 | sps   1516] ep_return  439.49  kl 0.0167  clip 0.226  ev 0.984  epochs 10/10
[eval @ step   241664] mean return =   467.24
[update  118 | steps   241664 | sps   1513] ep_return  446.40  kl 0.0118  clip 0.165  ev 0.968  epochs 10/10
[update  119 | steps   243712 | sps   1513] ep_return  448.87  kl 0.0101  clip 0.140  ev 0.958  epochs 10/10
[update  120 | steps   245760 | sps   1514] ep_return  454.84  kl 0.0106  clip 0.151  ev 0.958  epochs 10/10
[update  121 | steps   247808 | sps   1515] ep_return  461.93  kl 0.0154  clip 0.214  ev 0.976  epochs 10/10
[update  122 | steps   249856 | sps   1515] ep_return  464.02  kl 0.0116  clip 0.163  ev 0.966  epochs 10/10
[eval @ step   251904] mean return =   531.72
[update  123 | steps   251904 | sps   1512] ep_return  470.08  kl 0.0119  clip 0.172  ev 0.954  epochs 10/10
[update  124 | steps   253952 | sps   1513] ep_return  478.37  kl 0.0133  clip 0.196  ev 0.948  epochs 10/10
[update  125 | steps   256000 | sps   1513] ep_return  489.66  kl 0.0169  clip 0.224  ev 0.967  epochs 10/10
[update  126 | steps   258048 | sps   1514] ep_return  495.54  kl 0.0203  clip 0.261  ev 0.982  epochs 10/10
[eval @ step   260096] mean return =   717.78
[update  127 | steps   260096 | sps   1509] ep_return  502.29  kl 0.0219  clip 0.267  ev 0.987  epochs 10/10
[update  128 | steps   262144 | sps   1510] ep_return  523.47  kl 0.0163  clip 0.232  ev 0.958  epochs 10/10
[update  129 | steps   264192 | sps   1511] ep_return  535.48  kl 0.0130  clip 0.183  ev 0.961  epochs 10/10
[update  130 | steps   266240 | sps   1511] ep_return  542.96  kl 0.0164  clip 0.211  ev 0.983  epochs 10/10
[update  131 | steps   268288 | sps   1512] ep_return  550.93  kl 0.0154  clip 0.221  ev 0.962  epochs 10/10
[eval @ step   270336] mean return =   889.85
[update  132 | steps   270336 | sps   1506] ep_return  567.75  kl 0.0188  clip 0.255  ev 0.957  epochs 10/10
[update  133 | steps   272384 | sps   1507] ep_return  596.87  kl 0.0185  clip 0.232  ev 0.971  epochs 10/10
[update  134 | steps   274432 | sps   1508] ep_return  612.52  kl 0.0114  clip 0.162  ev 0.953  epochs 10/10
[update  135 | steps   276480 | sps   1509] ep_return  635.71  kl 0.0141  clip 0.191  ev 0.953  epochs 10/10
[update  136 | steps   278528 | sps   1509] ep_return  651.66  kl 0.0117  clip 0.172  ev 0.961  epochs 10/10
[eval @ step   280576] mean return =  1683.78
[update  137 | steps   280576 | sps   1498] ep_return  676.67  kl 0.0149  clip 0.218  ev 0.916  epochs 10/10
[update  138 | steps   282624 | sps   1499] ep_return  686.41  kl 0.0111  clip 0.165  ev 0.961  epochs 10/10
[update  139 | steps   284672 | sps   1499] ep_return  710.30  kl 0.0199  clip 0.252  ev 0.958  epochs 10/10
[update  140 | steps   286720 | sps   1500] ep_return  725.43  kl 0.0156  clip 0.220  ev 0.953  epochs 10/10
[update  141 | steps   288768 | sps   1501] ep_return  760.72  kl 0.0121  clip 0.176  ev 0.913  epochs 10/10
[eval @ step   290816] mean return =   854.24
[update  142 | steps   290816 | sps   1495] ep_return  773.99  kl 0.0097  clip 0.133  ev 0.936  epochs 10/10
[update  143 | steps   292864 | sps   1496] ep_return  781.10  kl 0.0129  clip 0.196  ev 0.926  epochs 10/10
[update  144 | steps   294912 | sps   1497] ep_return  799.73  kl 0.0156  clip 0.215  ev 0.962  epochs 10/10
[update  145 | steps   296960 | sps   1497] ep_return  806.53  kl 0.0130  clip 0.172  ev 0.945  epochs 10/10
[update  146 | steps   299008 | sps   1498] ep_return  843.72  kl 0.0275  clip 0.315  ev 0.957  epochs 10/10
[eval @ step   301056] mean return =  1690.48
[update  147 | steps   301056 | sps   1488] ep_return  868.60  kl 0.0238  clip 0.285  ev 0.946  epochs 10/10
[update  148 | steps   303104 | sps   1489] ep_return  911.69  kl 0.0164  clip 0.229  ev 0.961  epochs 10/10
[update  149 | steps   305152 | sps   1490] ep_return  933.60  kl 0.0179  clip 0.240  ev 0.960  epochs 10/10
[update  150 | steps   307200 | sps   1491] ep_return  944.14  kl 0.0105  clip 0.146  ev 0.945  epochs 10/10
[update  151 | steps   309248 | sps   1491] ep_return  929.19  kl 0.0111  clip 0.158  ev 0.923  epochs 10/10
[eval @ step   311296] mean return =  1723.47
[update  152 | steps   311296 | sps   1482] ep_return  950.92  kl 0.0156  clip 0.214  ev 0.944  epochs 10/10
[update  153 | steps   313344 | sps   1483] ep_return  952.09  kl 0.0139  clip 0.201  ev 0.943  epochs 10/10
[update  154 | steps   315392 | sps   1484] ep_return  971.46  kl 0.0156  clip 0.221  ev 0.933  epochs 10/10
[update  155 | steps   317440 | sps   1484] ep_return 1000.59  kl 0.0215  clip 0.279  ev 0.974  epochs 10/10
[update  156 | steps   319488 | sps   1485] ep_return  990.54  kl 0.0124  clip 0.179  ev 0.906  epochs 10/10
[eval @ step   321536] mean return =  1062.99
[update  157 | steps   321536 | sps   1480] ep_return  991.32  kl 0.0137  clip 0.183  ev 0.954  epochs 10/10
[update  158 | steps   323584 | sps   1481] ep_return 1000.41  kl 0.0142  clip 0.206  ev 0.944  epochs 10/10
[update  159 | steps   325632 | sps   1482] ep_return  972.69  kl 0.0135  clip 0.189  ev 0.938  epochs 10/10
[update  160 | steps   327680 | sps   1483] ep_return  992.80  kl 0.0182  clip 0.251  ev 0.966  epochs 10/10
[update  161 | steps   329728 | sps   1483] ep_return 1014.54  kl 0.0202  clip 0.258  ev 0.957  epochs 10/10
[eval @ step   331776] mean return =   992.18
[update  162 | steps   331776 | sps   1479] ep_return 1030.46  kl 0.0185  clip 0.257  ev 0.956  epochs 10/10
[update  163 | steps   333824 | sps   1480] ep_return 1038.78  kl 0.0135  clip 0.192  ev 0.960  epochs 10/10
[update  164 | steps   335872 | sps   1481] ep_return 1040.38  kl 0.0184  clip 0.235  ev 0.966  epochs 10/10
[update  165 | steps   337920 | sps   1481] ep_return 1058.64  kl 0.0145  clip 0.198  ev 0.960  epochs 10/10
[update  166 | steps   339968 | sps   1482] ep_return 1068.03  kl 0.0226  clip 0.284  ev 0.972  epochs 10/10
[eval @ step   342016] mean return =  1780.34
[update  167 | steps   342016 | sps   1474] ep_return 1040.86  kl 0.0164  clip 0.224  ev 0.974  epochs 10/10
[update  168 | steps   344064 | sps   1475] ep_return 1059.22  kl 0.0182  clip 0.233  ev 0.969  epochs 10/10
[update  169 | steps   346112 | sps   1476] ep_return 1039.61  kl 0.0120  clip 0.172  ev 0.957  epochs 10/10
[update  170 | steps   348160 | sps   1476] ep_return 1064.52  kl 0.0192  clip 0.248  ev 0.959  epochs 10/10
[eval @ step   350208] mean return =  1791.11
[update  171 | steps   350208 | sps   1469] ep_return 1098.71  kl 0.0248  clip 0.300  ev 0.978  epochs 10/10
[update  172 | steps   352256 | sps   1470] ep_return 1131.29  kl 0.0294  clip 0.341  ev 0.962  epochs 10/10
[update  173 | steps   354304 | sps   1471] ep_return 1140.28  kl 0.0089  clip 0.118  ev 0.951  epochs 10/10
[update  174 | steps   356352 | sps   1471] ep_return 1172.65  kl 0.0115  clip 0.162  ev 0.951  epochs 10/10
[update  175 | steps   358400 | sps   1472] ep_return 1170.77  kl 0.0151  clip 0.210  ev 0.961  epochs 10/10
[eval @ step   360448] mean return =  1528.53
[update  176 | steps   360448 | sps   1466] ep_return 1206.60  kl 0.0141  clip 0.196  ev 0.960  epochs 10/10
[update  177 | steps   362496 | sps   1467] ep_return 1194.79  kl 0.0108  clip 0.156  ev 0.942  epochs 10/10
[update  178 | steps   364544 | sps   1468] ep_return 1195.44  kl 0.0173  clip 0.233  ev 0.976  epochs 10/10
[update  179 | steps   366592 | sps   1469] ep_return 1205.83  kl 0.0100  clip 0.136  ev 0.946  epochs 10/10
[update  180 | steps   368640 | sps   1469] ep_return 1234.43  kl 0.0180  clip 0.237  ev 0.958  epochs 10/10
[eval @ step   370688] mean return =  1920.75
[update  181 | steps   370688 | sps   1462] ep_return 1252.40  kl 0.0143  clip 0.202  ev 0.961  epochs 10/10
[update  182 | steps   372736 | sps   1463] ep_return 1291.49  kl 0.0193  clip 0.253  ev 0.970  epochs 10/10
[update  183 | steps   374784 | sps   1464] ep_return 1285.04  kl 0.0165  clip 0.235  ev 0.935  epochs 10/10
[update  184 | steps   376832 | sps   1465] ep_return 1281.97  kl 0.0110  clip 0.153  ev 0.926  epochs 10/10
[update  185 | steps   378880 | sps   1465] ep_return 1266.65  kl 0.0154  clip 0.223  ev 0.973  epochs 10/10
[eval @ step   380928] mean return =  2593.47
[update  186 | steps   380928 | sps   1455] ep_return 1267.81  kl 0.0161  clip 0.227  ev 0.963  epochs 10/10
[update  187 | steps   382976 | sps   1456] ep_return 1285.53  kl 0.0163  clip 0.225  ev 0.968  epochs 10/10
[update  188 | steps   385024 | sps   1457] ep_return 1279.36  kl 0.0273  clip 0.319  ev 0.975  epochs 10/10
[update  189 | steps   387072 | sps   1458] ep_return 1293.07  kl 0.0123  clip 0.176  ev 0.955  epochs 10/10
[update  190 | steps   389120 | sps   1458] ep_return 1285.76  kl 0.0194  clip 0.250  ev 0.979  epochs 10/10
[eval @ step   391168] mean return =  2190.02
[update  191 | steps   391168 | sps   1451] ep_return 1291.73  kl 0.0206  clip 0.271  ev 0.983  epochs 10/10
[update  192 | steps   393216 | sps   1452] ep_return 1326.93  kl 0.0203  clip 0.264  ev 0.976  epochs 10/10
[update  193 | steps   395264 | sps   1452] ep_return 1290.15  kl 0.0133  clip 0.193  ev 0.972  epochs 10/10
[update  194 | steps   397312 | sps   1453] ep_return 1276.49  kl 0.0230  clip 0.286  ev 0.983  epochs 10/10
[update  195 | steps   399360 | sps   1454] ep_return 1279.95  kl 0.0210  clip 0.274  ev 0.984  epochs 10/10
[eval @ step   401408] mean return =  2362.10
[update  196 | steps   401408 | sps   1446] ep_return 1277.44  kl 0.0144  clip 0.209  ev 0.972  epochs 10/10
[update  197 | steps   403456 | sps   1447] ep_return 1244.52  kl 0.0135  clip 0.192  ev 0.967  epochs 10/10
[update  198 | steps   405504 | sps   1448] ep_return 1257.55  kl 0.0228  clip 0.286  ev 0.987  epochs 10/10
[update  199 | steps   407552 | sps   1448] ep_return 1294.77  kl 0.0263  clip 0.307  ev 0.985  epochs 10/10
[update  200 | steps   409600 | sps   1449] ep_return 1279.97  kl 0.0132  clip 0.181  ev 0.977  epochs 10/10
[eval @ step   411648] mean return =  1777.16
[update  201 | steps   411648 | sps   1444] ep_return 1245.99  kl 0.0120  clip 0.169  ev 0.973  epochs 10/10
[update  202 | steps   413696 | sps   1445] ep_return 1197.42  kl 0.0089  clip 0.122  ev 0.954  epochs 10/10
[update  203 | steps   415744 | sps   1446] ep_return 1170.58  kl 0.0104  clip 0.141  ev 0.963  epochs 10/10
[update  204 | steps   417792 | sps   1446] ep_return 1191.99  kl 0.0109  clip 0.148  ev 0.954  epochs 10/10
[update  205 | steps   419840 | sps   1447] ep_return 1201.20  kl 0.0200  clip 0.259  ev 0.979  epochs 10/10
[eval @ step   421888] mean return =  2817.93
[update  206 | steps   421888 | sps   1439] ep_return 1218.98  kl 0.0173  clip 0.228  ev 0.976  epochs 10/10
[update  207 | steps   423936 | sps   1439] ep_return 1245.19  kl 0.0174  clip 0.233  ev 0.981  epochs 10/10
[update  208 | steps   425984 | sps   1440] ep_return 1237.68  kl 0.0135  clip 0.182  ev 0.964  epochs 10/10
[update  209 | steps   428032 | sps   1441] ep_return 1205.46  kl 0.0129  clip 0.171  ev 0.953  epochs 10/10
[eval @ step   430080] mean return =  1754.24
[update  210 | steps   430080 | sps   1436] ep_return 1172.79  kl 0.0221  clip 0.273  ev 0.986  epochs 10/10
[update  211 | steps   432128 | sps   1437] ep_return 1128.03  kl 0.0154  clip 0.203  ev 0.970  epochs 10/10
[update  212 | steps   434176 | sps   1438] ep_return 1149.05  kl 0.0167  clip 0.232  ev 0.970  epochs 10/10
[update  213 | steps   436224 | sps   1438] ep_return 1131.93  kl 0.0206  clip 0.269  ev 0.977  epochs 10/10
[update  214 | steps   438272 | sps   1439] ep_return 1106.01  kl 0.0163  clip 0.222  ev 0.974  epochs 10/10
[eval @ step   440320] mean return =  1815.69
[update  215 | steps   440320 | sps   1435] ep_return 1112.28  kl 0.0195  clip 0.249  ev 0.983  epochs 10/10
[update  216 | steps   442368 | sps   1435] ep_return 1128.00  kl 0.0150  clip 0.209  ev 0.960  epochs 10/10
[update  217 | steps   444416 | sps   1436] ep_return 1105.20  kl 0.0198  clip 0.257  ev 0.979  epochs 10/10
[update  218 | steps   446464 | sps   1437] ep_return 1101.91  kl 0.0205  clip 0.257  ev 0.984  epochs 10/10
[update  219 | steps   448512 | sps   1437] ep_return 1139.03  kl 0.0204  clip 0.265  ev 0.980  epochs 10/10
[eval @ step   450560] mean return =  1427.03
[update  220 | steps   450560 | sps   1434] ep_return 1145.07  kl 0.0170  clip 0.227  ev 0.981  epochs 10/10
[update  221 | steps   452608 | sps   1435] ep_return 1146.24  kl 0.0146  clip 0.202  ev 0.969  epochs 10/10
[update  222 | steps   454656 | sps   1436] ep_return 1142.65  kl 0.0162  clip 0.217  ev 0.981  epochs 10/10
[update  223 | steps   456704 | sps   1436] ep_return 1103.42  kl 0.0207  clip 0.275  ev 0.983  epochs 10/10
[update  224 | steps   458752 | sps   1437] ep_return 1094.45  kl 0.0198  clip 0.258  ev 0.985  epochs 10/10
[eval @ step   460800] mean return =  1348.09
[update  225 | steps   460800 | sps   1434] ep_return 1066.23  kl 0.0131  clip 0.189  ev 0.953  epochs 10/10
[update  226 | steps   462848 | sps   1435] ep_return 1072.00  kl 0.0136  clip 0.185  ev 0.963  epochs 10/10
[update  227 | steps   464896 | sps   1435] ep_return 1076.37  kl 0.0186  clip 0.240  ev 0.978  epochs 10/10
[update  228 | steps   466944 | sps   1436] ep_return 1099.77  kl 0.0230  clip 0.290  ev 0.984  epochs 10/10
[update  229 | steps   468992 | sps   1437] ep_return 1114.38  kl 0.0208  clip 0.259  ev 0.979  epochs 10/10
[eval @ step   471040] mean return =  2710.66
[update  230 | steps   471040 | sps   1429] ep_return 1118.37  kl 0.0206  clip 0.257  ev 0.978  epochs 10/10
[update  231 | steps   473088 | sps   1430] ep_return 1124.76  kl 0.0235  clip 0.294  ev 0.986  epochs 10/10
[update  232 | steps   475136 | sps   1431] ep_return 1142.70  kl 0.0224  clip 0.274  ev 0.985  epochs 10/10
[update  233 | steps   477184 | sps   1431] ep_return 1174.74  kl 0.0154  clip 0.215  ev 0.969  epochs 10/10
[update  234 | steps   479232 | sps   1432] ep_return 1173.75  kl 0.0188  clip 0.238  ev 0.974  epochs 10/10
[eval @ step   481280] mean return =  2216.25
[update  235 | steps   481280 | sps   1427] ep_return 1161.66  kl 0.0160  clip 0.211  ev 0.978  epochs 10/10
[update  236 | steps   483328 | sps   1428] ep_return 1171.65  kl 0.0142  clip 0.195  ev 0.973  epochs 10/10
[update  237 | steps   485376 | sps   1429] ep_return 1134.63  kl 0.0146  clip 0.203  ev 0.971  epochs 10/10
[update  238 | steps   487424 | sps   1429] ep_return 1114.00  kl 0.0163  clip 0.211  ev 0.972  epochs 10/10
[update  239 | steps   489472 | sps   1430] ep_return 1140.83  kl 0.0214  clip 0.284  ev 0.978  epochs 10/10
[eval @ step   491520] mean return =  1338.59
[update  240 | steps   491520 | sps   1427] ep_return 1142.85  kl 0.0184  clip 0.235  ev 0.983  epochs 10/10
[update  241 | steps   493568 | sps   1428] ep_return 1166.22  kl 0.0210  clip 0.268  ev 0.989  epochs 10/10
[update  242 | steps   495616 | sps   1428] ep_return 1195.36  kl 0.0243  clip 0.288  ev 0.987  epochs 10/10
[update  243 | steps   497664 | sps   1429] ep_return 1191.12  kl 0.0157  clip 0.199  ev 0.974  epochs 10/10
[update  244 | steps   499712 | sps   1430] ep_return 1219.86  kl 0.0209  clip 0.243  ev 0.984  epochs 10/10
[eval @ step   501760] mean return =  2599.60
[update  245 | steps   501760 | sps   1424] ep_return 1217.19  kl 0.0196  clip 0.258  ev 0.985  epochs 10/10
[update  246 | steps   503808 | sps   1425] ep_return 1253.28  kl 0.0249  clip 0.290  ev 0.987  epochs 10/10
[update  247 | steps   505856 | sps   1426] ep_return 1270.18  kl 0.0184  clip 0.235  ev 0.984  epochs 10/10
[update  248 | steps   507904 | sps   1426] ep_return 1259.69  kl 0.0145  clip 0.211  ev 0.971  epochs 10/10
[update  249 | steps   509952 | sps   1427] ep_return 1247.76  kl 0.0141  clip 0.183  ev 0.969  epochs 10/10
[eval @ step   512000] mean return =  2985.36
[update  250 | steps   512000 | sps   1420] ep_return 1229.93  kl 0.0173  clip 0.224  ev 0.975  epochs 10/10
[update  251 | steps   514048 | sps   1421] ep_return 1238.54  kl 0.0224  clip 0.260  ev 0.985  epochs 10/10
[update  252 | steps   516096 | sps   1422] ep_return 1230.20  kl 0.0167  clip 0.217  ev 0.981  epochs 10/10
[update  253 | steps   518144 | sps   1423] ep_return 1228.85  kl 0.0218  clip 0.268  ev 0.985  epochs 10/10
[eval @ step   520192] mean return =  3038.94
[update  254 | steps   520192 | sps   1416] ep_return 1252.22  kl 0.0414  clip 0.371  ev 0.985  epochs 10/10
[update  255 | steps   522240 | sps   1417] ep_return 1234.27  kl 0.0124  clip 0.169  ev 0.969  epochs 10/10
[update  256 | steps   524288 | sps   1417] ep_return 1226.27  kl 0.0112  clip 0.167  ev 0.961  epochs 10/10
[update  257 | steps   526336 | sps   1418] ep_return 1255.95  kl 0.0133  clip 0.183  ev 0.972  epochs 10/10
[update  258 | steps   528384 | sps   1419] ep_return 1265.63  kl 0.0159  clip 0.209  ev 0.971  epochs 10/10
[eval @ step   530432] mean return =  2947.84
[update  259 | steps   530432 | sps   1412] ep_return 1253.99  kl 0.0145  clip 0.199  ev 0.962  epochs 10/10
[update  260 | steps   532480 | sps   1413] ep_return 1245.36  kl 0.0191  clip 0.254  ev 0.972  epochs 10/10
[update  261 | steps   534528 | sps   1413] ep_return 1255.78  kl 0.0203  clip 0.255  ev 0.982  epochs 10/10
[update  262 | steps   536576 | sps   1414] ep_return 1224.79  kl 0.0174  clip 0.228  ev 0.965  epochs 10/10
[update  263 | steps   538624 | sps   1415] ep_return 1238.01  kl 0.0164  clip 0.238  ev 0.981  epochs 10/10
[eval @ step   540672] mean return =  2527.04
[update  264 | steps   540672 | sps   1409] ep_return 1216.42  kl 0.0153  clip 0.203  ev 0.973  epochs 10/10
[update  265 | steps   542720 | sps   1410] ep_return 1204.40  kl 0.0178  clip 0.228  ev 0.968  epochs 10/10
[update  266 | steps   544768 | sps   1411] ep_return 1198.97  kl 0.0221  clip 0.287  ev 0.983  epochs 10/10
[update  267 | steps   546816 | sps   1411] ep_return 1212.15  kl 0.0236  clip 0.290  ev 0.981  epochs 10/10
[update  268 | steps   548864 | sps   1412] ep_return 1227.37  kl 0.0220  clip 0.256  ev 0.973  epochs 10/10
[eval @ step   550912] mean return =  2742.37
[update  269 | steps   550912 | sps   1406] ep_return 1244.92  kl 0.0276  clip 0.312  ev 0.977  epochs 10/10
[update  270 | steps   552960 | sps   1406] ep_return 1256.64  kl 0.0196  clip 0.227  ev 0.986  epochs 10/10
[update  271 | steps   555008 | sps   1407] ep_return 1254.97  kl 0.0220  clip 0.277  ev 0.986  epochs 10/10
[update  272 | steps   557056 | sps   1408] ep_return 1263.36  kl 0.0209  clip 0.263  ev 0.983  epochs 10/10
[update  273 | steps   559104 | sps   1408] ep_return 1289.71  kl 0.0172  clip 0.227  ev 0.972  epochs 10/10
[eval @ step   561152] mean return =  2557.61
[update  274 | steps   561152 | sps   1403] ep_return 1286.52  kl 0.0139  clip 0.191  ev 0.966  epochs 10/10
[update  275 | steps   563200 | sps   1404] ep_return 1296.04  kl 0.0203  clip 0.267  ev 0.980  epochs 10/10
[update  276 | steps   565248 | sps   1404] ep_return 1284.19  kl 0.0170  clip 0.231  ev 0.976  epochs 10/10
[update  277 | steps   567296 | sps   1405] ep_return 1295.64  kl 0.0207  clip 0.264  ev 0.987  epochs 10/10
[update  278 | steps   569344 | sps   1406] ep_return 1273.54  kl 0.0165  clip 0.214  ev 0.971  epochs 10/10
[eval @ step   571392] mean return =  1005.09
[update  279 | steps   571392 | sps   1404] ep_return 1291.91  kl 0.0254  clip 0.292  ev 0.987  epochs 10/10
[update  280 | steps   573440 | sps   1405] ep_return 1264.74  kl 0.0161  clip 0.221  ev 0.969  epochs 10/10
[update  281 | steps   575488 | sps   1405] ep_return 1277.07  kl 0.0220  clip 0.281  ev 0.982  epochs 10/10
[update  282 | steps   577536 | sps   1406] ep_return 1277.58  kl 0.0180  clip 0.243  ev 0.979  epochs 10/10
[update  283 | steps   579584 | sps   1407] ep_return 1262.14  kl 0.0216  clip 0.274  ev 0.986  epochs 10/10
[eval @ step   581632] mean return =   749.88
[update  284 | steps   581632 | sps   1406] ep_return 1270.57  kl 0.0163  clip 0.214  ev 0.983  epochs 10/10
[update  285 | steps   583680 | sps   1406] ep_return 1245.61  kl 0.0155  clip 0.197  ev 0.972  epochs 10/10
[update  286 | steps   585728 | sps   1407] ep_return 1228.54  kl 0.0269  clip 0.300  ev 0.984  epochs 10/10
[update  287 | steps   587776 | sps   1407] ep_return 1187.77  kl 0.0175  clip 0.223  ev 0.980  epochs 10/10
[update  288 | steps   589824 | sps   1408] ep_return 1185.68  kl 0.0212  clip 0.259  ev 0.979  epochs 10/10
[eval @ step   591872] mean return =   786.22
[update  289 | steps   591872 | sps   1407] ep_return 1174.62  kl 0.0162  clip 0.214  ev 0.973  epochs 10/10
[update  290 | steps   593920 | sps   1408] ep_return 1133.50  kl 0.0183  clip 0.248  ev 0.970  epochs 10/10
[update  291 | steps   595968 | sps   1408] ep_return 1102.15  kl 0.0199  clip 0.245  ev 0.978  epochs 10/10
[update  292 | steps   598016 | sps   1409] ep_return 1088.46  kl 0.0222  clip 0.278  ev 0.981  epochs 10/10
[eval @ step   600064] mean return =   850.46
[update  293 | steps   600064 | sps   1408] ep_return 1100.25  kl 0.0348  clip 0.357  ev 0.992  epochs 10/10
[update  294 | steps   602112 | sps   1408] ep_return 1109.80  kl 0.0197  clip 0.238  ev 0.987  epochs 10/10
[update  295 | steps   604160 | sps   1409] ep_return 1129.99  kl 0.0240  clip 0.267  ev 0.971  epochs 10/10
[update  296 | steps   606208 | sps   1409] ep_return 1178.04  kl 0.0194  clip 0.240  ev 0.980  epochs 10/10
[update  297 | steps   608256 | sps   1410] ep_return 1188.10  kl 0.0175  clip 0.223  ev 0.985  epochs 10/10
[eval @ step   610304] mean return =   848.85
[update  298 | steps   610304 | sps   1409] ep_return 1185.79  kl 0.0169  clip 0.225  ev 0.982  epochs 10/10
[update  299 | steps   612352 | sps   1409] ep_return 1193.74  kl 0.0252  clip 0.297  ev 0.990  epochs 10/10
[update  300 | steps   614400 | sps   1410] ep_return 1214.81  kl 0.0235  clip 0.259  ev 0.983  epochs 10/10
[update  301 | steps   616448 | sps   1410] ep_return 1216.26  kl 0.0237  clip 0.276  ev 0.988  epochs 10/10
[update  302 | steps   618496 | sps   1411] ep_return 1235.55  kl 0.0154  clip 0.194  ev 0.978  epochs 10/10
[eval @ step   620544] mean return =   786.44
[update  303 | steps   620544 | sps   1410] ep_return 1264.61  kl 0.0236  clip 0.275  ev 0.978  epochs 10/10
[update  304 | steps   622592 | sps   1410] ep_return 1300.57  kl 0.0222  clip 0.273  ev 0.985  epochs 10/10
[update  305 | steps   624640 | sps   1411] ep_return 1314.26  kl 0.0187  clip 0.234  ev 0.984  epochs 10/10
[update  306 | steps   626688 | sps   1411] ep_return 1295.62  kl 0.0231  clip 0.292  ev 0.985  epochs 10/10
[update  307 | steps   628736 | sps   1412] ep_return 1311.28  kl 0.0251  clip 0.288  ev 0.990  epochs 10/10
[eval @ step   630784] mean return =   891.94
[update  308 | steps   630784 | sps   1411] ep_return 1331.18  kl 0.0254  clip 0.278  ev 0.984  epochs 10/10
[update  309 | steps   632832 | sps   1411] ep_return 1328.67  kl 0.0216  clip 0.269  ev 0.985  epochs 10/10
[update  310 | steps   634880 | sps   1412] ep_return 1357.15  kl 0.0209  clip 0.252  ev 0.989  epochs 10/10
[update  311 | steps   636928 | sps   1413] ep_return 1372.26  kl 0.0275  clip 0.299  ev 0.993  epochs 10/10
[update  312 | steps   638976 | sps   1413] ep_return 1388.56  kl 0.0245  clip 0.303  ev 0.991  epochs 10/10
[eval @ step   641024] mean return =   665.52
[update  313 | steps   641024 | sps   1412] ep_return 1406.20  kl 0.0181  clip 0.216  ev 0.984  epochs 10/10
[update  314 | steps   643072 | sps   1413] ep_return 1386.78  kl 0.0184  clip 0.240  ev 0.984  epochs 10/10
[update  315 | steps   645120 | sps   1413] ep_return 1395.23  kl 0.0205  clip 0.240  ev 0.976  epochs 10/10
[update  316 | steps   647168 | sps   1414] ep_return 1352.71  kl 0.0240  clip 0.292  ev 0.988  epochs 10/10
[update  317 | steps   649216 | sps   1414] ep_return 1339.42  kl 0.0155  clip 0.209  ev 0.985  epochs 10/10
[eval @ step   651264] mean return =   791.69
[update  318 | steps   651264 | sps   1413] ep_return 1339.43  kl 0.0122  clip 0.168  ev 0.982  epochs 10/10
[update  319 | steps   653312 | sps   1414] ep_return 1347.59  kl 0.0172  clip 0.224  ev 0.988  epochs 10/10
[update  320 | steps   655360 | sps   1414] ep_return 1323.60  kl 0.0150  clip 0.197  ev 0.975  epochs 10/10
[update  321 | steps   657408 | sps   1415] ep_return 1323.96  kl 0.0195  clip 0.242  ev 0.984  epochs 10/10
[update  322 | steps   659456 | sps   1415] ep_return 1336.15  kl 0.0215  clip 0.270  ev 0.985  epochs 10/10
[eval @ step   661504] mean return =  1061.46
[update  323 | steps   661504 | sps   1414] ep_return 1309.96  kl 0.0232  clip 0.284  ev 0.988  epochs 10/10
[update  324 | steps   663552 | sps   1414] ep_return 1287.74  kl 0.0223  clip 0.266  ev 0.982  epochs 10/10
[update  325 | steps   665600 | sps   1415] ep_return 1288.35  kl 0.0198  clip 0.248  ev 0.986  epochs 10/10
[update  326 | steps   667648 | sps   1415] ep_return 1296.68  kl 0.0210  clip 0.275  ev 0.985  epochs 10/10
[update  327 | steps   669696 | sps   1416] ep_return 1307.50  kl 0.0280  clip 0.301  ev 0.971  epochs 10/10
[eval @ step   671744] mean return =  2422.87
[update  328 | steps   671744 | sps   1412] ep_return 1319.25  kl 0.0390  clip 0.369  ev 0.991  epochs 10/10
[update  329 | steps   673792 | sps   1412] ep_return 1312.33  kl 0.0185  clip 0.246  ev 0.990  epochs 10/10
[update  330 | steps   675840 | sps   1413] ep_return 1315.62  kl 0.0124  clip 0.164  ev 0.975  epochs 10/10
[update  331 | steps   677888 | sps   1413] ep_return 1320.21  kl 0.0228  clip 0.277  ev 0.990  epochs 10/10
[update  332 | steps   679936 | sps   1414] ep_return 1297.20  kl 0.0161  clip 0.223  ev 0.987  epochs 10/10
[eval @ step   681984] mean return =  1793.48
[update  333 | steps   681984 | sps   1411] ep_return 1289.58  kl 0.0213  clip 0.269  ev 0.990  epochs 10/10
[update  334 | steps   684032 | sps   1412] ep_return 1310.12  kl 0.0259  clip 0.291  ev 0.994  epochs 10/10
[update  335 | steps   686080 | sps   1412] ep_return 1295.02  kl 0.0206  clip 0.266  ev 0.992  epochs 10/10
[update  336 | steps   688128 | sps   1413] ep_return 1275.43  kl 0.0155  clip 0.218  ev 0.984  epochs 10/10
[eval @ step   690176] mean return =  2247.84
[update  337 | steps   690176 | sps   1410] ep_return 1289.49  kl 0.0163  clip 0.208  ev 0.979  epochs 10/10
[update  338 | steps   692224 | sps   1410] ep_return 1265.48  kl 0.0227  clip 0.268  ev 0.987  epochs 10/10
[update  339 | steps   694272 | sps   1411] ep_return 1263.67  kl 0.0195  clip 0.247  ev 0.986  epochs 10/10
[update  340 | steps   696320 | sps   1411] ep_return 1296.18  kl 0.0249  clip 0.288  ev 0.988  epochs 10/10
[update  341 | steps   698368 | sps   1412] ep_return 1272.16  kl 0.0196  clip 0.250  ev 0.987  epochs 10/10
[eval @ step   700416] mean return =  1892.01
[update  342 | steps   700416 | sps   1409] ep_return 1267.63  kl 0.0133  clip 0.178  ev 0.971  epochs 10/10
[update  343 | steps   702464 | sps   1409] ep_return 1264.84  kl 0.0181  clip 0.231  ev 0.977  epochs 10/10
[update  344 | steps   704512 | sps   1410] ep_return 1264.06  kl 0.0266  clip 0.303  ev 0.990  epochs 10/10
[update  345 | steps   706560 | sps   1410] ep_return 1287.07  kl 0.0229  clip 0.271  ev 0.983  epochs 10/10
[update  346 | steps   708608 | sps   1411] ep_return 1286.50  kl 0.0209  clip 0.243  ev 0.981  epochs 10/10
[eval @ step   710656] mean return =  1498.00
[update  347 | steps   710656 | sps   1409] ep_return 1247.12  kl 0.0204  clip 0.252  ev 0.983  epochs 10/10
[update  348 | steps   712704 | sps   1409] ep_return 1226.51  kl 0.0233  clip 0.289  ev 0.989  epochs 10/10
[update  349 | steps   714752 | sps   1410] ep_return 1206.39  kl 0.0232  clip 0.274  ev 0.986  epochs 10/10
[update  350 | steps   716800 | sps   1410] ep_return 1191.64  kl 0.0243  clip 0.285  ev 0.987  epochs 10/10
[update  351 | steps   718848 | sps   1411] ep_return 1182.61  kl 0.0226  clip 0.273  ev 0.987  epochs 10/10
[eval @ step   720896] mean return =  1717.89
[update  352 | steps   720896 | sps   1408] ep_return 1174.46  kl 0.0182  clip 0.236  ev 0.983  epochs 10/10
[update  353 | steps   722944 | sps   1409] ep_return 1173.88  kl 0.0235  clip 0.267  ev 0.985  epochs 10/10
[update  354 | steps   724992 | sps   1409] ep_return 1187.49  kl 0.0201  clip 0.258  ev 0.985  epochs 10/10
[update  355 | steps   727040 | sps   1410] ep_return 1171.32  kl 0.0155  clip 0.208  ev 0.972  epochs 10/10
[update  356 | steps   729088 | sps   1410] ep_return 1168.71  kl 0.0228  clip 0.267  ev 0.980  epochs 10/10
[eval @ step   731136] mean return =  1372.75
[update  357 | steps   731136 | sps   1409] ep_return 1172.02  kl 0.0250  clip 0.288  ev 0.987  epochs 10/10
[update  358 | steps   733184 | sps   1409] ep_return 1146.61  kl 0.0169  clip 0.234  ev 0.968  epochs 10/10
[update  359 | steps   735232 | sps   1410] ep_return 1141.88  kl 0.0188  clip 0.237  ev 0.978  epochs 10/10
[update  360 | steps   737280 | sps   1410] ep_return 1143.23  kl 0.0165  clip 0.215  ev 0.971  epochs 10/10
[update  361 | steps   739328 | sps   1410] ep_return 1118.78  kl 0.0192  clip 0.253  ev 0.972  epochs 10/10
[eval @ step   741376] mean return =  1578.85
[update  362 | steps   741376 | sps   1408] ep_return 1076.74  kl 0.0196  clip 0.255  ev 0.973  epochs 10/10
[update  363 | steps   743424 | sps   1409] ep_return 1064.34  kl 0.0191  clip 0.245  ev 0.964  epochs 10/10
[update  364 | steps   745472 | sps   1409] ep_return 1047.06  kl 0.0205  clip 0.242  ev 0.971  epochs 10/10
[update  365 | steps   747520 | sps   1410] ep_return 1047.04  kl 0.0227  clip 0.266  ev 0.977  epochs 10/10
[update  366 | steps   749568 | sps   1410] ep_return 1049.71  kl 0.0236  clip 0.277  ev 0.936  epochs 10/10
[eval @ step   751616] mean return =  1392.03
[update  367 | steps   751616 | sps   1409] ep_return 1074.54  kl 0.0244  clip 0.288  ev 0.977  epochs 10/10
[update  368 | steps   753664 | sps   1409] ep_return 1055.13  kl 0.0205  clip 0.245  ev 0.975  epochs 10/10
[update  369 | steps   755712 | sps   1409] ep_return 1067.52  kl 0.0231  clip 0.258  ev 0.976  epochs 10/10
[update  370 | steps   757760 | sps   1410] ep_return 1064.43  kl 0.0289  clip 0.308  ev 0.984  epochs 10/10
[update  371 | steps   759808 | sps   1410] ep_return 1056.70  kl 0.0190  clip 0.242  ev 0.971  epochs 10/10
[eval @ step   761856] mean return =  2127.37
[update  372 | steps   761856 | sps   1408] ep_return 1052.99  kl 0.0212  clip 0.257  ev 0.975  epochs 10/10
[update  373 | steps   763904 | sps   1408] ep_return 1040.39  kl 0.0275  clip 0.322  ev 0.967  epochs 10/10
[update  374 | steps   765952 | sps   1409] ep_return 1049.75  kl 0.0279  clip 0.307  ev 0.980  epochs 10/10
[update  375 | steps   768000 | sps   1409] ep_return 1064.23  kl 0.0164  clip 0.224  ev 0.954  epochs 10/10
[eval @ step   770048] mean return =  2421.26
[update  376 | steps   770048 | sps   1406] ep_return 1082.89  kl 0.0205  clip 0.246  ev 0.958  epochs 10/10
[update  377 | steps   772096 | sps   1406] ep_return 1086.95  kl 0.0251  clip 0.295  ev 0.978  epochs 10/10
[update  378 | steps   774144 | sps   1407] ep_return 1097.78  kl 0.0228  clip 0.291  ev 0.963  epochs 10/10
[update  379 | steps   776192 | sps   1407] ep_return 1119.87  kl 0.0166  clip 0.217  ev 0.958  epochs 10/10
[update  380 | steps   778240 | sps   1408] ep_return 1135.37  kl 0.0240  clip 0.268  ev 0.963  epochs 10/10
[eval @ step   780288] mean return =  2310.36
[update  381 | steps   780288 | sps   1405] ep_return 1140.09  kl 0.0287  clip 0.293  ev 0.976  epochs 10/10
[update  382 | steps   782336 | sps   1405] ep_return 1172.89  kl 0.0278  clip 0.303  ev 0.979  epochs 10/10
[update  383 | steps   784384 | sps   1406] ep_return 1173.55  kl 0.0222  clip 0.259  ev 0.977  epochs 10/10
[update  384 | steps   786432 | sps   1406] ep_return 1175.42  kl 0.0197  clip 0.242  ev 0.971  epochs 10/10
[update  385 | steps   788480 | sps   1407] ep_return 1174.49  kl 0.0179  clip 0.238  ev 0.954  epochs 10/10
[eval @ step   790528] mean return =  2240.45
[update  386 | steps   790528 | sps   1404] ep_return 1192.46  kl 0.0195  clip 0.247  ev 0.964  epochs 10/10
[update  387 | steps   792576 | sps   1404] ep_return 1188.86  kl 0.0261  clip 0.304  ev 0.971  epochs 10/10
[update  388 | steps   794624 | sps   1405] ep_return 1191.05  kl 0.0276  clip 0.303  ev 0.976  epochs 10/10
[update  389 | steps   796672 | sps   1405] ep_return 1209.47  kl 0.0224  clip 0.273  ev 0.953  epochs 10/10
[update  390 | steps   798720 | sps   1406] ep_return 1224.75  kl 0.0384  clip 0.372  ev 0.983  epochs 10/10
[eval @ step   800768] mean return =  2176.96
[update  391 | steps   800768 | sps   1403] ep_return 1225.63  kl 0.0239  clip 0.277  ev 0.985  epochs 10/10
[update  392 | steps   802816 | sps   1404] ep_return 1237.50  kl 0.0166  clip 0.202  ev 0.965  epochs 10/10
[update  393 | steps   804864 | sps   1404] ep_return 1245.22  kl 0.0235  clip 0.271  ev 0.972  epochs 10/10
[update  394 | steps   806912 | sps   1404] ep_return 1268.61  kl 0.0251  clip 0.294  ev 0.965  epochs 10/10
[update  395 | steps   808960 | sps   1405] ep_return 1256.32  kl 0.0307  clip 0.332  ev 0.983  epochs 10/10
[eval @ step   811008] mean return =  1867.97
[update  396 | steps   811008 | sps   1403] ep_return 1249.23  kl 0.0221  clip 0.281  ev 0.970  epochs 10/10
[update  397 | steps   813056 | sps   1403] ep_return 1248.09  kl 0.0142  clip 0.189  ev 0.951  epochs 10/10
[update  398 | steps   815104 | sps   1403] ep_return 1256.53  kl 0.0264  clip 0.277  ev 0.972  epochs 10/10
[update  399 | steps   817152 | sps   1404] ep_return 1242.12  kl 0.0221  clip 0.258  ev 0.965  epochs 10/10
[update  400 | steps   819200 | sps   1404] ep_return 1234.75  kl 0.0281  clip 0.313  ev 0.980  epochs 10/10
[eval @ step   821248] mean return =  1778.40
[update  401 | steps   821248 | sps   1402] ep_return 1239.90  kl 0.0243  clip 0.271  ev 0.973  epochs 10/10
[update  402 | steps   823296 | sps   1403] ep_return 1258.46  kl 0.0334  clip 0.339  ev 0.987  epochs 10/10
[update  403 | steps   825344 | sps   1403] ep_return 1268.56  kl 0.0181  clip 0.236  ev 0.956  epochs 10/10
[update  404 | steps   827392 | sps   1404] ep_return 1271.53  kl 0.0224  clip 0.263  ev 0.970  epochs 10/10
[update  405 | steps   829440 | sps   1404] ep_return 1268.74  kl 0.0209  clip 0.248  ev 0.964  epochs 10/10
[eval @ step   831488] mean return =  2314.49
[update  406 | steps   831488 | sps   1401] ep_return 1316.76  kl 0.0214  clip 0.261  ev 0.939  epochs 10/10
[update  407 | steps   833536 | sps   1402] ep_return 1337.60  kl 0.0337  clip 0.345  ev 0.978  epochs 10/10
[update  408 | steps   835584 | sps   1402] ep_return 1351.93  kl 0.0222  clip 0.261  ev 0.933  epochs 10/10
[update  409 | steps   837632 | sps   1403] ep_return 1376.41  kl 0.0251  clip 0.302  ev 0.968  epochs 10/10
[update  410 | steps   839680 | sps   1403] ep_return 1390.14  kl 0.0236  clip 0.272  ev 0.959  epochs 10/10
[eval @ step   841728] mean return =  2409.73
[update  411 | steps   841728 | sps   1400] ep_return 1409.20  kl 0.0214  clip 0.265  ev 0.960  epochs 10/10
[update  412 | steps   843776 | sps   1401] ep_return 1394.67  kl 0.0200  clip 0.248  ev 0.962  epochs 10/10
[update  413 | steps   845824 | sps   1401] ep_return 1407.58  kl 0.0218  clip 0.260  ev 0.956  epochs 10/10
[update  414 | steps   847872 | sps   1401] ep_return 1415.09  kl 0.0237  clip 0.278  ev 0.970  epochs 10/10
[update  415 | steps   849920 | sps   1402] ep_return 1385.57  kl 0.0190  clip 0.248  ev 0.952  epochs 10/10
[eval @ step   851968] mean return =  2832.12
[update  416 | steps   851968 | sps   1399] ep_return 1400.91  kl 0.0266  clip 0.312  ev 0.959  epochs 10/10
[update  417 | steps   854016 | sps   1399] ep_return 1410.58  kl 0.0204  clip 0.245  ev 0.961  epochs 10/10
[update  418 | steps   856064 | sps   1399] ep_return 1428.50  kl 0.0295  clip 0.322  ev 0.970  epochs 10/10
[update  419 | steps   858112 | sps   1400] ep_return 1459.47  kl 0.0300  clip 0.321  ev 0.965  epochs 10/10
[eval @ step   860160] mean return =  2766.25
[update  420 | steps   860160 | sps   1396] ep_return 1432.74  kl 0.0148  clip 0.203  ev 0.941  epochs 10/10
[update  421 | steps   862208 | sps   1397] ep_return 1442.59  kl 0.0255  clip 0.281  ev 0.961  epochs 10/10
[update  422 | steps   864256 | sps   1397] ep_return 1460.89  kl 0.0268  clip 0.319  ev 0.944  epochs 10/10
[update  423 | steps   866304 | sps   1398] ep_return 1474.26  kl 0.0234  clip 0.285  ev 0.958  epochs 10/10
[update  424 | steps   868352 | sps   1398] ep_return 1463.34  kl 0.0307  clip 0.323  ev 0.960  epochs 10/10
[eval @ step   870400] mean return =  2038.12
[update  425 | steps   870400 | sps   1396] ep_return 1491.91  kl 0.0423  clip 0.399  ev 0.979  epochs 10/10
[update  426 | steps   872448 | sps   1396] ep_return 1488.65  kl 0.0250  clip 0.309  ev 0.968  epochs 10/10
[update  427 | steps   874496 | sps   1397] ep_return 1496.36  kl 0.0284  clip 0.312  ev 0.973  epochs 10/10
[update  428 | steps   876544 | sps   1397] ep_return 1463.43  kl 0.0200  clip 0.264  ev 0.947  epochs 10/10
[update  429 | steps   878592 | sps   1397] ep_return 1422.94  kl 0.0206  clip 0.242  ev 0.960  epochs 10/10
[eval @ step   880640] mean return =  2957.57
[update  430 | steps   880640 | sps   1394] ep_return 1400.10  kl 0.0207  clip 0.268  ev 0.950  epochs 10/10
[update  431 | steps   882688 | sps   1395] ep_return 1370.83  kl 0.0277  clip 0.315  ev 0.967  epochs 10/10
[update  432 | steps   884736 | sps   1395] ep_return 1370.26  kl 0.0195  clip 0.241  ev 0.944  epochs 10/10
[update  433 | steps   886784 | sps   1395] ep_return 1392.02  kl 0.0215  clip 0.267  ev 0.946  epochs 10/10
[update  434 | steps   888832 | sps   1396] ep_return 1410.00  kl 0.0244  clip 0.272  ev 0.956  epochs 10/10
[eval @ step   890880] mean return =  3157.28
[update  435 | steps   890880 | sps   1392] ep_return 1408.34  kl 0.0405  clip 0.380  ev 0.952  epochs 10/10
[update  436 | steps   892928 | sps   1393] ep_return 1433.34  kl 0.0233  clip 0.267  ev 0.957  epochs 10/10
[update  437 | steps   894976 | sps   1393] ep_return 1476.83  kl 0.0491  clip 0.427  ev 0.938  epochs 10/10
[update  438 | steps   897024 | sps   1393] ep_return 1489.26  kl 0.0186  clip 0.234  ev 0.931  epochs 10/10
[update  439 | steps   899072 | sps   1394] ep_return 1474.53  kl 0.0184  clip 0.235  ev 0.940  epochs 10/10
[eval @ step   901120] mean return =  2900.93
[update  440 | steps   901120 | sps   1391] ep_return 1500.60  kl 0.0178  clip 0.233  ev 0.911  epochs 10/10
[update  441 | steps   903168 | sps   1391] ep_return 1506.02  kl 0.0220  clip 0.261  ev 0.913  epochs 10/10
[update  442 | steps   905216 | sps   1392] ep_return 1540.42  kl 0.0223  clip 0.269  ev 0.897  epochs 10/10
[update  443 | steps   907264 | sps   1392] ep_return 1559.54  kl 0.0262  clip 0.297  ev 0.950  epochs 10/10
[update  444 | steps   909312 | sps   1392] ep_return 1577.49  kl 0.0243  clip 0.284  ev 0.954  epochs 10/10
[eval @ step   911360] mean return =  2734.83
[update  445 | steps   911360 | sps   1389] ep_return 1581.79  kl 0.0210  clip 0.265  ev 0.939  epochs 10/10
[update  446 | steps   913408 | sps   1390] ep_return 1557.77  kl 0.0249  clip 0.302  ev 0.940  epochs 10/10
[update  447 | steps   915456 | sps   1390] ep_return 1581.00  kl 0.0328  clip 0.329  ev 0.936  epochs 10/10
[update  448 | steps   917504 | sps   1391] ep_return 1611.12  kl 0.0545  clip 0.434  ev 0.959  epochs 10/10
[update  449 | steps   919552 | sps   1391] ep_return 1631.88  kl 0.0283  clip 0.309  ev 0.963  epochs 10/10
[eval @ step   921600] mean return =  2774.37
[update  450 | steps   921600 | sps   1388] ep_return 1638.89  kl 0.0197  clip 0.240  ev 0.955  epochs 10/10
[update  451 | steps   923648 | sps   1388] ep_return 1651.36  kl 0.0232  clip 0.277  ev 0.955  epochs 10/10
[update  452 | steps   925696 | sps   1389] ep_return 1635.32  kl 0.0261  clip 0.308  ev 0.968  epochs 10/10
[update  453 | steps   927744 | sps   1389] ep_return 1646.66  kl 0.0199  clip 0.246  ev 0.943  epochs 10/10
[update  454 | steps   929792 | sps   1390] ep_return 1660.30  kl 0.0240  clip 0.292  ev 0.950  epochs 10/10
[eval @ step   931840] mean return =  3005.60
[update  455 | steps   931840 | sps   1386] ep_return 1694.10  kl 0.0686  clip 0.443  ev 0.956  epochs 10/10
[update  456 | steps   933888 | sps   1387] ep_return 1705.86  kl 0.0199  clip 0.259  ev 0.960  epochs 10/10
[update  457 | steps   935936 | sps   1387] ep_return 1685.98  kl 0.0248  clip 0.296  ev 0.961  epochs 10/10
[update  458 | steps   937984 | sps   1388] ep_return 1717.60  kl 0.0191  clip 0.242  ev 0.966  epochs 10/10
[eval @ step   940032] mean return =  2220.13
[update  459 | steps   940032 | sps   1385] ep_return 1724.10  kl 0.0243  clip 0.297  ev 0.953  epochs 10/10
[update  460 | steps   942080 | sps   1386] ep_return 1738.77  kl 0.0286  clip 0.315  ev 0.964  epochs 10/10
[update  461 | steps   944128 | sps   1386] ep_return 1736.15  kl 0.0214  clip 0.270  ev 0.931  epochs 10/10
[update  462 | steps   946176 | sps   1386] ep_return 1694.91  kl 0.0191  clip 0.240  ev 0.932  epochs 10/10
[update  463 | steps   948224 | sps   1387] ep_return 1691.95  kl 0.0303  clip 0.334  ev 0.931  epochs 10/10
[eval @ step   950272] mean return =  3083.71
[update  464 | steps   950272 | sps   1384] ep_return 1675.43  kl 0.0177  clip 0.236  ev 0.937  epochs 10/10
[update  465 | steps   952320 | sps   1384] ep_return 1664.56  kl 0.0255  clip 0.298  ev 0.959  epochs 10/10
[update  466 | steps   954368 | sps   1384] ep_return 1621.87  kl 0.0247  clip 0.292  ev 0.962  epochs 10/10
[update  467 | steps   956416 | sps   1385] ep_return 1624.91  kl 0.0287  clip 0.324  ev 0.966  epochs 10/10
[update  468 | steps   958464 | sps   1385] ep_return 1612.76  kl 0.0300  clip 0.328  ev 0.952  epochs 10/10
[eval @ step   960512] mean return =  2672.22
[update  469 | steps   960512 | sps   1382] ep_return 1646.65  kl 0.0343  clip 0.352  ev 0.954  epochs 10/10
[update  470 | steps   962560 | sps   1383] ep_return 1645.02  kl 0.0224  clip 0.276  ev 0.911  epochs 10/10
[update  471 | steps   964608 | sps   1383] ep_return 1676.86  kl 0.0451  clip 0.408  ev 0.925  epochs 10/10
[update  472 | steps   966656 | sps   1384] ep_return 1714.05  kl 0.0282  clip 0.315  ev 0.953  epochs 10/10
[update  473 | steps   968704 | sps   1384] ep_return 1696.09  kl 0.0381  clip 0.361  ev 0.970  epochs 10/10
[eval @ step   970752] mean return =  2884.55
[update  474 | steps   970752 | sps   1381] ep_return 1687.19  kl 0.0198  clip 0.263  ev 0.970  epochs 10/10
[update  475 | steps   972800 | sps   1381] ep_return 1680.75  kl 0.0207  clip 0.273  ev 0.954  epochs 10/10
[update  476 | steps   974848 | sps   1382] ep_return 1689.38  kl 0.0371  clip 0.381  ev 0.904  epochs 10/10
[update  477 | steps   976896 | sps   1382] ep_return 1707.88  kl 0.0188  clip 0.233  ev 0.928  epochs 10/10
[update  478 | steps   978944 | sps   1382] ep_return 1722.79  kl 0.0230  clip 0.286  ev 0.956  epochs 10/10
[eval @ step   980992] mean return =  2816.03
[update  479 | steps   980992 | sps   1380] ep_return 1716.67  kl 0.0146  clip 0.205  ev 0.952  epochs 10/10
[update  480 | steps   983040 | sps   1380] ep_return 1713.20  kl 0.0200  clip 0.249  ev 0.910  epochs 10/10
[update  481 | steps   985088 | sps   1380] ep_return 1682.97  kl 0.0162  clip 0.211  ev 0.950  epochs 10/10
[update  482 | steps   987136 | sps   1381] ep_return 1706.56  kl 0.0218  clip 0.270  ev 0.935  epochs 10/10
[update  483 | steps   989184 | sps   1381] ep_return 1711.10  kl 0.0270  clip 0.303  ev 0.956  epochs 10/10
[eval @ step   991232] mean return =  2625.48
[update  484 | steps   991232 | sps   1378] ep_return 1723.51  kl 0.0165  clip 0.210  ev 0.925  epochs 10/10
[update  485 | steps   993280 | sps   1379] ep_return 1724.47  kl 0.0269  clip 0.302  ev 0.946  epochs 10/10
[update  486 | steps   995328 | sps   1379] ep_return 1660.18  kl 0.0162  clip 0.217  ev 0.922  epochs 10/10
[update  487 | steps   997376 | sps   1380] ep_return 1657.49  kl 0.0211  clip 0.262  ev 0.940  epochs 10/10
[update  488 | steps   999424 | sps   1380] ep_return 1634.58  kl 0.0233  clip 0.278  ev 0.919  epochs 10/10
Saved final model to ppo\data\ppo_sweep_Walker2d-v4_2026-05-11_13-56-25\model_final.pt
Saved 99 eval points -> C:\Users\mohamedosama\Downloads\CS515-Deep-RL\results\continuous\ppo\walker2d-v4\seed_3.npy
Saved wallclock              -> C:\Users\mohamedosama\Downloads\CS515-Deep-RL\results\wallclock\continuous\ppo\walker2d-v4\seed_3.npy
