GPU not detected. Defaulting to CPU.
########################
logging outputs to reinforce\data\reinforce_sweep_Pendulum-v1_2026-05-10_20-08-02
########################
[update    1 | ep     10 | steps     2000 | sps   2000] ep_return -1286.47  pol_loss -0.0220  val_loss 170361.1719  ev 0.000
[update    2 | ep     20 | steps     4000 | sps   3232] ep_return -1363.57  pol_loss -0.0096  val_loss 208729.1562  ev 0.000
[eval @ step     6000] mean return = -1298.71
[update    3 | ep     30 | steps     6000 | sps   2933] ep_return -1392.97  pol_loss  0.0410  val_loss 211206.4062  ev 0.000
[update    4 | ep     40 | steps     8000 | sps   3052] ep_return -1369.59  pol_loss -0.0009  val_loss 174665.9375  ev 0.000
[eval @ step    10000] mean return = -1281.95
[update    5 | ep     50 | steps    10000 | sps   2913] ep_return -1371.13  pol_loss -0.0184  val_loss 198433.3906  ev 0.000
[update    6 | ep     60 | steps    12000 | sps   2952] ep_return -1348.75  pol_loss -0.0030  val_loss 156232.6406  ev 0.000
[update    7 | ep     70 | steps    14000 | sps   2985] ep_return -1339.48  pol_loss  0.0169  val_loss 171993.1562  ev 0.000
[eval @ step    16000] mean return = -1226.82
[update    8 | ep     80 | steps    16000 | sps   2894] ep_return -1332.39  pol_loss  0.0209  val_loss 173777.5312  ev 0.000
[update    9 | ep     90 | steps    18000 | sps   2931] ep_return -1330.78  pol_loss -0.0187  val_loss 175212.4375  ev 0.000
[eval @ step    20000] mean return = -1197.43
[update   10 | ep    100 | steps    20000 | sps   2855] ep_return -1330.26  pol_loss  0.0237  val_loss 177994.9531  ev 0.000
[update   11 | ep    110 | steps    22000 | sps   2913] ep_return -1323.25  pol_loss -0.0097  val_loss 151867.5938  ev 0.001
[update   12 | ep    120 | steps    24000 | sps   2944] ep_return -1300.75  pol_loss -0.0133  val_loss 150421.1562  ev 0.000
[eval @ step    26000] mean return = -1186.48
[update   13 | ep    130 | steps    26000 | sps   2918] ep_return -1286.64  pol_loss  0.0303  val_loss 169182.6875  ev 0.000
[update   14 | ep    140 | steps    28000 | sps   2945] ep_return -1268.24  pol_loss -0.0087  val_loss 128265.2109  ev 0.001
[eval @ step    30000] mean return = -1186.42
[update   15 | ep    150 | steps    30000 | sps   2917] ep_return -1240.62  pol_loss  0.0262  val_loss 125696.4141  ev 0.001
[update   16 | ep    160 | steps    32000 | sps   2939] ep_return -1244.03  pol_loss  0.0124  val_loss 159779.7656  ev 0.000
[update   17 | ep    170 | steps    34000 | sps   2952] ep_return -1228.28  pol_loss -0.0054  val_loss 125816.5625  ev 0.001
[eval @ step    36000] mean return = -1160.52
[update   18 | ep    180 | steps    36000 | sps   2934] ep_return -1219.56  pol_loss -0.0131  val_loss 145882.0000  ev 0.001
[update   19 | ep    190 | steps    38000 | sps   2977] ep_return -1202.35  pol_loss -0.0037  val_loss 132968.2188  ev 0.001
[eval @ step    40000] mean return = -1155.77
[update   20 | ep    200 | steps    40000 | sps   2949] ep_return -1181.91  pol_loss  0.0132  val_loss 122071.3984  ev 0.000
[update   21 | ep    210 | steps    42000 | sps   2967] ep_return -1192.41  pol_loss -0.0081  val_loss 177791.1406  ev 0.001
[update   22 | ep    220 | steps    44000 | sps   2986] ep_return -1194.57  pol_loss -0.0164  val_loss 152399.0625  ev 0.001
[eval @ step    46000] mean return = -1104.24
[update   23 | ep    230 | steps    46000 | sps   2973] ep_return -1191.52  pol_loss -0.0087  val_loss 166292.5781  ev 0.001
[update   24 | ep    240 | steps    48000 | sps   2985] ep_return -1209.40  pol_loss  0.0091  val_loss 164746.0625  ev 0.001
[eval @ step    50000] mean return = -1102.38
[update   25 | ep    250 | steps    50000 | sps   2977] ep_return -1223.93  pol_loss -0.0187  val_loss 154453.8594  ev 0.001
[update   26 | ep    260 | steps    52000 | sps   2985] ep_return -1212.25  pol_loss -0.0138  val_loss 129838.6641  ev 0.001
[update   27 | ep    270 | steps    54000 | sps   3006] ep_return -1222.98  pol_loss  0.0128  val_loss 150843.9375  ev 0.001
[eval @ step    56000] mean return = -1087.26
[update   28 | ep    280 | steps    56000 | sps   2972] ep_return -1211.69  pol_loss -0.0007  val_loss 114593.7891  ev 0.001
[update   29 | ep    290 | steps    58000 | sps   2988] ep_return -1211.54  pol_loss  0.0212  val_loss 125022.7422  ev 0.001
[eval @ step    60000] mean return = -1082.39
[update   30 | ep    300 | steps    60000 | sps   2968] ep_return -1220.98  pol_loss  0.0118  val_loss 144905.6562  ev 0.001
[update   31 | ep    310 | steps    62000 | sps   2975] ep_return -1211.70  pol_loss -0.0318  val_loss 147814.4688  ev 0.001
[update   32 | ep    320 | steps    64000 | sps   2989] ep_return -1206.05  pol_loss  0.0056  val_loss 136653.3281  ev 0.001
[eval @ step    66000] mean return = -1077.17
[update   33 | ep    330 | steps    66000 | sps   2979] ep_return -1199.29  pol_loss  0.0006  val_loss 147606.0312  ev 0.001
[update   34 | ep    340 | steps    68000 | sps   2984] ep_return -1195.88  pol_loss -0.0058  val_loss 157134.1719  ev 0.001
[eval @ step    70000] mean return = -1091.59
[update   35 | ep    350 | steps    70000 | sps   2959] ep_return -1192.68  pol_loss -0.0046  val_loss 144727.9688  ev 0.000
[update   36 | ep    360 | steps    72000 | sps   2968] ep_return -1199.93  pol_loss -0.0043  val_loss 146151.6094  ev 0.001
[update   37 | ep    370 | steps    74000 | sps   2985] ep_return -1196.79  pol_loss  0.0282  val_loss 138666.6719  ev 0.000
[eval @ step    76000] mean return = -1108.78
[update   38 | ep    380 | steps    76000 | sps   2962] ep_return -1208.16  pol_loss  0.0320  val_loss 144136.6562  ev 0.001
[update   39 | ep    390 | steps    78000 | sps   2974] ep_return -1226.54  pol_loss -0.0257  val_loss 167977.9062  ev 0.001
[eval @ step    80000] mean return = -1116.60
[update   40 | ep    400 | steps    80000 | sps   2952] ep_return -1222.32  pol_loss -0.0160  val_loss 132947.1094  ev 0.001
[update   41 | ep    410 | steps    82000 | sps   2957] ep_return -1210.82  pol_loss -0.0117  val_loss 122359.4375  ev -0.000
[update   42 | ep    420 | steps    84000 | sps   2978] ep_return -1216.03  pol_loss  0.0228  val_loss 151582.6719  ev 0.000
[eval @ step    86000] mean return = -1093.76
[update   43 | ep    430 | steps    86000 | sps   2965] ep_return -1201.04  pol_loss -0.0030  val_loss 108511.4062  ev 0.000
[update   44 | ep    440 | steps    88000 | sps   2977] ep_return -1200.77  pol_loss -0.0003  val_loss 157208.3125  ev 0.000
[eval @ step    90000] mean return = -1115.74
[update   45 | ep    450 | steps    90000 | sps   2962] ep_return -1199.24  pol_loss -0.0023  val_loss 139347.9219  ev 0.000
[update   46 | ep    460 | steps    92000 | sps   2976] ep_return -1203.37  pol_loss  0.0218  val_loss 163181.3438  ev 0.001
[update   47 | ep    470 | steps    94000 | sps   2980] ep_return -1205.91  pol_loss  0.0001  val_loss 150205.8125  ev 0.001
[eval @ step    96000] mean return = -1093.62
[update   48 | ep    480 | steps    96000 | sps   2965] ep_return -1206.31  pol_loss  0.0196  val_loss 143436.8281  ev 0.000
[update   49 | ep    490 | steps    98000 | sps   2973] ep_return -1187.24  pol_loss  0.0386  val_loss 125855.6328  ev -0.000
[eval @ step   100000] mean return = -1127.62
[update   50 | ep    500 | steps   100000 | sps   2957] ep_return -1198.11  pol_loss  0.0089  val_loss 168403.3906  ev 0.001
[update   51 | ep    510 | steps   102000 | sps   2961] ep_return -1194.01  pol_loss -0.0090  val_loss 113437.9688  ev -0.002
[update   52 | ep    520 | steps   104000 | sps   2963] ep_return -1190.60  pol_loss -0.0028  val_loss 142537.7344  ev 0.001
[eval @ step   106000] mean return = -1149.29
[update   53 | ep    530 | steps   106000 | sps   2963] ep_return -1222.65  pol_loss  0.0167  val_loss 187699.8125  ev 0.001
[update   54 | ep    540 | steps   108000 | sps   2972] ep_return -1225.49  pol_loss -0.0290  val_loss 170236.8281  ev 0.001
[eval @ step   110000] mean return = -1140.54
[update   55 | ep    550 | steps   110000 | sps   2955] ep_return -1239.26  pol_loss -0.0130  val_loss 179909.2656  ev 0.001
[update   56 | ep    560 | steps   112000 | sps   2969] ep_return -1236.03  pol_loss  0.0322  val_loss 153739.6094  ev 0.000
[update   57 | ep    570 | steps   114000 | sps   2985] ep_return -1254.10  pol_loss  0.0276  val_loss 198873.6250  ev 0.000
[eval @ step   116000] mean return = -1139.59
[update   58 | ep    580 | steps   116000 | sps   2976] ep_return -1266.82  pol_loss  0.0229  val_loss 179441.4062  ev 0.002
[update   59 | ep    590 | steps   118000 | sps   2991] ep_return -1285.64  pol_loss -0.0131  val_loss 174719.8438  ev 0.001
[eval @ step   120000] mean return = -1137.03
[update   60 | ep    600 | steps   120000 | sps   2982] ep_return -1274.41  pol_loss  0.0222  val_loss 140552.9688  ev 0.001
[update   61 | ep    610 | steps   122000 | sps   2985] ep_return -1277.78  pol_loss  0.0266  val_loss 128519.4219  ev 0.001
[update   62 | ep    620 | steps   124000 | sps   2993] ep_return -1278.65  pol_loss -0.0054  val_loss 142114.4375  ev 0.001
[eval @ step   126000] mean return = -1110.02
[update   63 | ep    630 | steps   126000 | sps   2977] ep_return -1268.17  pol_loss -0.0191  val_loss 164973.6250  ev 0.001
[update   64 | ep    640 | steps   128000 | sps   2981] ep_return -1254.93  pol_loss -0.0252  val_loss 129988.7734  ev 0.000
[eval @ step   130000] mean return = -1123.00
[update   65 | ep    650 | steps   130000 | sps   2972] ep_return -1241.38  pol_loss -0.0303  val_loss 148450.0000  ev -0.000
[update   66 | ep    660 | steps   132000 | sps   2975] ep_return -1241.77  pol_loss -0.0223  val_loss 151761.2812  ev 0.001
[update   67 | ep    670 | steps   134000 | sps   2978] ep_return -1220.57  pol_loss  0.0160  val_loss 142987.7031  ev -0.000
[eval @ step   136000] mean return = -1088.05
[update   68 | ep    680 | steps   136000 | sps   2966] ep_return -1191.58  pol_loss -0.0108  val_loss 107334.9609  ev 0.002
[update   69 | ep    690 | steps   138000 | sps   2969] ep_return -1174.56  pol_loss  0.0053  val_loss 130790.5391  ev 0.000
[eval @ step   140000] mean return = -1094.20
[update   70 | ep    700 | steps   140000 | sps   2960] ep_return -1171.39  pol_loss  0.0172  val_loss 129211.1562  ev 0.003
[update   71 | ep    710 | steps   142000 | sps   2962] ep_return -1181.25  pol_loss  0.0058  val_loss 143638.7188  ev 0.002
[update   72 | ep    720 | steps   144000 | sps   2966] ep_return -1188.04  pol_loss  0.0080  val_loss 161864.0625  ev 0.002
[eval @ step   146000] mean return = -1104.11
[update   73 | ep    730 | steps   146000 | sps   2955] ep_return -1176.26  pol_loss -0.0036  val_loss 129825.5625  ev 0.000
[update   74 | ep    740 | steps   148000 | sps   2958] ep_return -1181.06  pol_loss -0.0005  val_loss 144196.6875  ev 0.004
[eval @ step   150000] mean return = -1097.53
[update   75 | ep    750 | steps   150000 | sps   2948] ep_return -1188.72  pol_loss  0.0100  val_loss 159940.8750  ev 0.003
[update   76 | ep    760 | steps   152000 | sps   2952] ep_return -1193.24  pol_loss -0.0186  val_loss 157062.2031  ev 0.001
[update   77 | ep    770 | steps   154000 | sps   2954] ep_return -1184.78  pol_loss -0.0001  val_loss 118404.7031  ev -0.000
[eval @ step   156000] mean return = -1094.26
[update   78 | ep    780 | steps   156000 | sps   2944] ep_return -1196.24  pol_loss -0.0040  val_loss 126414.0703  ev 0.002
[update   79 | ep    790 | steps   158000 | sps   2946] ep_return -1190.33  pol_loss -0.0417  val_loss 117260.6953  ev 0.003
[eval @ step   160000] mean return = -1086.80
[update   80 | ep    800 | steps   160000 | sps   2934] ep_return -1186.59  pol_loss  0.0010  val_loss 121607.0938  ev 0.002
[update   81 | ep    810 | steps   162000 | sps   2937] ep_return -1183.42  pol_loss -0.0100  val_loss 134460.9688  ev 0.002
[update   82 | ep    820 | steps   164000 | sps   2949] ep_return -1177.88  pol_loss  0.0163  val_loss 140819.3750  ev 0.003
[eval @ step   166000] mean return = -1093.82
[update   83 | ep    830 | steps   166000 | sps   2942] ep_return -1178.09  pol_loss  0.0264  val_loss 133043.3750  ev 0.004
[update   84 | ep    840 | steps   168000 | sps   2947] ep_return -1173.55  pol_loss -0.0042  val_loss 132870.7500  ev 0.003
[eval @ step   170000] mean return = -1113.45
[update   85 | ep    850 | steps   170000 | sps   2940] ep_return -1163.55  pol_loss -0.0101  val_loss 136892.8125  ev 0.005
[update   86 | ep    860 | steps   172000 | sps   2942] ep_return -1148.36  pol_loss -0.0002  val_loss 127506.0625  ev 0.002
[update   87 | ep    870 | steps   174000 | sps   2946] ep_return -1151.53  pol_loss  0.0012  val_loss 125304.2266  ev 0.001
[eval @ step   176000] mean return = -1123.90
[update   88 | ep    880 | steps   176000 | sps   2944] ep_return -1163.46  pol_loss  0.0069  val_loss 157307.0469  ev 0.002
[update   89 | ep    890 | steps   178000 | sps   2951] ep_return -1164.27  pol_loss -0.0053  val_loss 115240.3281  ev -0.001
[eval @ step   180000] mean return = -1114.31
[update   90 | ep    900 | steps   180000 | sps   2947] ep_return -1175.01  pol_loss -0.0129  val_loss 141926.0625  ev 0.001
[update   91 | ep    910 | steps   182000 | sps   2950] ep_return -1174.04  pol_loss -0.0139  val_loss 134804.5156  ev 0.002
[update   92 | ep    920 | steps   184000 | sps   2960] ep_return -1168.95  pol_loss  0.0026  val_loss 128221.2734  ev -0.000
[eval @ step   186000] mean return = -1112.14
[update   93 | ep    930 | steps   186000 | sps   2952] ep_return -1179.26  pol_loss  0.0449  val_loss 156953.9688  ev 0.003
[update   94 | ep    940 | steps   188000 | sps   2957] ep_return -1195.03  pol_loss -0.0181  val_loss 166141.3750  ev 0.002
[eval @ step   190000] mean return = -1124.94
[update   95 | ep    950 | steps   190000 | sps   2953] ep_return -1192.53  pol_loss  0.0259  val_loss 128170.4609  ev 0.002
[update   96 | ep    960 | steps   192000 | sps   2956] ep_return -1191.78  pol_loss -0.0176  val_loss 129153.5391  ev 0.002
[update   97 | ep    970 | steps   194000 | sps   2957] ep_return -1204.50  pol_loss -0.0000  val_loss 155745.0312  ev 0.000
[eval @ step   196000] mean return = -1134.13
[update   98 | ep    980 | steps   196000 | sps   2952] ep_return -1191.27  pol_loss -0.0281  val_loss 126344.1250  ev 0.004
[update   99 | ep    990 | steps   198000 | sps   2958] ep_return -1199.97  pol_loss -0.0053  val_loss 138703.9688  ev 0.002
[eval @ step   200000] mean return = -1119.58
[update  100 | ep   1000 | steps   200000 | sps   2950] ep_return -1199.11  pol_loss -0.0087  val_loss 141815.8281  ev 0.003
[update  101 | ep   1010 | steps   202000 | sps   2953] ep_return -1204.40  pol_loss  0.0018  val_loss 141086.0312  ev 0.001
[update  102 | ep   1020 | steps   204000 | sps   2955] ep_return -1203.58  pol_loss -0.0042  val_loss 129721.5703  ev 0.005
[eval @ step   206000] mean return = -1117.48
[update  103 | ep   1030 | steps   206000 | sps   2948] ep_return -1196.65  pol_loss  0.0051  val_loss 139798.1562  ev 0.002
[update  104 | ep   1040 | steps   208000 | sps   2951] ep_return -1178.42  pol_loss  0.0129  val_loss 122170.9141  ev 0.004
[eval @ step   210000] mean return = -1089.04
[update  105 | ep   1050 | steps   210000 | sps   2943] ep_return -1177.16  pol_loss -0.0076  val_loss 126377.2266  ev -0.000
[update  106 | ep   1060 | steps   212000 | sps   2945] ep_return -1176.98  pol_loss  0.0222  val_loss 124337.4219  ev 0.004
[update  107 | ep   1070 | steps   214000 | sps   2946] ep_return -1173.03  pol_loss -0.0242  val_loss 145415.9375  ev 0.002
[eval @ step   216000] mean return = -1063.33
[update  108 | ep   1080 | steps   216000 | sps   2948] ep_return -1172.73  pol_loss  0.0008  val_loss 127639.1719  ev 0.004
[update  109 | ep   1090 | steps   218000 | sps   2959] ep_return -1164.78  pol_loss -0.0103  val_loss 118541.0078  ev 0.003
[eval @ step   220000] mean return = -1087.69
[update  110 | ep   1100 | steps   220000 | sps   2964] ep_return -1164.39  pol_loss -0.0130  val_loss 137675.8281  ev 0.004
[update  111 | ep   1110 | steps   222000 | sps   2972] ep_return -1161.40  pol_loss -0.0139  val_loss 138545.8594  ev 0.001
[update  112 | ep   1120 | steps   224000 | sps   2977] ep_return -1157.19  pol_loss  0.0061  val_loss 122025.0859  ev 0.001
[eval @ step   226000] mean return = -1094.69
[update  113 | ep   1130 | steps   226000 | sps   2974] ep_return -1151.20  pol_loss  0.0082  val_loss 121729.6328  ev 0.003
[update  114 | ep   1140 | steps   228000 | sps   2978] ep_return -1157.07  pol_loss -0.0254  val_loss 134321.9531  ev 0.001
[eval @ step   230000] mean return = -1104.27
[update  115 | ep   1150 | steps   230000 | sps   2971] ep_return -1154.96  pol_loss -0.0174  val_loss 119689.9141  ev 0.001
[update  116 | ep   1160 | steps   232000 | sps   2973] ep_return -1165.40  pol_loss  0.0022  val_loss 142266.9688  ev 0.003
[update  117 | ep   1170 | steps   234000 | sps   2975] ep_return -1165.92  pol_loss -0.0069  val_loss 143098.4062  ev 0.002
[eval @ step   236000] mean return = -1100.52
[update  118 | ep   1180 | steps   236000 | sps   2968] ep_return -1171.65  pol_loss  0.0012  val_loss 137582.1562  ev 0.000
[update  119 | ep   1190 | steps   238000 | sps   2970] ep_return -1174.91  pol_loss  0.0162  val_loss 126884.4531  ev 0.001
[eval @ step   240000] mean return = -1106.14
[update  120 | ep   1200 | steps   240000 | sps   2965] ep_return -1169.59  pol_loss -0.0048  val_loss 122848.0781  ev 0.004
[update  121 | ep   1210 | steps   242000 | sps   2969] ep_return -1163.27  pol_loss -0.0130  val_loss 121196.0859  ev 0.003
[update  122 | ep   1220 | steps   244000 | sps   2971] ep_return -1159.79  pol_loss -0.0005  val_loss 112860.7031  ev 0.001
[eval @ step   246000] mean return = -1107.37
[update  123 | ep   1230 | steps   246000 | sps   2965] ep_return -1164.53  pol_loss  0.0001  val_loss 137247.7500  ev 0.003
[update  124 | ep   1240 | steps   248000 | sps   2966] ep_return -1158.73  pol_loss  0.0113  val_loss 121126.6875  ev 0.001
[eval @ step   250000] mean return = -1108.69
[update  125 | ep   1250 | steps   250000 | sps   2960] ep_return -1164.11  pol_loss  0.0245  val_loss 130506.7578  ev 0.001
[update  126 | ep   1260 | steps   252000 | sps   2961] ep_return -1159.69  pol_loss -0.0120  val_loss 135638.8281  ev 0.003
[update  127 | ep   1270 | steps   254000 | sps   2963] ep_return -1152.44  pol_loss -0.0072  val_loss 130016.4297  ev 0.001
[eval @ step   256000] mean return = -1109.06
[update  128 | ep   1280 | steps   256000 | sps   2956] ep_return -1168.27  pol_loss -0.0116  val_loss 177460.5469  ev 0.003
[update  129 | ep   1290 | steps   258000 | sps   2958] ep_return -1177.80  pol_loss  0.0088  val_loss 147603.9062  ev 0.004
[eval @ step   260000] mean return = -1084.02
[update  130 | ep   1300 | steps   260000 | sps   2953] ep_return -1186.40  pol_loss -0.0076  val_loss 149308.5000  ev 0.004
[update  131 | ep   1310 | steps   262000 | sps   2960] ep_return -1180.54  pol_loss -0.0043  val_loss 113837.8750  ev 0.001
[update  132 | ep   1320 | steps   264000 | sps   2963] ep_return -1191.14  pol_loss  0.0242  val_loss 135673.1250  ev 0.002
[eval @ step   266000] mean return = -1093.63
[update  133 | ep   1330 | steps   266000 | sps   2957] ep_return -1186.04  pol_loss  0.0139  val_loss 118269.8984  ev 0.002
[update  134 | ep   1340 | steps   268000 | sps   2958] ep_return -1182.18  pol_loss  0.0085  val_loss 111918.8281  ev -0.000
[eval @ step   270000] mean return = -1079.25
[update  135 | ep   1350 | steps   270000 | sps   2954] ep_return -1184.31  pol_loss  0.0098  val_loss 141910.7812  ev 0.005
[update  136 | ep   1360 | steps   272000 | sps   2956] ep_return -1190.46  pol_loss  0.0011  val_loss 152035.4844  ev 0.003
[update  137 | ep   1370 | steps   274000 | sps   2957] ep_return -1198.24  pol_loss -0.0089  val_loss 146843.2812  ev 0.002
[eval @ step   276000] mean return = -1109.91
[update  138 | ep   1380 | steps   276000 | sps   2953] ep_return -1179.47  pol_loss  0.0013  val_loss 130400.9141  ev 0.004
[update  139 | ep   1390 | steps   278000 | sps   2958] ep_return -1165.45  pol_loss  0.0099  val_loss 111905.4531  ev 0.003
[eval @ step   280000] mean return = -1110.09
[update  140 | ep   1400 | steps   280000 | sps   2954] ep_return -1154.80  pol_loss -0.0202  val_loss 122877.1016  ev 0.003
[update  141 | ep   1410 | steps   282000 | sps   2957] ep_return -1163.40  pol_loss -0.0089  val_loss 127055.0391  ev 0.003
[update  142 | ep   1420 | steps   284000 | sps   2960] ep_return -1160.68  pol_loss  0.0094  val_loss 132796.4375  ev 0.004
[eval @ step   286000] mean return = -1083.24
[update  143 | ep   1430 | steps   286000 | sps   2955] ep_return -1146.26  pol_loss -0.0020  val_loss 95115.0625  ev 0.001
[update  144 | ep   1440 | steps   288000 | sps   2958] ep_return -1172.88  pol_loss  0.0162  val_loss 181276.0938  ev 0.003
[eval @ step   290000] mean return = -1093.44
[update  145 | ep   1450 | steps   290000 | sps   2955] ep_return -1169.25  pol_loss -0.0063  val_loss 133787.3594  ev 0.002
[update  146 | ep   1460 | steps   292000 | sps   2958] ep_return -1176.36  pol_loss  0.0039  val_loss 167600.0625  ev 0.003
[update  147 | ep   1470 | steps   294000 | sps   2959] ep_return -1160.55  pol_loss  0.0172  val_loss 113932.3047  ev 0.002
[eval @ step   296000] mean return = -1102.66
[update  148 | ep   1480 | steps   296000 | sps   2956] ep_return -1158.97  pol_loss -0.0137  val_loss 127001.6094  ev 0.003
[update  149 | ep   1490 | steps   298000 | sps   2959] ep_return -1158.49  pol_loss  0.0110  val_loss 123601.4844  ev 0.004
[eval @ step   300000] mean return = -1102.59
[update  150 | ep   1500 | steps   300000 | sps   2955] ep_return -1177.28  pol_loss  0.0199  val_loss 167325.0938  ev 0.002
[update  151 | ep   1510 | steps   302000 | sps   2956] ep_return -1164.83  pol_loss -0.0035  val_loss 103456.1250  ev 0.002
[update  152 | ep   1520 | steps   304000 | sps   2958] ep_return -1184.55  pol_loss -0.0167  val_loss 175293.4219  ev 0.003
[eval @ step   306000] mean return = -1102.82
[update  153 | ep   1530 | steps   306000 | sps   2953] ep_return -1188.06  pol_loss -0.0146  val_loss 101200.2578  ev 0.003
[update  154 | ep   1540 | steps   308000 | sps   2955] ep_return -1171.99  pol_loss -0.0071  val_loss 146109.9219  ev 0.003
[eval @ step   310000] mean return = -1088.99
[update  155 | ep   1550 | steps   310000 | sps   2952] ep_return -1169.69  pol_loss -0.0197  val_loss 127327.3984  ev 0.003
[update  156 | ep   1560 | steps   312000 | sps   2955] ep_return -1172.90  pol_loss  0.0101  val_loss 176905.8594  ev 0.004
[update  157 | ep   1570 | steps   314000 | sps   2958] ep_return -1163.37  pol_loss  0.0153  val_loss 93001.9688  ev 0.001
[eval @ step   316000] mean return = -1081.98
[update  158 | ep   1580 | steps   316000 | sps   2954] ep_return -1163.41  pol_loss -0.0207  val_loss 134725.1250  ev 0.004
[update  159 | ep   1590 | steps   318000 | sps   2956] ep_return -1168.97  pol_loss -0.0015  val_loss 129641.3125  ev 0.003
[eval @ step   320000] mean return = -1096.38
[update  160 | ep   1600 | steps   320000 | sps   2952] ep_return -1151.02  pol_loss -0.0045  val_loss 121114.0156  ev 0.003
[update  161 | ep   1610 | steps   322000 | sps   2955] ep_return -1162.24  pol_loss -0.0014  val_loss 133753.7188  ev 0.004
[update  162 | ep   1620 | steps   324000 | sps   2957] ep_return -1146.52  pol_loss -0.0313  val_loss 145312.1094  ev 0.004
[eval @ step   326000] mean return = -1100.11
[update  163 | ep   1630 | steps   326000 | sps   2955] ep_return -1160.92  pol_loss  0.0100  val_loss 143303.8438  ev 0.003
[update  164 | ep   1640 | steps   328000 | sps   2958] ep_return -1163.05  pol_loss -0.0027  val_loss 146425.1875  ev 0.003
[eval @ step   330000] mean return = -1102.14
[update  165 | ep   1650 | steps   330000 | sps   2954] ep_return -1157.46  pol_loss -0.0092  val_loss 114730.9453  ev 0.004
[update  166 | ep   1660 | steps   332000 | sps   2957] ep_return -1127.40  pol_loss  0.0073  val_loss 109809.6641  ev 0.003
[update  167 | ep   1670 | steps   334000 | sps   2958] ep_return -1150.96  pol_loss  0.0254  val_loss 147520.7812  ev 0.002
[eval @ step   336000] mean return = -1101.55
[update  168 | ep   1680 | steps   336000 | sps   2956] ep_return -1153.89  pol_loss -0.0132  val_loss 133284.1562  ev 0.003
[update  169 | ep   1690 | steps   338000 | sps   2960] ep_return -1159.99  pol_loss -0.0100  val_loss 146012.2031  ev 0.004
[eval @ step   340000] mean return = -1113.84
[update  170 | ep   1700 | steps   340000 | sps   2954] ep_return -1159.01  pol_loss  0.0219  val_loss 128667.2500  ev 0.002
[update  171 | ep   1710 | steps   342000 | sps   2956] ep_return -1157.65  pol_loss  0.0123  val_loss 124764.9141  ev 0.004
[update  172 | ep   1720 | steps   344000 | sps   2958] ep_return -1157.34  pol_loss  0.0002  val_loss 141978.0938  ev 0.004
[eval @ step   346000] mean return = -1120.38
[update  173 | ep   1730 | steps   346000 | sps   2956] ep_return -1167.55  pol_loss  0.0248  val_loss 161101.4375  ev 0.003
[update  174 | ep   1740 | steps   348000 | sps   2959] ep_return -1157.00  pol_loss  0.0024  val_loss 121574.2812  ev 0.002
[eval @ step   350000] mean return = -1130.04
[update  175 | ep   1750 | steps   350000 | sps   2958] ep_return -1167.88  pol_loss  0.0107  val_loss 143663.2344  ev 0.005
[update  176 | ep   1760 | steps   352000 | sps   2960] ep_return -1196.69  pol_loss  0.0077  val_loss 171287.4219  ev 0.003
[update  177 | ep   1770 | steps   354000 | sps   2962] ep_return -1185.44  pol_loss -0.0124  val_loss 122093.1484  ev 0.002
[eval @ step   356000] mean return = -1128.15
[update  178 | ep   1780 | steps   356000 | sps   2959] ep_return -1199.40  pol_loss -0.0144  val_loss 172692.2812  ev 0.003
[update  179 | ep   1790 | steps   358000 | sps   2959] ep_return -1198.34  pol_loss -0.0324  val_loss 142288.5781  ev 0.003
[eval @ step   360000] mean return = -1130.89
[update  180 | ep   1800 | steps   360000 | sps   2953] ep_return -1191.46  pol_loss -0.0257  val_loss 115441.0781  ev 0.003
[update  181 | ep   1810 | steps   362000 | sps   2955] ep_return -1193.03  pol_loss -0.0166  val_loss 130888.2109  ev 0.004
[update  182 | ep   1820 | steps   364000 | sps   2957] ep_return -1196.92  pol_loss  0.0049  val_loss 149781.5938  ev 0.003
[eval @ step   366000] mean return = -1141.12
[update  183 | ep   1830 | steps   366000 | sps   2953] ep_return -1189.58  pol_loss  0.0089  val_loss 139631.2188  ev 0.003
[update  184 | ep   1840 | steps   368000 | sps   2955] ep_return -1200.85  pol_loss  0.0139  val_loss 144316.2812  ev 0.003
[eval @ step   370000] mean return = -1136.71
[update  185 | ep   1850 | steps   370000 | sps   2952] ep_return -1204.21  pol_loss -0.0100  val_loss 147233.0781  ev 0.003
[update  186 | ep   1860 | steps   372000 | sps   2955] ep_return -1203.78  pol_loss -0.0052  val_loss 171198.0312  ev 0.003
[update  187 | ep   1870 | steps   374000 | sps   2957] ep_return -1208.53  pol_loss -0.0324  val_loss 130576.9062  ev 0.004
[eval @ step   376000] mean return = -1108.47
[update  188 | ep   1880 | steps   376000 | sps   2953] ep_return -1177.54  pol_loss  0.0100  val_loss 97006.0859  ev 0.002
[update  189 | ep   1890 | steps   378000 | sps   2955] ep_return -1159.77  pol_loss  0.0036  val_loss 102413.0312  ev 0.003
[eval @ step   380000] mean return = -1116.90
[update  190 | ep   1900 | steps   380000 | sps   2956] ep_return -1170.76  pol_loss -0.0104  val_loss 133563.1562  ev 0.004
[update  191 | ep   1910 | steps   382000 | sps   2959] ep_return -1174.72  pol_loss -0.0050  val_loss 145460.7344  ev 0.004
[update  192 | ep   1920 | steps   384000 | sps   2960] ep_return -1172.91  pol_loss  0.0150  val_loss 144223.6406  ev 0.004
[eval @ step   386000] mean return = -1102.32
[update  193 | ep   1930 | steps   386000 | sps   2956] ep_return -1193.90  pol_loss -0.0200  val_loss 191027.7812  ev 0.003
[update  194 | ep   1940 | steps   388000 | sps   2958] ep_return -1185.93  pol_loss -0.0092  val_loss 128479.0703  ev 0.004
[eval @ step   390000] mean return = -1113.08
[update  195 | ep   1950 | steps   390000 | sps   2955] ep_return -1186.29  pol_loss  0.0175  val_loss 152331.8750  ev 0.005
[update  196 | ep   1960 | steps   392000 | sps   2956] ep_return -1169.77  pol_loss  0.0000  val_loss 140947.3281  ev 0.005
[update  197 | ep   1970 | steps   394000 | sps   2958] ep_return -1167.02  pol_loss -0.0166  val_loss 122769.7734  ev 0.003
[eval @ step   396000] mean return = -1116.82
[update  198 | ep   1980 | steps   396000 | sps   2954] ep_return -1177.69  pol_loss -0.0019  val_loss 121737.5234  ev 0.004
[update  199 | ep   1990 | steps   398000 | sps   2957] ep_return -1182.92  pol_loss  0.0037  val_loss 111625.5312  ev 0.004
[eval @ step   400000] mean return = -1106.26
[update  200 | ep   2000 | steps   400000 | sps   2955] ep_return -1169.50  pol_loss -0.0270  val_loss 103263.8984  ev 0.005
[update  201 | ep   2010 | steps   402000 | sps   2956] ep_return -1154.31  pol_loss -0.0024  val_loss 100876.2422  ev 0.003
[update  202 | ep   2020 | steps   404000 | sps   2959] ep_return -1157.03  pol_loss  0.0134  val_loss 149765.9062  ev 0.003
[eval @ step   406000] mean return = -1115.53
[update  203 | ep   2030 | steps   406000 | sps   2955] ep_return -1138.44  pol_loss -0.0068  val_loss 144908.0000  ev 0.004
[update  204 | ep   2040 | steps   408000 | sps   2956] ep_return -1137.40  pol_loss  0.0102  val_loss 127236.1016  ev 0.004
[eval @ step   410000] mean return = -1091.80
[update  205 | ep   2050 | steps   410000 | sps   2951] ep_return -1117.36  pol_loss  0.0355  val_loss 100890.7500  ev 0.004
[update  206 | ep   2060 | steps   412000 | sps   2953] ep_return -1113.22  pol_loss -0.0060  val_loss 123731.8438  ev 0.004
[update  207 | ep   2070 | steps   414000 | sps   2954] ep_return -1124.84  pol_loss  0.0067  val_loss 148569.2812  ev 0.005
[eval @ step   416000] mean return = -1100.03
[update  208 | ep   2080 | steps   416000 | sps   2950] ep_return -1125.19  pol_loss  0.0080  val_loss 125625.4219  ev 0.005
[update  209 | ep   2090 | steps   418000 | sps   2951] ep_return -1132.37  pol_loss  0.0063  val_loss 125791.6250  ev 0.005
[eval @ step   420000] mean return = -1098.43
[update  210 | ep   2100 | steps   420000 | sps   2948] ep_return -1166.59  pol_loss -0.0081  val_loss 178598.5938  ev 0.004
[update  211 | ep   2110 | steps   422000 | sps   2949] ep_return -1179.86  pol_loss  0.0129  val_loss 126605.7734  ev 0.005
[update  212 | ep   2120 | steps   424000 | sps   2950] ep_return -1168.75  pol_loss -0.0023  val_loss 123676.0625  ev 0.004
[eval @ step   426000] mean return = -1079.12
[update  213 | ep   2130 | steps   426000 | sps   2947] ep_return -1171.48  pol_loss -0.0131  val_loss 148085.1719  ev 0.005
[update  214 | ep   2140 | steps   428000 | sps   2948] ep_return -1166.89  pol_loss -0.0130  val_loss 113263.6250  ev 0.003
[eval @ step   430000] mean return = -1088.94
[update  215 | ep   2150 | steps   430000 | sps   2946] ep_return -1177.52  pol_loss -0.0041  val_loss 118916.9688  ev 0.004
[update  216 | ep   2160 | steps   432000 | sps   2948] ep_return -1178.05  pol_loss  0.0103  val_loss 118542.5312  ev 0.004
[update  217 | ep   2170 | steps   434000 | sps   2950] ep_return -1160.84  pol_loss -0.0028  val_loss 106791.8906  ev 0.004
[eval @ step   436000] mean return = -1101.77
[update  218 | ep   2180 | steps   436000 | sps   2949] ep_return -1167.55  pol_loss  0.0016  val_loss 130023.6953  ev 0.004
[update  219 | ep   2190 | steps   438000 | sps   2951] ep_return -1175.05  pol_loss  0.0127  val_loss 145002.6250  ev 0.004
[eval @ step   440000] mean return = -1101.69
[update  220 | ep   2200 | steps   440000 | sps   2948] ep_return -1145.10  pol_loss -0.0007  val_loss 108911.4688  ev 0.003
[update  221 | ep   2210 | steps   442000 | sps   2949] ep_return -1139.62  pol_loss  0.0400  val_loss 110716.5078  ev 0.005
[update  222 | ep   2220 | steps   444000 | sps   2951] ep_return -1151.80  pol_loss  0.0047  val_loss 150717.2969  ev 0.004
[eval @ step   446000] mean return = -1097.37
[update  223 | ep   2230 | steps   446000 | sps   2951] ep_return -1142.40  pol_loss  0.0402  val_loss 122882.7344  ev 0.005
[update  224 | ep   2240 | steps   448000 | sps   2954] ep_return -1168.07  pol_loss -0.0275  val_loss 168115.6094  ev 0.004
[eval @ step   450000] mean return = -1117.49
[update  225 | ep   2250 | steps   450000 | sps   2951] ep_return -1175.50  pol_loss  0.0000  val_loss 138280.2812  ev 0.004
[update  226 | ep   2260 | steps   452000 | sps   2953] ep_return -1185.28  pol_loss  0.0148  val_loss 142334.2969  ev 0.004
[update  227 | ep   2270 | steps   454000 | sps   2955] ep_return -1196.25  pol_loss  0.0116  val_loss 132205.0625  ev 0.004
[eval @ step   456000] mean return = -1138.73
[update  228 | ep   2280 | steps   456000 | sps   2951] ep_return -1194.19  pol_loss  0.0139  val_loss 126682.0703  ev 0.004
[update  229 | ep   2290 | steps   458000 | sps   2954] ep_return -1185.85  pol_loss  0.0111  val_loss 122456.4297  ev 0.003
[eval @ step   460000] mean return = -1140.35
[update  230 | ep   2300 | steps   460000 | sps   2951] ep_return -1193.00  pol_loss -0.0075  val_loss 121541.0859  ev 0.004
[update  231 | ep   2310 | steps   462000 | sps   2953] ep_return -1197.51  pol_loss -0.0190  val_loss 124544.6406  ev 0.003
[update  232 | ep   2320 | steps   464000 | sps   2955] ep_return -1191.54  pol_loss  0.0178  val_loss 134827.8594  ev 0.005
[eval @ step   466000] mean return = -1138.70
[update  233 | ep   2330 | steps   466000 | sps   2953] ep_return -1198.52  pol_loss -0.0257  val_loss 144034.2188  ev 0.005
[update  234 | ep   2340 | steps   468000 | sps   2954] ep_return -1184.07  pol_loss -0.0150  val_loss 139164.8906  ev 0.004
[eval @ step   470000] mean return = -1140.22
[update  235 | ep   2350 | steps   470000 | sps   2951] ep_return -1181.53  pol_loss -0.0145  val_loss 133499.4062  ev 0.004
[update  236 | ep   2360 | steps   472000 | sps   2951] ep_return -1173.77  pol_loss  0.0098  val_loss 128749.2656  ev 0.003
[update  237 | ep   2370 | steps   474000 | sps   2952] ep_return -1177.66  pol_loss -0.0103  val_loss 137278.5156  ev 0.004
[eval @ step   476000] mean return = -1136.39
[update  238 | ep   2380 | steps   476000 | sps   2948] ep_return -1170.90  pol_loss  0.0076  val_loss 113858.2891  ev 0.002
[update  239 | ep   2390 | steps   478000 | sps   2949] ep_return -1172.08  pol_loss  0.0166  val_loss 127564.4141  ev 0.003
[eval @ step   480000] mean return = -1128.75
[update  240 | ep   2400 | steps   480000 | sps   2946] ep_return -1185.50  pol_loss  0.0198  val_loss 152786.3594  ev 0.004
[update  241 | ep   2410 | steps   482000 | sps   2947] ep_return -1183.67  pol_loss -0.0112  val_loss 120038.0547  ev 0.003
[update  242 | ep   2420 | steps   484000 | sps   2948] ep_return -1176.34  pol_loss -0.0126  val_loss 120846.1562  ev 0.003
[eval @ step   486000] mean return = -1130.74
[update  243 | ep   2430 | steps   486000 | sps   2944] ep_return -1176.20  pol_loss -0.0150  val_loss 138577.2500  ev 0.004
[update  244 | ep   2440 | steps   488000 | sps   2947] ep_return -1165.06  pol_loss -0.0172  val_loss 109373.8906  ev 0.005
[eval @ step   490000] mean return = -1131.46
[update  245 | ep   2450 | steps   490000 | sps   2946] ep_return -1169.28  pol_loss  0.0107  val_loss 145406.3438  ev 0.004
[update  246 | ep   2460 | steps   492000 | sps   2948] ep_return -1167.51  pol_loss  0.0138  val_loss 118225.7188  ev 0.003
[update  247 | ep   2470 | steps   494000 | sps   2950] ep_return -1159.36  pol_loss -0.0003  val_loss 121636.8281  ev 0.004
[eval @ step   496000] mean return = -1131.20
[update  248 | ep   2480 | steps   496000 | sps   2947] ep_return -1166.78  pol_loss -0.0161  val_loss 125761.8047  ev 0.005
[update  249 | ep   2490 | steps   498000 | sps   2950] ep_return -1166.82  pol_loss  0.0111  val_loss 123814.4219  ev 0.004
[eval @ step   500000] mean return = -1124.97
[update  250 | ep   2500 | steps   500000 | sps   2947] ep_return -1150.04  pol_loss  0.0061  val_loss 114674.5625  ev 0.003
[update  251 | ep   2510 | steps   502000 | sps   2948] ep_return -1157.42  pol_loss  0.0073  val_loss 136645.6875  ev 0.003
[update  252 | ep   2520 | steps   504000 | sps   2950] ep_return -1157.53  pol_loss  0.0046  val_loss 120791.6562  ev 0.002
[eval @ step   506000] mean return = -1126.30
[update  253 | ep   2530 | steps   506000 | sps   2948] ep_return -1146.90  pol_loss  0.0287  val_loss 113345.9766  ev 0.004
[update  254 | ep   2540 | steps   508000 | sps   2950] ep_return -1153.98  pol_loss -0.0078  val_loss 121174.5312  ev 0.005
[eval @ step   510000] mean return = -1130.67
[update  255 | ep   2550 | steps   510000 | sps   2948] ep_return -1140.05  pol_loss  0.0109  val_loss 112289.0938  ev 0.002
[update  256 | ep   2560 | steps   512000 | sps   2951] ep_return -1139.73  pol_loss -0.0257  val_loss 118310.6250  ev 0.003
[update  257 | ep   2570 | steps   514000 | sps   2952] ep_return -1137.17  pol_loss -0.0006  val_loss 113926.8281  ev 0.003
[eval @ step   516000] mean return = -1109.12
[update  258 | ep   2580 | steps   516000 | sps   2951] ep_return -1133.17  pol_loss  0.0267  val_loss 124504.9062  ev 0.003
[update  259 | ep   2590 | steps   518000 | sps   2952] ep_return -1128.54  pol_loss -0.0039  val_loss 115669.1172  ev 0.003
[eval @ step   520000] mean return = -1092.13
[update  260 | ep   2600 | steps   520000 | sps   2952] ep_return -1131.12  pol_loss  0.0168  val_loss 119186.7812  ev 0.003
[update  261 | ep   2610 | steps   522000 | sps   2953] ep_return -1132.33  pol_loss -0.0167  val_loss 139298.7969  ev 0.004
[update  262 | ep   2620 | steps   524000 | sps   2954] ep_return -1140.13  pol_loss  0.0093  val_loss 132410.8750  ev 0.004
[eval @ step   526000] mean return = -1066.25
[update  263 | ep   2630 | steps   526000 | sps   2951] ep_return -1132.36  pol_loss -0.0156  val_loss 99719.2188  ev 0.002
[update  264 | ep   2640 | steps   528000 | sps   2952] ep_return -1136.96  pol_loss -0.0173  val_loss 136494.4219  ev 0.004
[eval @ step   530000] mean return = -1085.52
[update  265 | ep   2650 | steps   530000 | sps   2951] ep_return -1137.32  pol_loss  0.0217  val_loss 105449.6484  ev 0.003
[update  266 | ep   2660 | steps   532000 | sps   2953] ep_return -1146.70  pol_loss -0.0019  val_loss 141519.7344  ev 0.004
[update  267 | ep   2670 | steps   534000 | sps   2955] ep_return -1144.97  pol_loss -0.0089  val_loss 109822.9766  ev 0.003
[eval @ step   536000] mean return = -1092.12
[update  268 | ep   2680 | steps   536000 | sps   2954] ep_return -1143.92  pol_loss  0.0024  val_loss 117254.1016  ev 0.003
[update  269 | ep   2690 | steps   538000 | sps   2958] ep_return -1138.91  pol_loss -0.0116  val_loss 106459.2344  ev 0.003
[eval @ step   540000] mean return = -1092.97
[update  270 | ep   2700 | steps   540000 | sps   2956] ep_return -1140.38  pol_loss -0.0216  val_loss 132408.6250  ev 0.003
[update  271 | ep   2710 | steps   542000 | sps   2957] ep_return -1131.31  pol_loss -0.0046  val_loss 116079.2891  ev 0.003
[update  272 | ep   2720 | steps   544000 | sps   2959] ep_return -1117.50  pol_loss -0.0009  val_loss 104214.5781  ev 0.002
[eval @ step   546000] mean return = -1111.27
[update  273 | ep   2730 | steps   546000 | sps   2957] ep_return -1140.13  pol_loss  0.0041  val_loss 156643.8594  ev 0.003
[update  274 | ep   2740 | steps   548000 | sps   2958] ep_return -1137.50  pol_loss  0.0008  val_loss 132350.6875  ev 0.003
[eval @ step   550000] mean return = -1092.33
[update  275 | ep   2750 | steps   550000 | sps   2956] ep_return -1136.39  pol_loss -0.0241  val_loss 105752.7734  ev 0.002
[update  276 | ep   2760 | steps   552000 | sps   2957] ep_return -1135.28  pol_loss  0.0072  val_loss 138398.7812  ev 0.003
[update  277 | ep   2770 | steps   554000 | sps   2959] ep_return -1151.78  pol_loss -0.0091  val_loss 148702.8438  ev 0.003
[eval @ step   556000] mean return = -1097.85
[update  278 | ep   2780 | steps   556000 | sps   2956] ep_return -1153.36  pol_loss -0.0014  val_loss 121323.2188  ev 0.003
[update  279 | ep   2790 | steps   558000 | sps   2958] ep_return -1174.39  pol_loss -0.0104  val_loss 152723.8594  ev 0.003
[eval @ step   560000] mean return = -1092.05
[update  280 | ep   2800 | steps   560000 | sps   2956] ep_return -1156.90  pol_loss  0.0026  val_loss 85071.7812  ev 0.002
[update  281 | ep   2810 | steps   562000 | sps   2958] ep_return -1165.32  pol_loss  0.0167  val_loss 139836.0625  ev 0.003
[update  282 | ep   2820 | steps   564000 | sps   2959] ep_return -1174.21  pol_loss -0.0148  val_loss 129538.1875  ev 0.003
[eval @ step   566000] mean return = -1111.18
[update  283 | ep   2830 | steps   566000 | sps   2957] ep_return -1149.32  pol_loss  0.0077  val_loss 94344.0625  ev 0.002
[update  284 | ep   2840 | steps   568000 | sps   2958] ep_return -1146.77  pol_loss  0.0123  val_loss 127786.5156  ev 0.004
[eval @ step   570000] mean return = -1112.42
[update  285 | ep   2850 | steps   570000 | sps   2956] ep_return -1157.00  pol_loss  0.0258  val_loss 133992.0625  ev 0.003
[update  286 | ep   2860 | steps   572000 | sps   2958] ep_return -1151.27  pol_loss -0.0255  val_loss 125089.0703  ev 0.003
[update  287 | ep   2870 | steps   574000 | sps   2960] ep_return -1159.34  pol_loss  0.0263  val_loss 164872.1875  ev 0.003
[eval @ step   576000] mean return = -1099.60
[update  288 | ep   2880 | steps   576000 | sps   2960] ep_return -1158.15  pol_loss -0.0008  val_loss 113664.6562  ev 0.003
[update  289 | ep   2890 | steps   578000 | sps   2962] ep_return -1138.88  pol_loss  0.0005  val_loss 110662.4453  ev 0.003
[eval @ step   580000] mean return = -1090.98
[update  290 | ep   2900 | steps   580000 | sps   2960] ep_return -1143.55  pol_loss  0.0084  val_loss 95946.7266  ev 0.003
[update  291 | ep   2910 | steps   582000 | sps   2962] ep_return -1128.31  pol_loss -0.0230  val_loss 108088.2266  ev 0.003
[update  292 | ep   2920 | steps   584000 | sps   2963] ep_return -1124.82  pol_loss  0.0050  val_loss 119977.2969  ev 0.002
[eval @ step   586000] mean return = -1116.06
[update  293 | ep   2930 | steps   586000 | sps   2962] ep_return -1134.87  pol_loss  0.0004  val_loss 111050.6250  ev 0.002
[update  294 | ep   2940 | steps   588000 | sps   2964] ep_return -1142.39  pol_loss  0.0026  val_loss 143646.6562  ev 0.002
[eval @ step   590000] mean return = -1111.75
[update  295 | ep   2950 | steps   590000 | sps   2963] ep_return -1151.76  pol_loss -0.0172  val_loss 156066.3438  ev 0.003
[update  296 | ep   2960 | steps   592000 | sps   2965] ep_return -1177.54  pol_loss -0.0180  val_loss 183760.4688  ev 0.002
[update  297 | ep   2970 | steps   594000 | sps   2967] ep_return -1162.59  pol_loss  0.0038  val_loss 133358.7188  ev 0.003
[eval @ step   596000] mean return = -1102.35
[update  298 | ep   2980 | steps   596000 | sps   2967] ep_return -1164.02  pol_loss -0.0016  val_loss 122906.0312  ev 0.003
[update  299 | ep   2990 | steps   598000 | sps   2967] ep_return -1158.54  pol_loss -0.0226  val_loss 91780.6953  ev 0.003
[eval @ step   600000] mean return = -1084.69
[update  300 | ep   3000 | steps   600000 | sps   2965] ep_return -1176.90  pol_loss -0.0238  val_loss 131566.6562  ev 0.003
[update  301 | ep   3010 | steps   602000 | sps   2968] ep_return -1172.81  pol_loss -0.0080  val_loss 96790.9297  ev 0.002
[update  302 | ep   3020 | steps   604000 | sps   2969] ep_return -1170.85  pol_loss -0.0082  val_loss 114094.0312  ev 0.003
[eval @ step   606000] mean return = -1073.99
[update  303 | ep   3030 | steps   606000 | sps   2967] ep_return -1166.83  pol_loss  0.0084  val_loss 110357.3125  ev 0.003
[update  304 | ep   3040 | steps   608000 | sps   2968] ep_return -1157.06  pol_loss  0.0187  val_loss 118950.7812  ev 0.003
[eval @ step   610000] mean return = -1061.79
[update  305 | ep   3050 | steps   610000 | sps   2966] ep_return -1138.95  pol_loss  0.0323  val_loss 111729.0703  ev 0.003
[update  306 | ep   3060 | steps   612000 | sps   2967] ep_return -1112.53  pol_loss -0.0094  val_loss 117950.6250  ev 0.003
[update  307 | ep   3070 | steps   614000 | sps   2969] ep_return -1108.30  pol_loss  0.0048  val_loss 120634.1797  ev 0.003
[eval @ step   616000] mean return = -1085.43
[update  308 | ep   3080 | steps   616000 | sps   2968] ep_return -1109.38  pol_loss -0.0049  val_loss 122975.7422  ev 0.003
[update  309 | ep   3090 | steps   618000 | sps   2970] ep_return -1121.49  pol_loss -0.0133  val_loss 116108.4297  ev 0.004
[eval @ step   620000] mean return = -1087.96
[update  310 | ep   3100 | steps   620000 | sps   2968] ep_return -1114.06  pol_loss  0.0025  val_loss 115645.5781  ev 0.003
[update  311 | ep   3110 | steps   622000 | sps   2969] ep_return -1128.94  pol_loss -0.0249  val_loss 127269.1797  ev 0.003
[update  312 | ep   3120 | steps   624000 | sps   2971] ep_return -1128.05  pol_loss -0.0224  val_loss 106796.0078  ev 0.002
[eval @ step   626000] mean return = -1112.48
[update  313 | ep   3130 | steps   626000 | sps   2970] ep_return -1132.21  pol_loss -0.0146  val_loss 109284.9766  ev 0.002
[update  314 | ep   3140 | steps   628000 | sps   2973] ep_return -1133.12  pol_loss  0.0412  val_loss 116635.2109  ev 0.003
[eval @ step   630000] mean return = -1113.17
[update  315 | ep   3150 | steps   630000 | sps   2971] ep_return -1135.72  pol_loss  0.0030  val_loss 113148.5781  ev 0.002
[update  316 | ep   3160 | steps   632000 | sps   2972] ep_return -1139.65  pol_loss -0.0143  val_loss 125931.1016  ev 0.003
[update  317 | ep   3170 | steps   634000 | sps   2974] ep_return -1137.14  pol_loss  0.0043  val_loss 113543.9219  ev 0.003
[eval @ step   636000] mean return = -1100.23
[update  318 | ep   3180 | steps   636000 | sps   2972] ep_return -1130.45  pol_loss -0.0038  val_loss 106884.5312  ev 0.002
[update  319 | ep   3190 | steps   638000 | sps   2975] ep_return -1124.34  pol_loss  0.0032  val_loss 108038.9688  ev 0.002
[eval @ step   640000] mean return = -1063.16
[update  320 | ep   3200 | steps   640000 | sps   2973] ep_return -1125.77  pol_loss -0.0109  val_loss 121301.9375  ev 0.003
[update  321 | ep   3210 | steps   642000 | sps   2974] ep_return -1119.74  pol_loss -0.0280  val_loss 111899.5469  ev 0.003
[update  322 | ep   3220 | steps   644000 | sps   2976] ep_return -1118.20  pol_loss -0.0052  val_loss 106436.6250  ev 0.002
[eval @ step   646000] mean return = -1070.47
[update  323 | ep   3230 | steps   646000 | sps   2974] ep_return -1135.56  pol_loss -0.0094  val_loss 150822.1719  ev 0.003
[update  324 | ep   3240 | steps   648000 | sps   2976] ep_return -1128.33  pol_loss -0.0043  val_loss 105919.6641  ev 0.002
[eval @ step   650000] mean return = -1078.20
[update  325 | ep   3250 | steps   650000 | sps   2975] ep_return -1145.05  pol_loss -0.0142  val_loss 150795.9375  ev 0.003
[update  326 | ep   3260 | steps   652000 | sps   2977] ep_return -1139.29  pol_loss  0.0164  val_loss 115185.9766  ev 0.003
[update  327 | ep   3270 | steps   654000 | sps   2979] ep_return -1144.98  pol_loss -0.0140  val_loss 130459.1172  ev 0.003
[eval @ step   656000] mean return = -1077.76
[update  328 | ep   3280 | steps   656000 | sps   2977] ep_return -1155.94  pol_loss  0.0134  val_loss 132308.7188  ev 0.003
[update  329 | ep   3290 | steps   658000 | sps   2977] ep_return -1163.98  pol_loss -0.0272  val_loss 127057.0938  ev 0.003
[eval @ step   660000] mean return = -1083.90
[update  330 | ep   3300 | steps   660000 | sps   2976] ep_return -1164.04  pol_loss -0.0219  val_loss 125107.9531  ev 0.003
[update  331 | ep   3310 | steps   662000 | sps   2977] ep_return -1160.97  pol_loss  0.0044  val_loss 110323.6641  ev 0.003
[update  332 | ep   3320 | steps   664000 | sps   2978] ep_return -1161.91  pol_loss  0.0123  val_loss 107322.0234  ev 0.002
[eval @ step   666000] mean return = -1093.75
[update  333 | ep   3330 | steps   666000 | sps   2977] ep_return -1144.90  pol_loss  0.0137  val_loss 114150.1406  ev 0.002
[update  334 | ep   3340 | steps   668000 | sps   2978] ep_return -1168.85  pol_loss  0.0299  val_loss 153913.9062  ev 0.002
[eval @ step   670000] mean return = -1107.73
[update  335 | ep   3350 | steps   670000 | sps   2977] ep_return -1154.72  pol_loss  0.0132  val_loss 121770.5703  ev 0.003
[update  336 | ep   3360 | steps   672000 | sps   2978] ep_return -1158.71  pol_loss -0.0066  val_loss 130082.2266  ev 0.002
[update  337 | ep   3370 | steps   674000 | sps   2980] ep_return -1148.91  pol_loss -0.0085  val_loss 109986.9609  ev 0.002
[eval @ step   676000] mean return = -1115.65
[update  338 | ep   3380 | steps   676000 | sps   2978] ep_return -1155.60  pol_loss  0.0001  val_loss 150164.6250  ev 0.002
[update  339 | ep   3390 | steps   678000 | sps   2980] ep_return -1151.58  pol_loss -0.0056  val_loss 119290.6328  ev 0.002
[eval @ step   680000] mean return = -1131.10
[update  340 | ep   3400 | steps   680000 | sps   2979] ep_return -1163.08  pol_loss -0.0030  val_loss 152215.4375  ev 0.002
[update  341 | ep   3410 | steps   682000 | sps   2981] ep_return -1172.27  pol_loss  0.0024  val_loss 133293.1406  ev 0.003
[update  342 | ep   3420 | steps   684000 | sps   2982] ep_return -1184.32  pol_loss -0.0321  val_loss 141541.6875  ev 0.002
[eval @ step   686000] mean return = -1125.10
[update  343 | ep   3430 | steps   686000 | sps   2981] ep_return -1196.87  pol_loss  0.0297  val_loss 150250.9375  ev 0.002
[update  344 | ep   3440 | steps   688000 | sps   2983] ep_return -1193.77  pol_loss  0.0251  val_loss 158043.7969  ev 0.002
[eval @ step   690000] mean return = -1119.75
[update  345 | ep   3450 | steps   690000 | sps   2981] ep_return -1194.78  pol_loss -0.0275  val_loss 127473.0938  ev 0.002
[update  346 | ep   3460 | steps   692000 | sps   2983] ep_return -1198.63  pol_loss  0.0433  val_loss 135612.8906  ev 0.002
[update  347 | ep   3470 | steps   694000 | sps   2984] ep_return -1197.05  pol_loss -0.0002  val_loss 111893.1875  ev 0.002
[eval @ step   696000] mean return = -1096.80
[update  348 | ep   3480 | steps   696000 | sps   2983] ep_return -1196.81  pol_loss  0.0147  val_loss 148374.5156  ev 0.002
[update  349 | ep   3490 | steps   698000 | sps   2984] ep_return -1195.19  pol_loss -0.0247  val_loss 113317.2969  ev 0.002
[eval @ step   700000] mean return = -1095.41
[update  350 | ep   3500 | steps   700000 | sps   2983] ep_return -1182.46  pol_loss -0.0109  val_loss 119592.5938  ev 0.002
[update  351 | ep   3510 | steps   702000 | sps   2983] ep_return -1173.94  pol_loss -0.0147  val_loss 109309.4219  ev 0.002
[update  352 | ep   3520 | steps   704000 | sps   2985] ep_return -1162.74  pol_loss -0.0186  val_loss 117547.4844  ev 0.002
[eval @ step   706000] mean return = -1126.34
[update  353 | ep   3530 | steps   706000 | sps   2984] ep_return -1151.55  pol_loss  0.0034  val_loss 122849.7734  ev 0.002
[update  354 | ep   3540 | steps   708000 | sps   2984] ep_return -1142.40  pol_loss -0.0127  val_loss 136734.7500  ev 0.003
[eval @ step   710000] mean return = -1126.80
[update  355 | ep   3550 | steps   710000 | sps   2983] ep_return -1122.40  pol_loss -0.0371  val_loss 86123.2031  ev 0.002
[update  356 | ep   3560 | steps   712000 | sps   2983] ep_return -1105.89  pol_loss -0.0152  val_loss 103688.0781  ev 0.002
[update  357 | ep   3570 | steps   714000 | sps   2985] ep_return -1122.39  pol_loss  0.0061  val_loss 148194.3438  ev 0.002
[eval @ step   716000] mean return = -1130.17
[update  358 | ep   3580 | steps   716000 | sps   2984] ep_return -1124.08  pol_loss  0.0036  val_loss 154080.0156  ev 0.002
[update  359 | ep   3590 | steps   718000 | sps   2985] ep_return -1123.65  pol_loss  0.0058  val_loss 113217.5938  ev 0.002
[eval @ step   720000] mean return = -1123.24
[update  360 | ep   3600 | steps   720000 | sps   2984] ep_return -1125.26  pol_loss  0.0296  val_loss 121016.4453  ev 0.002
[update  361 | ep   3610 | steps   722000 | sps   2986] ep_return -1143.15  pol_loss -0.0173  val_loss 148319.7344  ev 0.002
[update  362 | ep   3620 | steps   724000 | sps   2987] ep_return -1138.45  pol_loss -0.0080  val_loss 101383.4766  ev 0.002
[eval @ step   726000] mean return = -1096.98
[update  363 | ep   3630 | steps   726000 | sps   2986] ep_return -1144.80  pol_loss  0.0153  val_loss 134398.2812  ev 0.002
[update  364 | ep   3640 | steps   728000 | sps   2988] ep_return -1146.03  pol_loss  0.0089  val_loss 131564.1406  ev 0.002
[eval @ step   730000] mean return = -1100.21
[update  365 | ep   3650 | steps   730000 | sps   2987] ep_return -1164.37  pol_loss -0.0180  val_loss 123060.2422  ev 0.002
[update  366 | ep   3660 | steps   732000 | sps   2987] ep_return -1186.45  pol_loss -0.0064  val_loss 146725.5781  ev 0.002
[update  367 | ep   3670 | steps   734000 | sps   2988] ep_return -1179.19  pol_loss -0.0005  val_loss 128812.1797  ev 0.002
[eval @ step   736000] mean return = -1088.16
[update  368 | ep   3680 | steps   736000 | sps   2986] ep_return -1168.67  pol_loss -0.0120  val_loss 126304.8516  ev 0.002
[update  369 | ep   3690 | steps   738000 | sps   2987] ep_return -1165.74  pol_loss  0.0112  val_loss 106973.9219  ev 0.003
[eval @ step   740000] mean return = -1067.50
[update  370 | ep   3700 | steps   740000 | sps   2986] ep_return -1152.80  pol_loss  0.0024  val_loss 95822.4375  ev 0.002
[update  371 | ep   3710 | steps   742000 | sps   2988] ep_return -1129.33  pol_loss -0.0014  val_loss 95268.9531  ev 0.002
[update  372 | ep   3720 | steps   744000 | sps   2989] ep_return -1139.32  pol_loss  0.0272  val_loss 123368.6484  ev 0.003
[eval @ step   746000] mean return = -1076.47
[update  373 | ep   3730 | steps   746000 | sps   2989] ep_return -1116.37  pol_loss  0.0019  val_loss 87167.7344  ev 0.001
[update  374 | ep   3740 | steps   748000 | sps   2991] ep_return -1107.80  pol_loss -0.0329  val_loss 109676.9219  ev 0.002
[eval @ step   750000] mean return = -1067.77
[update  375 | ep   3750 | steps   750000 | sps   2989] ep_return -1097.54  pol_loss -0.0005  val_loss 99138.3906  ev 0.002
[update  376 | ep   3760 | steps   752000 | sps   2991] ep_return -1084.14  pol_loss  0.0094  val_loss 113933.6875  ev 0.003
[update  377 | ep   3770 | steps   754000 | sps   2992] ep_return -1077.73  pol_loss -0.0090  val_loss 109492.6250  ev 0.002
[eval @ step   756000] mean return = -1069.78
[update  378 | ep   3780 | steps   756000 | sps   2991] ep_return -1077.90  pol_loss  0.0022  val_loss 124388.9844  ev 0.003
[update  379 | ep   3790 | steps   758000 | sps   2992] ep_return -1091.28  pol_loss  0.0283  val_loss 129770.7969  ev 0.003
[eval @ step   760000] mean return = -1065.20
[update  380 | ep   3800 | steps   760000 | sps   2991] ep_return -1105.21  pol_loss -0.0012  val_loss 117292.4219  ev 0.003
[update  381 | ep   3810 | steps   762000 | sps   2991] ep_return -1126.00  pol_loss -0.0027  val_loss 139162.1406  ev 0.002
[update  382 | ep   3820 | steps   764000 | sps   2992] ep_return -1124.44  pol_loss -0.0076  val_loss 118999.1484  ev 0.003
[eval @ step   766000] mean return = -1082.32
[update  383 | ep   3830 | steps   766000 | sps   2990] ep_return -1147.76  pol_loss  0.0214  val_loss 130905.9844  ev 0.002
[update  384 | ep   3840 | steps   768000 | sps   2991] ep_return -1145.48  pol_loss  0.0055  val_loss 106536.4297  ev 0.003
[eval @ step   770000] mean return = -1103.05
[update  385 | ep   3850 | steps   770000 | sps   2990] ep_return -1156.34  pol_loss  0.0076  val_loss 112528.9609  ev 0.002
[update  386 | ep   3860 | steps   772000 | sps   2991] ep_return -1159.68  pol_loss -0.0123  val_loss 123409.6641  ev 0.002
[update  387 | ep   3870 | steps   774000 | sps   2992] ep_return -1161.43  pol_loss  0.0073  val_loss 114849.6641  ev 0.002
[eval @ step   776000] mean return = -1113.75
[update  388 | ep   3880 | steps   776000 | sps   2990] ep_return -1155.66  pol_loss -0.0060  val_loss 111258.0312  ev 0.002
[update  389 | ep   3890 | steps   778000 | sps   2992] ep_return -1146.00  pol_loss  0.0270  val_loss 109341.7109  ev 0.002
[eval @ step   780000] mean return = -1121.07
[update  390 | ep   3900 | steps   780000 | sps   2991] ep_return -1151.20  pol_loss -0.0076  val_loss 127012.1172  ev 0.003
[update  391 | ep   3910 | steps   782000 | sps   2992] ep_return -1138.31  pol_loss  0.0129  val_loss 112517.9062  ev 0.002
[update  392 | ep   3920 | steps   784000 | sps   2993] ep_return -1139.09  pol_loss  0.0201  val_loss 116343.0703  ev 0.002
[eval @ step   786000] mean return = -1128.73
[update  393 | ep   3930 | steps   786000 | sps   2992] ep_return -1131.34  pol_loss -0.0055  val_loss 115734.8438  ev 0.002
[update  394 | ep   3940 | steps   788000 | sps   2993] ep_return -1136.55  pol_loss -0.0232  val_loss 118050.4688  ev 0.002
[eval @ step   790000] mean return = -1137.52
[update  395 | ep   3950 | steps   790000 | sps   2992] ep_return -1136.61  pol_loss  0.0004  val_loss 117407.2891  ev 0.002
[update  396 | ep   3960 | steps   792000 | sps   2992] ep_return -1135.93  pol_loss  0.0244  val_loss 122411.9766  ev 0.002
[update  397 | ep   3970 | steps   794000 | sps   2993] ep_return -1141.37  pol_loss  0.0242  val_loss 125457.0469  ev 0.001
[eval @ step   796000] mean return = -1108.46
[update  398 | ep   3980 | steps   796000 | sps   2993] ep_return -1142.19  pol_loss  0.0171  val_loss 111089.7812  ev 0.002
[update  399 | ep   3990 | steps   798000 | sps   2994] ep_return -1148.67  pol_loss -0.0215  val_loss 122042.2500  ev 0.002
[eval @ step   800000] mean return = -1114.58
[update  400 | ep   4000 | steps   800000 | sps   2993] ep_return -1139.78  pol_loss -0.0069  val_loss 113370.2812  ev 0.002
[update  401 | ep   4010 | steps   802000 | sps   2995] ep_return -1145.43  pol_loss -0.0052  val_loss 114881.4531  ev 0.003
[update  402 | ep   4020 | steps   804000 | sps   2995] ep_return -1145.91  pol_loss  0.0073  val_loss 120774.9141  ev 0.002
[eval @ step   806000] mean return = -1091.70
[update  403 | ep   4030 | steps   806000 | sps   2994] ep_return -1142.67  pol_loss  0.0111  val_loss 109432.6406  ev 0.001
[update  404 | ep   4040 | steps   808000 | sps   2995] ep_return -1139.56  pol_loss -0.0225  val_loss 108307.6641  ev 0.002
[eval @ step   810000] mean return = -1097.05
[update  405 | ep   4050 | steps   810000 | sps   2994] ep_return -1144.13  pol_loss -0.0147  val_loss 126869.7969  ev 0.002
[update  406 | ep   4060 | steps   812000 | sps   2995] ep_return -1144.22  pol_loss  0.0011  val_loss 120328.0625  ev 0.002
[update  407 | ep   4070 | steps   814000 | sps   2996] ep_return -1138.90  pol_loss  0.0210  val_loss 115169.1250  ev 0.002
[eval @ step   816000] mean return = -1108.83
[update  408 | ep   4080 | steps   816000 | sps   2994] ep_return -1134.72  pol_loss -0.0116  val_loss 104237.4453  ev 0.002
[update  409 | ep   4090 | steps   818000 | sps   2996] ep_return -1132.79  pol_loss  0.0161  val_loss 114896.3672  ev 0.002
[eval @ step   820000] mean return = -1094.94
[update  410 | ep   4100 | steps   820000 | sps   2994] ep_return -1128.25  pol_loss -0.0018  val_loss 102601.3125  ev 0.002
[update  411 | ep   4110 | steps   822000 | sps   2995] ep_return -1124.93  pol_loss  0.0255  val_loss 113830.8281  ev 0.002
[update  412 | ep   4120 | steps   824000 | sps   2996] ep_return -1123.98  pol_loss -0.0158  val_loss 115365.2031  ev 0.002
[eval @ step   826000] mean return = -1084.63
[update  413 | ep   4130 | steps   826000 | sps   2994] ep_return -1127.84  pol_loss  0.0042  val_loss 112358.3672  ev 0.002
[update  414 | ep   4140 | steps   828000 | sps   2996] ep_return -1124.44  pol_loss -0.0200  val_loss 102340.3047  ev 0.002
[eval @ step   830000] mean return = -1051.12
[update  415 | ep   4150 | steps   830000 | sps   2994] ep_return -1116.40  pol_loss  0.0048  val_loss 110248.3672  ev 0.002
[update  416 | ep   4160 | steps   832000 | sps   2995] ep_return -1111.98  pol_loss -0.0266  val_loss 108100.0938  ev 0.002
[update  417 | ep   4170 | steps   834000 | sps   2995] ep_return -1115.73  pol_loss  0.0303  val_loss 115637.8516  ev 0.002
[eval @ step   836000] mean return = -1077.40
[update  418 | ep   4180 | steps   836000 | sps   2994] ep_return -1137.95  pol_loss  0.0265  val_loss 152026.9062  ev 0.002
[update  419 | ep   4190 | steps   838000 | sps   2996] ep_return -1142.35  pol_loss -0.0143  val_loss 127714.7344  ev 0.002
[eval @ step   840000] mean return = -1065.19
[update  420 | ep   4200 | steps   840000 | sps   2995] ep_return -1153.25  pol_loss -0.0213  val_loss 126150.1328  ev 0.002
[update  421 | ep   4210 | steps   842000 | sps   2995] ep_return -1158.68  pol_loss  0.0044  val_loss 130185.2812  ev 0.002
[update  422 | ep   4220 | steps   844000 | sps   2996] ep_return -1161.78  pol_loss -0.0361  val_loss 123696.6094  ev 0.002
[eval @ step   846000] mean return = -1071.99
[update  423 | ep   4230 | steps   846000 | sps   2996] ep_return -1159.04  pol_loss -0.0079  val_loss 108770.8047  ev 0.002
[update  424 | ep   4240 | steps   848000 | sps   2996] ep_return -1165.66  pol_loss -0.0029  val_loss 119453.9688  ev 0.002
[eval @ step   850000] mean return = -1053.92
[update  425 | ep   4250 | steps   850000 | sps   2996] ep_return -1167.23  pol_loss  0.0173  val_loss 111842.8125  ev 0.002
[update  426 | ep   4260 | steps   852000 | sps   2997] ep_return -1172.82  pol_loss -0.0049  val_loss 121767.7266  ev 0.002
[update  427 | ep   4270 | steps   854000 | sps   2998] ep_return -1172.82  pol_loss -0.0037  val_loss 119331.8516  ev 0.002
[eval @ step   856000] mean return = -1073.31
[update  428 | ep   4280 | steps   856000 | sps   2996] ep_return -1156.62  pol_loss  0.0066  val_loss 119173.9375  ev 0.002
[update  429 | ep   4290 | steps   858000 | sps   2997] ep_return -1141.45  pol_loss -0.0098  val_loss 96412.7656  ev 0.001
[eval @ step   860000] mean return = -1063.93
[update  430 | ep   4300 | steps   860000 | sps   2996] ep_return -1124.35  pol_loss  0.0090  val_loss 90717.9609  ev 0.001
[update  431 | ep   4310 | steps   862000 | sps   2997] ep_return -1112.39  pol_loss -0.0026  val_loss 103783.8906  ev 0.002
[update  432 | ep   4320 | steps   864000 | sps   2998] ep_return -1103.03  pol_loss  0.0167  val_loss 104477.0000  ev 0.002
[eval @ step   866000] mean return = -1063.42
[update  433 | ep   4330 | steps   866000 | sps   2997] ep_return -1104.36  pol_loss  0.0058  val_loss 111041.7266  ev 0.002
[update  434 | ep   4340 | steps   868000 | sps   2999] ep_return -1103.49  pol_loss -0.0183  val_loss 114119.1328  ev 0.002
[eval @ step   870000] mean return = -1067.65
[update  435 | ep   4350 | steps   870000 | sps   2997] ep_return -1098.25  pol_loss  0.0301  val_loss 102082.9453  ev 0.001
[update  436 | ep   4360 | steps   872000 | sps   2999] ep_return -1079.96  pol_loss  0.0287  val_loss 87196.3281  ev 0.002
[update  437 | ep   4370 | steps   874000 | sps   3000] ep_return -1079.55  pol_loss -0.0068  val_loss 123607.4531  ev 0.002
[eval @ step   876000] mean return = -1081.88
[update  438 | ep   4380 | steps   876000 | sps   2999] ep_return -1087.49  pol_loss  0.0077  val_loss 135822.6875  ev 0.002
[update  439 | ep   4390 | steps   878000 | sps   3000] ep_return -1095.51  pol_loss  0.0146  val_loss 122392.6094  ev 0.002
[eval @ step   880000] mean return = -1083.16
[update  440 | ep   4400 | steps   880000 | sps   2999] ep_return -1114.49  pol_loss -0.0199  val_loss 132139.4688  ev 0.001
[update  441 | ep   4410 | steps   882000 | sps   3000] ep_return -1129.21  pol_loss -0.0022  val_loss 136877.5938  ev 0.001
[update  442 | ep   4420 | steps   884000 | sps   3001] ep_return -1150.54  pol_loss  0.0140  val_loss 148657.8906  ev 0.001
[eval @ step   886000] mean return = -1069.59
[update  443 | ep   4430 | steps   886000 | sps   2999] ep_return -1156.36  pol_loss  0.0089  val_loss 125351.5469  ev 0.001
[update  444 | ep   4440 | steps   888000 | sps   3001] ep_return -1164.52  pol_loss  0.0037  val_loss 137177.9375  ev 0.001
[eval @ step   890000] mean return = -1060.97
[update  445 | ep   4450 | steps   890000 | sps   3000] ep_return -1171.79  pol_loss  0.0265  val_loss 116740.8203  ev 0.002
[update  446 | ep   4460 | steps   892000 | sps   3000] ep_return -1180.76  pol_loss -0.0094  val_loss 102918.9141  ev 0.001
[update  447 | ep   4470 | steps   894000 | sps   3002] ep_return -1194.12  pol_loss -0.0115  val_loss 146198.2344  ev 0.001
[eval @ step   896000] mean return = -1076.17
[update  448 | ep   4480 | steps   896000 | sps   3000] ep_return -1188.44  pol_loss -0.0183  val_loss 120778.8438  ev 0.001
[update  449 | ep   4490 | steps   898000 | sps   3001] ep_return -1190.53  pol_loss  0.0251  val_loss 116713.2031  ev 0.001
[eval @ step   900000] mean return = -1075.35
[update  450 | ep   4500 | steps   900000 | sps   2999] ep_return -1181.37  pol_loss -0.0128  val_loss 109573.5469  ev 0.002
[update  451 | ep   4510 | steps   902000 | sps   3001] ep_return -1170.32  pol_loss -0.0025  val_loss 107097.5234  ev 0.001
[update  452 | ep   4520 | steps   904000 | sps   3001] ep_return -1162.16  pol_loss -0.0122  val_loss 129302.2578  ev 0.002
[eval @ step   906000] mean return = -1069.03
[update  453 | ep   4530 | steps   906000 | sps   2999] ep_return -1163.60  pol_loss -0.0247  val_loss 128262.9219  ev 0.002
[update  454 | ep   4540 | steps   908000 | sps   3000] ep_return -1158.22  pol_loss -0.0140  val_loss 121456.2812  ev 0.002
[eval @ step   910000] mean return = -1057.50
[update  455 | ep   4550 | steps   910000 | sps   3000] ep_return -1160.85  pol_loss  0.0263  val_loss 127151.1875  ev 0.002
[update  456 | ep   4560 | steps   912000 | sps   3001] ep_return -1160.14  pol_loss  0.0055  val_loss 104589.5547  ev 0.001
[update  457 | ep   4570 | steps   914000 | sps   3002] ep_return -1141.96  pol_loss  0.0009  val_loss 107695.8203  ev 0.001
[eval @ step   916000] mean return = -1065.42
[update  458 | ep   4580 | steps   916000 | sps   3002] ep_return -1132.43  pol_loss  0.0146  val_loss 99479.5547  ev 0.001
[update  459 | ep   4590 | steps   918000 | sps   3003] ep_return -1136.42  pol_loss  0.0200  val_loss 126342.9219  ev 0.001
[eval @ step   920000] mean return = -1066.77
[update  460 | ep   4600 | steps   920000 | sps   3001] ep_return -1135.57  pol_loss  0.0149  val_loss 106888.0156  ev 0.002
[update  461 | ep   4610 | steps   922000 | sps   3002] ep_return -1127.70  pol_loss -0.0130  val_loss 92738.6172  ev 0.002
[update  462 | ep   4620 | steps   924000 | sps   3002] ep_return -1127.07  pol_loss -0.0277  val_loss 130034.8984  ev 0.001
[eval @ step   926000] mean return = -1054.23
[update  463 | ep   4630 | steps   926000 | sps   3001] ep_return -1123.26  pol_loss -0.0058  val_loss 114395.0234  ev 0.002
[update  464 | ep   4640 | steps   928000 | sps   3002] ep_return -1111.18  pol_loss -0.0038  val_loss 97022.6719  ev 0.001
[eval @ step   930000] mean return = -1060.22
[update  465 | ep   4650 | steps   930000 | sps   3001] ep_return -1099.66  pol_loss  0.0012  val_loss 97277.7031  ev 0.002
[update  466 | ep   4660 | steps   932000 | sps   3002] ep_return -1095.02  pol_loss  0.0217  val_loss 93953.8125  ev 0.001
[update  467 | ep   4670 | steps   934000 | sps   3002] ep_return -1086.04  pol_loss -0.0107  val_loss 96685.5938  ev 0.001
[eval @ step   936000] mean return = -1070.60
[update  468 | ep   4680 | steps   936000 | sps   3000] ep_return -1088.51  pol_loss  0.0038  val_loss 103861.7188  ev 0.002
[update  469 | ep   4690 | steps   938000 | sps   3001] ep_return -1077.18  pol_loss  0.0061  val_loss 100628.9375  ev 0.002
[eval @ step   940000] mean return = -1067.19
[update  470 | ep   4700 | steps   940000 | sps   3000] ep_return -1072.14  pol_loss -0.0340  val_loss 97008.8984  ev 0.002
[update  471 | ep   4710 | steps   942000 | sps   3000] ep_return -1085.40  pol_loss  0.0194  val_loss 115723.9531  ev 0.001
[update  472 | ep   4720 | steps   944000 | sps   3001] ep_return -1077.20  pol_loss -0.0008  val_loss 109959.0547  ev 0.002
[eval @ step   946000] mean return = -1057.84
[update  473 | ep   4730 | steps   946000 | sps   2999] ep_return -1067.57  pol_loss -0.0128  val_loss 97735.3438  ev 0.001
[update  474 | ep   4740 | steps   948000 | sps   2999] ep_return -1085.08  pol_loss -0.0013  val_loss 128929.8594  ev 0.002
[eval @ step   950000] mean return = -1055.85
[update  475 | ep   4750 | steps   950000 | sps   2997] ep_return -1085.68  pol_loss  0.0436  val_loss 99637.9531  ev 0.002
[update  476 | ep   4760 | steps   952000 | sps   2997] ep_return -1083.60  pol_loss  0.0104  val_loss 88417.6562  ev 0.002
[update  477 | ep   4770 | steps   954000 | sps   2998] ep_return -1093.46  pol_loss  0.0090  val_loss 110363.1328  ev 0.001
[eval @ step   956000] mean return = -1066.35
[update  478 | ep   4780 | steps   956000 | sps   2996] ep_return -1089.09  pol_loss -0.0179  val_loss 95435.9062  ev 0.001
[update  479 | ep   4790 | steps   958000 | sps   2996] ep_return -1093.34  pol_loss -0.0060  val_loss 116021.8125  ev 0.001
[eval @ step   960000] mean return = -1054.98
[update  480 | ep   4800 | steps   960000 | sps   2994] ep_return -1095.96  pol_loss -0.0177  val_loss 101279.9766  ev 0.001
[update  481 | ep   4810 | steps   962000 | sps   2995] ep_return -1087.21  pol_loss -0.0204  val_loss 101476.1250  ev 0.002
[update  482 | ep   4820 | steps   964000 | sps   2995] ep_return -1090.94  pol_loss  0.0286  val_loss 118683.6016  ev 0.002
[eval @ step   966000] mean return = -1065.69
[update  483 | ep   4830 | steps   966000 | sps   2993] ep_return -1094.24  pol_loss -0.0299  val_loss 106212.1953  ev 0.001
[update  484 | ep   4840 | steps   968000 | sps   2994] ep_return -1073.72  pol_loss -0.0028  val_loss 90538.1719  ev 0.001
[eval @ step   970000] mean return = -1063.31
[update  485 | ep   4850 | steps   970000 | sps   2992] ep_return -1082.33  pol_loss -0.0018  val_loss 118413.1953  ev 0.001
[update  486 | ep   4860 | steps   972000 | sps   2992] ep_return -1097.35  pol_loss  0.0037  val_loss 118955.5469  ev 0.001
[update  487 | ep   4870 | steps   974000 | sps   2993] ep_return -1104.94  pol_loss -0.0054  val_loss 126299.2109  ev 0.001
[eval @ step   976000] mean return = -1055.16
[update  488 | ep   4880 | steps   976000 | sps   2991] ep_return -1122.21  pol_loss -0.0296  val_loss 134973.7188  ev 0.001
[update  489 | ep   4890 | steps   978000 | sps   2992] ep_return -1113.76  pol_loss  0.0197  val_loss 91894.4297  ev 0.001
[eval @ step   980000] mean return = -1055.26
[update  490 | ep   4900 | steps   980000 | sps   2992] ep_return -1125.77  pol_loss -0.0220  val_loss 128890.5078  ev 0.001
[update  491 | ep   4910 | steps   982000 | sps   2993] ep_return -1127.07  pol_loss  0.0248  val_loss 103003.1250  ev 0.001
[update  492 | ep   4920 | steps   984000 | sps   2994] ep_return -1117.54  pol_loss -0.0136  val_loss 99281.2266  ev 0.001
[eval @ step   986000] mean return = -1070.33
[update  493 | ep   4930 | steps   986000 | sps   2993] ep_return -1128.68  pol_loss -0.0294  val_loss 125691.9922  ev 0.001
[update  494 | ep   4940 | steps   988000 | sps   2993] ep_return -1143.13  pol_loss -0.0210  val_loss 121003.7891  ev 0.002
[eval @ step   990000] mean return = -1073.10
[update  495 | ep   4950 | steps   990000 | sps   2993] ep_return -1139.84  pol_loss -0.0127  val_loss 107768.7734  ev 0.001
[update  496 | ep   4960 | steps   992000 | sps   2994] ep_return -1148.22  pol_loss  0.0031  val_loss 142205.7656  ev 0.001
[update  497 | ep   4970 | steps   994000 | sps   2995] ep_return -1137.83  pol_loss  0.0257  val_loss 101830.8672  ev 0.001
[eval @ step   996000] mean return = -1079.32
[update  498 | ep   4980 | steps   996000 | sps   2994] ep_return -1133.21  pol_loss -0.0197  val_loss 120362.0547  ev 0.001
[update  499 | ep   4990 | steps   998000 | sps   2995] ep_return -1145.25  pol_loss  0.0026  val_loss 118939.4688  ev 0.001
[eval @ step  1000000] mean return = -1066.82
[update  500 | ep   5000 | steps  1000000 | sps   2993] ep_return -1142.42  pol_loss -0.0125  val_loss 122989.6484  ev 0.001
Saved final model to reinforce\data\reinforce_sweep_Pendulum-v1_2026-05-10_20-08-02\model_final.pt
Saved 200 eval points -> C:\Users\mohamedosama\Downloads\CS515-Deep-RL\results\continuous\reinforce\pendulum-v1\seed_1.npy
Saved wallclock              -> C:\Users\mohamedosama\Downloads\CS515-Deep-RL\results\wallclock\continuous\reinforce\pendulum-v1\seed_1.npy
