GPU not detected. Defaulting to CPU.
########################
logging outputs to reinforce\data\reinforce_sweep_Pendulum-v1_2026-05-10_20-08-02
########################
[update    1 | ep     10 | steps     2000 | sps   2000] ep_return -1201.49  pol_loss -0.0444  val_loss 144354.5938  ev 0.000
[update    2 | ep     20 | steps     4000 | sps   3284] ep_return -1143.15  pol_loss -0.0207  val_loss 120129.6172  ev 0.001
[eval @ step     6000] mean return = -1219.07
[update    3 | ep     30 | steps     6000 | sps   2934] ep_return -1198.41  pol_loss -0.0210  val_loss 175743.7812  ev 0.000
[update    4 | ep     40 | steps     8000 | sps   3041] ep_return -1175.91  pol_loss -0.0076  val_loss 127078.7188  ev 0.001
[eval @ step    10000] mean return = -1203.40
[update    5 | ep     50 | steps    10000 | sps   3000] ep_return -1188.72  pol_loss -0.0196  val_loss 152836.6562  ev 0.000
[update    6 | ep     60 | steps    12000 | sps   3041] ep_return -1195.60  pol_loss -0.0097  val_loss 153871.3281  ev 0.000
[update    7 | ep     70 | steps    14000 | sps   3086] ep_return -1202.26  pol_loss -0.0388  val_loss 155886.0625  ev 0.000
[eval @ step    16000] mean return = -1217.04
[update    8 | ep     80 | steps    16000 | sps   2978] ep_return -1214.14  pol_loss  0.0202  val_loss 173573.0938  ev 0.000
[update    9 | ep     90 | steps    18000 | sps   3004] ep_return -1227.57  pol_loss -0.0085  val_loss 183664.8906  ev 0.000
[eval @ step    20000] mean return = -1208.19
[update   10 | ep    100 | steps    20000 | sps   2916] ep_return -1235.73  pol_loss -0.0230  val_loss 178169.9062  ev 0.000
[update   11 | ep    110 | steps    22000 | sps   2945] ep_return -1243.87  pol_loss -0.0087  val_loss 165022.5938  ev 0.000
[update   12 | ep    120 | steps    24000 | sps   2966] ep_return -1249.94  pol_loss  0.0108  val_loss 130387.7109  ev 0.000
[eval @ step    26000] mean return = -1194.48
[update   13 | ep    130 | steps    26000 | sps   2941] ep_return -1233.35  pol_loss  0.0184  val_loss 137812.8750  ev 0.001
[update   14 | ep    140 | steps    28000 | sps   2977] ep_return -1251.99  pol_loss  0.0521  val_loss 164303.5781  ev 0.000
[eval @ step    30000] mean return = -1183.15
[update   15 | ep    150 | steps    30000 | sps   2958] ep_return -1250.35  pol_loss -0.0211  val_loss 153330.2812  ev 0.001
[update   16 | ep    160 | steps    32000 | sps   2980] ep_return -1259.18  pol_loss  0.0125  val_loss 173611.2031  ev 0.000
[update   17 | ep    170 | steps    34000 | sps   2991] ep_return -1273.22  pol_loss -0.0188  val_loss 195168.9688  ev 0.001
[eval @ step    36000] mean return = -1197.55
[update   18 | ep    180 | steps    36000 | sps   2937] ep_return -1284.84  pol_loss -0.0096  val_loss 206945.0625  ev 0.001
[update   19 | ep    190 | steps    38000 | sps   2946] ep_return -1276.47  pol_loss  0.0110  val_loss 155423.0312  ev 0.001
[eval @ step    40000] mean return = -1200.25
[update   20 | ep    200 | steps    40000 | sps   2898] ep_return -1270.66  pol_loss  0.0002  val_loss 159860.6406  ev 0.001
[update   21 | ep    210 | steps    42000 | sps   2918] ep_return -1255.07  pol_loss -0.0022  val_loss 128540.4766  ev 0.001
[update   22 | ep    220 | steps    44000 | sps   2941] ep_return -1262.50  pol_loss -0.0371  val_loss 145559.8594  ev 0.001
[eval @ step    46000] mean return = -1187.94
[update   23 | ep    230 | steps    46000 | sps   2913] ep_return -1272.41  pol_loss  0.0075  val_loss 153104.0000  ev 0.001
[update   24 | ep    240 | steps    48000 | sps   2928] ep_return -1260.25  pol_loss  0.0115  val_loss 143563.2969  ev 0.001
[eval @ step    50000] mean return = -1158.79
[update   25 | ep    250 | steps    50000 | sps   2910] ep_return -1252.77  pol_loss  0.0091  val_loss 131205.6094  ev 0.001
[update   26 | ep    260 | steps    52000 | sps   2920] ep_return -1241.39  pol_loss  0.0184  val_loss 141229.5312  ev 0.001
[update   27 | ep    270 | steps    54000 | sps   2931] ep_return -1219.38  pol_loss  0.0094  val_loss 134037.8594  ev 0.001
[eval @ step    56000] mean return = -1137.31
[update   28 | ep    280 | steps    56000 | sps   2903] ep_return -1183.80  pol_loss -0.0132  val_loss 108172.0234  ev 0.001
[update   29 | ep    290 | steps    58000 | sps   2918] ep_return -1183.15  pol_loss  0.0012  val_loss 156950.2969  ev 0.001
[eval @ step    60000] mean return = -1135.00
[update   30 | ep    300 | steps    60000 | sps   2904] ep_return -1164.18  pol_loss -0.0050  val_loss 109032.6094  ev 0.001
[update   31 | ep    310 | steps    62000 | sps   2923] ep_return -1164.53  pol_loss  0.0005  val_loss 123289.9688  ev 0.001
[update   32 | ep    320 | steps    64000 | sps   2933] ep_return -1163.14  pol_loss -0.0031  val_loss 138327.4219  ev 0.001
[eval @ step    66000] mean return = -1122.25
[update   33 | ep    330 | steps    66000 | sps   2917] ep_return -1142.20  pol_loss  0.0091  val_loss 102689.8047  ev 0.001
[update   34 | ep    340 | steps    68000 | sps   2929] ep_return -1138.95  pol_loss  0.0026  val_loss 127977.5469  ev 0.001
[eval @ step    70000] mean return = -1124.34
[update   35 | ep    350 | steps    70000 | sps   2906] ep_return -1128.74  pol_loss -0.0211  val_loss 106433.9844  ev 0.001
[update   36 | ep    360 | steps    72000 | sps   2910] ep_return -1119.64  pol_loss -0.0315  val_loss 121106.6797  ev 0.001
[update   37 | ep    370 | steps    74000 | sps   2920] ep_return -1117.37  pol_loss  0.0080  val_loss 126032.3125  ev 0.001
[eval @ step    76000] mean return = -1135.35
[update   38 | ep    380 | steps    76000 | sps   2908] ep_return -1114.97  pol_loss -0.0041  val_loss 104830.7734  ev 0.001
[update   39 | ep    390 | steps    78000 | sps   2915] ep_return -1100.44  pol_loss  0.0230  val_loss 117203.0469  ev 0.002
[eval @ step    80000] mean return = -1135.63
[update   40 | ep    400 | steps    80000 | sps   2895] ep_return -1109.36  pol_loss  0.0265  val_loss 127898.0938  ev 0.001
[update   41 | ep    410 | steps    82000 | sps   2900] ep_return -1111.73  pol_loss  0.0175  val_loss 130158.5781  ev 0.001
[update   42 | ep    420 | steps    84000 | sps   2905] ep_return -1102.49  pol_loss  0.0183  val_loss 121903.2344  ev 0.000
[eval @ step    86000] mean return = -1180.57
[update   43 | ep    430 | steps    86000 | sps   2891] ep_return -1121.17  pol_loss -0.0111  val_loss 145833.6250  ev 0.002
[update   44 | ep    440 | steps    88000 | sps   2899] ep_return -1125.96  pol_loss  0.0048  val_loss 144245.8906  ev 0.001
[eval @ step    90000] mean return = -1191.20
[update   45 | ep    450 | steps    90000 | sps   2881] ep_return -1135.23  pol_loss  0.0242  val_loss 127964.8984  ev 0.000
[update   46 | ep    460 | steps    92000 | sps   2891] ep_return -1128.22  pol_loss  0.0088  val_loss 105414.2109  ev -0.000
[update   47 | ep    470 | steps    94000 | sps   2899] ep_return -1156.31  pol_loss -0.0038  val_loss 197845.3281  ev 0.001
[eval @ step    96000] mean return = -1197.86
[update   48 | ep    480 | steps    96000 | sps   2884] ep_return -1167.64  pol_loss -0.0045  val_loss 127941.4062  ev 0.000
[update   49 | ep    490 | steps    98000 | sps   2889] ep_return -1174.40  pol_loss  0.0272  val_loss 132261.8750  ev 0.001
[eval @ step   100000] mean return = -1199.08
[update   50 | ep    500 | steps   100000 | sps   2878] ep_return -1187.08  pol_loss  0.0067  val_loss 160637.2500  ev 0.001
[update   51 | ep    510 | steps   102000 | sps   2885] ep_return -1193.96  pol_loss  0.0020  val_loss 146822.7188  ev 0.001
[update   52 | ep    520 | steps   104000 | sps   2898] ep_return -1203.42  pol_loss  0.0007  val_loss 150500.1250  ev 0.001
[eval @ step   106000] mean return = -1201.59
[update   53 | ep    530 | steps   106000 | sps   2885] ep_return -1203.97  pol_loss  0.0108  val_loss 150479.9219  ev 0.001
[update   54 | ep    540 | steps   108000 | sps   2891] ep_return -1206.00  pol_loss  0.0099  val_loss 145755.1406  ev 0.001
[eval @ step   110000] mean return = -1199.23
[update   55 | ep    550 | steps   110000 | sps   2882] ep_return -1204.53  pol_loss  0.0011  val_loss 133543.9844  ev 0.001
[update   56 | ep    560 | steps   112000 | sps   2889] ep_return -1206.56  pol_loss  0.0020  val_loss 111488.0625  ev 0.000
[update   57 | ep    570 | steps   114000 | sps   2893] ep_return -1191.78  pol_loss  0.0014  val_loss 161196.4844  ev 0.001
[eval @ step   116000] mean return = -1192.10
[update   58 | ep    580 | steps   116000 | sps   2882] ep_return -1199.77  pol_loss  0.0203  val_loss 145864.0000  ev 0.001
[update   59 | ep    590 | steps   118000 | sps   2886] ep_return -1198.98  pol_loss  0.0010  val_loss 138044.1719  ev 0.000
[eval @ step   120000] mean return = -1196.01
[update   60 | ep    600 | steps   120000 | sps   2880] ep_return -1195.06  pol_loss -0.0077  val_loss 151657.0469  ev 0.001
[update   61 | ep    610 | steps   122000 | sps   2886] ep_return -1196.33  pol_loss  0.0064  val_loss 154474.6250  ev 0.001
[update   62 | ep    620 | steps   124000 | sps   2897] ep_return -1191.72  pol_loss  0.0329  val_loss 132874.0625  ev 0.001
[eval @ step   126000] mean return = -1188.43
[update   63 | ep    630 | steps   126000 | sps   2888] ep_return -1193.94  pol_loss  0.0177  val_loss 153755.5312  ev 0.002
[update   64 | ep    640 | steps   128000 | sps   2894] ep_return -1179.01  pol_loss  0.0105  val_loss 108260.8672  ev 0.001
[eval @ step   130000] mean return = -1180.07
[update   65 | ep    650 | steps   130000 | sps   2886] ep_return -1178.12  pol_loss  0.0031  val_loss 123336.0625  ev 0.001
[update   66 | ep    660 | steps   132000 | sps   2890] ep_return -1183.67  pol_loss -0.0252  val_loss 124649.2109  ev 0.001
[update   67 | ep    670 | steps   134000 | sps   2896] ep_return -1171.57  pol_loss -0.0064  val_loss 131552.8906  ev 0.002
[eval @ step   136000] mean return = -1144.41
[update   68 | ep    680 | steps   136000 | sps   2890] ep_return -1176.75  pol_loss -0.0266  val_loss 156229.7188  ev 0.002
[update   69 | ep    690 | steps   138000 | sps   2895] ep_return -1168.83  pol_loss  0.0347  val_loss 110449.5703  ev 0.001
[eval @ step   140000] mean return = -1119.21
[update   70 | ep    700 | steps   140000 | sps   2884] ep_return -1167.17  pol_loss -0.0201  val_loss 147971.9844  ev 0.002
[update   71 | ep    710 | steps   142000 | sps   2894] ep_return -1164.29  pol_loss -0.0173  val_loss 140433.0625  ev 0.001
[update   72 | ep    720 | steps   144000 | sps   2902] ep_return -1160.82  pol_loss -0.0341  val_loss 120560.9531  ev 0.003
[eval @ step   146000] mean return = -1123.33
[update   73 | ep    730 | steps   146000 | sps   2890] ep_return -1151.78  pol_loss -0.0029  val_loss 125153.9688  ev 0.003
[update   74 | ep    740 | steps   148000 | sps   2894] ep_return -1153.01  pol_loss  0.0135  val_loss 111499.9141  ev 0.002
[eval @ step   150000] mean return = -1117.25
[update   75 | ep    750 | steps   150000 | sps   2886] ep_return -1156.55  pol_loss -0.0038  val_loss 131986.3281  ev 0.001
[update   76 | ep    760 | steps   152000 | sps   2889] ep_return -1157.56  pol_loss -0.0171  val_loss 122568.5703  ev 0.004
[update   77 | ep    770 | steps   154000 | sps   2894] ep_return -1158.11  pol_loss -0.0215  val_loss 129146.3672  ev 0.003
[eval @ step   156000] mean return = -1123.25
[update   78 | ep    780 | steps   156000 | sps   2885] ep_return -1141.17  pol_loss  0.0076  val_loss 117084.2109  ev 0.004
[update   79 | ep    790 | steps   158000 | sps   2889] ep_return -1137.69  pol_loss  0.0301  val_loss 108052.5469  ev 0.001
[eval @ step   160000] mean return = -1117.30
[update   80 | ep    800 | steps   160000 | sps   2881] ep_return -1128.20  pol_loss  0.0047  val_loss 117655.5312  ev 0.001
[update   81 | ep    810 | steps   162000 | sps   2884] ep_return -1116.43  pol_loss  0.0041  val_loss 116009.3281  ev 0.003
[update   82 | ep    820 | steps   164000 | sps   2888] ep_return -1126.20  pol_loss  0.0191  val_loss 141436.4219  ev 0.002
[eval @ step   166000] mean return = -1127.99
[update   83 | ep    830 | steps   166000 | sps   2883] ep_return -1130.81  pol_loss -0.0041  val_loss 145863.5938  ev 0.005
[update   84 | ep    840 | steps   168000 | sps   2885] ep_return -1142.56  pol_loss  0.0204  val_loss 137576.4219  ev 0.004
[eval @ step   170000] mean return = -1115.93
[update   85 | ep    850 | steps   170000 | sps   2882] ep_return -1142.48  pol_loss -0.0135  val_loss 125662.2891  ev 0.001
[update   86 | ep    860 | steps   172000 | sps   2885] ep_return -1139.88  pol_loss  0.0327  val_loss 117135.7031  ev 0.001
[update   87 | ep    870 | steps   174000 | sps   2892] ep_return -1135.19  pol_loss -0.0054  val_loss 115658.4531  ev 0.004
[eval @ step   176000] mean return = -1121.56
[update   88 | ep    880 | steps   176000 | sps   2888] ep_return -1135.76  pol_loss  0.0098  val_loss 117079.1484  ev 0.002
[update   89 | ep    890 | steps   178000 | sps   2891] ep_return -1134.75  pol_loss  0.0076  val_loss 107255.7969  ev 0.003
[eval @ step   180000] mean return = -1133.11
[update   90 | ep    900 | steps   180000 | sps   2884] ep_return -1129.92  pol_loss -0.0061  val_loss 117827.3906  ev 0.003
[update   91 | ep    910 | steps   182000 | sps   2890] ep_return -1137.18  pol_loss -0.0177  val_loss 127413.6172  ev 0.003
[update   92 | ep    920 | steps   184000 | sps   2892] ep_return -1130.32  pol_loss -0.0029  val_loss 128561.7812  ev 0.003
[eval @ step   186000] mean return = -1130.85
[update   93 | ep    930 | steps   186000 | sps   2882] ep_return -1121.65  pol_loss -0.0109  val_loss 121682.9844  ev 0.003
[update   94 | ep    940 | steps   188000 | sps   2885] ep_return -1112.04  pol_loss -0.0136  val_loss 116076.9766  ev 0.003
[eval @ step   190000] mean return = -1131.11
[update   95 | ep    950 | steps   190000 | sps   2881] ep_return -1099.96  pol_loss  0.0037  val_loss 105717.2578  ev 0.001
[update   96 | ep    960 | steps   192000 | sps   2884] ep_return -1109.78  pol_loss -0.0122  val_loss 139329.3281  ev 0.004
[update   97 | ep    970 | steps   194000 | sps   2889] ep_return -1114.29  pol_loss -0.0078  val_loss 126890.1250  ev 0.002
[eval @ step   196000] mean return = -1126.26
[update   98 | ep    980 | steps   196000 | sps   2885] ep_return -1114.82  pol_loss -0.0071  val_loss 124234.2969  ev 0.003
[update   99 | ep    990 | steps   198000 | sps   2889] ep_return -1134.43  pol_loss -0.0031  val_loss 148331.9531  ev 0.004
[eval @ step   200000] mean return = -1115.70
[update  100 | ep   1000 | steps   200000 | sps   2880] ep_return -1138.21  pol_loss  0.0010  val_loss 119335.0625  ev 0.003
[update  101 | ep   1010 | steps   202000 | sps   2887] ep_return -1142.28  pol_loss  0.0137  val_loss 140289.3906  ev 0.004
[update  102 | ep   1020 | steps   204000 | sps   2890] ep_return -1138.53  pol_loss -0.0005  val_loss 118288.3125  ev 0.002
[eval @ step   206000] mean return = -1112.39
[update  103 | ep   1030 | steps   206000 | sps   2884] ep_return -1154.95  pol_loss -0.0047  val_loss 155073.8594  ev 0.003
[update  104 | ep   1040 | steps   208000 | sps   2886] ep_return -1172.36  pol_loss  0.0114  val_loss 157202.8750  ev 0.004
[eval @ step   210000] mean return = -1115.46
[update  105 | ep   1050 | steps   210000 | sps   2878] ep_return -1182.58  pol_loss -0.0102  val_loss 124056.6797  ev 0.003
[update  106 | ep   1060 | steps   212000 | sps   2889] ep_return -1180.87  pol_loss  0.0020  val_loss 137355.9531  ev 0.005
[update  107 | ep   1070 | steps   214000 | sps   2901] ep_return -1180.93  pol_loss  0.0052  val_loss 128006.0469  ev 0.004
[eval @ step   216000] mean return = -1118.69
[update  108 | ep   1080 | steps   216000 | sps   2906] ep_return -1183.02  pol_loss  0.0029  val_loss 127332.4922  ev 0.003
[update  109 | ep   1090 | steps   218000 | sps   2911] ep_return -1166.10  pol_loss -0.0231  val_loss 110586.1875  ev 0.004
[eval @ step   220000] mean return = -1130.79
[update  110 | ep   1100 | steps   220000 | sps   2903] ep_return -1181.14  pol_loss -0.0222  val_loss 151558.5469  ev 0.005
[update  111 | ep   1110 | steps   222000 | sps   2905] ep_return -1184.87  pol_loss -0.0248  val_loss 149623.7188  ev 0.004
[update  112 | ep   1120 | steps   224000 | sps   2907] ep_return -1185.15  pol_loss  0.0081  val_loss 123607.8438  ev 0.003
[eval @ step   226000] mean return = -1127.01
[update  113 | ep   1130 | steps   226000 | sps   2900] ep_return -1170.43  pol_loss  0.0028  val_loss 120859.2969  ev 0.003
[update  114 | ep   1140 | steps   228000 | sps   2902] ep_return -1160.29  pol_loss  0.0057  val_loss 136717.1406  ev 0.004
[eval @ step   230000] mean return = -1114.87
[update  115 | ep   1150 | steps   230000 | sps   2895] ep_return -1158.62  pol_loss  0.0063  val_loss 121900.1875  ev 0.004
[update  116 | ep   1160 | steps   232000 | sps   2899] ep_return -1157.60  pol_loss  0.0241  val_loss 134283.5781  ev 0.004
[update  117 | ep   1170 | steps   234000 | sps   2902] ep_return -1159.68  pol_loss  0.0278  val_loss 134363.3281  ev 0.003
[eval @ step   236000] mean return = -1114.31
[update  118 | ep   1180 | steps   236000 | sps   2898] ep_return -1161.52  pol_loss -0.0127  val_loss 133844.9688  ev 0.003
[update  119 | ep   1190 | steps   238000 | sps   2901] ep_return -1167.52  pol_loss  0.0136  val_loss 120414.1484  ev 0.005
[eval @ step   240000] mean return = -1113.89
[update  120 | ep   1200 | steps   240000 | sps   2895] ep_return -1146.07  pol_loss  0.0148  val_loss 101889.6172  ev 0.001
[update  121 | ep   1210 | steps   242000 | sps   2899] ep_return -1132.45  pol_loss  0.0082  val_loss 117720.8984  ev 0.002
[update  122 | ep   1220 | steps   244000 | sps   2901] ep_return -1133.28  pol_loss -0.0135  val_loss 121822.5859  ev 0.004
[eval @ step   246000] mean return = -1113.52
[update  123 | ep   1230 | steps   246000 | sps   2895] ep_return -1130.48  pol_loss -0.0465  val_loss 118943.2422  ev 0.006
[update  124 | ep   1240 | steps   248000 | sps   2898] ep_return -1144.79  pol_loss -0.0165  val_loss 172783.5000  ev 0.006
[eval @ step   250000] mean return = -1109.02
[update  125 | ep   1250 | steps   250000 | sps   2892] ep_return -1145.53  pol_loss  0.0008  val_loss 117737.2969  ev 0.003
[update  126 | ep   1260 | steps   252000 | sps   2894] ep_return -1143.34  pol_loss  0.0113  val_loss 130025.6562  ev 0.004
[update  127 | ep   1270 | steps   254000 | sps   2897] ep_return -1129.25  pol_loss -0.0092  val_loss 105307.1719  ev 0.003
[eval @ step   256000] mean return = -1111.86
[update  128 | ep   1280 | steps   256000 | sps   2892] ep_return -1132.27  pol_loss -0.0124  val_loss 134268.0781  ev 0.005
[update  129 | ep   1290 | steps   258000 | sps   2896] ep_return -1133.74  pol_loss -0.0055  val_loss 127437.9062  ev 0.004
[eval @ step   260000] mean return = -1113.55
[update  130 | ep   1300 | steps   260000 | sps   2892] ep_return -1139.27  pol_loss -0.0091  val_loss 116281.7266  ev 0.006
[update  131 | ep   1310 | steps   262000 | sps   2895] ep_return -1151.29  pol_loss -0.0022  val_loss 143226.8125  ev 0.005
[update  132 | ep   1320 | steps   264000 | sps   2898] ep_return -1144.05  pol_loss  0.0024  val_loss 101681.3281  ev 0.005
[eval @ step   266000] mean return = -1118.67
[update  133 | ep   1330 | steps   266000 | sps   2894] ep_return -1154.23  pol_loss -0.0009  val_loss 139697.5625  ev 0.005
[update  134 | ep   1340 | steps   268000 | sps   2895] ep_return -1147.17  pol_loss  0.0011  val_loss 148420.0625  ev 0.005
[eval @ step   270000] mean return = -1126.45
[update  135 | ep   1350 | steps   270000 | sps   2890] ep_return -1145.45  pol_loss -0.0135  val_loss 118039.9688  ev 0.004
[update  136 | ep   1360 | steps   272000 | sps   2895] ep_return -1142.41  pol_loss  0.0266  val_loss 125847.3438  ev 0.005
[update  137 | ep   1370 | steps   274000 | sps   2898] ep_return -1158.61  pol_loss  0.0032  val_loss 133187.7344  ev 0.006
[eval @ step   276000] mean return = -1123.94
[update  138 | ep   1380 | steps   276000 | sps   2893] ep_return -1163.43  pol_loss -0.0070  val_loss 144867.5625  ev 0.006
[update  139 | ep   1390 | steps   278000 | sps   2897] ep_return -1155.37  pol_loss  0.0009  val_loss 108231.3750  ev 0.003
[eval @ step   280000] mean return = -1142.40
[update  140 | ep   1400 | steps   280000 | sps   2893] ep_return -1161.78  pol_loss  0.0144  val_loss 130530.6172  ev 0.005
[update  141 | ep   1410 | steps   282000 | sps   2895] ep_return -1146.38  pol_loss  0.0113  val_loss 111325.2578  ev 0.004
[update  142 | ep   1420 | steps   284000 | sps   2896] ep_return -1167.77  pol_loss  0.0060  val_loss 154575.8281  ev 0.005
[eval @ step   286000] mean return = -1141.79
[update  143 | ep   1430 | steps   286000 | sps   2892] ep_return -1156.16  pol_loss -0.0003  val_loss 115536.0547  ev 0.004
[update  144 | ep   1440 | steps   288000 | sps   2896] ep_return -1149.67  pol_loss -0.0039  val_loss 139265.3281  ev 0.005
[eval @ step   290000] mean return = -1136.81
[update  145 | ep   1450 | steps   290000 | sps   2892] ep_return -1158.90  pol_loss  0.0108  val_loss 138080.6719  ev 0.005
[update  146 | ep   1460 | steps   292000 | sps   2893] ep_return -1156.03  pol_loss  0.0240  val_loss 114673.0547  ev 0.005
[update  147 | ep   1470 | steps   294000 | sps   2895] ep_return -1144.55  pol_loss -0.0014  val_loss 115310.4453  ev 0.005
[eval @ step   296000] mean return = -1122.62
[update  148 | ep   1480 | steps   296000 | sps   2890] ep_return -1120.60  pol_loss  0.0012  val_loss 95897.4688  ev 0.004
[update  149 | ep   1490 | steps   298000 | sps   2892] ep_return -1121.46  pol_loss  0.0158  val_loss 108755.6641  ev 0.006
[eval @ step   300000] mean return = -1122.34
[update  150 | ep   1500 | steps   300000 | sps   2887] ep_return -1118.40  pol_loss  0.0152  val_loss 130886.5547  ev 0.006
[update  151 | ep   1510 | steps   302000 | sps   2891] ep_return -1130.51  pol_loss -0.0282  val_loss 141211.2188  ev 0.005
[update  152 | ep   1520 | steps   304000 | sps   2894] ep_return -1114.12  pol_loss -0.0159  val_loss 118230.4141  ev 0.005
[eval @ step   306000] mean return = -1125.42
[update  153 | ep   1530 | steps   306000 | sps   2888] ep_return -1121.06  pol_loss -0.0286  val_loss 126042.3828  ev 0.006
[update  154 | ep   1540 | steps   308000 | sps   2890] ep_return -1123.81  pol_loss  0.0105  val_loss 137868.0469  ev 0.006
[eval @ step   310000] mean return = -1121.47
[update  155 | ep   1550 | steps   310000 | sps   2888] ep_return -1110.79  pol_loss  0.0064  val_loss 109054.9688  ev 0.006
[update  156 | ep   1560 | steps   312000 | sps   2891] ep_return -1123.46  pol_loss  0.0045  val_loss 143063.4531  ev 0.006
[update  157 | ep   1570 | steps   314000 | sps   2893] ep_return -1125.12  pol_loss -0.0009  val_loss 114863.1094  ev 0.005
[eval @ step   316000] mean return = -1109.34
[update  158 | ep   1580 | steps   316000 | sps   2889] ep_return -1123.34  pol_loss -0.0078  val_loss 90259.5781  ev 0.004
[update  159 | ep   1590 | steps   318000 | sps   2891] ep_return -1131.21  pol_loss  0.0021  val_loss 124871.1328  ev 0.005
[eval @ step   320000] mean return = -1106.25
[update  160 | ep   1600 | steps   320000 | sps   2887] ep_return -1129.51  pol_loss -0.0204  val_loss 122881.2422  ev 0.006
[update  161 | ep   1610 | steps   322000 | sps   2889] ep_return -1125.89  pol_loss  0.0003  val_loss 123263.6875  ev 0.006
[update  162 | ep   1620 | steps   324000 | sps   2893] ep_return -1123.71  pol_loss -0.0103  val_loss 110093.0703  ev 0.004
[eval @ step   326000] mean return = -1126.96
[update  163 | ep   1630 | steps   326000 | sps   2888] ep_return -1120.08  pol_loss -0.0101  val_loss 120507.5469  ev 0.006
[update  164 | ep   1640 | steps   328000 | sps   2890] ep_return -1112.83  pol_loss  0.0052  val_loss 119368.3516  ev 0.006
[eval @ step   330000] mean return = -1126.17
[update  165 | ep   1650 | steps   330000 | sps   2888] ep_return -1118.61  pol_loss -0.0104  val_loss 121202.1406  ev 0.006
[update  166 | ep   1660 | steps   332000 | sps   2890] ep_return -1114.92  pol_loss -0.0091  val_loss 133360.4375  ev 0.006
[update  167 | ep   1670 | steps   334000 | sps   2892] ep_return -1120.93  pol_loss  0.0393  val_loss 130095.9844  ev 0.006
[eval @ step   336000] mean return = -1138.61
[update  168 | ep   1680 | steps   336000 | sps   2893] ep_return -1128.03  pol_loss  0.0050  val_loss 107770.0391  ev 0.005
[update  169 | ep   1690 | steps   338000 | sps   2896] ep_return -1122.64  pol_loss -0.0141  val_loss 111863.0234  ev 0.006
[eval @ step   340000] mean return = -1140.29
[update  170 | ep   1700 | steps   340000 | sps   2895] ep_return -1132.97  pol_loss -0.0329  val_loss 141688.5156  ev 0.005
[update  171 | ep   1710 | steps   342000 | sps   2897] ep_return -1127.96  pol_loss  0.0254  val_loss 118909.5547  ev 0.006
[update  172 | ep   1720 | steps   344000 | sps   2900] ep_return -1156.89  pol_loss -0.0279  val_loss 179320.4375  ev 0.005
[eval @ step   346000] mean return = -1139.12
[update  173 | ep   1730 | steps   346000 | sps   2896] ep_return -1171.36  pol_loss -0.0000  val_loss 152902.0469  ev 0.006
[update  174 | ep   1740 | steps   348000 | sps   2899] ep_return -1164.33  pol_loss -0.0221  val_loss 105023.1797  ev 0.004
[eval @ step   350000] mean return = -1139.60
[update  175 | ep   1750 | steps   350000 | sps   2895] ep_return -1156.17  pol_loss -0.0107  val_loss 105965.4141  ev 0.006
[update  176 | ep   1760 | steps   352000 | sps   2896] ep_return -1146.80  pol_loss -0.0198  val_loss 114236.1250  ev 0.005
[update  177 | ep   1770 | steps   354000 | sps   2898] ep_return -1143.23  pol_loss -0.0020  val_loss 116684.0312  ev 0.006
[eval @ step   356000] mean return = -1138.87
[update  178 | ep   1780 | steps   356000 | sps   2896] ep_return -1161.34  pol_loss -0.0011  val_loss 144451.1094  ev 0.006
[update  179 | ep   1790 | steps   358000 | sps   2896] ep_return -1170.96  pol_loss -0.0033  val_loss 134082.4688  ev 0.006
[eval @ step   360000] mean return = -1137.92
[update  180 | ep   1800 | steps   360000 | sps   2894] ep_return -1144.78  pol_loss -0.0148  val_loss 90607.6094  ev 0.004
[update  181 | ep   1810 | steps   362000 | sps   2896] ep_return -1146.00  pol_loss  0.0166  val_loss 117281.2109  ev 0.005
[update  182 | ep   1820 | steps   364000 | sps   2898] ep_return -1114.62  pol_loss  0.0250  val_loss 107257.6797  ev 0.006
[eval @ step   366000] mean return = -1137.23
[update  183 | ep   1830 | steps   366000 | sps   2894] ep_return -1092.62  pol_loss -0.0091  val_loss 105334.4531  ev 0.004
[update  184 | ep   1840 | steps   368000 | sps   2896] ep_return -1116.76  pol_loss -0.0013  val_loss 159643.0938  ev 0.006
[eval @ step   370000] mean return = -1136.69
[update  185 | ep   1850 | steps   370000 | sps   2897] ep_return -1115.16  pol_loss -0.0025  val_loss 104568.5391  ev 0.006
[update  186 | ep   1860 | steps   372000 | sps   2902] ep_return -1127.92  pol_loss  0.0249  val_loss 139797.7188  ev 0.006
[update  187 | ep   1870 | steps   374000 | sps   2903] ep_return -1126.78  pol_loss -0.0054  val_loss 117948.5781  ev 0.007
[eval @ step   376000] mean return = -1137.20
[update  188 | ep   1880 | steps   376000 | sps   2900] ep_return -1118.65  pol_loss -0.0234  val_loss 127823.7578  ev 0.005
[update  189 | ep   1890 | steps   378000 | sps   2902] ep_return -1112.69  pol_loss  0.0138  val_loss 121315.9922  ev 0.007
[eval @ step   380000] mean return = -1137.71
[update  190 | ep   1900 | steps   380000 | sps   2898] ep_return -1124.70  pol_loss -0.0263  val_loss 110684.5469  ev 0.005
[update  191 | ep   1910 | steps   382000 | sps   2899] ep_return -1121.51  pol_loss -0.0006  val_loss 110392.4062  ev 0.005
[update  192 | ep   1920 | steps   384000 | sps   2901] ep_return -1130.86  pol_loss -0.0171  val_loss 131585.8594  ev 0.006
[eval @ step   386000] mean return = -1140.96
[update  193 | ep   1930 | steps   386000 | sps   2896] ep_return -1137.65  pol_loss -0.0040  val_loss 119623.7812  ev 0.005
[update  194 | ep   1940 | steps   388000 | sps   2899] ep_return -1123.41  pol_loss -0.0419  val_loss 132791.2656  ev 0.006
[eval @ step   390000] mean return = -1139.25
[update  195 | ep   1950 | steps   390000 | sps   2897] ep_return -1144.02  pol_loss -0.0094  val_loss 140873.4219  ev 0.004
[update  196 | ep   1960 | steps   392000 | sps   2898] ep_return -1134.90  pol_loss  0.0015  val_loss 123698.0391  ev 0.005
[update  197 | ep   1970 | steps   394000 | sps   2900] ep_return -1144.12  pol_loss  0.0172  val_loss 139184.7500  ev 0.005
[eval @ step   396000] mean return = -1134.05
[update  198 | ep   1980 | steps   396000 | sps   2896] ep_return -1136.82  pol_loss  0.0102  val_loss 109575.9062  ev 0.004
[update  199 | ep   1990 | steps   398000 | sps   2898] ep_return -1143.37  pol_loss -0.0311  val_loss 131695.1875  ev 0.005
[eval @ step   400000] mean return = -1126.67
[update  200 | ep   2000 | steps   400000 | sps   2895] ep_return -1142.96  pol_loss -0.0231  val_loss 110399.8125  ev 0.006
[update  201 | ep   2010 | steps   402000 | sps   2897] ep_return -1136.27  pol_loss  0.0017  val_loss 99145.2031  ev 0.004
[update  202 | ep   2020 | steps   404000 | sps   2898] ep_return -1155.68  pol_loss  0.0191  val_loss 168765.8125  ev 0.005
[eval @ step   406000] mean return = -1120.90
[update  203 | ep   2030 | steps   406000 | sps   2895] ep_return -1143.83  pol_loss  0.0065  val_loss 96023.6094  ev 0.006
[update  204 | ep   2040 | steps   408000 | sps   2896] ep_return -1161.24  pol_loss  0.0192  val_loss 166812.2812  ev 0.004
[eval @ step   410000] mean return = -1128.11
[update  205 | ep   2050 | steps   410000 | sps   2896] ep_return -1165.65  pol_loss -0.0088  val_loss 152763.2031  ev 0.004
[update  206 | ep   2060 | steps   412000 | sps   2899] ep_return -1169.65  pol_loss  0.0087  val_loss 132722.7344  ev 0.005
[update  207 | ep   2070 | steps   414000 | sps   2901] ep_return -1151.44  pol_loss  0.0206  val_loss 99735.7891  ev 0.004
[eval @ step   416000] mean return = -1119.93
[update  208 | ep   2080 | steps   416000 | sps   2900] ep_return -1167.52  pol_loss  0.0093  val_loss 146811.4062  ev 0.005
[update  209 | ep   2090 | steps   418000 | sps   2903] ep_return -1175.20  pol_loss  0.0143  val_loss 153638.9062  ev 0.005
[eval @ step   420000] mean return = -1131.52
[update  210 | ep   2100 | steps   420000 | sps   2900] ep_return -1171.49  pol_loss  0.0076  val_loss 102461.9609  ev 0.005
[update  211 | ep   2110 | steps   422000 | sps   2903] ep_return -1195.10  pol_loss -0.0347  val_loss 142725.4062  ev 0.005
[update  212 | ep   2120 | steps   424000 | sps   2906] ep_return -1177.25  pol_loss  0.0110  val_loss 134731.7188  ev 0.007
[eval @ step   426000] mean return = -1132.61
[update  213 | ep   2130 | steps   426000 | sps   2903] ep_return -1198.64  pol_loss  0.0070  val_loss 139567.8125  ev 0.006
[update  214 | ep   2140 | steps   428000 | sps   2906] ep_return -1171.44  pol_loss  0.0035  val_loss 107390.2188  ev 0.006
[eval @ step   430000] mean return = -1133.53
[update  215 | ep   2150 | steps   430000 | sps   2903] ep_return -1166.65  pol_loss -0.0221  val_loss 140631.5938  ev 0.005
[update  216 | ep   2160 | steps   432000 | sps   2905] ep_return -1158.31  pol_loss  0.0334  val_loss 114493.3281  ev 0.006
[update  217 | ep   2170 | steps   434000 | sps   2907] ep_return -1174.15  pol_loss -0.0100  val_loss 132302.9844  ev 0.005
[eval @ step   436000] mean return = -1119.25
[update  218 | ep   2180 | steps   436000 | sps   2905] ep_return -1166.50  pol_loss  0.0144  val_loss 126800.2578  ev 0.006
[update  219 | ep   2190 | steps   438000 | sps   2906] ep_return -1153.41  pol_loss  0.0110  val_loss 128451.8203  ev 0.004
[eval @ step   440000] mean return = -1117.76
[update  220 | ep   2200 | steps   440000 | sps   2902] ep_return -1166.66  pol_loss -0.0146  val_loss 130831.9609  ev 0.006
[update  221 | ep   2210 | steps   442000 | sps   2904] ep_return -1156.91  pol_loss  0.0143  val_loss 128207.3516  ev 0.006
[update  222 | ep   2220 | steps   444000 | sps   2906] ep_return -1157.48  pol_loss -0.0293  val_loss 133230.5156  ev 0.005
[eval @ step   446000] mean return = -1118.41
[update  223 | ep   2230 | steps   446000 | sps   2904] ep_return -1151.77  pol_loss  0.0024  val_loss 125693.0938  ev 0.005
[update  224 | ep   2240 | steps   448000 | sps   2905] ep_return -1158.18  pol_loss -0.0106  val_loss 118920.9297  ev 0.006
[eval @ step   450000] mean return = -1128.49
[update  225 | ep   2250 | steps   450000 | sps   2902] ep_return -1154.15  pol_loss  0.0062  val_loss 134150.6875  ev 0.005
[update  226 | ep   2260 | steps   452000 | sps   2903] ep_return -1153.11  pol_loss  0.0025  val_loss 106720.3828  ev 0.005
[update  227 | ep   2270 | steps   454000 | sps   2905] ep_return -1135.33  pol_loss -0.0021  val_loss 98224.6562  ev 0.006
[eval @ step   456000] mean return = -1128.66
[update  228 | ep   2280 | steps   456000 | sps   2903] ep_return -1127.54  pol_loss -0.0002  val_loss 110398.3203  ev 0.005
[update  229 | ep   2290 | steps   458000 | sps   2905] ep_return -1134.71  pol_loss  0.0143  val_loss 138526.9688  ev 0.005
[eval @ step   460000] mean return = -1128.60
[update  230 | ep   2300 | steps   460000 | sps   2902] ep_return -1127.16  pol_loss -0.0012  val_loss 114402.5781  ev 0.007
[update  231 | ep   2310 | steps   462000 | sps   2903] ep_return -1125.32  pol_loss -0.0177  val_loss 118748.5391  ev 0.005
[update  232 | ep   2320 | steps   464000 | sps   2904] ep_return -1113.54  pol_loss  0.0406  val_loss 113273.4375  ev 0.007
[eval @ step   466000] mean return = -1127.99
[update  233 | ep   2330 | steps   466000 | sps   2901] ep_return -1123.13  pol_loss -0.0406  val_loss 151097.3438  ev 0.005
[update  234 | ep   2340 | steps   468000 | sps   2902] ep_return -1127.70  pol_loss -0.0102  val_loss 127941.8828  ev 0.006
[eval @ step   470000] mean return = -1116.86
[update  235 | ep   2350 | steps   470000 | sps   2899] ep_return -1111.26  pol_loss  0.0084  val_loss 98721.8438  ev 0.005
[update  236 | ep   2360 | steps   472000 | sps   2900] ep_return -1108.81  pol_loss -0.0178  val_loss 105471.3594  ev 0.005
[update  237 | ep   2370 | steps   474000 | sps   2901] ep_return -1134.95  pol_loss  0.0008  val_loss 145805.7031  ev 0.004
[eval @ step   476000] mean return = -1116.66
[update  238 | ep   2380 | steps   476000 | sps   2898] ep_return -1152.89  pol_loss -0.0124  val_loss 152739.7969  ev 0.005
[update  239 | ep   2390 | steps   478000 | sps   2899] ep_return -1125.72  pol_loss -0.0014  val_loss 86961.3906  ev 0.004
[eval @ step   480000] mean return = -1110.21
[update  240 | ep   2400 | steps   480000 | sps   2897] ep_return -1131.45  pol_loss  0.0121  val_loss 130181.7500  ev 0.005
[update  241 | ep   2410 | steps   482000 | sps   2898] ep_return -1127.31  pol_loss -0.0114  val_loss 115128.9453  ev 0.005
[update  242 | ep   2420 | steps   484000 | sps   2902] ep_return -1133.44  pol_loss  0.0039  val_loss 117859.1719  ev 0.005
[eval @ step   486000] mean return = -1128.06
[update  243 | ep   2430 | steps   486000 | sps   2901] ep_return -1119.70  pol_loss  0.0016  val_loss 116234.0859  ev 0.006
[update  244 | ep   2440 | steps   488000 | sps   2903] ep_return -1115.36  pol_loss -0.0341  val_loss 121090.3516  ev 0.006
[eval @ step   490000] mean return = -1128.99
[update  245 | ep   2450 | steps   490000 | sps   2900] ep_return -1123.51  pol_loss -0.0007  val_loss 116792.3281  ev 0.005
[update  246 | ep   2460 | steps   492000 | sps   2902] ep_return -1135.71  pol_loss -0.0113  val_loss 129232.4922  ev 0.006
[update  247 | ep   2470 | steps   494000 | sps   2903] ep_return -1125.42  pol_loss  0.0159  val_loss 122978.4453  ev 0.005
[eval @ step   496000] mean return = -1129.17
[update  248 | ep   2480 | steps   496000 | sps   2901] ep_return -1117.42  pol_loss  0.0145  val_loss 140906.6562  ev 0.006
[update  249 | ep   2490 | steps   498000 | sps   2903] ep_return -1136.44  pol_loss  0.0017  val_loss 121109.6406  ev 0.005
[eval @ step   500000] mean return = -1128.64
[update  250 | ep   2500 | steps   500000 | sps   2901] ep_return -1128.90  pol_loss -0.0059  val_loss 106957.6875  ev 0.006
[update  251 | ep   2510 | steps   502000 | sps   2903] ep_return -1119.64  pol_loss -0.0123  val_loss 93367.1562  ev 0.006
[update  252 | ep   2520 | steps   504000 | sps   2905] ep_return -1116.79  pol_loss  0.0245  val_loss 118258.2734  ev 0.007
[eval @ step   506000] mean return = -1125.34
[update  253 | ep   2530 | steps   506000 | sps   2904] ep_return -1110.69  pol_loss -0.0025  val_loss 103514.0469  ev 0.006
[update  254 | ep   2540 | steps   508000 | sps   2906] ep_return -1100.59  pol_loss  0.0211  val_loss 99511.5625  ev 0.005
[eval @ step   510000] mean return = -1122.80
[update  255 | ep   2550 | steps   510000 | sps   2904] ep_return -1103.85  pol_loss  0.0038  val_loss 120345.4922  ev 0.006
[update  256 | ep   2560 | steps   512000 | sps   2906] ep_return -1102.28  pol_loss  0.0004  val_loss 127441.1016  ev 0.006
[update  257 | ep   2570 | steps   514000 | sps   2907] ep_return -1107.08  pol_loss -0.0060  val_loss 138969.2031  ev 0.005
[eval @ step   516000] mean return = -1118.86
[update  258 | ep   2580 | steps   516000 | sps   2906] ep_return -1112.46  pol_loss  0.0090  val_loss 147455.8438  ev 0.005
[update  259 | ep   2590 | steps   518000 | sps   2908] ep_return -1098.10  pol_loss  0.0225  val_loss 90095.6953  ev 0.003
[eval @ step   520000] mean return = -1110.17
[update  260 | ep   2600 | steps   520000 | sps   2907] ep_return -1109.68  pol_loss  0.0100  val_loss 130192.8984  ev 0.004
[update  261 | ep   2610 | steps   522000 | sps   2910] ep_return -1126.32  pol_loss -0.0105  val_loss 132835.6094  ev 0.005
[update  262 | ep   2620 | steps   524000 | sps   2911] ep_return -1132.00  pol_loss -0.0141  val_loss 126696.5469  ev 0.005
[eval @ step   526000] mean return = -1113.62
[update  263 | ep   2630 | steps   526000 | sps   2910] ep_return -1138.63  pol_loss  0.0191  val_loss 121821.4062  ev 0.005
[update  264 | ep   2640 | steps   528000 | sps   2911] ep_return -1149.68  pol_loss -0.0172  val_loss 121314.6719  ev 0.005
[eval @ step   530000] mean return = -1107.68
[update  265 | ep   2650 | steps   530000 | sps   2910] ep_return -1161.82  pol_loss  0.0061  val_loss 153096.4688  ev 0.005
[update  266 | ep   2660 | steps   532000 | sps   2911] ep_return -1144.89  pol_loss -0.0058  val_loss 90705.1484  ev 0.004
[update  267 | ep   2670 | steps   534000 | sps   2912] ep_return -1136.52  pol_loss -0.0103  val_loss 127420.3516  ev 0.005
[eval @ step   536000] mean return = -1111.69
[update  268 | ep   2680 | steps   536000 | sps   2909] ep_return -1140.96  pol_loss -0.0099  val_loss 148842.9844  ev 0.003
[update  269 | ep   2690 | steps   538000 | sps   2910] ep_return -1138.93  pol_loss -0.0189  val_loss 87947.2578  ev 0.003
[eval @ step   540000] mean return = -1115.92
[update  270 | ep   2700 | steps   540000 | sps   2909] ep_return -1114.84  pol_loss -0.0063  val_loss 85131.7969  ev 0.004
[update  271 | ep   2710 | steps   542000 | sps   2911] ep_return -1120.03  pol_loss -0.0068  val_loss 139985.4844  ev 0.005
[update  272 | ep   2720 | steps   544000 | sps   2912] ep_return -1126.47  pol_loss  0.0010  val_loss 138420.3125  ev 0.004
[eval @ step   546000] mean return = -1120.06
[update  273 | ep   2730 | steps   546000 | sps   2911] ep_return -1126.08  pol_loss  0.0020  val_loss 114489.9766  ev 0.004
[update  274 | ep   2740 | steps   548000 | sps   2914] ep_return -1127.55  pol_loss -0.0055  val_loss 120709.2422  ev 0.005
[eval @ step   550000] mean return = -1119.97
[update  275 | ep   2750 | steps   550000 | sps   2914] ep_return -1119.90  pol_loss -0.0157  val_loss 133800.8750  ev 0.004
[update  276 | ep   2760 | steps   552000 | sps   2915] ep_return -1123.38  pol_loss -0.0064  val_loss 100972.6094  ev 0.004
[update  277 | ep   2770 | steps   554000 | sps   2916] ep_return -1114.38  pol_loss  0.0137  val_loss 98014.1562  ev 0.002
[eval @ step   556000] mean return = -1112.96
[update  278 | ep   2780 | steps   556000 | sps   2915] ep_return -1103.02  pol_loss -0.0239  val_loss 133122.9844  ev 0.005
[update  279 | ep   2790 | steps   558000 | sps   2916] ep_return -1128.79  pol_loss -0.0314  val_loss 139539.9375  ev 0.005
[eval @ step   560000] mean return = -1125.05
[update  280 | ep   2800 | steps   560000 | sps   2913] ep_return -1141.76  pol_loss  0.0131  val_loss 111709.4609  ev 0.005
[update  281 | ep   2810 | steps   562000 | sps   2915] ep_return -1134.49  pol_loss  0.0296  val_loss 127163.9453  ev 0.005
[update  282 | ep   2820 | steps   564000 | sps   2916] ep_return -1121.19  pol_loss  0.0042  val_loss 106868.4297  ev 0.004
[eval @ step   566000] mean return = -1124.62
[update  283 | ep   2830 | steps   566000 | sps   2915] ep_return -1133.43  pol_loss  0.0180  val_loss 144757.6875  ev 0.004
[update  284 | ep   2840 | steps   568000 | sps   2917] ep_return -1142.59  pol_loss  0.0008  val_loss 141370.3750  ev 0.004
[eval @ step   570000] mean return = -1127.49
[update  285 | ep   2850 | steps   570000 | sps   2916] ep_return -1135.21  pol_loss -0.0002  val_loss 116232.0234  ev 0.004
[update  286 | ep   2860 | steps   572000 | sps   2918] ep_return -1151.72  pol_loss  0.0258  val_loss 124776.0859  ev 0.004
[update  287 | ep   2870 | steps   574000 | sps   2920] ep_return -1156.97  pol_loss  0.0009  val_loss 111229.6484  ev 0.005
[eval @ step   576000] mean return = -1128.61
[update  288 | ep   2880 | steps   576000 | sps   2919] ep_return -1143.12  pol_loss -0.0006  val_loss 101851.0703  ev 0.005
[update  289 | ep   2890 | steps   578000 | sps   2922] ep_return -1136.41  pol_loss -0.0039  val_loss 127039.2734  ev 0.005
[eval @ step   580000] mean return = -1106.93
[update  290 | ep   2900 | steps   580000 | sps   2920] ep_return -1158.07  pol_loss -0.0138  val_loss 162245.7031  ev 0.004
[update  291 | ep   2910 | steps   582000 | sps   2921] ep_return -1158.50  pol_loss -0.0049  val_loss 123958.9141  ev 0.004
[update  292 | ep   2920 | steps   584000 | sps   2924] ep_return -1162.63  pol_loss  0.0148  val_loss 117748.4922  ev 0.005
[eval @ step   586000] mean return = -1128.07
[update  293 | ep   2930 | steps   586000 | sps   2923] ep_return -1173.48  pol_loss  0.0016  val_loss 166011.6562  ev 0.003
[update  294 | ep   2940 | steps   588000 | sps   2925] ep_return -1159.95  pol_loss  0.0097  val_loss 115996.6875  ev 0.004
[eval @ step   590000] mean return = -1119.58
[update  295 | ep   2950 | steps   590000 | sps   2923] ep_return -1176.41  pol_loss  0.0218  val_loss 147651.3281  ev 0.004
[update  296 | ep   2960 | steps   592000 | sps   2925] ep_return -1177.82  pol_loss  0.0008  val_loss 132941.2500  ev 0.005
[update  297 | ep   2970 | steps   594000 | sps   2926] ep_return -1175.10  pol_loss  0.0108  val_loss 103566.9766  ev 0.004
[eval @ step   596000] mean return = -1123.74
[update  298 | ep   2980 | steps   596000 | sps   2925] ep_return -1179.00  pol_loss  0.0008  val_loss 105612.1562  ev 0.005
[update  299 | ep   2990 | steps   598000 | sps   2927] ep_return -1170.03  pol_loss  0.0413  val_loss 105463.8125  ev 0.005
[eval @ step   600000] mean return = -1122.88
[update  300 | ep   3000 | steps   600000 | sps   2926] ep_return -1151.06  pol_loss -0.0121  val_loss 111672.5234  ev 0.004
[update  301 | ep   3010 | steps   602000 | sps   2927] ep_return -1144.65  pol_loss -0.0164  val_loss 105239.0703  ev 0.006
[update  302 | ep   3020 | steps   604000 | sps   2929] ep_return -1151.36  pol_loss -0.0135  val_loss 128525.3047  ev 0.005
[eval @ step   606000] mean return = -1101.48
[update  303 | ep   3030 | steps   606000 | sps   2928] ep_return -1123.59  pol_loss  0.0061  val_loss 105305.2578  ev 0.004
[update  304 | ep   3040 | steps   608000 | sps   2930] ep_return -1132.14  pol_loss -0.0233  val_loss 130052.8438  ev 0.006
[eval @ step   610000] mean return = -1091.03
[update  305 | ep   3050 | steps   610000 | sps   2929] ep_return -1114.82  pol_loss -0.0142  val_loss 108776.8516  ev 0.004
[update  306 | ep   3060 | steps   612000 | sps   2930] ep_return -1102.02  pol_loss  0.0147  val_loss 105900.2344  ev 0.005
[update  307 | ep   3070 | steps   614000 | sps   2932] ep_return -1103.33  pol_loss  0.0168  val_loss 108110.1797  ev 0.004
[eval @ step   616000] mean return = -1093.38
[update  308 | ep   3080 | steps   616000 | sps   2930] ep_return -1108.03  pol_loss -0.0213  val_loss 111062.4219  ev 0.004
[update  309 | ep   3090 | steps   618000 | sps   2931] ep_return -1111.86  pol_loss  0.0219  val_loss 110522.8984  ev 0.005
[eval @ step   620000] mean return = -1089.95
[update  310 | ep   3100 | steps   620000 | sps   2929] ep_return -1111.93  pol_loss  0.0237  val_loss 112265.0078  ev 0.005
[update  311 | ep   3110 | steps   622000 | sps   2930] ep_return -1111.68  pol_loss  0.0028  val_loss 107532.5234  ev 0.005
[update  312 | ep   3120 | steps   624000 | sps   2933] ep_return -1099.83  pol_loss  0.0099  val_loss 103444.7734  ev 0.003
[eval @ step   626000] mean return = -1090.13
[update  313 | ep   3130 | steps   626000 | sps   2930] ep_return -1100.95  pol_loss  0.0016  val_loss 102672.7031  ev 0.006
[update  314 | ep   3140 | steps   628000 | sps   2931] ep_return -1096.06  pol_loss  0.0077  val_loss 113814.7578  ev 0.005
[eval @ step   630000] mean return = -1086.71
[update  315 | ep   3150 | steps   630000 | sps   2930] ep_return -1094.49  pol_loss  0.0124  val_loss 108219.2031  ev 0.004
[update  316 | ep   3160 | steps   632000 | sps   2931] ep_return -1091.62  pol_loss -0.0075  val_loss 100002.0234  ev 0.003
[update  317 | ep   3170 | steps   634000 | sps   2932] ep_return -1097.99  pol_loss  0.0054  val_loss 117447.5703  ev 0.005
[eval @ step   636000] mean return = -1073.43
[update  318 | ep   3180 | steps   636000 | sps   2931] ep_return -1090.44  pol_loss -0.0238  val_loss 96318.9688  ev 0.005
[update  319 | ep   3190 | steps   638000 | sps   2933] ep_return -1098.10  pol_loss -0.0127  val_loss 127819.6016  ev 0.005
[eval @ step   640000] mean return = -1086.81
[update  320 | ep   3200 | steps   640000 | sps   2931] ep_return -1091.32  pol_loss  0.0039  val_loss 101551.4453  ev 0.004
[update  321 | ep   3210 | steps   642000 | sps   2933] ep_return -1094.97  pol_loss -0.0235  val_loss 116815.0312  ev 0.004
[update  322 | ep   3220 | steps   644000 | sps   2934] ep_return -1090.26  pol_loss  0.0013  val_loss 94026.6719  ev 0.004
[eval @ step   646000] mean return = -1099.28
[update  323 | ep   3230 | steps   646000 | sps   2932] ep_return -1086.99  pol_loss -0.0078  val_loss 96835.0234  ev 0.005
[update  324 | ep   3240 | steps   648000 | sps   2933] ep_return -1088.14  pol_loss -0.0059  val_loss 119236.7812  ev 0.004
[eval @ step   650000] mean return = -1099.31
[update  325 | ep   3250 | steps   650000 | sps   2931] ep_return -1083.10  pol_loss -0.0059  val_loss 99286.0000  ev 0.004
[update  326 | ep   3260 | steps   652000 | sps   2933] ep_return -1088.98  pol_loss -0.0040  val_loss 106629.7969  ev 0.005
[update  327 | ep   3270 | steps   654000 | sps   2934] ep_return -1081.86  pol_loss -0.0100  val_loss 104331.8125  ev 0.005
[eval @ step   656000] mean return = -1100.31
[update  328 | ep   3280 | steps   656000 | sps   2933] ep_return -1085.41  pol_loss  0.0389  val_loss 105589.7031  ev 0.004
[update  329 | ep   3290 | steps   658000 | sps   2934] ep_return -1074.68  pol_loss -0.0092  val_loss 104856.0625  ev 0.004
[eval @ step   660000] mean return = -1100.17
[update  330 | ep   3300 | steps   660000 | sps   2932] ep_return -1077.29  pol_loss  0.0108  val_loss 102094.6172  ev 0.005
[update  331 | ep   3310 | steps   662000 | sps   2933] ep_return -1090.51  pol_loss -0.0109  val_loss 146301.2969  ev 0.004
[update  332 | ep   3320 | steps   664000 | sps   2936] ep_return -1098.10  pol_loss -0.0164  val_loss 109345.3516  ev 0.004
[eval @ step   666000] mean return = -1095.10
[update  333 | ep   3330 | steps   666000 | sps   2934] ep_return -1108.80  pol_loss -0.0210  val_loss 120743.1719  ev 0.005
[update  334 | ep   3340 | steps   668000 | sps   2935] ep_return -1099.46  pol_loss  0.0121  val_loss 103116.8438  ev 0.004
[eval @ step   670000] mean return = -1098.00
[update  335 | ep   3350 | steps   670000 | sps   2934] ep_return -1108.37  pol_loss  0.0002  val_loss 117901.4062  ev 0.004
[update  336 | ep   3360 | steps   672000 | sps   2935] ep_return -1110.52  pol_loss  0.0093  val_loss 111560.5312  ev 0.005
[update  337 | ep   3370 | steps   674000 | sps   2936] ep_return -1112.71  pol_loss  0.0097  val_loss 108262.1328  ev 0.004
[eval @ step   676000] mean return = -1091.71
[update  338 | ep   3380 | steps   676000 | sps   2935] ep_return -1116.59  pol_loss  0.0005  val_loss 115385.4609  ev 0.003
[update  339 | ep   3390 | steps   678000 | sps   2938] ep_return -1117.68  pol_loss -0.0035  val_loss 108753.9375  ev 0.004
[eval @ step   680000] mean return = -1090.03
[update  340 | ep   3400 | steps   680000 | sps   2936] ep_return -1122.00  pol_loss  0.0014  val_loss 114140.6484  ev 0.005
[update  341 | ep   3410 | steps   682000 | sps   2937] ep_return -1108.69  pol_loss -0.0178  val_loss 115034.0234  ev 0.003
[update  342 | ep   3420 | steps   684000 | sps   2938] ep_return -1106.68  pol_loss  0.0356  val_loss 106834.5938  ev 0.003
[eval @ step   686000] mean return = -1086.32
[update  343 | ep   3430 | steps   686000 | sps   2937] ep_return -1099.72  pol_loss -0.0047  val_loss 100738.1953  ev 0.005
[update  344 | ep   3440 | steps   688000 | sps   2939] ep_return -1107.15  pol_loss  0.0133  val_loss 122918.4844  ev 0.004
[eval @ step   690000] mean return = -1100.20
[update  345 | ep   3450 | steps   690000 | sps   2938] ep_return -1104.33  pol_loss  0.0243  val_loss 111254.1406  ev 0.004
[update  346 | ep   3460 | steps   692000 | sps   2939] ep_return -1109.05  pol_loss -0.0129  val_loss 122137.6797  ev 0.003
[update  347 | ep   3470 | steps   694000 | sps   2940] ep_return -1110.97  pol_loss -0.0053  val_loss 112237.3984  ev 0.003
[eval @ step   696000] mean return = -1110.16
[update  348 | ep   3480 | steps   696000 | sps   2938] ep_return -1106.87  pol_loss  0.0027  val_loss 103802.2891  ev 0.003
[update  349 | ep   3490 | steps   698000 | sps   2939] ep_return -1108.92  pol_loss  0.0036  val_loss 110956.8281  ev 0.003
[eval @ step   700000] mean return = -1081.04
[update  350 | ep   3500 | steps   700000 | sps   2939] ep_return -1115.13  pol_loss -0.0265  val_loss 125684.9297  ev 0.003
[update  351 | ep   3510 | steps   702000 | sps   2940] ep_return -1108.69  pol_loss -0.0120  val_loss 103899.7422  ev 0.003
[update  352 | ep   3520 | steps   704000 | sps   2941] ep_return -1119.73  pol_loss -0.0039  val_loss 130240.8672  ev 0.003
[eval @ step   706000] mean return = -1077.68
[update  353 | ep   3530 | steps   706000 | sps   2940] ep_return -1121.59  pol_loss  0.0095  val_loss 112651.3203  ev 0.003
[update  354 | ep   3540 | steps   708000 | sps   2942] ep_return -1114.78  pol_loss -0.0248  val_loss 111142.7422  ev 0.003
[eval @ step   710000] mean return = -1084.21
[update  355 | ep   3550 | steps   710000 | sps   2941] ep_return -1110.13  pol_loss  0.0221  val_loss 99720.4453  ev 0.003
[update  356 | ep   3560 | steps   712000 | sps   2942] ep_return -1107.94  pol_loss  0.0016  val_loss 123553.9375  ev 0.003
[update  357 | ep   3570 | steps   714000 | sps   2943] ep_return -1124.59  pol_loss -0.0193  val_loss 154208.5938  ev 0.003
[eval @ step   716000] mean return = -1080.87
[update  358 | ep   3580 | steps   716000 | sps   2941] ep_return -1122.16  pol_loss  0.0111  val_loss 99872.8516  ev 0.002
[update  359 | ep   3590 | steps   718000 | sps   2942] ep_return -1131.70  pol_loss  0.0269  val_loss 129250.8516  ev 0.002
[eval @ step   720000] mean return = -1073.29
[update  360 | ep   3600 | steps   720000 | sps   2941] ep_return -1140.31  pol_loss  0.0161  val_loss 147928.1719  ev 0.002
[update  361 | ep   3610 | steps   722000 | sps   2942] ep_return -1158.91  pol_loss -0.0141  val_loss 148291.4375  ev 0.003
[update  362 | ep   3620 | steps   724000 | sps   2943] ep_return -1150.08  pol_loss -0.0069  val_loss 115340.6953  ev 0.003
[eval @ step   726000] mean return = -1071.62
[update  363 | ep   3630 | steps   726000 | sps   2941] ep_return -1154.12  pol_loss  0.0250  val_loss 123029.0547  ev 0.003
[update  364 | ep   3640 | steps   728000 | sps   2943] ep_return -1170.04  pol_loss -0.0343  val_loss 135764.6250  ev 0.002
[eval @ step   730000] mean return = -1064.90
[update  365 | ep   3650 | steps   730000 | sps   2942] ep_return -1187.76  pol_loss -0.0184  val_loss 133546.5156  ev 0.001
[update  366 | ep   3660 | steps   732000 | sps   2942] ep_return -1183.59  pol_loss -0.0266  val_loss 114908.4141  ev 0.003
[update  367 | ep   3670 | steps   734000 | sps   2943] ep_return -1172.58  pol_loss  0.0468  val_loss 126423.4219  ev 0.002
[eval @ step   736000] mean return = -1086.58
[update  368 | ep   3680 | steps   736000 | sps   2942] ep_return -1176.99  pol_loss -0.0065  val_loss 113923.6406  ev 0.003
[update  369 | ep   3690 | steps   738000 | sps   2943] ep_return -1181.19  pol_loss -0.0005  val_loss 146048.2500  ev 0.003
[eval @ step   740000] mean return = -1074.40
[update  370 | ep   3700 | steps   740000 | sps   2942] ep_return -1169.76  pol_loss -0.0055  val_loss 122482.2266  ev 0.002
[update  371 | ep   3710 | steps   742000 | sps   2942] ep_return -1162.49  pol_loss  0.0214  val_loss 127465.0312  ev 0.002
[update  372 | ep   3720 | steps   744000 | sps   2943] ep_return -1181.81  pol_loss  0.0076  val_loss 150964.0469  ev 0.002
[eval @ step   746000] mean return = -1089.08
[update  373 | ep   3730 | steps   746000 | sps   2943] ep_return -1179.88  pol_loss -0.0028  val_loss 117655.2500  ev 0.003
[update  374 | ep   3740 | steps   748000 | sps   2944] ep_return -1155.14  pol_loss -0.0135  val_loss 88280.2188  ev 0.003
[eval @ step   750000] mean return = -1107.44
[update  375 | ep   3750 | steps   750000 | sps   2943] ep_return -1146.25  pol_loss -0.0239  val_loss 116952.7031  ev 0.003
[update  376 | ep   3760 | steps   752000 | sps   2945] ep_return -1136.27  pol_loss -0.0002  val_loss 91248.7578  ev 0.003
[update  377 | ep   3770 | steps   754000 | sps   2947] ep_return -1123.55  pol_loss -0.0130  val_loss 95466.3672  ev 0.003
[eval @ step   756000] mean return = -1100.50
[update  378 | ep   3780 | steps   756000 | sps   2946] ep_return -1115.10  pol_loss -0.0082  val_loss 89960.2891  ev 0.003
[update  379 | ep   3790 | steps   758000 | sps   2947] ep_return -1096.20  pol_loss  0.0028  val_loss 98588.4219  ev 0.003
[eval @ step   760000] mean return = -1100.53
[update  380 | ep   3800 | steps   760000 | sps   2946] ep_return -1088.66  pol_loss  0.0322  val_loss 106494.8750  ev 0.003
[update  381 | ep   3810 | steps   762000 | sps   2947] ep_return -1087.53  pol_loss  0.0165  val_loss 120993.2109  ev 0.004
[update  382 | ep   3820 | steps   764000 | sps   2948] ep_return -1062.35  pol_loss  0.0064  val_loss 101534.1562  ev 0.003
[eval @ step   766000] mean return = -1094.30
[update  383 | ep   3830 | steps   766000 | sps   2948] ep_return -1068.02  pol_loss -0.0010  val_loss 125893.9688  ev 0.003
[update  384 | ep   3840 | steps   768000 | sps   2949] ep_return -1079.20  pol_loss  0.0382  val_loss 110556.4766  ev 0.003
[eval @ step   770000] mean return = -1091.62
[update  385 | ep   3850 | steps   770000 | sps   2948] ep_return -1077.37  pol_loss -0.0187  val_loss 110900.9844  ev 0.004
[update  386 | ep   3860 | steps   772000 | sps   2949] ep_return -1078.77  pol_loss  0.0047  val_loss 93649.8281  ev 0.002
[update  387 | ep   3870 | steps   774000 | sps   2951] ep_return -1093.04  pol_loss  0.0008  val_loss 128785.0469  ev 0.003
[eval @ step   776000] mean return = -1082.92
[update  388 | ep   3880 | steps   776000 | sps   2949] ep_return -1106.31  pol_loss  0.0321  val_loss 115382.4766  ev 0.003
[update  389 | ep   3890 | steps   778000 | sps   2951] ep_return -1107.63  pol_loss  0.0051  val_loss 98548.7344  ev 0.004
[eval @ step   780000] mean return = -1078.01
[update  390 | ep   3900 | steps   780000 | sps   2950] ep_return -1108.63  pol_loss  0.0048  val_loss 106624.7969  ev 0.003
[update  391 | ep   3910 | steps   782000 | sps   2951] ep_return -1098.97  pol_loss -0.0196  val_loss 98714.7109  ev 0.003
[update  392 | ep   3920 | steps   784000 | sps   2952] ep_return -1107.05  pol_loss  0.0030  val_loss 114346.7891  ev 0.003
[eval @ step   786000] mean return = -1078.76
[update  393 | ep   3930 | steps   786000 | sps   2952] ep_return -1096.07  pol_loss  0.0111  val_loss 102791.6797  ev 0.003
[update  394 | ep   3940 | steps   788000 | sps   2953] ep_return -1095.14  pol_loss  0.0052  val_loss 103139.1328  ev 0.003
[eval @ step   790000] mean return = -1077.84
[update  395 | ep   3950 | steps   790000 | sps   2952] ep_return -1090.71  pol_loss  0.0090  val_loss 104091.2422  ev 0.003
[update  396 | ep   3960 | steps   792000 | sps   2954] ep_return -1107.70  pol_loss -0.0010  val_loss 121436.5938  ev 0.004
[update  397 | ep   3970 | steps   794000 | sps   2955] ep_return -1097.57  pol_loss  0.0167  val_loss 100228.6719  ev 0.003
[eval @ step   796000] mean return = -1100.25
[update  398 | ep   3980 | steps   796000 | sps   2954] ep_return -1098.21  pol_loss -0.0105  val_loss 120462.7266  ev 0.002
[update  399 | ep   3990 | steps   798000 | sps   2955] ep_return -1105.03  pol_loss  0.0233  val_loss 110786.1094  ev 0.004
[eval @ step   800000] mean return = -1106.42
[update  400 | ep   4000 | steps   800000 | sps   2954] ep_return -1103.82  pol_loss -0.0070  val_loss 102226.4219  ev 0.003
[update  401 | ep   4010 | steps   802000 | sps   2955] ep_return -1108.68  pol_loss  0.0039  val_loss 110463.5703  ev 0.003
[update  402 | ep   4020 | steps   804000 | sps   2956] ep_return -1114.96  pol_loss -0.0129  val_loss 122648.6797  ev 0.003
[eval @ step   806000] mean return = -1112.05
[update  403 | ep   4030 | steps   806000 | sps   2955] ep_return -1118.80  pol_loss  0.0352  val_loss 107376.6250  ev 0.003
[update  404 | ep   4040 | steps   808000 | sps   2956] ep_return -1125.29  pol_loss -0.0087  val_loss 120455.2109  ev 0.003
[eval @ step   810000] mean return = -1102.06
[update  405 | ep   4050 | steps   810000 | sps   2956] ep_return -1129.85  pol_loss -0.0130  val_loss 110215.5078  ev 0.003
[update  406 | ep   4060 | steps   812000 | sps   2956] ep_return -1127.51  pol_loss -0.0207  val_loss 121070.6250  ev 0.003
[update  407 | ep   4070 | steps   814000 | sps   2958] ep_return -1131.52  pol_loss -0.0045  val_loss 111963.6328  ev 0.002
[eval @ step   816000] mean return = -1117.80
[update  408 | ep   4080 | steps   816000 | sps   2957] ep_return -1129.57  pol_loss  0.0252  val_loss 117217.3047  ev 0.002
[update  409 | ep   4090 | steps   818000 | sps   2958] ep_return -1127.20  pol_loss  0.0024  val_loss 110778.3828  ev 0.002
[eval @ step   820000] mean return = -1107.71
[update  410 | ep   4100 | steps   820000 | sps   2958] ep_return -1134.80  pol_loss -0.0015  val_loss 111137.0391  ev 0.004
[update  411 | ep   4110 | steps   822000 | sps   2960] ep_return -1133.66  pol_loss -0.0089  val_loss 111415.0078  ev 0.002
[update  412 | ep   4120 | steps   824000 | sps   2961] ep_return -1129.64  pol_loss -0.0152  val_loss 113656.7266  ev 0.003
[eval @ step   826000] mean return = -1115.22
[update  413 | ep   4130 | steps   826000 | sps   2960] ep_return -1137.41  pol_loss -0.0141  val_loss 125471.0391  ev 0.003
[update  414 | ep   4140 | steps   828000 | sps   2961] ep_return -1135.61  pol_loss  0.0163  val_loss 113949.9766  ev 0.002
[eval @ step   830000] mean return = -1099.98
[update  415 | ep   4150 | steps   830000 | sps   2960] ep_return -1141.00  pol_loss -0.0168  val_loss 121340.5469  ev 0.003
[update  416 | ep   4160 | steps   832000 | sps   2961] ep_return -1136.18  pol_loss  0.0143  val_loss 109052.7891  ev 0.002
[update  417 | ep   4170 | steps   834000 | sps   2962] ep_return -1132.09  pol_loss  0.0220  val_loss 103543.9688  ev 0.002
[eval @ step   836000] mean return = -1089.77
[update  418 | ep   4180 | steps   836000 | sps   2961] ep_return -1136.47  pol_loss  0.0266  val_loss 118258.3594  ev 0.003
[update  419 | ep   4190 | steps   838000 | sps   2963] ep_return -1134.66  pol_loss  0.0033  val_loss 107086.9219  ev 0.003
[eval @ step   840000] mean return = -1068.77
[update  420 | ep   4200 | steps   840000 | sps   2962] ep_return -1127.44  pol_loss  0.0140  val_loss 105190.4297  ev 0.002
[update  421 | ep   4210 | steps   842000 | sps   2963] ep_return -1128.81  pol_loss -0.0223  val_loss 108834.4297  ev 0.003
[update  422 | ep   4220 | steps   844000 | sps   2964] ep_return -1134.18  pol_loss -0.0332  val_loss 132209.2656  ev 0.002
[eval @ step   846000] mean return = -1078.94
[update  423 | ep   4230 | steps   846000 | sps   2962] ep_return -1125.29  pol_loss  0.0123  val_loss 106733.9453  ev 0.002
[update  424 | ep   4240 | steps   848000 | sps   2963] ep_return -1118.05  pol_loss -0.0114  val_loss 98458.3281  ev 0.003
[eval @ step   850000] mean return = -1073.59
[update  425 | ep   4250 | steps   850000 | sps   2961] ep_return -1105.80  pol_loss  0.0188  val_loss 97061.5391  ev 0.003
[update  426 | ep   4260 | steps   852000 | sps   2962] ep_return -1111.32  pol_loss -0.0158  val_loss 118793.5156  ev 0.003
[update  427 | ep   4270 | steps   854000 | sps   2963] ep_return -1110.15  pol_loss  0.0217  val_loss 98193.8594  ev 0.002
[eval @ step   856000] mean return = -1069.33
[update  428 | ep   4280 | steps   856000 | sps   2962] ep_return -1096.32  pol_loss  0.0163  val_loss 94285.0703  ev 0.003
[update  429 | ep   4290 | steps   858000 | sps   2963] ep_return -1099.57  pol_loss -0.0100  val_loss 112774.1094  ev 0.002
[eval @ step   860000] mean return = -1055.16
[update  430 | ep   4300 | steps   860000 | sps   2962] ep_return -1102.31  pol_loss -0.0097  val_loss 108498.3984  ev 0.002
[update  431 | ep   4310 | steps   862000 | sps   2963] ep_return -1100.52  pol_loss  0.0280  val_loss 106309.3984  ev 0.002
[update  432 | ep   4320 | steps   864000 | sps   2964] ep_return -1079.44  pol_loss -0.0139  val_loss 85094.3672  ev 0.002
[eval @ step   866000] mean return = -1069.80
[update  433 | ep   4330 | steps   866000 | sps   2962] ep_return -1083.18  pol_loss  0.0055  val_loss 112167.1250  ev 0.003
[update  434 | ep   4340 | steps   868000 | sps   2963] ep_return -1095.97  pol_loss  0.0026  val_loss 122555.6562  ev 0.002
[eval @ step   870000] mean return = -1069.65
[update  435 | ep   4350 | steps   870000 | sps   2963] ep_return -1100.93  pol_loss  0.0261  val_loss 105909.1328  ev 0.002
[update  436 | ep   4360 | steps   872000 | sps   2964] ep_return -1096.59  pol_loss  0.0262  val_loss 110417.0391  ev 0.002
[update  437 | ep   4370 | steps   874000 | sps   2965] ep_return -1095.99  pol_loss -0.0222  val_loss 102624.0312  ev 0.002
[eval @ step   876000] mean return = -1066.39
[update  438 | ep   4380 | steps   876000 | sps   2964] ep_return -1094.90  pol_loss  0.0276  val_loss 92588.2969  ev 0.001
[update  439 | ep   4390 | steps   878000 | sps   2965] ep_return -1091.50  pol_loss  0.0297  val_loss 102604.7188  ev 0.002
[eval @ step   880000] mean return = -1055.27
[update  440 | ep   4400 | steps   880000 | sps   2963] ep_return -1088.96  pol_loss -0.0083  val_loss 103848.7891  ev 0.002
[update  441 | ep   4410 | steps   882000 | sps   2964] ep_return -1088.14  pol_loss  0.0160  val_loss 104516.2969  ev 0.002
[update  442 | ep   4420 | steps   884000 | sps   2965] ep_return -1099.19  pol_loss  0.0131  val_loss 108405.5859  ev 0.002
[eval @ step   886000] mean return = -1065.70
[update  443 | ep   4430 | steps   886000 | sps   2965] ep_return -1100.06  pol_loss  0.0151  val_loss 113979.0391  ev 0.002
[update  444 | ep   4440 | steps   888000 | sps   2967] ep_return -1092.19  pol_loss  0.0164  val_loss 105777.8750  ev 0.002
[eval @ step   890000] mean return = -1066.56
[update  445 | ep   4450 | steps   890000 | sps   2966] ep_return -1088.22  pol_loss  0.0179  val_loss 103172.7031  ev 0.002
[update  446 | ep   4460 | steps   892000 | sps   2966] ep_return -1086.76  pol_loss -0.0135  val_loss 109361.0156  ev 0.002
[update  447 | ep   4470 | steps   894000 | sps   2968] ep_return -1091.19  pol_loss -0.0335  val_loss 108206.6953  ev 0.002
[eval @ step   896000] mean return = -1067.82
[update  448 | ep   4480 | steps   896000 | sps   2966] ep_return -1101.86  pol_loss  0.0211  val_loss 116683.7891  ev 0.002
[update  449 | ep   4490 | steps   898000 | sps   2967] ep_return -1096.57  pol_loss  0.0037  val_loss 95358.5469  ev 0.002
[eval @ step   900000] mean return = -1065.53
[update  450 | ep   4500 | steps   900000 | sps   2965] ep_return -1102.45  pol_loss  0.0008  val_loss 114366.7734  ev 0.002
[update  451 | ep   4510 | steps   902000 | sps   2965] ep_return -1098.94  pol_loss  0.0198  val_loss 98327.5391  ev 0.002
[update  452 | ep   4520 | steps   904000 | sps   2966] ep_return -1097.64  pol_loss -0.0150  val_loss 106725.6016  ev 0.002
[eval @ step   906000] mean return = -1066.25
[update  453 | ep   4530 | steps   906000 | sps   2964] ep_return -1092.90  pol_loss  0.0262  val_loss 106777.0859  ev 0.002
[update  454 | ep   4540 | steps   908000 | sps   2965] ep_return -1088.70  pol_loss  0.0229  val_loss 99354.3125  ev 0.002
[eval @ step   910000] mean return = -1071.31
[update  455 | ep   4550 | steps   910000 | sps   2964] ep_return -1089.66  pol_loss -0.0053  val_loss 101954.4766  ev 0.002
[update  456 | ep   4560 | steps   912000 | sps   2964] ep_return -1084.34  pol_loss -0.0127  val_loss 102460.3203  ev 0.001
[update  457 | ep   4570 | steps   914000 | sps   2965] ep_return -1086.12  pol_loss -0.0056  val_loss 107563.0391  ev 0.002
[eval @ step   916000] mean return = -1067.89
[update  458 | ep   4580 | steps   916000 | sps   2964] ep_return -1087.83  pol_loss -0.0214  val_loss 115737.0469  ev 0.002
[update  459 | ep   4590 | steps   918000 | sps   2965] ep_return -1098.90  pol_loss  0.0170  val_loss 116513.1875  ev 0.002
[eval @ step   920000] mean return = -1066.73
[update  460 | ep   4600 | steps   920000 | sps   2963] ep_return -1091.21  pol_loss  0.0035  val_loss 100218.7266  ev 0.002
[update  461 | ep   4610 | steps   922000 | sps   2964] ep_return -1103.55  pol_loss  0.0082  val_loss 121618.2969  ev 0.002
[update  462 | ep   4620 | steps   924000 | sps   2964] ep_return -1106.49  pol_loss -0.0254  val_loss 108157.0859  ev 0.002
[eval @ step   926000] mean return = -1079.65
[update  463 | ep   4630 | steps   926000 | sps   2962] ep_return -1106.71  pol_loss  0.0109  val_loss 110708.1016  ev 0.002
[update  464 | ep   4640 | steps   928000 | sps   2963] ep_return -1114.82  pol_loss  0.0059  val_loss 116237.0859  ev 0.002
[eval @ step   930000] mean return = -1080.84
[update  465 | ep   4650 | steps   930000 | sps   2961] ep_return -1113.76  pol_loss  0.0026  val_loss 100014.0859  ev 0.002
[update  466 | ep   4660 | steps   932000 | sps   2962] ep_return -1112.51  pol_loss -0.0035  val_loss 95993.2969  ev 0.002
[update  467 | ep   4670 | steps   934000 | sps   2962] ep_return -1112.16  pol_loss -0.0155  val_loss 105467.9375  ev 0.002
[eval @ step   936000] mean return = -1081.15
[update  468 | ep   4680 | steps   936000 | sps   2961] ep_return -1103.66  pol_loss -0.0254  val_loss 100322.3281  ev 0.002
[update  469 | ep   4690 | steps   938000 | sps   2962] ep_return -1093.96  pol_loss  0.0070  val_loss 99326.0000  ev 0.001
[eval @ step   940000] mean return = -1057.14
[update  470 | ep   4700 | steps   940000 | sps   2960] ep_return -1105.19  pol_loss  0.0082  val_loss 118094.8516  ev 0.002
[update  471 | ep   4710 | steps   942000 | sps   2960] ep_return -1098.86  pol_loss -0.0004  val_loss 110674.5312  ev 0.001
[update  472 | ep   4720 | steps   944000 | sps   2961] ep_return -1098.06  pol_loss  0.0197  val_loss 109123.3203  ev 0.001
[eval @ step   946000] mean return = -1070.91
[update  473 | ep   4730 | steps   946000 | sps   2959] ep_return -1091.86  pol_loss  0.0257  val_loss 94787.4141  ev 0.002
[update  474 | ep   4740 | steps   948000 | sps   2959] ep_return -1087.83  pol_loss -0.0044  val_loss 102249.6719  ev 0.002
[eval @ step   950000] mean return = -1066.82
[update  475 | ep   4750 | steps   950000 | sps   2958] ep_return -1088.66  pol_loss -0.0172  val_loss 97419.6094  ev 0.002
[update  476 | ep   4760 | steps   952000 | sps   2958] ep_return -1091.18  pol_loss -0.0080  val_loss 102607.4844  ev 0.002
[update  477 | ep   4770 | steps   954000 | sps   2958] ep_return -1092.03  pol_loss -0.0022  val_loss 108868.9062  ev 0.002
[eval @ step   956000] mean return = -1066.92
[update  478 | ep   4780 | steps   956000 | sps   2957] ep_return -1097.46  pol_loss  0.0057  val_loss 105931.2969  ev 0.002
[update  479 | ep   4790 | steps   958000 | sps   2957] ep_return -1099.74  pol_loss -0.0040  val_loss 100267.6875  ev 0.002
[eval @ step   960000] mean return = -1065.96
[update  480 | ep   4800 | steps   960000 | sps   2956] ep_return -1101.28  pol_loss -0.0058  val_loss 126425.5703  ev 0.001
[update  481 | ep   4810 | steps   962000 | sps   2956] ep_return -1095.20  pol_loss -0.0001  val_loss 98874.0312  ev 0.002
[update  482 | ep   4820 | steps   964000 | sps   2957] ep_return -1096.70  pol_loss -0.0004  val_loss 111463.8438  ev 0.002
[eval @ step   966000] mean return = -1063.33
[update  483 | ep   4830 | steps   966000 | sps   2955] ep_return -1101.63  pol_loss -0.0206  val_loss 104423.7109  ev 0.001
[update  484 | ep   4840 | steps   968000 | sps   2956] ep_return -1101.08  pol_loss  0.0066  val_loss 106531.8516  ev 0.002
[eval @ step   970000] mean return = -1069.58
[update  485 | ep   4850 | steps   970000 | sps   2955] ep_return -1096.77  pol_loss  0.0149  val_loss 93858.2969  ev 0.002
[update  486 | ep   4860 | steps   972000 | sps   2956] ep_return -1102.70  pol_loss -0.0158  val_loss 113275.2266  ev 0.001
[update  487 | ep   4870 | steps   974000 | sps   2957] ep_return -1100.07  pol_loss -0.0105  val_loss 106646.3125  ev 0.001
[eval @ step   976000] mean return = -1071.79
[update  488 | ep   4880 | steps   976000 | sps   2956] ep_return -1089.56  pol_loss -0.0120  val_loss 89626.2891  ev 0.001
[update  489 | ep   4890 | steps   978000 | sps   2957] ep_return -1100.71  pol_loss -0.0300  val_loss 120269.9062  ev 0.002
[eval @ step   980000] mean return = -1066.12
[update  490 | ep   4900 | steps   980000 | sps   2955] ep_return -1079.63  pol_loss -0.0005  val_loss 82853.4688  ev 0.001
[update  491 | ep   4910 | steps   982000 | sps   2956] ep_return -1081.14  pol_loss -0.0079  val_loss 100388.8984  ev 0.002
[update  492 | ep   4920 | steps   984000 | sps   2957] ep_return -1077.94  pol_loss  0.0164  val_loss 106757.6484  ev 0.001
[eval @ step   986000] mean return = -1072.76
[update  493 | ep   4930 | steps   986000 | sps   2956] ep_return -1073.02  pol_loss  0.0162  val_loss 91715.6406  ev 0.002
[update  494 | ep   4940 | steps   988000 | sps   2957] ep_return -1083.71  pol_loss  0.0107  val_loss 124278.5078  ev 0.002
[eval @ step   990000] mean return = -1066.80
[update  495 | ep   4950 | steps   990000 | sps   2956] ep_return -1099.30  pol_loss -0.0124  val_loss 121107.9062  ev 0.001
[update  496 | ep   4960 | steps   992000 | sps   2957] ep_return -1098.63  pol_loss  0.0053  val_loss 112488.7500  ev 0.001
[update  497 | ep   4970 | steps   994000 | sps   2958] ep_return -1086.76  pol_loss -0.0033  val_loss 82243.3672  ev 0.001
[eval @ step   996000] mean return = -1070.37
[update  498 | ep   4980 | steps   996000 | sps   2957] ep_return -1093.01  pol_loss -0.0210  val_loss 99544.5703  ev 0.002
[update  499 | ep   4990 | steps   998000 | sps   2958] ep_return -1086.06  pol_loss  0.0056  val_loss 115276.3516  ev 0.001
[eval @ step  1000000] mean return = -1065.17
[update  500 | ep   5000 | steps  1000000 | sps   2957] ep_return -1096.76  pol_loss -0.0080  val_loss 100828.6953  ev 0.002
Saved final model to reinforce\data\reinforce_sweep_Pendulum-v1_2026-05-10_20-08-02\model_final.pt
Saved 200 eval points -> C:\Users\mohamedosama\Downloads\CS515-Deep-RL\results\continuous\reinforce\pendulum-v1\seed_4.npy
Saved wallclock              -> C:\Users\mohamedosama\Downloads\CS515-Deep-RL\results\wallclock\continuous\reinforce\pendulum-v1\seed_4.npy
