GPU not detected. Defaulting to CPU.
########################
logging outputs to reinforce\data\reinforce_sweep_Pendulum-v1_2026-05-10_20-08-02
########################
[update    1 | ep     10 | steps     2000 | sps   2000] ep_return -1266.05  pol_loss -0.0018  val_loss 159675.6250  ev 0.000
[update    2 | ep     20 | steps     4000 | sps   3206] ep_return -1203.58  pol_loss  0.0180  val_loss 128141.4297  ev 0.001
[eval @ step     6000] mean return = -1175.92
[update    3 | ep     30 | steps     6000 | sps   2881] ep_return -1163.92  pol_loss -0.0071  val_loss 114757.1797  ev 0.000
[update    4 | ep     40 | steps     8000 | sps   2989] ep_return -1135.62  pol_loss  0.0059  val_loss 106630.2344  ev -0.000
[eval @ step    10000] mean return = -1178.42
[update    5 | ep     50 | steps    10000 | sps   2863] ep_return -1141.81  pol_loss -0.0046  val_loss 139422.1875  ev 0.001
[update    6 | ep     60 | steps    12000 | sps   2895] ep_return -1134.43  pol_loss -0.0067  val_loss 124446.7500  ev 0.001
[update    7 | ep     70 | steps    14000 | sps   3027] ep_return -1137.88  pol_loss  0.0142  val_loss 134845.3906  ev 0.001
[eval @ step    16000] mean return = -1176.17
[update    8 | ep     80 | steps    16000 | sps   2956] ep_return -1146.93  pol_loss -0.0068  val_loss 143358.2031  ev 0.001
[update    9 | ep     90 | steps    18000 | sps   2985] ep_return -1137.69  pol_loss  0.0181  val_loss 110189.2500  ev 0.001
[eval @ step    20000] mean return = -1151.26
[update   10 | ep    100 | steps    20000 | sps   2901] ep_return -1136.79  pol_loss  0.0202  val_loss 126197.9609  ev 0.001
[update   11 | ep    110 | steps    22000 | sps   2928] ep_return -1136.25  pol_loss -0.0093  val_loss 154063.9375  ev 0.001
[update   12 | ep    120 | steps    24000 | sps   2952] ep_return -1139.87  pol_loss -0.0082  val_loss 139514.5469  ev 0.001
[eval @ step    26000] mean return = -1128.36
[update   13 | ep    130 | steps    26000 | sps   2912] ep_return -1143.09  pol_loss  0.0097  val_loss 120329.8281  ev 0.002
[update   14 | ep    140 | steps    28000 | sps   2936] ep_return -1165.20  pol_loss -0.0197  val_loss 158693.9531  ev 0.001
[eval @ step    30000] mean return = -1137.91
[update   15 | ep    150 | steps    30000 | sps   2875] ep_return -1170.23  pol_loss -0.0165  val_loss 138411.6406  ev 0.001
[update   16 | ep    160 | steps    32000 | sps   2897] ep_return -1184.84  pol_loss -0.0139  val_loss 146944.0312  ev 0.001
[update   17 | ep    170 | steps    34000 | sps   2924] ep_return -1189.84  pol_loss -0.0079  val_loss 140940.3594  ev 0.001
[eval @ step    36000] mean return = -1147.48
[update   18 | ep    180 | steps    36000 | sps   2914] ep_return -1182.90  pol_loss -0.0047  val_loss 125839.9453  ev 0.001
[update   19 | ep    190 | steps    38000 | sps   2938] ep_return -1191.68  pol_loss  0.0040  val_loss 131443.9375  ev 0.001
[eval @ step    40000] mean return = -1158.39
[update   20 | ep    200 | steps    40000 | sps   2931] ep_return -1203.46  pol_loss -0.0111  val_loss 145166.7500  ev 0.001
[update   21 | ep    210 | steps    42000 | sps   2949] ep_return -1195.48  pol_loss  0.0002  val_loss 133977.6094  ev 0.001
[update   22 | ep    220 | steps    44000 | sps   2963] ep_return -1192.31  pol_loss -0.0053  val_loss 128065.4375  ev 0.001
[eval @ step    46000] mean return = -1144.02
[update   23 | ep    230 | steps    46000 | sps   2932] ep_return -1197.18  pol_loss -0.0056  val_loss 127912.6250  ev 0.001
[update   24 | ep    240 | steps    48000 | sps   2953] ep_return -1187.03  pol_loss  0.0153  val_loss 133694.8594  ev 0.001
[eval @ step    50000] mean return = -1156.92
[update   25 | ep    250 | steps    50000 | sps   2925] ep_return -1176.41  pol_loss -0.0197  val_loss 120114.3359  ev 0.001
[update   26 | ep    260 | steps    52000 | sps   2953] ep_return -1171.03  pol_loss  0.0152  val_loss 139682.6875  ev 0.001
[update   27 | ep    270 | steps    54000 | sps   2958] ep_return -1162.25  pol_loss -0.0061  val_loss 121229.7031  ev 0.001
[eval @ step    56000] mean return = -1134.21
[update   28 | ep    280 | steps    56000 | sps   2936] ep_return -1167.60  pol_loss  0.0228  val_loss 138167.3438  ev 0.001
[update   29 | ep    290 | steps    58000 | sps   2951] ep_return -1170.46  pol_loss  0.0093  val_loss 135632.6562  ev 0.001
[eval @ step    60000] mean return = -1135.86
[update   30 | ep    300 | steps    60000 | sps   2931] ep_return -1163.44  pol_loss -0.0268  val_loss 128597.3906  ev 0.002
[update   31 | ep    310 | steps    62000 | sps   2943] ep_return -1166.43  pol_loss  0.0170  val_loss 143627.4062  ev 0.001
[update   32 | ep    320 | steps    64000 | sps   2958] ep_return -1161.30  pol_loss -0.0098  val_loss 115811.8906  ev 0.001
[eval @ step    66000] mean return = -1131.63
[update   33 | ep    330 | steps    66000 | sps   2948] ep_return -1159.54  pol_loss -0.0067  val_loss 128088.9922  ev 0.001
[update   34 | ep    340 | steps    68000 | sps   2961] ep_return -1159.36  pol_loss -0.0184  val_loss 128310.6641  ev 0.001
[eval @ step    70000] mean return = -1113.83
[update   35 | ep    350 | steps    70000 | sps   2944] ep_return -1160.26  pol_loss -0.0080  val_loss 122581.2422  ev 0.001
[update   36 | ep    360 | steps    72000 | sps   2954] ep_return -1152.71  pol_loss  0.0231  val_loss 123326.6875  ev 0.001
[update   37 | ep    370 | steps    74000 | sps   2956] ep_return -1152.84  pol_loss  0.0102  val_loss 118693.0859  ev 0.001
[eval @ step    76000] mean return = -1128.17
[update   38 | ep    380 | steps    76000 | sps   2933] ep_return -1153.06  pol_loss  0.0160  val_loss 133390.9062  ev 0.002
[update   39 | ep    390 | steps    78000 | sps   2951] ep_return -1141.06  pol_loss -0.0067  val_loss 103976.9766  ev 0.002
[eval @ step    80000] mean return = -1128.25
[update   40 | ep    400 | steps    80000 | sps   2930] ep_return -1134.27  pol_loss -0.0023  val_loss 115117.1562  ev 0.001
[update   41 | ep    410 | steps    82000 | sps   2949] ep_return -1127.05  pol_loss  0.0098  val_loss 122184.5938  ev 0.001
[update   42 | ep    420 | steps    84000 | sps   2953] ep_return -1131.56  pol_loss  0.0289  val_loss 122738.5156  ev 0.002
[eval @ step    86000] mean return = -1123.97
[update   43 | ep    430 | steps    86000 | sps   2934] ep_return -1128.06  pol_loss  0.0114  val_loss 118926.3047  ev 0.001
[update   44 | ep    440 | steps    88000 | sps   2946] ep_return -1124.43  pol_loss  0.0024  val_loss 121320.9609  ev 0.001
[eval @ step    90000] mean return = -1120.52
[update   45 | ep    450 | steps    90000 | sps   2930] ep_return -1119.46  pol_loss  0.0034  val_loss 111848.3516  ev 0.001
[update   46 | ep    460 | steps    92000 | sps   2939] ep_return -1118.86  pol_loss -0.0245  val_loss 119157.2031  ev 0.003
[update   47 | ep    470 | steps    94000 | sps   2945] ep_return -1113.66  pol_loss -0.0125  val_loss 112616.6797  ev 0.001
[eval @ step    96000] mean return = -1122.92
[update   48 | ep    480 | steps    96000 | sps   2934] ep_return -1115.56  pol_loss -0.0056  val_loss 138249.0625  ev 0.002
[update   49 | ep    490 | steps    98000 | sps   2938] ep_return -1118.85  pol_loss -0.0019  val_loss 113391.3672  ev 0.002
[eval @ step   100000] mean return = -1119.74
[update   50 | ep    500 | steps   100000 | sps   2920] ep_return -1110.91  pol_loss -0.0163  val_loss 104283.2188  ev 0.000
[update   51 | ep    510 | steps   102000 | sps   2923] ep_return -1110.26  pol_loss -0.0134  val_loss 124479.8906  ev 0.001
[update   52 | ep    520 | steps   104000 | sps   2930] ep_return -1116.14  pol_loss  0.0101  val_loss 139501.4062  ev 0.002
[eval @ step   106000] mean return = -1138.64
[update   53 | ep    530 | steps   106000 | sps   2917] ep_return -1127.32  pol_loss -0.0323  val_loss 144611.3750  ev 0.002
[update   54 | ep    540 | steps   108000 | sps   2925] ep_return -1121.97  pol_loss -0.0135  val_loss 112470.9531  ev 0.001
[eval @ step   110000] mean return = -1142.46
[update   55 | ep    550 | steps   110000 | sps   2914] ep_return -1135.80  pol_loss  0.0146  val_loss 142681.4375  ev 0.002
[update   56 | ep    560 | steps   112000 | sps   2923] ep_return -1130.44  pol_loss  0.0067  val_loss 109030.2969  ev 0.002
[update   57 | ep    570 | steps   114000 | sps   2927] ep_return -1130.36  pol_loss  0.0343  val_loss 113037.1562  ev 0.002
[eval @ step   116000] mean return = -1138.32
[update   58 | ep    580 | steps   116000 | sps   2920] ep_return -1121.52  pol_loss  0.0163  val_loss 130333.9609  ev 0.001
[update   59 | ep    590 | steps   118000 | sps   2924] ep_return -1118.36  pol_loss -0.0076  val_loss 109451.5547  ev 0.002
[eval @ step   120000] mean return = -1141.16
[update   60 | ep    600 | steps   120000 | sps   2908] ep_return -1133.19  pol_loss -0.0045  val_loss 138364.6250  ev 0.002
[update   61 | ep    610 | steps   122000 | sps   2915] ep_return -1133.53  pol_loss -0.0034  val_loss 128864.9844  ev 0.002
[update   62 | ep    620 | steps   124000 | sps   2922] ep_return -1121.67  pol_loss  0.0310  val_loss 114920.5859  ev 0.001
[eval @ step   126000] mean return = -1149.43
[update   63 | ep    630 | steps   126000 | sps   2911] ep_return -1105.69  pol_loss -0.0034  val_loss 109757.8047  ev 0.001
[update   64 | ep    640 | steps   128000 | sps   2920] ep_return -1135.08  pol_loss -0.0136  val_loss 179207.7188  ev 0.001
[eval @ step   130000] mean return = -1173.45
[update   65 | ep    650 | steps   130000 | sps   2915] ep_return -1131.84  pol_loss  0.0445  val_loss 133205.5000  ev 0.001
[update   66 | ep    660 | steps   132000 | sps   2921] ep_return -1135.40  pol_loss  0.0255  val_loss 112801.8047  ev 0.001
[update   67 | ep    670 | steps   134000 | sps   2926] ep_return -1134.30  pol_loss  0.0210  val_loss 110158.8906  ev 0.001
[eval @ step   136000] mean return = -1180.73
[update   68 | ep    680 | steps   136000 | sps   2917] ep_return -1138.42  pol_loss -0.0183  val_loss 140561.7812  ev 0.002
[update   69 | ep    690 | steps   138000 | sps   2922] ep_return -1144.21  pol_loss  0.0017  val_loss 133864.2656  ev 0.002
[eval @ step   140000] mean return = -1175.91
[update   70 | ep    700 | steps   140000 | sps   2913] ep_return -1121.16  pol_loss -0.0212  val_loss 89567.4688  ev 0.000
[update   71 | ep    710 | steps   142000 | sps   2916] ep_return -1125.36  pol_loss  0.0209  val_loss 138763.6875  ev 0.002
[update   72 | ep    720 | steps   144000 | sps   2922] ep_return -1131.70  pol_loss -0.0100  val_loss 132098.1719  ev 0.001
[eval @ step   146000] mean return = -1169.65
[update   73 | ep    730 | steps   146000 | sps   2915] ep_return -1153.69  pol_loss -0.0037  val_loss 171423.4375  ev 0.002
[update   74 | ep    740 | steps   148000 | sps   2916] ep_return -1139.40  pol_loss  0.0174  val_loss 149336.7969  ev 0.002
[eval @ step   150000] mean return = -1180.71
[update   75 | ep    750 | steps   150000 | sps   2907] ep_return -1131.41  pol_loss  0.0136  val_loss 121575.7266  ev 0.001
[update   76 | ep    760 | steps   152000 | sps   2912] ep_return -1141.31  pol_loss -0.0046  val_loss 140711.4219  ev 0.001
[update   77 | ep    770 | steps   154000 | sps   2917] ep_return -1150.21  pol_loss  0.0353  val_loss 129263.3281  ev 0.001
[eval @ step   156000] mean return = -1168.21
[update   78 | ep    780 | steps   156000 | sps   2912] ep_return -1164.36  pol_loss -0.0173  val_loss 168542.8438  ev 0.001
[update   79 | ep    790 | steps   158000 | sps   2913] ep_return -1169.53  pol_loss -0.0224  val_loss 138200.3906  ev 0.002
[eval @ step   160000] mean return = -1177.56
[update   80 | ep    800 | steps   160000 | sps   2905] ep_return -1202.20  pol_loss -0.0009  val_loss 156763.3906  ev 0.002
[update   81 | ep    810 | steps   162000 | sps   2910] ep_return -1198.03  pol_loss -0.0048  val_loss 131927.9062  ev 0.002
[update   82 | ep    820 | steps   164000 | sps   2916] ep_return -1201.75  pol_loss -0.0151  val_loss 132623.8125  ev 0.002
[eval @ step   166000] mean return = -1199.26
[update   83 | ep    830 | steps   166000 | sps   2908] ep_return -1195.82  pol_loss -0.0175  val_loss 150771.9844  ev 0.002
[update   84 | ep    840 | steps   168000 | sps   2911] ep_return -1191.01  pol_loss -0.0051  val_loss 143704.0469  ev 0.002
[eval @ step   170000] mean return = -1204.58
[update   85 | ep    850 | steps   170000 | sps   2906] ep_return -1206.21  pol_loss  0.0044  val_loss 154144.3906  ev 0.002
[update   86 | ep    860 | steps   172000 | sps   2909] ep_return -1218.39  pol_loss  0.0220  val_loss 172779.7031  ev 0.002
[update   87 | ep    870 | steps   174000 | sps   2912] ep_return -1225.12  pol_loss  0.0043  val_loss 151283.9375  ev 0.002
[eval @ step   176000] mean return = -1207.41
[update   88 | ep    880 | steps   176000 | sps   2911] ep_return -1213.96  pol_loss -0.0366  val_loss 144051.2344  ev 0.001
[update   89 | ep    890 | steps   178000 | sps   2915] ep_return -1221.68  pol_loss -0.0074  val_loss 152815.7812  ev 0.001
[eval @ step   180000] mean return = -1218.79
[update   90 | ep    900 | steps   180000 | sps   2909] ep_return -1215.21  pol_loss -0.0221  val_loss 149877.5469  ev 0.003
[update   91 | ep    910 | steps   182000 | sps   2913] ep_return -1223.57  pol_loss  0.0139  val_loss 148748.0625  ev 0.001
[update   92 | ep    920 | steps   184000 | sps   2918] ep_return -1231.00  pol_loss -0.0185  val_loss 156893.1094  ev 0.002
[eval @ step   186000] mean return = -1214.35
[update   93 | ep    930 | steps   186000 | sps   2908] ep_return -1228.35  pol_loss -0.0049  val_loss 142715.1094  ev 0.001
[update   94 | ep    940 | steps   188000 | sps   2915] ep_return -1223.70  pol_loss  0.0043  val_loss 131280.1406  ev 0.001
[eval @ step   190000] mean return = -1193.35
[update   95 | ep    950 | steps   190000 | sps   2911] ep_return -1221.57  pol_loss -0.0060  val_loss 147287.9688  ev 0.002
[update   96 | ep    960 | steps   192000 | sps   2919] ep_return -1217.68  pol_loss  0.0182  val_loss 159660.6250  ev 0.001
[update   97 | ep    970 | steps   194000 | sps   2923] ep_return -1226.57  pol_loss  0.0011  val_loss 167226.0156  ev 0.002
[eval @ step   196000] mean return = -1192.19
[update   98 | ep    980 | steps   196000 | sps   2915] ep_return -1219.30  pol_loss  0.0077  val_loss 132520.1719  ev 0.004
[update   99 | ep    990 | steps   198000 | sps   2920] ep_return -1207.73  pol_loss -0.0145  val_loss 128235.4141  ev 0.003
[eval @ step   200000] mean return = -1168.81
[update  100 | ep   1000 | steps   200000 | sps   2915] ep_return -1214.95  pol_loss  0.0085  val_loss 157059.9375  ev 0.002
[update  101 | ep   1010 | steps   202000 | sps   2918] ep_return -1204.96  pol_loss  0.0270  val_loss 123203.2344  ev 0.002
[update  102 | ep   1020 | steps   204000 | sps   2923] ep_return -1187.58  pol_loss  0.0010  val_loss 115822.7734  ev 0.003
[eval @ step   206000] mean return = -1163.11
[update  103 | ep   1030 | steps   206000 | sps   2918] ep_return -1160.81  pol_loss  0.0006  val_loss 85324.5391  ev 0.003
[update  104 | ep   1040 | steps   208000 | sps   2920] ep_return -1150.36  pol_loss  0.0026  val_loss 112315.4609  ev 0.004
[eval @ step   210000] mean return = -1137.47
[update  105 | ep   1050 | steps   210000 | sps   2915] ep_return -1150.58  pol_loss -0.0090  val_loss 146579.7344  ev 0.003
[update  106 | ep   1060 | steps   212000 | sps   2918] ep_return -1128.61  pol_loss  0.0007  val_loss 109727.6562  ev 0.003
[update  107 | ep   1070 | steps   214000 | sps   2924] ep_return -1112.60  pol_loss -0.0127  val_loss 126293.8125  ev 0.003
[eval @ step   216000] mean return = -1143.61
[update  108 | ep   1080 | steps   216000 | sps   2930] ep_return -1104.00  pol_loss -0.0009  val_loss 106240.9453  ev 0.004
[update  109 | ep   1090 | steps   218000 | sps   2940] ep_return -1113.41  pol_loss  0.0006  val_loss 144097.7188  ev 0.004
[eval @ step   220000] mean return = -1158.45
[update  110 | ep   1100 | steps   220000 | sps   2939] ep_return -1111.27  pol_loss -0.0271  val_loss 157667.8438  ev 0.005
[update  111 | ep   1110 | steps   222000 | sps   2941] ep_return -1104.01  pol_loss -0.0181  val_loss 106264.4531  ev 0.004
[update  112 | ep   1120 | steps   224000 | sps   2946] ep_return -1114.86  pol_loss -0.0129  val_loss 139707.9531  ev 0.005
[eval @ step   226000] mean return = -1137.95
[update  113 | ep   1130 | steps   226000 | sps   2941] ep_return -1117.23  pol_loss -0.0165  val_loss 90999.4844  ev 0.002
[update  114 | ep   1140 | steps   228000 | sps   2943] ep_return -1126.97  pol_loss  0.0117  val_loss 122927.5469  ev 0.004
[eval @ step   230000] mean return = -1123.37
[update  115 | ep   1150 | steps   230000 | sps   2936] ep_return -1119.45  pol_loss  0.0122  val_loss 132013.6562  ev 0.005
[update  116 | ep   1160 | steps   232000 | sps   2939] ep_return -1141.83  pol_loss -0.0160  val_loss 155051.3125  ev 0.006
[update  117 | ep   1170 | steps   234000 | sps   2941] ep_return -1143.19  pol_loss  0.0003  val_loss 129818.3359  ev 0.004
[eval @ step   236000] mean return = -1100.34
[update  118 | ep   1180 | steps   236000 | sps   2939] ep_return -1148.47  pol_loss  0.0030  val_loss 114676.4297  ev 0.005
[update  119 | ep   1190 | steps   238000 | sps   2941] ep_return -1137.12  pol_loss -0.0177  val_loss 115377.7656  ev 0.006
[eval @ step   240000] mean return = -1112.96
[update  120 | ep   1200 | steps   240000 | sps   2935] ep_return -1122.67  pol_loss  0.0052  val_loss 116638.1250  ev 0.005
[update  121 | ep   1210 | steps   242000 | sps   2938] ep_return -1135.93  pol_loss  0.0260  val_loss 132095.5938  ev 0.005
[update  122 | ep   1220 | steps   244000 | sps   2941] ep_return -1132.28  pol_loss -0.0090  val_loss 129165.6016  ev 0.006
[eval @ step   246000] mean return = -1135.21
[update  123 | ep   1230 | steps   246000 | sps   2934] ep_return -1160.80  pol_loss  0.0124  val_loss 146096.6250  ev 0.006
[update  124 | ep   1240 | steps   248000 | sps   2936] ep_return -1151.34  pol_loss -0.0301  val_loss 106295.4609  ev 0.003
[eval @ step   250000] mean return = -1139.97
[update  125 | ep   1250 | steps   250000 | sps   2930] ep_return -1154.01  pol_loss  0.0093  val_loss 136549.5625  ev 0.006
[update  126 | ep   1260 | steps   252000 | sps   2933] ep_return -1131.87  pol_loss  0.0101  val_loss 106828.4609  ev 0.004
[update  127 | ep   1270 | steps   254000 | sps   2934] ep_return -1139.70  pol_loss -0.0233  val_loss 143239.8906  ev 0.005
[eval @ step   256000] mean return = -1158.07
[update  128 | ep   1280 | steps   256000 | sps   2929] ep_return -1159.87  pol_loss  0.0248  val_loss 160636.5156  ev 0.006
[update  129 | ep   1290 | steps   258000 | sps   2935] ep_return -1152.46  pol_loss -0.0038  val_loss 108453.7422  ev 0.006
[eval @ step   260000] mean return = -1157.41
[update  130 | ep   1300 | steps   260000 | sps   2930] ep_return -1150.34  pol_loss -0.0070  val_loss 114012.3906  ev 0.006
[update  131 | ep   1310 | steps   262000 | sps   2933] ep_return -1142.25  pol_loss -0.0175  val_loss 115974.0000  ev 0.006
[update  132 | ep   1320 | steps   264000 | sps   2937] ep_return -1137.58  pol_loss -0.0209  val_loss 117730.0469  ev 0.003
[eval @ step   266000] mean return = -1159.93
[update  133 | ep   1330 | steps   266000 | sps   2932] ep_return -1132.91  pol_loss -0.0111  val_loss 142400.0312  ev 0.006
[update  134 | ep   1340 | steps   268000 | sps   2934] ep_return -1133.67  pol_loss  0.0134  val_loss 104181.5859  ev 0.006
[eval @ step   270000] mean return = -1152.98
[update  135 | ep   1350 | steps   270000 | sps   2930] ep_return -1141.31  pol_loss -0.0084  val_loss 155788.3906  ev 0.005
[update  136 | ep   1360 | steps   272000 | sps   2931] ep_return -1147.19  pol_loss -0.0356  val_loss 115252.0469  ev 0.003
[update  137 | ep   1370 | steps   274000 | sps   2934] ep_return -1146.92  pol_loss -0.0069  val_loss 145181.3750  ev 0.005
[eval @ step   276000] mean return = -1157.82
[update  138 | ep   1380 | steps   276000 | sps   2930] ep_return -1135.12  pol_loss -0.0130  val_loss 139873.5625  ev 0.006
[update  139 | ep   1390 | steps   278000 | sps   2933] ep_return -1154.46  pol_loss  0.0050  val_loss 144863.2656  ev 0.005
[eval @ step   280000] mean return = -1157.04
[update  140 | ep   1400 | steps   280000 | sps   2933] ep_return -1159.61  pol_loss  0.0099  val_loss 127424.2344  ev 0.006
[update  141 | ep   1410 | steps   282000 | sps   2936] ep_return -1161.71  pol_loss -0.0046  val_loss 125963.5312  ev 0.006
[update  142 | ep   1420 | steps   284000 | sps   2938] ep_return -1163.28  pol_loss -0.0306  val_loss 119108.3203  ev 0.005
[eval @ step   286000] mean return = -1156.36
[update  143 | ep   1430 | steps   286000 | sps   2934] ep_return -1166.48  pol_loss -0.0070  val_loss 151242.0781  ev 0.005
[update  144 | ep   1440 | steps   288000 | sps   2937] ep_return -1183.10  pol_loss -0.0199  val_loss 143567.5312  ev 0.005
[eval @ step   290000] mean return = -1164.59
[update  145 | ep   1450 | steps   290000 | sps   2935] ep_return -1186.73  pol_loss  0.0085  val_loss 162591.8906  ev 0.006
[update  146 | ep   1460 | steps   292000 | sps   2938] ep_return -1186.97  pol_loss  0.0187  val_loss 122928.3359  ev 0.005
[update  147 | ep   1470 | steps   294000 | sps   2940] ep_return -1183.41  pol_loss  0.0221  val_loss 139656.3906  ev 0.005
[eval @ step   296000] mean return = -1162.79
[update  148 | ep   1480 | steps   296000 | sps   2935] ep_return -1183.88  pol_loss -0.0137  val_loss 134088.1094  ev 0.005
[update  149 | ep   1490 | steps   298000 | sps   2937] ep_return -1170.34  pol_loss  0.0071  val_loss 121842.5938  ev 0.005
[eval @ step   300000] mean return = -1160.58
[update  150 | ep   1500 | steps   300000 | sps   2931] ep_return -1168.05  pol_loss  0.0027  val_loss 128004.1406  ev 0.006
[update  151 | ep   1510 | steps   302000 | sps   2934] ep_return -1164.06  pol_loss -0.0001  val_loss 116645.8828  ev 0.005
[update  152 | ep   1520 | steps   304000 | sps   2936] ep_return -1157.32  pol_loss -0.0128  val_loss 111543.2656  ev 0.006
[eval @ step   306000] mean return = -1164.71
[update  153 | ep   1530 | steps   306000 | sps   2930] ep_return -1147.83  pol_loss  0.0003  val_loss 128633.8125  ev 0.006
[update  154 | ep   1540 | steps   308000 | sps   2933] ep_return -1143.03  pol_loss  0.0257  val_loss 132969.1875  ev 0.007
[eval @ step   310000] mean return = -1160.33
[update  155 | ep   1550 | steps   310000 | sps   2930] ep_return -1134.91  pol_loss -0.0166  val_loss 142411.8750  ev 0.007
[update  156 | ep   1560 | steps   312000 | sps   2932] ep_return -1147.79  pol_loss  0.0141  val_loss 152370.1719  ev 0.006
[update  157 | ep   1570 | steps   314000 | sps   2935] ep_return -1146.76  pol_loss  0.0234  val_loss 141966.3750  ev 0.007
[eval @ step   316000] mean return = -1148.83
[update  158 | ep   1580 | steps   316000 | sps   2929] ep_return -1133.81  pol_loss  0.0350  val_loss 106850.7969  ev 0.005
[update  159 | ep   1590 | steps   318000 | sps   2933] ep_return -1143.23  pol_loss  0.0032  val_loss 137849.7500  ev 0.006
[eval @ step   320000] mean return = -1159.45
[update  160 | ep   1600 | steps   320000 | sps   2930] ep_return -1143.10  pol_loss  0.0140  val_loss 118114.2812  ev 0.006
[update  161 | ep   1610 | steps   322000 | sps   2933] ep_return -1156.33  pol_loss -0.0091  val_loss 144878.5938  ev 0.007
[update  162 | ep   1620 | steps   324000 | sps   2936] ep_return -1171.65  pol_loss  0.0040  val_loss 145653.9219  ev 0.007
[eval @ step   326000] mean return = -1164.17
[update  163 | ep   1630 | steps   326000 | sps   2932] ep_return -1170.95  pol_loss -0.0122  val_loss 124570.2578  ev 0.006
[update  164 | ep   1640 | steps   328000 | sps   2934] ep_return -1155.01  pol_loss  0.0071  val_loss 97221.4922  ev 0.004
[eval @ step   330000] mean return = -1169.03
[update  165 | ep   1650 | steps   330000 | sps   2932] ep_return -1148.82  pol_loss -0.0204  val_loss 125766.9453  ev 0.006
[update  166 | ep   1660 | steps   332000 | sps   2935] ep_return -1136.71  pol_loss  0.0008  val_loss 121612.9688  ev 0.006
[update  167 | ep   1670 | steps   334000 | sps   2937] ep_return -1124.60  pol_loss  0.0397  val_loss 108890.9375  ev 0.004
[eval @ step   336000] mean return = -1170.55
[update  168 | ep   1680 | steps   336000 | sps   2934] ep_return -1140.93  pol_loss  0.0120  val_loss 143450.1719  ev 0.006
[update  169 | ep   1690 | steps   338000 | sps   2936] ep_return -1129.85  pol_loss -0.0047  val_loss 110163.6953  ev 0.006
[eval @ step   340000] mean return = -1178.23
[update  170 | ep   1700 | steps   340000 | sps   2933] ep_return -1130.05  pol_loss -0.0095  val_loss 124472.6250  ev 0.007
[update  171 | ep   1710 | steps   342000 | sps   2936] ep_return -1126.66  pol_loss  0.0244  val_loss 132483.4375  ev 0.005
[update  172 | ep   1720 | steps   344000 | sps   2937] ep_return -1117.29  pol_loss -0.0121  val_loss 119890.9766  ev 0.004
[eval @ step   346000] mean return = -1181.11
[update  173 | ep   1730 | steps   346000 | sps   2935] ep_return -1114.46  pol_loss  0.0210  val_loss 115267.6172  ev 0.006
[update  174 | ep   1740 | steps   348000 | sps   2936] ep_return -1123.43  pol_loss  0.0051  val_loss 121361.8906  ev 0.007
[eval @ step   350000] mean return = -1183.87
[update  175 | ep   1750 | steps   350000 | sps   2932] ep_return -1141.72  pol_loss -0.0142  val_loss 176554.0000  ev 0.006
[update  176 | ep   1760 | steps   352000 | sps   2934] ep_return -1144.21  pol_loss  0.0027  val_loss 133995.0312  ev 0.007
[update  177 | ep   1770 | steps   354000 | sps   2935] ep_return -1142.75  pol_loss -0.0203  val_loss 110014.4453  ev 0.004
[eval @ step   356000] mean return = -1176.47
[update  178 | ep   1780 | steps   356000 | sps   2932] ep_return -1126.20  pol_loss  0.0003  val_loss 106212.1719  ev 0.006
[update  179 | ep   1790 | steps   358000 | sps   2934] ep_return -1131.10  pol_loss -0.0093  val_loss 124088.8281  ev 0.007
[eval @ step   360000] mean return = -1179.40
[update  180 | ep   1800 | steps   360000 | sps   2930] ep_return -1140.23  pol_loss -0.0043  val_loss 140142.4219  ev 0.006
[update  181 | ep   1810 | steps   362000 | sps   2931] ep_return -1136.93  pol_loss -0.0191  val_loss 124812.3125  ev 0.006
[update  182 | ep   1820 | steps   364000 | sps   2934] ep_return -1131.44  pol_loss  0.0078  val_loss 107966.7031  ev 0.004
[eval @ step   366000] mean return = -1177.00
[update  183 | ep   1830 | steps   366000 | sps   2931] ep_return -1138.42  pol_loss -0.0329  val_loss 134177.5312  ev 0.005
[update  184 | ep   1840 | steps   368000 | sps   2934] ep_return -1143.79  pol_loss  0.0006  val_loss 123777.6406  ev 0.005
[eval @ step   370000] mean return = -1176.42
[update  185 | ep   1850 | steps   370000 | sps   2932] ep_return -1117.74  pol_loss  0.0013  val_loss 113752.9141  ev 0.005
[update  186 | ep   1860 | steps   372000 | sps   2935] ep_return -1114.88  pol_loss  0.0290  val_loss 117874.1406  ev 0.005
[update  187 | ep   1870 | steps   374000 | sps   2936] ep_return -1119.76  pol_loss -0.0255  val_loss 119899.1328  ev 0.005
[eval @ step   376000] mean return = -1174.56
[update  188 | ep   1880 | steps   376000 | sps   2933] ep_return -1141.84  pol_loss -0.0088  val_loss 156686.4219  ev 0.006
[update  189 | ep   1890 | steps   378000 | sps   2937] ep_return -1161.98  pol_loss  0.0086  val_loss 164228.1250  ev 0.005
[eval @ step   380000] mean return = -1158.40
[update  190 | ep   1900 | steps   380000 | sps   2935] ep_return -1141.61  pol_loss  0.0006  val_loss 100024.6172  ev 0.003
[update  191 | ep   1910 | steps   382000 | sps   2937] ep_return -1126.55  pol_loss -0.0109  val_loss 93846.6328  ev 0.005
[update  192 | ep   1920 | steps   384000 | sps   2939] ep_return -1136.85  pol_loss  0.0212  val_loss 129513.2969  ev 0.007
[eval @ step   386000] mean return = -1163.89
[update  193 | ep   1930 | steps   386000 | sps   2936] ep_return -1130.29  pol_loss  0.0008  val_loss 112708.0625  ev 0.005
[update  194 | ep   1940 | steps   388000 | sps   2936] ep_return -1152.94  pol_loss  0.0137  val_loss 176269.7188  ev 0.006
[eval @ step   390000] mean return = -1161.48
[update  195 | ep   1950 | steps   390000 | sps   2933] ep_return -1150.94  pol_loss -0.0045  val_loss 104960.6094  ev 0.007
[update  196 | ep   1960 | steps   392000 | sps   2933] ep_return -1139.88  pol_loss -0.0036  val_loss 97936.4766  ev 0.002
[update  197 | ep   1970 | steps   394000 | sps   2935] ep_return -1135.08  pol_loss  0.0089  val_loss 103607.0469  ev 0.006
[eval @ step   396000] mean return = -1157.35
[update  198 | ep   1980 | steps   396000 | sps   2930] ep_return -1107.83  pol_loss  0.0062  val_loss 93865.3281  ev 0.006
[update  199 | ep   1990 | steps   398000 | sps   2932] ep_return -1085.83  pol_loss -0.0070  val_loss 114748.2656  ev 0.006
[eval @ step   400000] mean return = -1122.45
[update  200 | ep   2000 | steps   400000 | sps   2930] ep_return -1097.48  pol_loss -0.0066  val_loss 121309.3516  ev 0.007
[update  201 | ep   2010 | steps   402000 | sps   2931] ep_return -1115.00  pol_loss -0.0116  val_loss 128112.9531  ev 0.007
[update  202 | ep   2020 | steps   404000 | sps   2935] ep_return -1108.22  pol_loss  0.0061  val_loss 112906.1562  ev 0.005
[eval @ step   406000] mean return = -1114.79
[update  203 | ep   2030 | steps   406000 | sps   2935] ep_return -1111.92  pol_loss  0.0063  val_loss 120907.9922  ev 0.011
[update  204 | ep   2040 | steps   408000 | sps   2938] ep_return -1081.29  pol_loss -0.0267  val_loss 105524.5156  ev 0.008
[eval @ step   410000] mean return = -1110.33
[update  205 | ep   2050 | steps   410000 | sps   2934] ep_return -1083.55  pol_loss -0.0251  val_loss 107498.8750  ev 0.012
[update  206 | ep   2060 | steps   412000 | sps   2935] ep_return -1090.31  pol_loss -0.0162  val_loss 108316.9375  ev 0.008
[update  207 | ep   2070 | steps   414000 | sps   2937] ep_return -1089.37  pol_loss  0.0045  val_loss 104082.6250  ev 0.007
[eval @ step   416000] mean return = -1109.03
[update  208 | ep   2080 | steps   416000 | sps   2932] ep_return -1098.36  pol_loss -0.0013  val_loss 112104.2188  ev 0.005
[update  209 | ep   2090 | steps   418000 | sps   2935] ep_return -1094.94  pol_loss -0.0119  val_loss 106874.2344  ev 0.004
[eval @ step   420000] mean return = -1119.87
[update  210 | ep   2100 | steps   420000 | sps   2931] ep_return -1100.86  pol_loss  0.0090  val_loss 130200.4375  ev 0.010
[update  211 | ep   2110 | steps   422000 | sps   2932] ep_return -1108.03  pol_loss  0.0242  val_loss 143151.5781  ev 0.007
[update  212 | ep   2120 | steps   424000 | sps   2933] ep_return -1108.10  pol_loss -0.0030  val_loss 112764.6250  ev 0.005
[eval @ step   426000] mean return = -1106.45
[update  213 | ep   2130 | steps   426000 | sps   2929] ep_return -1107.00  pol_loss -0.0058  val_loss 121454.5078  ev 0.004
[update  214 | ep   2140 | steps   428000 | sps   2931] ep_return -1105.27  pol_loss  0.0027  val_loss 101117.8750  ev 0.009
[eval @ step   430000] mean return = -1108.54
[update  215 | ep   2150 | steps   430000 | sps   2929] ep_return -1108.39  pol_loss  0.0326  val_loss 119492.7578  ev 0.009
[update  216 | ep   2160 | steps   432000 | sps   2931] ep_return -1110.93  pol_loss  0.0135  val_loss 115312.3906  ev 0.007
[update  217 | ep   2170 | steps   434000 | sps   2934] ep_return -1120.01  pol_loss -0.0110  val_loss 120322.7188  ev 0.005
[eval @ step   436000] mean return = -1108.42
[update  218 | ep   2180 | steps   436000 | sps   2931] ep_return -1123.12  pol_loss -0.0052  val_loss 115905.0234  ev 0.009
[update  219 | ep   2190 | steps   438000 | sps   2932] ep_return -1125.43  pol_loss -0.0169  val_loss 118345.1719  ev 0.004
[eval @ step   440000] mean return = -1115.65
[update  220 | ep   2200 | steps   440000 | sps   2931] ep_return -1117.75  pol_loss  0.0037  val_loss 115937.0859  ev 0.008
[update  221 | ep   2210 | steps   442000 | sps   2934] ep_return -1093.46  pol_loss -0.0165  val_loss 92791.3281  ev 0.007
[update  222 | ep   2220 | steps   444000 | sps   2936] ep_return -1086.98  pol_loss  0.0307  val_loss 97581.8047  ev 0.003
[eval @ step   446000] mean return = -1116.79
[update  223 | ep   2230 | steps   446000 | sps   2932] ep_return -1087.82  pol_loss  0.0022  val_loss 121844.4766  ev 0.005
[update  224 | ep   2240 | steps   448000 | sps   2934] ep_return -1088.37  pol_loss  0.0017  val_loss 105801.7344  ev 0.004
[eval @ step   450000] mean return = -1135.55
[update  225 | ep   2250 | steps   450000 | sps   2932] ep_return -1084.16  pol_loss  0.0006  val_loss 104598.9609  ev 0.005
[update  226 | ep   2260 | steps   452000 | sps   2934] ep_return -1089.48  pol_loss -0.0031  val_loss 126710.3359  ev 0.007
[update  227 | ep   2270 | steps   454000 | sps   2935] ep_return -1087.92  pol_loss -0.0041  val_loss 119035.0391  ev 0.007
[eval @ step   456000] mean return = -1155.53
[update  228 | ep   2280 | steps   456000 | sps   2931] ep_return -1083.89  pol_loss  0.0043  val_loss 111947.7109  ev 0.008
[update  229 | ep   2290 | steps   458000 | sps   2935] ep_return -1092.26  pol_loss  0.0093  val_loss 131371.5938  ev 0.006
[eval @ step   460000] mean return = -1154.14
[update  230 | ep   2300 | steps   460000 | sps   2931] ep_return -1106.64  pol_loss  0.0118  val_loss 149586.8594  ev 0.006
[update  231 | ep   2310 | steps   462000 | sps   2933] ep_return -1131.72  pol_loss -0.0041  val_loss 144393.3125  ev 0.006
[update  232 | ep   2320 | steps   464000 | sps   2934] ep_return -1138.77  pol_loss  0.0073  val_loss 115707.9062  ev 0.006
[eval @ step   466000] mean return = -1156.15
[update  233 | ep   2330 | steps   466000 | sps   2931] ep_return -1144.68  pol_loss -0.0017  val_loss 130688.0234  ev 0.006
[update  234 | ep   2340 | steps   468000 | sps   2932] ep_return -1154.51  pol_loss  0.0044  val_loss 122587.1250  ev 0.005
[eval @ step   470000] mean return = -1156.27
[update  235 | ep   2350 | steps   470000 | sps   2929] ep_return -1152.42  pol_loss  0.0037  val_loss 104419.3594  ev 0.007
[update  236 | ep   2360 | steps   472000 | sps   2930] ep_return -1154.17  pol_loss  0.0059  val_loss 128093.1562  ev 0.006
[update  237 | ep   2370 | steps   474000 | sps   2931] ep_return -1154.97  pol_loss  0.0116  val_loss 117643.2656  ev 0.007
[eval @ step   476000] mean return = -1146.81
[update  238 | ep   2380 | steps   476000 | sps   2928] ep_return -1156.98  pol_loss  0.0028  val_loss 111900.5625  ev 0.004
[update  239 | ep   2390 | steps   478000 | sps   2928] ep_return -1140.71  pol_loss -0.0026  val_loss 97570.0156  ev 0.007
[eval @ step   480000] mean return = -1154.05
[update  240 | ep   2400 | steps   480000 | sps   2925] ep_return -1129.72  pol_loss  0.0063  val_loss 120596.5938  ev 0.005
[update  241 | ep   2410 | steps   482000 | sps   2926] ep_return -1120.66  pol_loss  0.0142  val_loss 130061.5781  ev 0.006
[update  242 | ep   2420 | steps   484000 | sps   2928] ep_return -1118.88  pol_loss -0.0130  val_loss 109458.9219  ev 0.003
[eval @ step   486000] mean return = -1158.91
[update  243 | ep   2430 | steps   486000 | sps   2925] ep_return -1102.49  pol_loss -0.0288  val_loss 102096.0000  ev 0.004
[update  244 | ep   2440 | steps   488000 | sps   2927] ep_return -1103.18  pol_loss  0.0242  val_loss 129092.9141  ev 0.006
[eval @ step   490000] mean return = -1166.15
[update  245 | ep   2450 | steps   490000 | sps   2926] ep_return -1124.23  pol_loss -0.0195  val_loss 147254.8906  ev 0.005
[update  246 | ep   2460 | steps   492000 | sps   2928] ep_return -1122.03  pol_loss -0.0145  val_loss 124042.0000  ev 0.003
[update  247 | ep   2470 | steps   494000 | sps   2929] ep_return -1127.74  pol_loss -0.0424  val_loss 128273.9219  ev 0.004
[eval @ step   496000] mean return = -1165.55
[update  248 | ep   2480 | steps   496000 | sps   2926] ep_return -1128.93  pol_loss  0.0018  val_loss 113918.8984  ev 0.005
[update  249 | ep   2490 | steps   498000 | sps   2929] ep_return -1136.85  pol_loss  0.0062  val_loss 120103.2578  ev 0.006
[eval @ step   500000] mean return = -1161.15
[update  250 | ep   2500 | steps   500000 | sps   2928] ep_return -1126.29  pol_loss  0.0021  val_loss 107211.7422  ev 0.006
[update  251 | ep   2510 | steps   502000 | sps   2929] ep_return -1119.36  pol_loss  0.0304  val_loss 114008.4219  ev 0.004
[update  252 | ep   2520 | steps   504000 | sps   2930] ep_return -1119.95  pol_loss -0.0175  val_loss 111882.3750  ev 0.005
[eval @ step   506000] mean return = -1144.19
[update  253 | ep   2530 | steps   506000 | sps   2929] ep_return -1142.96  pol_loss -0.0075  val_loss 153433.3125  ev 0.005
[update  254 | ep   2540 | steps   508000 | sps   2932] ep_return -1135.10  pol_loss -0.0030  val_loss 111645.3984  ev 0.005
[eval @ step   510000] mean return = -1146.07
[update  255 | ep   2550 | steps   510000 | sps   2931] ep_return -1107.68  pol_loss -0.0358  val_loss 92010.1797  ev 0.004
[update  256 | ep   2560 | steps   512000 | sps   2933] ep_return -1093.57  pol_loss -0.0245  val_loss 95576.3750  ev 0.004
[update  257 | ep   2570 | steps   514000 | sps   2934] ep_return -1103.49  pol_loss  0.0104  val_loss 152740.4688  ev 0.005
[eval @ step   516000] mean return = -1114.07
[update  258 | ep   2580 | steps   516000 | sps   2932] ep_return -1099.07  pol_loss  0.0074  val_loss 103523.1406  ev 0.004
[update  259 | ep   2590 | steps   518000 | sps   2933] ep_return -1109.61  pol_loss -0.0025  val_loss 133812.1250  ev 0.006
[eval @ step   520000] mean return = -1113.97
[update  260 | ep   2600 | steps   520000 | sps   2931] ep_return -1117.27  pol_loss -0.0115  val_loss 121662.0000  ev 0.009
[update  261 | ep   2610 | steps   522000 | sps   2933] ep_return -1120.98  pol_loss  0.0047  val_loss 115720.4609  ev 0.006
[update  262 | ep   2620 | steps   524000 | sps   2934] ep_return -1125.27  pol_loss -0.0312  val_loss 115581.7109  ev 0.008
[eval @ step   526000] mean return = -1107.64
[update  263 | ep   2630 | steps   526000 | sps   2934] ep_return -1123.31  pol_loss -0.0060  val_loss 138610.8125  ev 0.006
[update  264 | ep   2640 | steps   528000 | sps   2936] ep_return -1125.01  pol_loss -0.0078  val_loss 107849.4453  ev 0.007
[eval @ step   530000] mean return = -1110.83
[update  265 | ep   2650 | steps   530000 | sps   2934] ep_return -1139.00  pol_loss  0.0113  val_loss 115324.2266  ev 0.008
[update  266 | ep   2660 | steps   532000 | sps   2936] ep_return -1146.78  pol_loss -0.0246  val_loss 110440.6719  ev 0.007
[update  267 | ep   2670 | steps   534000 | sps   2937] ep_return -1139.45  pol_loss  0.0114  val_loss 135593.0625  ev 0.009
[eval @ step   536000] mean return = -1110.40
[update  268 | ep   2680 | steps   536000 | sps   2935] ep_return -1136.62  pol_loss -0.0173  val_loss 96797.5078  ev 0.008
[update  269 | ep   2690 | steps   538000 | sps   2937] ep_return -1128.13  pol_loss -0.0271  val_loss 116284.8047  ev 0.009
[eval @ step   540000] mean return = -1106.37
[update  270 | ep   2700 | steps   540000 | sps   2935] ep_return -1129.18  pol_loss  0.0318  val_loss 114767.7031  ev 0.006
[update  271 | ep   2710 | steps   542000 | sps   2938] ep_return -1123.96  pol_loss  0.0284  val_loss 101563.9375  ev 0.008
[update  272 | ep   2720 | steps   544000 | sps   2939] ep_return -1123.10  pol_loss -0.0037  val_loss 117046.6250  ev 0.008
[eval @ step   546000] mean return = -1102.46
[update  273 | ep   2730 | steps   546000 | sps   2938] ep_return -1098.09  pol_loss  0.0361  val_loss 88825.7266  ev 0.006
[update  274 | ep   2740 | steps   548000 | sps   2939] ep_return -1101.24  pol_loss -0.0020  val_loss 115464.3359  ev 0.007
[eval @ step   550000] mean return = -1104.57
[update  275 | ep   2750 | steps   550000 | sps   2936] ep_return -1110.16  pol_loss -0.0142  val_loss 131725.0781  ev 0.007
[update  276 | ep   2760 | steps   552000 | sps   2937] ep_return -1112.88  pol_loss  0.0300  val_loss 112404.3672  ev 0.007
[update  277 | ep   2770 | steps   554000 | sps   2939] ep_return -1091.16  pol_loss  0.0102  val_loss 93022.4297  ev 0.005
[eval @ step   556000] mean return = -1097.68
[update  278 | ep   2780 | steps   556000 | sps   2937] ep_return -1102.96  pol_loss -0.0092  val_loss 121821.7969  ev 0.008
[update  279 | ep   2790 | steps   558000 | sps   2938] ep_return -1104.43  pol_loss -0.0024  val_loss 117389.5234  ev 0.008
[eval @ step   560000] mean return = -1094.57
[update  280 | ep   2800 | steps   560000 | sps   2936] ep_return -1096.12  pol_loss -0.0403  val_loss 98434.9453  ev 0.006
[update  281 | ep   2810 | steps   562000 | sps   2938] ep_return -1099.85  pol_loss  0.0037  val_loss 118865.4141  ev 0.008
[update  282 | ep   2820 | steps   564000 | sps   2939] ep_return -1099.22  pol_loss -0.0095  val_loss 111079.8047  ev 0.009
[eval @ step   566000] mean return = -1084.21
[update  283 | ep   2830 | steps   566000 | sps   2937] ep_return -1107.69  pol_loss -0.0126  val_loss 107808.9844  ev 0.008
[update  284 | ep   2840 | steps   568000 | sps   2938] ep_return -1105.18  pol_loss -0.0125  val_loss 109078.7422  ev 0.007
[eval @ step   570000] mean return = -1101.17
[update  285 | ep   2850 | steps   570000 | sps   2936] ep_return -1103.59  pol_loss  0.0038  val_loss 131958.0938  ev 0.008
[update  286 | ep   2860 | steps   572000 | sps   2939] ep_return -1104.44  pol_loss -0.0128  val_loss 113241.5859  ev 0.008
[update  287 | ep   2870 | steps   574000 | sps   2942] ep_return -1112.51  pol_loss  0.0062  val_loss 104248.0234  ev 0.008
[eval @ step   576000] mean return = -1086.34
[update  288 | ep   2880 | steps   576000 | sps   2940] ep_return -1112.34  pol_loss -0.0122  val_loss 122714.1172  ev 0.007
[update  289 | ep   2890 | steps   578000 | sps   2942] ep_return -1103.66  pol_loss -0.0041  val_loss 106076.4141  ev 0.006
[eval @ step   580000] mean return = -1100.79
[update  290 | ep   2900 | steps   580000 | sps   2941] ep_return -1107.54  pol_loss -0.0281  val_loss 108086.8828  ev 0.007
[update  291 | ep   2910 | steps   582000 | sps   2943] ep_return -1100.92  pol_loss -0.0185  val_loss 100418.5859  ev 0.006
[update  292 | ep   2920 | steps   584000 | sps   2944] ep_return -1100.77  pol_loss -0.0037  val_loss 114352.8047  ev 0.006
[eval @ step   586000] mean return = -1099.78
[update  293 | ep   2930 | steps   586000 | sps   2942] ep_return -1101.43  pol_loss -0.0031  val_loss 106652.7969  ev 0.007
[update  294 | ep   2940 | steps   588000 | sps   2945] ep_return -1094.73  pol_loss -0.0438  val_loss 100176.1328  ev 0.007
[eval @ step   590000] mean return = -1102.24
[update  295 | ep   2950 | steps   590000 | sps   2944] ep_return -1095.32  pol_loss -0.0255  val_loss 130748.8906  ev 0.006
[update  296 | ep   2960 | steps   592000 | sps   2947] ep_return -1093.97  pol_loss  0.0061  val_loss 114548.9297  ev 0.006
[update  297 | ep   2970 | steps   594000 | sps   2949] ep_return -1103.22  pol_loss -0.0189  val_loss 127467.7734  ev 0.006
[eval @ step   596000] mean return = -1105.96
[update  298 | ep   2980 | steps   596000 | sps   2947] ep_return -1093.32  pol_loss -0.0105  val_loss 102496.2266  ev 0.007
[update  299 | ep   2990 | steps   598000 | sps   2949] ep_return -1100.57  pol_loss  0.0200  val_loss 115292.1484  ev 0.006
[eval @ step   600000] mean return = -1115.09
[update  300 | ep   3000 | steps   600000 | sps   2949] ep_return -1082.79  pol_loss  0.0004  val_loss 76660.4219  ev 0.005
[update  301 | ep   3010 | steps   602000 | sps   2950] ep_return -1109.82  pol_loss -0.0233  val_loss 157437.3594  ev 0.004
[update  302 | ep   3020 | steps   604000 | sps   2951] ep_return -1113.99  pol_loss -0.0077  val_loss 120135.6875  ev 0.006
[eval @ step   606000] mean return = -1108.43
[update  303 | ep   3030 | steps   606000 | sps   2950] ep_return -1102.73  pol_loss  0.0188  val_loss 86090.0625  ev 0.006
[update  304 | ep   3040 | steps   608000 | sps   2952] ep_return -1114.03  pol_loss  0.0314  val_loss 121293.5234  ev 0.005
[eval @ step   610000] mean return = -1113.55
[update  305 | ep   3050 | steps   610000 | sps   2950] ep_return -1093.42  pol_loss  0.0117  val_loss 91198.6094  ev 0.005
[update  306 | ep   3060 | steps   612000 | sps   2952] ep_return -1085.29  pol_loss -0.0019  val_loss 98666.7891  ev 0.007
[update  307 | ep   3070 | steps   614000 | sps   2953] ep_return -1074.80  pol_loss -0.0024  val_loss 103035.3750  ev 0.006
[eval @ step   616000] mean return = -1114.64
[update  308 | ep   3080 | steps   616000 | sps   2952] ep_return -1075.81  pol_loss -0.0287  val_loss 108033.3438  ev 0.006
[update  309 | ep   3090 | steps   618000 | sps   2954] ep_return -1091.46  pol_loss  0.0112  val_loss 148374.3125  ev 0.005
[eval @ step   620000] mean return = -1102.95
[update  310 | ep   3100 | steps   620000 | sps   2952] ep_return -1107.31  pol_loss -0.0141  val_loss 104759.6016  ev 0.006
[update  311 | ep   3110 | steps   622000 | sps   2955] ep_return -1085.95  pol_loss  0.0106  val_loss 114087.5547  ev 0.006
[update  312 | ep   3120 | steps   624000 | sps   2956] ep_return -1081.46  pol_loss -0.0075  val_loss 114047.3750  ev 0.005
[eval @ step   626000] mean return = -1098.81
[update  313 | ep   3130 | steps   626000 | sps   2955] ep_return -1097.28  pol_loss  0.0089  val_loss 114383.6562  ev 0.006
[update  314 | ep   3140 | steps   628000 | sps   2958] ep_return -1094.41  pol_loss  0.0185  val_loss 115855.3672  ev 0.006
[eval @ step   630000] mean return = -1098.65
[update  315 | ep   3150 | steps   630000 | sps   2955] ep_return -1101.80  pol_loss -0.0243  val_loss 104865.5859  ev 0.006
[update  316 | ep   3160 | steps   632000 | sps   2957] ep_return -1107.28  pol_loss  0.0074  val_loss 104902.7031  ev 0.007
[update  317 | ep   3170 | steps   634000 | sps   2958] ep_return -1119.30  pol_loss -0.0073  val_loss 130931.2500  ev 0.007
[eval @ step   636000] mean return = -1089.37
[update  318 | ep   3180 | steps   636000 | sps   2955] ep_return -1115.60  pol_loss -0.0046  val_loss 98228.4141  ev 0.006
[update  319 | ep   3190 | steps   638000 | sps   2956] ep_return -1086.77  pol_loss -0.0160  val_loss 88926.4609  ev 0.005
[eval @ step   640000] mean return = -1101.49
[update  320 | ep   3200 | steps   640000 | sps   2956] ep_return -1094.39  pol_loss  0.0139  val_loss 114933.8438  ev 0.007
[update  321 | ep   3210 | steps   642000 | sps   2957] ep_return -1094.55  pol_loss -0.0077  val_loss 115879.0781  ev 0.006
[update  322 | ep   3220 | steps   644000 | sps   2960] ep_return -1084.79  pol_loss  0.0047  val_loss 92965.9297  ev 0.006
[eval @ step   646000] mean return = -1096.17
[update  323 | ep   3230 | steps   646000 | sps   2959] ep_return -1075.31  pol_loss  0.0000  val_loss 97498.2109  ev 0.005
[update  324 | ep   3240 | steps   648000 | sps   2960] ep_return -1070.49  pol_loss  0.0143  val_loss 103549.8203  ev 0.006
[eval @ step   650000] mean return = -1100.02
[update  325 | ep   3250 | steps   650000 | sps   2958] ep_return -1080.35  pol_loss  0.0116  val_loss 123318.3359  ev 0.007
[update  326 | ep   3260 | steps   652000 | sps   2960] ep_return -1088.57  pol_loss -0.0147  val_loss 123174.3672  ev 0.007
[update  327 | ep   3270 | steps   654000 | sps   2961] ep_return -1081.09  pol_loss -0.0078  val_loss 114044.2578  ev 0.006
[eval @ step   656000] mean return = -1095.23
[update  328 | ep   3280 | steps   656000 | sps   2959] ep_return -1094.77  pol_loss  0.0032  val_loss 120558.9766  ev 0.006
[update  329 | ep   3290 | steps   658000 | sps   2960] ep_return -1098.51  pol_loss -0.0137  val_loss 96238.2109  ev 0.006
[eval @ step   660000] mean return = -1095.60
[update  330 | ep   3300 | steps   660000 | sps   2958] ep_return -1094.85  pol_loss -0.0060  val_loss 107759.4844  ev 0.006
[update  331 | ep   3310 | steps   662000 | sps   2959] ep_return -1099.99  pol_loss -0.0082  val_loss 117648.0547  ev 0.006
[update  332 | ep   3320 | steps   664000 | sps   2961] ep_return -1098.89  pol_loss  0.0182  val_loss 93538.9531  ev 0.004
[eval @ step   666000] mean return = -1093.90
[update  333 | ep   3330 | steps   666000 | sps   2959] ep_return -1104.49  pol_loss  0.0136  val_loss 109163.6875  ev 0.006
[update  334 | ep   3340 | steps   668000 | sps   2960] ep_return -1101.53  pol_loss -0.0051  val_loss 95712.5312  ev 0.006
[eval @ step   670000] mean return = -1092.97
[update  335 | ep   3350 | steps   670000 | sps   2959] ep_return -1085.63  pol_loss  0.0260  val_loss 92385.8438  ev 0.006
[update  336 | ep   3360 | steps   672000 | sps   2961] ep_return -1084.48  pol_loss  0.0149  val_loss 117235.5234  ev 0.006
[update  337 | ep   3370 | steps   674000 | sps   2962] ep_return -1083.27  pol_loss -0.0034  val_loss 106978.5938  ev 0.006
[eval @ step   676000] mean return = -1074.50
[update  338 | ep   3380 | steps   676000 | sps   2960] ep_return -1070.08  pol_loss -0.0026  val_loss 92427.1016  ev 0.007
[update  339 | ep   3390 | steps   678000 | sps   2961] ep_return -1078.09  pol_loss  0.0067  val_loss 112339.9922  ev 0.005
[eval @ step   680000] mean return = -1079.83
[update  340 | ep   3400 | steps   680000 | sps   2961] ep_return -1081.16  pol_loss -0.0068  val_loss 112213.1406  ev 0.007
[update  341 | ep   3410 | steps   682000 | sps   2963] ep_return -1077.83  pol_loss -0.0118  val_loss 113111.4062  ev 0.007
[update  342 | ep   3420 | steps   684000 | sps   2965] ep_return -1081.89  pol_loss -0.0073  val_loss 103949.3594  ev 0.002
[eval @ step   686000] mean return = -1095.84
[update  343 | ep   3430 | steps   686000 | sps   2962] ep_return -1085.41  pol_loss -0.0037  val_loss 113100.8125  ev 0.007
[update  344 | ep   3440 | steps   688000 | sps   2964] ep_return -1091.18  pol_loss  0.0047  val_loss 107872.2656  ev 0.007
[eval @ step   690000] mean return = -1091.94
[update  345 | ep   3450 | steps   690000 | sps   2963] ep_return -1098.35  pol_loss -0.0332  val_loss 106631.9531  ev 0.005
[update  346 | ep   3460 | steps   692000 | sps   2964] ep_return -1095.79  pol_loss  0.0034  val_loss 113821.2500  ev 0.005
[update  347 | ep   3470 | steps   694000 | sps   2965] ep_return -1099.92  pol_loss -0.0137  val_loss 113454.4297  ev 0.006
[eval @ step   696000] mean return = -1119.14
[update  348 | ep   3480 | steps   696000 | sps   2965] ep_return -1106.10  pol_loss -0.0070  val_loss 107279.9922  ev 0.006
[update  349 | ep   3490 | steps   698000 | sps   2966] ep_return -1110.00  pol_loss  0.0011  val_loss 119680.8984  ev 0.005
[eval @ step   700000] mean return = -1118.76
[update  350 | ep   3500 | steps   700000 | sps   2964] ep_return -1111.54  pol_loss -0.0183  val_loss 115144.8281  ev 0.007
[update  351 | ep   3510 | steps   702000 | sps   2966] ep_return -1120.70  pol_loss -0.0190  val_loss 128394.2422  ev 0.007
[update  352 | ep   3520 | steps   704000 | sps   2967] ep_return -1125.30  pol_loss  0.0190  val_loss 112341.3750  ev 0.003
[eval @ step   706000] mean return = -1098.54
[update  353 | ep   3530 | steps   706000 | sps   2967] ep_return -1123.89  pol_loss  0.0205  val_loss 112608.8984  ev 0.004
[update  354 | ep   3540 | steps   708000 | sps   2970] ep_return -1125.47  pol_loss  0.0105  val_loss 113586.7578  ev 0.004
[eval @ step   710000] mean return = -1093.74
[update  355 | ep   3550 | steps   710000 | sps   2969] ep_return -1134.29  pol_loss -0.0102  val_loss 118984.6562  ev 0.006
[update  356 | ep   3560 | steps   712000 | sps   2970] ep_return -1127.95  pol_loss -0.0216  val_loss 102693.3125  ev 0.005
[update  357 | ep   3570 | steps   714000 | sps   2972] ep_return -1126.54  pol_loss -0.0153  val_loss 113532.2969  ev 0.004
[eval @ step   716000] mean return = -1092.52
[update  358 | ep   3580 | steps   716000 | sps   2971] ep_return -1124.76  pol_loss  0.0063  val_loss 107812.6250  ev 0.003
[update  359 | ep   3590 | steps   718000 | sps   2972] ep_return -1124.61  pol_loss -0.0157  val_loss 121008.6172  ev 0.005
[eval @ step   720000] mean return = -1093.32
[update  360 | ep   3600 | steps   720000 | sps   2970] ep_return -1118.60  pol_loss  0.0077  val_loss 105889.2031  ev 0.005
[update  361 | ep   3610 | steps   722000 | sps   2972] ep_return -1110.25  pol_loss -0.0030  val_loss 114718.1797  ev 0.005
[update  362 | ep   3620 | steps   724000 | sps   2974] ep_return -1111.86  pol_loss  0.0076  val_loss 109645.7422  ev 0.004
[eval @ step   726000] mean return = -1068.67
[update  363 | ep   3630 | steps   726000 | sps   2972] ep_return -1109.84  pol_loss  0.0069  val_loss 101402.9922  ev 0.005
[update  364 | ep   3640 | steps   728000 | sps   2973] ep_return -1104.76  pol_loss  0.0214  val_loss 98412.8984  ev 0.006
[eval @ step   730000] mean return = -1070.59
[update  365 | ep   3650 | steps   730000 | sps   2972] ep_return -1112.14  pol_loss  0.0020  val_loss 138209.8906  ev 0.005
[update  366 | ep   3660 | steps   732000 | sps   2973] ep_return -1113.23  pol_loss  0.0097  val_loss 103817.5938  ev 0.005
[update  367 | ep   3670 | steps   734000 | sps   2974] ep_return -1110.01  pol_loss  0.0129  val_loss 104348.6016  ev 0.004
[eval @ step   736000] mean return = -1085.69
[update  368 | ep   3680 | steps   736000 | sps   2974] ep_return -1117.27  pol_loss  0.0127  val_loss 119395.4609  ev 0.004
[update  369 | ep   3690 | steps   738000 | sps   2975] ep_return -1101.37  pol_loss -0.0229  val_loss 85491.3594  ev 0.005
[eval @ step   740000] mean return = -1087.22
[update  370 | ep   3700 | steps   740000 | sps   2974] ep_return -1104.34  pol_loss -0.0152  val_loss 112032.2031  ev 0.005
[update  371 | ep   3710 | steps   742000 | sps   2975] ep_return -1099.96  pol_loss -0.0005  val_loss 103999.9531  ev 0.005
[update  372 | ep   3720 | steps   744000 | sps   2976] ep_return -1100.02  pol_loss  0.0189  val_loss 110992.5078  ev 0.003
[eval @ step   746000] mean return = -1091.85
[update  373 | ep   3730 | steps   746000 | sps   2974] ep_return -1096.51  pol_loss  0.0115  val_loss 97002.5625  ev 0.005
[update  374 | ep   3740 | steps   748000 | sps   2975] ep_return -1091.51  pol_loss -0.0100  val_loss 92348.3750  ev 0.004
[eval @ step   750000] mean return = -1080.37
[update  375 | ep   3750 | steps   750000 | sps   2972] ep_return -1070.86  pol_loss  0.0092  val_loss 94873.6875  ev 0.004
[update  376 | ep   3760 | steps   752000 | sps   2973] ep_return -1073.98  pol_loss -0.0066  val_loss 108031.1719  ev 0.004
[update  377 | ep   3770 | steps   754000 | sps   2975] ep_return -1080.74  pol_loss -0.0021  val_loss 117746.6875  ev 0.003
[eval @ step   756000] mean return = -1083.64
[update  378 | ep   3780 | steps   756000 | sps   2975] ep_return -1072.59  pol_loss -0.0157  val_loss 102044.1016  ev 0.004
[update  379 | ep   3790 | steps   758000 | sps   2976] ep_return -1077.16  pol_loss  0.0047  val_loss 98279.0938  ev 0.003
[eval @ step   760000] mean return = -1089.39
[update  380 | ep   3800 | steps   760000 | sps   2974] ep_return -1076.75  pol_loss -0.0139  val_loss 110316.8828  ev 0.004
[update  381 | ep   3810 | steps   762000 | sps   2975] ep_return -1082.14  pol_loss  0.0145  val_loss 116294.1328  ev 0.005
[update  382 | ep   3820 | steps   764000 | sps   2976] ep_return -1080.81  pol_loss -0.0322  val_loss 106821.0000  ev 0.005
[eval @ step   766000] mean return = -1082.40
[update  383 | ep   3830 | steps   766000 | sps   2975] ep_return -1075.94  pol_loss  0.0359  val_loss 92023.9688  ev 0.004
[update  384 | ep   3840 | steps   768000 | sps   2976] ep_return -1085.34  pol_loss  0.0030  val_loss 110996.3984  ev 0.005
[eval @ step   770000] mean return = -1071.75
[update  385 | ep   3850 | steps   770000 | sps   2975] ep_return -1092.43  pol_loss -0.0102  val_loss 108998.9531  ev 0.004
[update  386 | ep   3860 | steps   772000 | sps   2976] ep_return -1091.07  pol_loss -0.0036  val_loss 105142.0859  ev 0.005
[update  387 | ep   3870 | steps   774000 | sps   2977] ep_return -1083.90  pol_loss -0.0199  val_loss 101249.5781  ev 0.005
[eval @ step   776000] mean return = -1069.50
[update  388 | ep   3880 | steps   776000 | sps   2976] ep_return -1092.63  pol_loss -0.0162  val_loss 120585.0938  ev 0.004
[update  389 | ep   3890 | steps   778000 | sps   2976] ep_return -1094.05  pol_loss  0.0078  val_loss 94597.6094  ev 0.005
[eval @ step   780000] mean return = -1079.40
[update  390 | ep   3900 | steps   780000 | sps   2975] ep_return -1091.24  pol_loss -0.0250  val_loss 105549.7188  ev 0.004
[update  391 | ep   3910 | steps   782000 | sps   2976] ep_return -1083.19  pol_loss -0.0144  val_loss 97630.0703  ev 0.005
[update  392 | ep   3920 | steps   784000 | sps   2977] ep_return -1086.44  pol_loss  0.0071  val_loss 113627.5625  ev 0.004
[eval @ step   786000] mean return = -1086.50
[update  393 | ep   3930 | steps   786000 | sps   2976] ep_return -1107.54  pol_loss -0.0049  val_loss 127571.0703  ev 0.004
[update  394 | ep   3940 | steps   788000 | sps   2977] ep_return -1112.04  pol_loss  0.0221  val_loss 115110.8125  ev 0.004
[eval @ step   790000] mean return = -1094.09
[update  395 | ep   3950 | steps   790000 | sps   2977] ep_return -1107.20  pol_loss  0.0181  val_loss 97619.3281  ev 0.004
[update  396 | ep   3960 | steps   792000 | sps   2978] ep_return -1111.82  pol_loss  0.0013  val_loss 114616.7500  ev 0.004
[update  397 | ep   3970 | steps   794000 | sps   2980] ep_return -1117.09  pol_loss  0.0237  val_loss 113355.3125  ev 0.004
[eval @ step   796000] mean return = -1110.87
[update  398 | ep   3980 | steps   796000 | sps   2978] ep_return -1112.78  pol_loss -0.0074  val_loss 106386.5781  ev 0.004
[update  399 | ep   3990 | steps   798000 | sps   2979] ep_return -1125.08  pol_loss -0.0199  val_loss 113669.7109  ev 0.005
[eval @ step   800000] mean return = -1110.55
[update  400 | ep   4000 | steps   800000 | sps   2978] ep_return -1128.15  pol_loss -0.0153  val_loss 105394.9141  ev 0.005
[update  401 | ep   4010 | steps   802000 | sps   2980] ep_return -1131.29  pol_loss  0.0106  val_loss 105776.9609  ev 0.004
[update  402 | ep   4020 | steps   804000 | sps   2982] ep_return -1130.71  pol_loss -0.0069  val_loss 108666.9375  ev 0.005
[eval @ step   806000] mean return = -1089.39
[update  403 | ep   4030 | steps   806000 | sps   2980] ep_return -1113.78  pol_loss -0.0105  val_loss 100208.9688  ev 0.003
[update  404 | ep   4040 | steps   808000 | sps   2981] ep_return -1112.78  pol_loss -0.0009  val_loss 114386.4922  ev 0.005
[eval @ step   810000] mean return = -1086.53
[update  405 | ep   4050 | steps   810000 | sps   2980] ep_return -1122.78  pol_loss -0.0052  val_loss 118939.3906  ev 0.005
[update  406 | ep   4060 | steps   812000 | sps   2981] ep_return -1120.36  pol_loss -0.0106  val_loss 111577.0859  ev 0.005
[update  407 | ep   4070 | steps   814000 | sps   2983] ep_return -1114.69  pol_loss  0.0190  val_loss 106532.1484  ev 0.004
[eval @ step   816000] mean return = -1093.96
[update  408 | ep   4080 | steps   816000 | sps   2982] ep_return -1116.30  pol_loss  0.0298  val_loss 114972.4219  ev 0.003
[update  409 | ep   4090 | steps   818000 | sps   2983] ep_return -1105.36  pol_loss -0.0083  val_loss 102813.4219  ev 0.003
[eval @ step   820000] mean return = -1096.38
[update  410 | ep   4100 | steps   820000 | sps   2982] ep_return -1096.74  pol_loss  0.0122  val_loss 96452.7266  ev 0.002
[update  411 | ep   4110 | steps   822000 | sps   2983] ep_return -1097.61  pol_loss  0.0288  val_loss 109013.0078  ev 0.004
[update  412 | ep   4120 | steps   824000 | sps   2984] ep_return -1100.59  pol_loss -0.0033  val_loss 117226.0391  ev 0.004
[eval @ step   826000] mean return = -1068.28
[update  413 | ep   4130 | steps   826000 | sps   2982] ep_return -1102.48  pol_loss  0.0082  val_loss 102875.5078  ev 0.002
[update  414 | ep   4140 | steps   828000 | sps   2983] ep_return -1096.61  pol_loss -0.0211  val_loss 107747.3438  ev 0.002
[eval @ step   830000] mean return = -1086.23
[update  415 | ep   4150 | steps   830000 | sps   2983] ep_return -1091.20  pol_loss  0.0204  val_loss 106538.7188  ev 0.004
[update  416 | ep   4160 | steps   832000 | sps   2984] ep_return -1085.28  pol_loss -0.0038  val_loss 101105.6250  ev 0.004
[update  417 | ep   4170 | steps   834000 | sps   2985] ep_return -1082.07  pol_loss -0.0232  val_loss 98550.7188  ev 0.003
[eval @ step   836000] mean return = -1095.71
[update  418 | ep   4180 | steps   836000 | sps   2985] ep_return -1078.42  pol_loss  0.0085  val_loss 105926.4453  ev 0.004
[update  419 | ep   4190 | steps   838000 | sps   2986] ep_return -1090.59  pol_loss -0.0235  val_loss 121082.6562  ev 0.003
[eval @ step   840000] mean return = -1096.33
[update  420 | ep   4200 | steps   840000 | sps   2984] ep_return -1089.56  pol_loss  0.0002  val_loss 92036.1406  ev 0.003
[update  421 | ep   4210 | steps   842000 | sps   2986] ep_return -1091.61  pol_loss -0.0209  val_loss 108625.7734  ev 0.003
[update  422 | ep   4220 | steps   844000 | sps   2987] ep_return -1086.04  pol_loss  0.0188  val_loss 105761.2969  ev 0.003
[eval @ step   846000] mean return = -1101.90
[update  423 | ep   4230 | steps   846000 | sps   2986] ep_return -1089.45  pol_loss  0.0102  val_loss 105498.8594  ev 0.003
[update  424 | ep   4240 | steps   848000 | sps   2987] ep_return -1097.49  pol_loss -0.0063  val_loss 119031.1484  ev 0.003
[eval @ step   850000] mean return = -1078.75
[update  425 | ep   4250 | steps   850000 | sps   2985] ep_return -1121.63  pol_loss -0.0247  val_loss 161396.7031  ev 0.002
[update  426 | ep   4260 | steps   852000 | sps   2987] ep_return -1108.70  pol_loss  0.0011  val_loss 76489.5938  ev 0.002
[update  427 | ep   4270 | steps   854000 | sps   2987] ep_return -1105.84  pol_loss  0.0250  val_loss 92563.5781  ev 0.002
[eval @ step   856000] mean return = -1128.17
[update  428 | ep   4280 | steps   856000 | sps   2988] ep_return -1114.53  pol_loss  0.0109  val_loss 124195.0156  ev 0.002
[update  429 | ep   4290 | steps   858000 | sps   2989] ep_return -1114.18  pol_loss -0.0041  val_loss 127067.5078  ev 0.002
[eval @ step   860000] mean return = -1114.49
[update  430 | ep   4300 | steps   860000 | sps   2989] ep_return -1131.93  pol_loss  0.0010  val_loss 129182.2969  ev 0.002
[update  431 | ep   4310 | steps   862000 | sps   2990] ep_return -1145.62  pol_loss  0.0158  val_loss 143091.6094  ev 0.001
[update  432 | ep   4320 | steps   864000 | sps   2991] ep_return -1156.79  pol_loss  0.0018  val_loss 135263.9062  ev 0.001
[eval @ step   866000] mean return = -1107.45
[update  433 | ep   4330 | steps   866000 | sps   2990] ep_return -1159.73  pol_loss  0.0107  val_loss 116656.8047  ev 0.001
[update  434 | ep   4340 | steps   868000 | sps   2991] ep_return -1158.53  pol_loss  0.0213  val_loss 120600.6484  ev 0.002
[eval @ step   870000] mean return = -1111.83
[update  435 | ep   4350 | steps   870000 | sps   2990] ep_return -1126.54  pol_loss  0.0302  val_loss 95313.3906  ev 0.002
[update  436 | ep   4360 | steps   872000 | sps   2991] ep_return -1157.01  pol_loss  0.0179  val_loss 136605.4688  ev 0.001
[update  437 | ep   4370 | steps   874000 | sps   2993] ep_return -1178.97  pol_loss -0.0099  val_loss 136255.2656  ev 0.002
[eval @ step   876000] mean return = -1115.89
[update  438 | ep   4380 | steps   876000 | sps   2992] ep_return -1185.13  pol_loss  0.0365  val_loss 139776.2969  ev 0.001
[update  439 | ep   4390 | steps   878000 | sps   2994] ep_return -1175.05  pol_loss  0.0268  val_loss 106703.0234  ev 0.001
[eval @ step   880000] mean return = -1129.28
[update  440 | ep   4400 | steps   880000 | sps   2993] ep_return -1178.05  pol_loss -0.0051  val_loss 135945.0938  ev 0.001
[update  441 | ep   4410 | steps   882000 | sps   2994] ep_return -1168.41  pol_loss  0.0163  val_loss 122620.3047  ev 0.001
[update  442 | ep   4420 | steps   884000 | sps   2995] ep_return -1165.50  pol_loss -0.0014  val_loss 129765.5547  ev 0.002
[eval @ step   886000] mean return = -1115.90
[update  443 | ep   4430 | steps   886000 | sps   2994] ep_return -1161.23  pol_loss  0.0124  val_loss 107020.9375  ev 0.002
[update  444 | ep   4440 | steps   888000 | sps   2995] ep_return -1157.11  pol_loss  0.0089  val_loss 113346.0781  ev 0.003
[eval @ step   890000] mean return = -1101.47
[update  445 | ep   4450 | steps   890000 | sps   2994] ep_return -1170.08  pol_loss  0.0310  val_loss 116680.9766  ev 0.003
[update  446 | ep   4460 | steps   892000 | sps   2994] ep_return -1158.08  pol_loss -0.0026  val_loss 107931.3281  ev 0.003
[update  447 | ep   4470 | steps   894000 | sps   2995] ep_return -1142.30  pol_loss  0.0178  val_loss 104127.6250  ev 0.003
[eval @ step   896000] mean return = -1097.74
[update  448 | ep   4480 | steps   896000 | sps   2994] ep_return -1126.28  pol_loss  0.0058  val_loss 97405.6250  ev 0.003
[update  449 | ep   4490 | steps   898000 | sps   2995] ep_return -1122.50  pol_loss -0.0031  val_loss 96525.6953  ev 0.003
[eval @ step   900000] mean return = -1091.29
[update  450 | ep   4500 | steps   900000 | sps   2994] ep_return -1102.67  pol_loss -0.0194  val_loss 91295.5625  ev 0.003
[update  451 | ep   4510 | steps   902000 | sps   2994] ep_return -1094.34  pol_loss -0.0383  val_loss 102642.6016  ev 0.003
[update  452 | ep   4520 | steps   904000 | sps   2997] ep_return -1083.74  pol_loss  0.0131  val_loss 99544.6484  ev 0.003
[eval @ step   906000] mean return = -1089.73
[update  453 | ep   4530 | steps   906000 | sps   2995] ep_return -1090.90  pol_loss -0.0128  val_loss 117317.9609  ev 0.003
[update  454 | ep   4540 | steps   908000 | sps   2996] ep_return -1086.65  pol_loss -0.0074  val_loss 101003.4844  ev 0.002
[eval @ step   910000] mean return = -1089.68
[update  455 | ep   4550 | steps   910000 | sps   2995] ep_return -1078.17  pol_loss  0.0179  val_loss 101314.1328  ev 0.003
[update  456 | ep   4560 | steps   912000 | sps   2996] ep_return -1068.80  pol_loss  0.0180  val_loss 89248.1406  ev 0.002
[update  457 | ep   4570 | steps   914000 | sps   2997] ep_return -1060.58  pol_loss -0.0067  val_loss 89804.7812  ev 0.002
[eval @ step   916000] mean return = -1078.03
[update  458 | ep   4580 | steps   916000 | sps   2995] ep_return -1059.98  pol_loss -0.0109  val_loss 102689.2188  ev 0.003
[update  459 | ep   4590 | steps   918000 | sps   2997] ep_return -1060.32  pol_loss  0.0096  val_loss 94614.0625  ev 0.003
[eval @ step   920000] mean return = -1077.17
[update  460 | ep   4600 | steps   920000 | sps   2996] ep_return -1067.46  pol_loss  0.0027  val_loss 104010.8750  ev 0.003
[update  461 | ep   4610 | steps   922000 | sps   2997] ep_return -1080.07  pol_loss -0.0168  val_loss 123841.3594  ev 0.003
[update  462 | ep   4620 | steps   924000 | sps   2998] ep_return -1079.97  pol_loss  0.0217  val_loss 101260.7422  ev 0.003
[eval @ step   926000] mean return = -1069.78
[update  463 | ep   4630 | steps   926000 | sps   2997] ep_return -1067.78  pol_loss  0.0119  val_loss 90755.4844  ev 0.003
[update  464 | ep   4640 | steps   928000 | sps   2998] ep_return -1064.00  pol_loss  0.0172  val_loss 93031.7891  ev 0.003
[eval @ step   930000] mean return = -1064.82
[update  465 | ep   4650 | steps   930000 | sps   2996] ep_return -1064.87  pol_loss  0.0230  val_loss 100927.8438  ev 0.003
[update  466 | ep   4660 | steps   932000 | sps   2997] ep_return -1073.83  pol_loss -0.0170  val_loss 110620.3672  ev 0.003
[update  467 | ep   4670 | steps   934000 | sps   2998] ep_return -1078.47  pol_loss -0.0033  val_loss 95202.4609  ev 0.003
[eval @ step   936000] mean return = -1066.49
[update  468 | ep   4680 | steps   936000 | sps   2996] ep_return -1075.47  pol_loss -0.0189  val_loss 94146.5391  ev 0.003
[update  469 | ep   4690 | steps   938000 | sps   2997] ep_return -1085.30  pol_loss  0.0204  val_loss 112021.6797  ev 0.003
[eval @ step   940000] mean return = -1059.38
[update  470 | ep   4700 | steps   940000 | sps   2996] ep_return -1083.69  pol_loss  0.0022  val_loss 99071.0391  ev 0.003
[update  471 | ep   4710 | steps   942000 | sps   2996] ep_return -1069.81  pol_loss -0.0089  val_loss 100936.9844  ev 0.003
[update  472 | ep   4720 | steps   944000 | sps   2996] ep_return -1069.26  pol_loss -0.0018  val_loss 97268.4453  ev 0.003
[eval @ step   946000] mean return = -1063.57
[update  473 | ep   4730 | steps   946000 | sps   2995] ep_return -1076.31  pol_loss  0.0018  val_loss 106352.6406  ev 0.003
[update  474 | ep   4740 | steps   948000 | sps   2995] ep_return -1072.13  pol_loss -0.0121  val_loss 88486.2188  ev 0.002
[eval @ step   950000] mean return = -1073.58
[update  475 | ep   4750 | steps   950000 | sps   2994] ep_return -1075.23  pol_loss -0.0420  val_loss 106874.9453  ev 0.003
[update  476 | ep   4760 | steps   952000 | sps   2994] ep_return -1072.40  pol_loss -0.0161  val_loss 104882.5703  ev 0.002
[update  477 | ep   4770 | steps   954000 | sps   2995] ep_return -1083.73  pol_loss -0.0179  val_loss 117675.9141  ev 0.003
[eval @ step   956000] mean return = -1084.68
[update  478 | ep   4780 | steps   956000 | sps   2993] ep_return -1088.19  pol_loss  0.0195  val_loss 100315.4375  ev 0.003
[update  479 | ep   4790 | steps   958000 | sps   2993] ep_return -1078.52  pol_loss -0.0063  val_loss 97327.9766  ev 0.003
[eval @ step   960000] mean return = -1079.09
[update  480 | ep   4800 | steps   960000 | sps   2991] ep_return -1085.74  pol_loss  0.0221  val_loss 117390.5234  ev 0.003
[update  481 | ep   4810 | steps   962000 | sps   2991] ep_return -1081.03  pol_loss  0.0086  val_loss 89890.2109  ev 0.002
[update  482 | ep   4820 | steps   964000 | sps   2992] ep_return -1077.17  pol_loss -0.0102  val_loss 95531.4219  ev 0.002
[eval @ step   966000] mean return = -1056.88
[update  483 | ep   4830 | steps   966000 | sps   2990] ep_return -1072.26  pol_loss -0.0362  val_loss 99505.7266  ev 0.003
[update  484 | ep   4840 | steps   968000 | sps   2991] ep_return -1065.46  pol_loss -0.0032  val_loss 78725.9141  ev 0.002
[eval @ step   970000] mean return = -1073.67
[update  485 | ep   4850 | steps   970000 | sps   2989] ep_return -1067.41  pol_loss  0.0049  val_loss 115660.4609  ev 0.002
[update  486 | ep   4860 | steps   972000 | sps   2989] ep_return -1077.30  pol_loss -0.0087  val_loss 122519.9375  ev 0.002
[update  487 | ep   4870 | steps   974000 | sps   2990] ep_return -1064.59  pol_loss  0.0007  val_loss 93013.4922  ev 0.002
[eval @ step   976000] mean return = -1084.40
[update  488 | ep   4880 | steps   976000 | sps   2988] ep_return -1059.48  pol_loss  0.0192  val_loss 93893.0078  ev 0.002
[update  489 | ep   4890 | steps   978000 | sps   2989] ep_return -1080.69  pol_loss  0.0083  val_loss 138391.9375  ev 0.002
[eval @ step   980000] mean return = -1062.64
[update  490 | ep   4900 | steps   980000 | sps   2988] ep_return -1084.34  pol_loss -0.0128  val_loss 127416.8047  ev 0.002
[update  491 | ep   4910 | steps   982000 | sps   2988] ep_return -1080.75  pol_loss -0.0061  val_loss 83774.1250  ev 0.002
[update  492 | ep   4920 | steps   984000 | sps   2990] ep_return -1089.71  pol_loss -0.0116  val_loss 115007.9453  ev 0.002
[eval @ step   986000] mean return = -1084.02
[update  493 | ep   4930 | steps   986000 | sps   2987] ep_return -1103.25  pol_loss  0.0154  val_loss 128625.0703  ev 0.002
[update  494 | ep   4940 | steps   988000 | sps   2988] ep_return -1123.28  pol_loss  0.0341  val_loss 114784.6797  ev 0.002
[eval @ step   990000] mean return = -1091.90
[update  495 | ep   4950 | steps   990000 | sps   2986] ep_return -1126.55  pol_loss  0.0147  val_loss 116849.2969  ev 0.002
[update  496 | ep   4960 | steps   992000 | sps   2988] ep_return -1119.67  pol_loss  0.0061  val_loss 108344.5781  ev 0.002
[update  497 | ep   4970 | steps   994000 | sps   2989] ep_return -1114.25  pol_loss  0.0201  val_loss 86038.4922  ev 0.002
[eval @ step   996000] mean return = -1078.12
[update  498 | ep   4980 | steps   996000 | sps   2988] ep_return -1122.23  pol_loss  0.0056  val_loss 107793.3672  ev 0.002
[update  499 | ep   4990 | steps   998000 | sps   2988] ep_return -1102.73  pol_loss  0.0091  val_loss 102188.3984  ev 0.002
[eval @ step  1000000] mean return = -1083.12
[update  500 | ep   5000 | steps  1000000 | sps   2987] ep_return -1091.08  pol_loss  0.0151  val_loss 104344.6484  ev 0.002
Saved final model to reinforce\data\reinforce_sweep_Pendulum-v1_2026-05-10_20-08-02\model_final.pt
Saved 200 eval points -> C:\Users\mohamedosama\Downloads\CS515-Deep-RL\results\continuous\reinforce\pendulum-v1\seed_3.npy
Saved wallclock              -> C:\Users\mohamedosama\Downloads\CS515-Deep-RL\results\wallclock\continuous\reinforce\pendulum-v1\seed_3.npy
