GPU not detected. Defaulting to CPU.
########################
logging outputs to reinforce\data\reinforce_sweep_Pendulum-v1_2026-05-10_20-08-02
########################
[update    1 | ep     10 | steps     2000 | sps   2000] ep_return -1513.91  pol_loss  0.0092  val_loss 238615.1719  ev -0.000
[update    2 | ep     20 | steps     4000 | sps   3183] ep_return -1419.00  pol_loss -0.0259  val_loss 181635.2812  ev -0.000
[eval @ step     6000] mean return = -1387.18
[update    3 | ep     30 | steps     6000 | sps   2895] ep_return -1386.38  pol_loss  0.0084  val_loss 181967.5156  ev -0.000
[update    4 | ep     40 | steps     8000 | sps   3080] ep_return -1422.00  pol_loss  0.0118  val_loss 237178.3594  ev -0.000
[eval @ step    10000] mean return = -1409.65
[update    5 | ep     50 | steps    10000 | sps   2888] ep_return -1437.98  pol_loss  0.0225  val_loss 231029.1406  ev -0.000
[update    6 | ep     60 | steps    12000 | sps   2973] ep_return -1441.23  pol_loss  0.0071  val_loss 219431.5000  ev 0.000
[update    7 | ep     70 | steps    14000 | sps   3034] ep_return -1463.06  pol_loss -0.0040  val_loss 256789.6562  ev -0.000
[eval @ step    16000] mean return = -1418.26
[update    8 | ep     80 | steps    16000 | sps   2960] ep_return -1471.64  pol_loss -0.0006  val_loss 239910.9219  ev 0.000
[update    9 | ep     90 | steps    18000 | sps   2993] ep_return -1447.03  pol_loss  0.0084  val_loss 165778.1562  ev -0.000
[eval @ step    20000] mean return = -1401.74
[update   10 | ep    100 | steps    20000 | sps   2908] ep_return -1449.00  pol_loss -0.0024  val_loss 222465.6250  ev -0.000
[update   11 | ep    110 | steps    22000 | sps   2933] ep_return -1440.55  pol_loss  0.0035  val_loss 213100.8281  ev -0.000
[update   12 | ep    120 | steps    24000 | sps   2965] ep_return -1451.39  pol_loss  0.0064  val_loss 211984.0938  ev 0.000
[eval @ step    26000] mean return = -1357.96
[update   13 | ep    130 | steps    26000 | sps   2905] ep_return -1467.12  pol_loss -0.0123  val_loss 225134.2188  ev -0.000
[update   14 | ep    140 | steps    28000 | sps   2923] ep_return -1462.85  pol_loss  0.0056  val_loss 225438.7969  ev 0.000
[eval @ step    30000] mean return = -1338.51
[update   15 | ep    150 | steps    30000 | sps   2886] ep_return -1453.63  pol_loss -0.0042  val_loss 204276.0469  ev 0.000
[update   16 | ep    160 | steps    32000 | sps   2904] ep_return -1440.46  pol_loss  0.0190  val_loss 183579.6094  ev 0.000
[update   17 | ep    170 | steps    34000 | sps   2931] ep_return -1402.84  pol_loss -0.0273  val_loss 159280.0781  ev 0.000
[eval @ step    36000] mean return = -1286.14
[update   18 | ep    180 | steps    36000 | sps   2895] ep_return -1387.63  pol_loss -0.0122  val_loss 196732.3594  ev 0.000
[update   19 | ep    190 | steps    38000 | sps   2900] ep_return -1406.48  pol_loss  0.0186  val_loss 209214.2344  ev 0.000
[eval @ step    40000] mean return = -1252.59
[update   20 | ep    200 | steps    40000 | sps   2885] ep_return -1399.62  pol_loss -0.0066  val_loss 201227.0938  ev 0.000
[update   21 | ep    210 | steps    42000 | sps   2900] ep_return -1401.56  pol_loss -0.0130  val_loss 220027.7812  ev 0.001
[update   22 | ep    220 | steps    44000 | sps   2908] ep_return -1382.93  pol_loss -0.0234  val_loss 157441.0312  ev 0.000
[eval @ step    46000] mean return = -1140.00
[update   23 | ep    230 | steps    46000 | sps   2887] ep_return -1347.99  pol_loss  0.0015  val_loss 126136.9375  ev 0.001
[update   24 | ep    240 | steps    48000 | sps   2915] ep_return -1323.99  pol_loss -0.0136  val_loss 153637.1094  ev 0.000
[eval @ step    50000] mean return = -1091.92
[update   25 | ep    250 | steps    50000 | sps   2894] ep_return -1311.25  pol_loss  0.0032  val_loss 162140.1875  ev 0.001
[update   26 | ep    260 | steps    52000 | sps   2911] ep_return -1318.40  pol_loss  0.0120  val_loss 196297.2969  ev 0.001
[update   27 | ep    270 | steps    54000 | sps   2920] ep_return -1317.56  pol_loss -0.0202  val_loss 150644.6875  ev 0.001
[eval @ step    56000] mean return = -1100.88
[update   28 | ep    280 | steps    56000 | sps   2910] ep_return -1295.43  pol_loss -0.0013  val_loss 131872.8594  ev 0.001
[update   29 | ep    290 | steps    58000 | sps   2928] ep_return -1270.72  pol_loss -0.0231  val_loss 143924.1719  ev 0.001
[eval @ step    60000] mean return = -1087.74
[update   30 | ep    300 | steps    60000 | sps   2908] ep_return -1241.89  pol_loss -0.0089  val_loss 122093.6953  ev 0.001
[update   31 | ep    310 | steps    62000 | sps   2926] ep_return -1201.73  pol_loss  0.0028  val_loss 110983.8281  ev 0.001
[update   32 | ep    320 | steps    64000 | sps   2930] ep_return -1193.55  pol_loss  0.0166  val_loss 138758.9375  ev 0.002
[eval @ step    66000] mean return = -1104.05
[update   33 | ep    330 | steps    66000 | sps   2906] ep_return -1189.47  pol_loss -0.0125  val_loss 116536.4531  ev 0.002
[update   34 | ep    340 | steps    68000 | sps   2919] ep_return -1190.46  pol_loss -0.0261  val_loss 162532.3438  ev 0.001
[eval @ step    70000] mean return = -1106.96
[update   35 | ep    350 | steps    70000 | sps   2898] ep_return -1193.21  pol_loss  0.0181  val_loss 169576.4219  ev 0.001
[update   36 | ep    360 | steps    72000 | sps   2905] ep_return -1170.91  pol_loss -0.0037  val_loss 133779.9688  ev 0.002
[update   37 | ep    370 | steps    74000 | sps   2916] ep_return -1177.88  pol_loss  0.0019  val_loss 164240.1562  ev 0.002
[eval @ step    76000] mean return = -1090.19
[update   38 | ep    380 | steps    76000 | sps   2904] ep_return -1179.58  pol_loss -0.0061  val_loss 135987.9375  ev 0.002
[update   39 | ep    390 | steps    78000 | sps   2924] ep_return -1175.70  pol_loss  0.0015  val_loss 129300.8828  ev 0.003
[eval @ step    80000] mean return = -1090.12
[update   40 | ep    400 | steps    80000 | sps   2907] ep_return -1179.39  pol_loss  0.0046  val_loss 126399.2344  ev 0.002
[update   41 | ep    410 | steps    82000 | sps   2919] ep_return -1196.33  pol_loss  0.0292  val_loss 145160.2500  ev 0.001
[update   42 | ep    420 | steps    84000 | sps   2930] ep_return -1202.47  pol_loss -0.0304  val_loss 139930.0781  ev 0.003
[eval @ step    86000] mean return = -1121.37
[update   43 | ep    430 | steps    86000 | sps   2924] ep_return -1211.73  pol_loss -0.0040  val_loss 138908.4688  ev 0.001
[update   44 | ep    440 | steps    88000 | sps   2928] ep_return -1202.87  pol_loss  0.0013  val_loss 131026.8516  ev 0.002
[eval @ step    90000] mean return = -1120.27
[update   45 | ep    450 | steps    90000 | sps   2910] ep_return -1184.30  pol_loss  0.0019  val_loss 121780.6719  ev 0.002
[update   46 | ep    460 | steps    92000 | sps   2916] ep_return -1196.84  pol_loss -0.0229  val_loss 162746.5781  ev 0.002
[update   47 | ep    470 | steps    94000 | sps   2924] ep_return -1184.56  pol_loss  0.0386  val_loss 126213.4766  ev 0.002
[eval @ step    96000] mean return = -1125.82
[update   48 | ep    480 | steps    96000 | sps   2910] ep_return -1185.89  pol_loss -0.0126  val_loss 134900.6719  ev 0.002
[update   49 | ep    490 | steps    98000 | sps   2917] ep_return -1199.65  pol_loss  0.0218  val_loss 162343.9219  ev 0.003
[eval @ step   100000] mean return = -1120.06
[update   50 | ep    500 | steps   100000 | sps   2904] ep_return -1198.89  pol_loss -0.0153  val_loss 128034.6953  ev 0.002
[update   51 | ep    510 | steps   102000 | sps   2920] ep_return -1198.38  pol_loss  0.0103  val_loss 142680.9688  ev 0.002
[update   52 | ep    520 | steps   104000 | sps   2936] ep_return -1201.71  pol_loss  0.0091  val_loss 151397.7969  ev 0.002
[eval @ step   106000] mean return = -1106.33
[update   53 | ep    530 | steps   106000 | sps   2916] ep_return -1199.89  pol_loss -0.0047  val_loss 128378.5625  ev 0.001
[update   54 | ep    540 | steps   108000 | sps   2919] ep_return -1205.96  pol_loss -0.0010  val_loss 146995.8906  ev 0.002
[eval @ step   110000] mean return = -1089.57
[update   55 | ep    550 | steps   110000 | sps   2903] ep_return -1206.74  pol_loss  0.0014  val_loss 126409.5312  ev 0.003
[update   56 | ep    560 | steps   112000 | sps   2910] ep_return -1188.30  pol_loss -0.0144  val_loss 120709.8203  ev 0.002
[update   57 | ep    570 | steps   114000 | sps   2928] ep_return -1190.83  pol_loss  0.0103  val_loss 135700.7812  ev 0.001
[eval @ step   116000] mean return = -1096.38
[update   58 | ep    580 | steps   116000 | sps   2917] ep_return -1179.81  pol_loss  0.0042  val_loss 114443.3906  ev 0.002
[update   59 | ep    590 | steps   118000 | sps   2922] ep_return -1177.16  pol_loss  0.0115  val_loss 153494.1250  ev 0.000
[eval @ step   120000] mean return = -1086.23
[update   60 | ep    600 | steps   120000 | sps   2912] ep_return -1176.29  pol_loss -0.0060  val_loss 128199.4375  ev 0.001
[update   61 | ep    610 | steps   122000 | sps   2922] ep_return -1162.04  pol_loss  0.0125  val_loss 114390.2422  ev 0.001
[update   62 | ep    620 | steps   124000 | sps   2925] ep_return -1143.32  pol_loss -0.0081  val_loss 109699.7109  ev 0.001
[eval @ step   126000] mean return = -1087.77
[update   63 | ep    630 | steps   126000 | sps   2910] ep_return -1142.66  pol_loss  0.0124  val_loss 129209.0391  ev 0.002
[update   64 | ep    640 | steps   128000 | sps   2923] ep_return -1132.88  pol_loss -0.0007  val_loss 120016.0625  ev 0.004
[eval @ step   130000] mean return = -1078.17
[update   65 | ep    650 | steps   130000 | sps   2915] ep_return -1135.89  pol_loss  0.0214  val_loss 134040.3906  ev 0.002
[update   66 | ep    660 | steps   132000 | sps   2921] ep_return -1146.37  pol_loss  0.0102  val_loss 150317.5469  ev 0.002
[update   67 | ep    670 | steps   134000 | sps   2927] ep_return -1146.73  pol_loss -0.0017  val_loss 133731.4375  ev 0.003
[eval @ step   136000] mean return = -1082.68
[update   68 | ep    680 | steps   136000 | sps   2915] ep_return -1152.77  pol_loss  0.0091  val_loss 127935.5547  ev 0.003
[update   69 | ep    690 | steps   138000 | sps   2920] ep_return -1140.95  pol_loss  0.0081  val_loss 128157.7422  ev 0.002
[eval @ step   140000] mean return = -1092.81
[update   70 | ep    700 | steps   140000 | sps   2910] ep_return -1144.10  pol_loss  0.0140  val_loss 128965.6797  ev 0.002
[update   71 | ep    710 | steps   142000 | sps   2919] ep_return -1154.35  pol_loss  0.0004  val_loss 131519.9062  ev 0.003
[update   72 | ep    720 | steps   144000 | sps   2923] ep_return -1160.31  pol_loss  0.0077  val_loss 123817.9922  ev 0.003
[eval @ step   146000] mean return = -1088.10
[update   73 | ep    730 | steps   146000 | sps   2918] ep_return -1152.65  pol_loss -0.0197  val_loss 113983.6875  ev 0.003
[update   74 | ep    740 | steps   148000 | sps   2924] ep_return -1151.56  pol_loss  0.0348  val_loss 123273.5391  ev 0.004
[eval @ step   150000] mean return = -1088.22
[update   75 | ep    750 | steps   150000 | sps   2916] ep_return -1159.45  pol_loss -0.0027  val_loss 147859.1094  ev 0.003
[update   76 | ep    760 | steps   152000 | sps   2919] ep_return -1147.54  pol_loss  0.0106  val_loss 117763.1484  ev 0.003
[update   77 | ep    770 | steps   154000 | sps   2926] ep_return -1142.79  pol_loss  0.0209  val_loss 126502.2656  ev 0.002
[eval @ step   156000] mean return = -1096.28
[update   78 | ep    780 | steps   156000 | sps   2915] ep_return -1148.05  pol_loss  0.0347  val_loss 135223.3594  ev 0.004
[update   79 | ep    790 | steps   158000 | sps   2921] ep_return -1144.02  pol_loss -0.0024  val_loss 118085.7812  ev 0.002
[eval @ step   160000] mean return = -1097.34
[update   80 | ep    800 | steps   160000 | sps   2914] ep_return -1137.73  pol_loss  0.0043  val_loss 113520.0781  ev 0.003
[update   81 | ep    810 | steps   162000 | sps   2915] ep_return -1137.97  pol_loss  0.0053  val_loss 136290.4688  ev 0.004
[update   82 | ep    820 | steps   164000 | sps   2919] ep_return -1143.46  pol_loss  0.0038  val_loss 132229.6094  ev 0.003
[eval @ step   166000] mean return = -1094.51
[update   83 | ep    830 | steps   166000 | sps   2921] ep_return -1160.78  pol_loss  0.0261  val_loss 148821.3750  ev 0.004
[update   84 | ep    840 | steps   168000 | sps   2923] ep_return -1166.04  pol_loss -0.0045  val_loss 132731.4688  ev 0.002
[eval @ step   170000] mean return = -1078.32
[update   85 | ep    850 | steps   170000 | sps   2917] ep_return -1157.84  pol_loss -0.0203  val_loss 131573.4688  ev 0.004
[update   86 | ep    860 | steps   172000 | sps   2918] ep_return -1160.74  pol_loss -0.0092  val_loss 124770.5859  ev 0.002
[update   87 | ep    870 | steps   174000 | sps   2922] ep_return -1162.72  pol_loss  0.0087  val_loss 128140.5781  ev 0.004
[eval @ step   176000] mean return = -1094.83
[update   88 | ep    880 | steps   176000 | sps   2914] ep_return -1163.40  pol_loss -0.0108  val_loss 136682.5938  ev 0.003
[update   89 | ep    890 | steps   178000 | sps   2917] ep_return -1178.75  pol_loss -0.0041  val_loss 163352.1719  ev 0.005
[eval @ step   180000] mean return = -1096.06
[update   90 | ep    900 | steps   180000 | sps   2913] ep_return -1185.14  pol_loss -0.0010  val_loss 132360.7344  ev 0.003
[update   91 | ep    910 | steps   182000 | sps   2919] ep_return -1185.04  pol_loss -0.0067  val_loss 134193.5312  ev 0.003
[update   92 | ep    920 | steps   184000 | sps   2921] ep_return -1185.03  pol_loss  0.0180  val_loss 134711.3281  ev 0.003
[eval @ step   186000] mean return = -1091.98
[update   93 | ep    930 | steps   186000 | sps   2912] ep_return -1173.44  pol_loss -0.0061  val_loss 125837.7266  ev 0.003
[update   94 | ep    940 | steps   188000 | sps   2916] ep_return -1161.81  pol_loss  0.0019  val_loss 109639.6797  ev 0.001
[eval @ step   190000] mean return = -1098.82
[update   95 | ep    950 | steps   190000 | sps   2909] ep_return -1167.49  pol_loss -0.0130  val_loss 140911.1719  ev 0.004
[update   96 | ep    960 | steps   192000 | sps   2912] ep_return -1167.46  pol_loss -0.0047  val_loss 121104.2734  ev 0.003
[update   97 | ep    970 | steps   194000 | sps   2914] ep_return -1175.21  pol_loss  0.0172  val_loss 146063.5781  ev 0.003
[eval @ step   196000] mean return = -1072.92
[update   98 | ep    980 | steps   196000 | sps   2909] ep_return -1174.94  pol_loss  0.0406  val_loss 139019.2656  ev 0.002
[update   99 | ep    990 | steps   198000 | sps   2914] ep_return -1161.23  pol_loss -0.0009  val_loss 121711.6875  ev 0.003
[eval @ step   200000] mean return = -1094.80
[update  100 | ep   1000 | steps   200000 | sps   2913] ep_return -1160.75  pol_loss  0.0002  val_loss 131744.6719  ev 0.003
[update  101 | ep   1010 | steps   202000 | sps   2916] ep_return -1159.83  pol_loss -0.0159  val_loss 132583.3594  ev 0.003
[update  102 | ep   1020 | steps   204000 | sps   2920] ep_return -1162.61  pol_loss  0.0155  val_loss 145831.8750  ev 0.004
[eval @ step   206000] mean return = -1072.85
[update  103 | ep   1030 | steps   206000 | sps   2916] ep_return -1169.61  pol_loss -0.0103  val_loss 143936.7500  ev 0.004
[update  104 | ep   1040 | steps   208000 | sps   2919] ep_return -1179.10  pol_loss  0.0089  val_loss 134751.8594  ev 0.004
[eval @ step   210000] mean return = -1090.87
[update  105 | ep   1050 | steps   210000 | sps   2912] ep_return -1175.08  pol_loss  0.0006  val_loss 136271.8594  ev 0.003
[update  106 | ep   1060 | steps   212000 | sps   2914] ep_return -1188.98  pol_loss -0.0076  val_loss 158791.7812  ev 0.004
[update  107 | ep   1070 | steps   214000 | sps   2922] ep_return -1183.31  pol_loss  0.0027  val_loss 135630.1875  ev 0.003
[eval @ step   216000] mean return = -1068.35
[update  108 | ep   1080 | steps   216000 | sps   2928] ep_return -1173.41  pol_loss  0.0083  val_loss 120883.4297  ev 0.003
[update  109 | ep   1090 | steps   218000 | sps   2938] ep_return -1169.46  pol_loss  0.0229  val_loss 112766.1094  ev 0.003
[eval @ step   220000] mean return = -1093.84
[update  110 | ep   1100 | steps   220000 | sps   2942] ep_return -1163.79  pol_loss  0.0055  val_loss 115436.6641  ev 0.003
[update  111 | ep   1110 | steps   222000 | sps   2943] ep_return -1163.90  pol_loss  0.0249  val_loss 131455.2188  ev 0.004
[update  112 | ep   1120 | steps   224000 | sps   2948] ep_return -1148.91  pol_loss  0.0211  val_loss 110073.6172  ev 0.003
[eval @ step   226000] mean return = -1111.53
[update  113 | ep   1130 | steps   226000 | sps   2943] ep_return -1144.25  pol_loss  0.0138  val_loss 133816.0156  ev 0.004
[update  114 | ep   1140 | steps   228000 | sps   2945] ep_return -1138.75  pol_loss -0.0205  val_loss 119916.5312  ev 0.004
[eval @ step   230000] mean return = -1092.76
[update  115 | ep   1150 | steps   230000 | sps   2939] ep_return -1137.14  pol_loss  0.0051  val_loss 128299.1094  ev 0.003
[update  116 | ep   1160 | steps   232000 | sps   2942] ep_return -1147.78  pol_loss  0.0170  val_loss 188059.9062  ev 0.003
[update  117 | ep   1170 | steps   234000 | sps   2946] ep_return -1134.04  pol_loss  0.0097  val_loss 107474.2500  ev 0.003
[eval @ step   236000] mean return = -1097.69
[update  118 | ep   1180 | steps   236000 | sps   2940] ep_return -1149.83  pol_loss  0.0044  val_loss 157204.4531  ev 0.003
[update  119 | ep   1190 | steps   238000 | sps   2943] ep_return -1154.22  pol_loss -0.0151  val_loss 126347.1016  ev 0.003
[eval @ step   240000] mean return = -1089.30
[update  120 | ep   1200 | steps   240000 | sps   2938] ep_return -1166.02  pol_loss -0.0125  val_loss 146815.6406  ev 0.003
[update  121 | ep   1210 | steps   242000 | sps   2942] ep_return -1176.56  pol_loss -0.0249  val_loss 167807.2969  ev 0.004
[update  122 | ep   1220 | steps   244000 | sps   2943] ep_return -1184.26  pol_loss -0.0083  val_loss 134768.1250  ev 0.004
[eval @ step   246000] mean return = -1093.21
[update  123 | ep   1230 | steps   246000 | sps   2936] ep_return -1182.56  pol_loss  0.0004  val_loss 129947.1875  ev 0.003
[update  124 | ep   1240 | steps   248000 | sps   2938] ep_return -1185.76  pol_loss  0.0131  val_loss 124008.1250  ev 0.004
[eval @ step   250000] mean return = -1097.39
[update  125 | ep   1250 | steps   250000 | sps   2931] ep_return -1177.53  pol_loss -0.0020  val_loss 115203.1719  ev 0.004
[update  126 | ep   1260 | steps   252000 | sps   2933] ep_return -1166.07  pol_loss -0.0081  val_loss 160378.3594  ev 0.004
[update  127 | ep   1270 | steps   254000 | sps   2935] ep_return -1176.52  pol_loss  0.0130  val_loss 129995.3750  ev 0.004
[eval @ step   256000] mean return = -1093.91
[update  128 | ep   1280 | steps   256000 | sps   2933] ep_return -1159.91  pol_loss -0.0121  val_loss 116550.7891  ev 0.004
[update  129 | ep   1290 | steps   258000 | sps   2937] ep_return -1154.85  pol_loss  0.0252  val_loss 112673.4062  ev 0.004
[eval @ step   260000] mean return = -1096.17
[update  130 | ep   1300 | steps   260000 | sps   2932] ep_return -1140.76  pol_loss -0.0098  val_loss 111954.4844  ev 0.003
[update  131 | ep   1310 | steps   262000 | sps   2937] ep_return -1124.25  pol_loss  0.0177  val_loss 125284.7031  ev 0.004
[update  132 | ep   1320 | steps   264000 | sps   2940] ep_return -1122.11  pol_loss -0.0083  val_loss 121550.1016  ev 0.004
[eval @ step   266000] mean return = -1110.11
[update  133 | ep   1330 | steps   266000 | sps   2935] ep_return -1126.46  pol_loss  0.0059  val_loss 137145.7344  ev 0.004
[update  134 | ep   1340 | steps   268000 | sps   2938] ep_return -1138.37  pol_loss  0.0160  val_loss 148495.0312  ev 0.005
[eval @ step   270000] mean return = -1092.40
[update  135 | ep   1350 | steps   270000 | sps   2933] ep_return -1142.15  pol_loss -0.0054  val_loss 122672.8750  ev 0.004
[update  136 | ep   1360 | steps   272000 | sps   2935] ep_return -1128.75  pol_loss  0.0084  val_loss 122041.8203  ev 0.004
[update  137 | ep   1370 | steps   274000 | sps   2937] ep_return -1141.66  pol_loss  0.0251  val_loss 154580.1250  ev 0.005
[eval @ step   276000] mean return = -1085.58
[update  138 | ep   1380 | steps   276000 | sps   2931] ep_return -1154.51  pol_loss  0.0002  val_loss 143245.5938  ev 0.005
[update  139 | ep   1390 | steps   278000 | sps   2934] ep_return -1163.11  pol_loss -0.0317  val_loss 127623.7656  ev 0.005
[eval @ step   280000] mean return = -1101.67
[update  140 | ep   1400 | steps   280000 | sps   2933] ep_return -1176.94  pol_loss  0.0029  val_loss 138949.1875  ev 0.006
[update  141 | ep   1410 | steps   282000 | sps   2937] ep_return -1183.07  pol_loss -0.0032  val_loss 131051.2578  ev 0.005
[update  142 | ep   1420 | steps   284000 | sps   2939] ep_return -1183.79  pol_loss -0.0010  val_loss 123009.0625  ev 0.005
[eval @ step   286000] mean return = -1115.43
[update  143 | ep   1430 | steps   286000 | sps   2934] ep_return -1181.47  pol_loss -0.0134  val_loss 127387.8594  ev 0.005
[update  144 | ep   1440 | steps   288000 | sps   2936] ep_return -1171.38  pol_loss -0.0043  val_loss 121897.3359  ev 0.005
[eval @ step   290000] mean return = -1124.06
[update  145 | ep   1450 | steps   290000 | sps   2931] ep_return -1179.14  pol_loss  0.0106  val_loss 135747.0781  ev 0.005
[update  146 | ep   1460 | steps   292000 | sps   2936] ep_return -1177.28  pol_loss  0.0086  val_loss 120147.6641  ev 0.001
[update  147 | ep   1470 | steps   294000 | sps   2939] ep_return -1170.61  pol_loss -0.0070  val_loss 140168.9531  ev 0.005
[eval @ step   296000] mean return = -1119.37
[update  148 | ep   1480 | steps   296000 | sps   2934] ep_return -1167.21  pol_loss -0.0151  val_loss 134723.4062  ev 0.005
[update  149 | ep   1490 | steps   298000 | sps   2935] ep_return -1167.44  pol_loss -0.0142  val_loss 127826.8047  ev 0.005
[eval @ step   300000] mean return = -1116.31
[update  150 | ep   1500 | steps   300000 | sps   2930] ep_return -1156.78  pol_loss -0.0091  val_loss 116673.8047  ev 0.003
[update  151 | ep   1510 | steps   302000 | sps   2932] ep_return -1155.50  pol_loss -0.0116  val_loss 123633.5547  ev 0.006
[update  152 | ep   1520 | steps   304000 | sps   2935] ep_return -1155.00  pol_loss  0.0136  val_loss 120008.5469  ev 0.005
[eval @ step   306000] mean return = -1112.09
[update  153 | ep   1530 | steps   306000 | sps   2931] ep_return -1158.24  pol_loss -0.0153  val_loss 135751.5938  ev 0.006
[update  154 | ep   1540 | steps   308000 | sps   2936] ep_return -1168.76  pol_loss -0.0120  val_loss 154547.2812  ev 0.006
[eval @ step   310000] mean return = -1106.89
[update  155 | ep   1550 | steps   310000 | sps   2933] ep_return -1164.34  pol_loss  0.0175  val_loss 126065.4375  ev 0.005
[update  156 | ep   1560 | steps   312000 | sps   2937] ep_return -1167.46  pol_loss -0.0052  val_loss 125303.1562  ev 0.005
[update  157 | ep   1570 | steps   314000 | sps   2941] ep_return -1158.21  pol_loss -0.0157  val_loss 115702.3594  ev 0.005
[eval @ step   316000] mean return = -1076.43
[update  158 | ep   1580 | steps   316000 | sps   2938] ep_return -1161.27  pol_loss  0.0018  val_loss 137637.8438  ev 0.005
[update  159 | ep   1590 | steps   318000 | sps   2939] ep_return -1165.58  pol_loss -0.0087  val_loss 139519.6406  ev 0.006
[eval @ step   320000] mean return = -1106.79
[update  160 | ep   1600 | steps   320000 | sps   2934] ep_return -1171.50  pol_loss -0.0029  val_loss 126303.9453  ev 0.005
[update  161 | ep   1610 | steps   322000 | sps   2938] ep_return -1176.20  pol_loss -0.0049  val_loss 130393.4766  ev 0.007
[update  162 | ep   1620 | steps   324000 | sps   2941] ep_return -1181.50  pol_loss  0.0003  val_loss 131131.2812  ev 0.006
[eval @ step   326000] mean return = -1116.95
[update  163 | ep   1630 | steps   326000 | sps   2937] ep_return -1178.04  pol_loss  0.0073  val_loss 127896.8906  ev 0.005
[update  164 | ep   1640 | steps   328000 | sps   2939] ep_return -1168.22  pol_loss -0.0147  val_loss 124997.2188  ev 0.005
[eval @ step   330000] mean return = -1139.07
[update  165 | ep   1650 | steps   330000 | sps   2936] ep_return -1166.45  pol_loss  0.0071  val_loss 120893.8984  ev 0.005
[update  166 | ep   1660 | steps   332000 | sps   2938] ep_return -1163.30  pol_loss  0.0030  val_loss 119830.3203  ev 0.002
[update  167 | ep   1670 | steps   334000 | sps   2941] ep_return -1169.38  pol_loss  0.0011  val_loss 131546.4062  ev 0.007
[eval @ step   336000] mean return = -1118.53
[update  168 | ep   1680 | steps   336000 | sps   2938] ep_return -1163.81  pol_loss -0.0015  val_loss 129221.5703  ev 0.003
[update  169 | ep   1690 | steps   338000 | sps   2941] ep_return -1160.31  pol_loss  0.0061  val_loss 131115.9531  ev 0.006
[eval @ step   340000] mean return = -1119.09
[update  170 | ep   1700 | steps   340000 | sps   2937] ep_return -1161.06  pol_loss  0.0087  val_loss 128411.3438  ev 0.007
[update  171 | ep   1710 | steps   342000 | sps   2941] ep_return -1154.84  pol_loss  0.0312  val_loss 123536.3125  ev 0.004
[update  172 | ep   1720 | steps   344000 | sps   2943] ep_return -1150.15  pol_loss -0.0064  val_loss 119487.7734  ev 0.006
[eval @ step   346000] mean return = -1119.71
[update  173 | ep   1730 | steps   346000 | sps   2939] ep_return -1145.32  pol_loss -0.0023  val_loss 112350.3047  ev 0.005
[update  174 | ep   1740 | steps   348000 | sps   2941] ep_return -1147.82  pol_loss -0.0061  val_loss 130684.0625  ev 0.007
[eval @ step   350000] mean return = -1119.22
[update  175 | ep   1750 | steps   350000 | sps   2937] ep_return -1152.68  pol_loss  0.0249  val_loss 130282.2031  ev 0.006
[update  176 | ep   1760 | steps   352000 | sps   2939] ep_return -1165.37  pol_loss  0.0126  val_loss 143520.3125  ev 0.006
[update  177 | ep   1770 | steps   354000 | sps   2941] ep_return -1159.63  pol_loss -0.0141  val_loss 118717.5469  ev 0.003
[eval @ step   356000] mean return = -1147.24
[update  178 | ep   1780 | steps   356000 | sps   2938] ep_return -1157.20  pol_loss  0.0123  val_loss 119371.0078  ev 0.005
[update  179 | ep   1790 | steps   358000 | sps   2939] ep_return -1157.19  pol_loss -0.0015  val_loss 131422.5781  ev 0.004
[eval @ step   360000] mean return = -1138.02
[update  180 | ep   1800 | steps   360000 | sps   2935] ep_return -1159.70  pol_loss -0.0211  val_loss 131046.2344  ev 0.007
[update  181 | ep   1810 | steps   362000 | sps   2939] ep_return -1162.55  pol_loss  0.0102  val_loss 127901.2500  ev 0.005
[update  182 | ep   1820 | steps   364000 | sps   2942] ep_return -1163.37  pol_loss  0.0209  val_loss 122658.6016  ev 0.004
[eval @ step   366000] mean return = -1118.70
[update  183 | ep   1830 | steps   366000 | sps   2939] ep_return -1167.08  pol_loss  0.0024  val_loss 122429.6172  ev 0.005
[update  184 | ep   1840 | steps   368000 | sps   2941] ep_return -1182.75  pol_loss  0.0198  val_loss 168337.9688  ev 0.005
[eval @ step   370000] mean return = -1116.67
[update  185 | ep   1850 | steps   370000 | sps   2936] ep_return -1177.26  pol_loss -0.0118  val_loss 122208.6953  ev 0.004
[update  186 | ep   1860 | steps   372000 | sps   2938] ep_return -1167.69  pol_loss -0.0302  val_loss 124341.9219  ev 0.004
[update  187 | ep   1870 | steps   374000 | sps   2940] ep_return -1170.87  pol_loss  0.0113  val_loss 125709.8203  ev 0.006
[eval @ step   376000] mean return = -1121.74
[update  188 | ep   1880 | steps   376000 | sps   2936] ep_return -1175.58  pol_loss -0.0017  val_loss 134771.9844  ev 0.005
[update  189 | ep   1890 | steps   378000 | sps   2938] ep_return -1179.70  pol_loss  0.0143  val_loss 133949.5000  ev 0.006
[eval @ step   380000] mean return = -1152.62
[update  190 | ep   1900 | steps   380000 | sps   2935] ep_return -1185.55  pol_loss -0.0111  val_loss 141357.3906  ev 0.007
[update  191 | ep   1910 | steps   382000 | sps   2937] ep_return -1187.25  pol_loss  0.0108  val_loss 130569.8516  ev 0.006
[update  192 | ep   1920 | steps   384000 | sps   2938] ep_return -1185.43  pol_loss  0.0204  val_loss 120010.0547  ev 0.003
[eval @ step   386000] mean return = -1158.49
[update  193 | ep   1930 | steps   386000 | sps   2936] ep_return -1187.05  pol_loss -0.0141  val_loss 128669.5391  ev 0.004
[update  194 | ep   1940 | steps   388000 | sps   2937] ep_return -1181.12  pol_loss  0.0254  val_loss 151875.1719  ev 0.006
[eval @ step   390000] mean return = -1158.54
[update  195 | ep   1950 | steps   390000 | sps   2934] ep_return -1188.26  pol_loss -0.0239  val_loss 131125.4688  ev 0.007
[update  196 | ep   1960 | steps   392000 | sps   2935] ep_return -1191.57  pol_loss -0.0266  val_loss 131660.5781  ev 0.003
[update  197 | ep   1970 | steps   394000 | sps   2937] ep_return -1198.32  pol_loss -0.0085  val_loss 148960.9531  ev 0.005
[eval @ step   396000] mean return = -1141.67
[update  198 | ep   1980 | steps   396000 | sps   2934] ep_return -1195.36  pol_loss -0.0255  val_loss 124799.2031  ev 0.004
[update  199 | ep   1990 | steps   398000 | sps   2937] ep_return -1188.32  pol_loss  0.0104  val_loss 126701.8047  ev 0.004
[eval @ step   400000] mean return = -1106.54
[update  200 | ep   2000 | steps   400000 | sps   2935] ep_return -1175.44  pol_loss  0.0277  val_loss 124919.0859  ev 0.004
[update  201 | ep   2010 | steps   402000 | sps   2935] ep_return -1173.41  pol_loss -0.0159  val_loss 123059.4062  ev 0.007
[update  202 | ep   2020 | steps   404000 | sps   2939] ep_return -1177.00  pol_loss  0.0252  val_loss 121492.4688  ev 0.007
[eval @ step   406000] mean return = -1111.58
[update  203 | ep   2030 | steps   406000 | sps   2934] ep_return -1180.88  pol_loss  0.0173  val_loss 132291.5000  ev 0.007
[update  204 | ep   2040 | steps   408000 | sps   2936] ep_return -1178.15  pol_loss  0.0039  val_loss 143115.2031  ev 0.006
[eval @ step   410000] mean return = -1110.57
[update  205 | ep   2050 | steps   410000 | sps   2933] ep_return -1166.02  pol_loss  0.0146  val_loss 110884.4609  ev 0.003
[update  206 | ep   2060 | steps   412000 | sps   2936] ep_return -1160.73  pol_loss -0.0050  val_loss 118262.7188  ev 0.004
[update  207 | ep   2070 | steps   414000 | sps   2936] ep_return -1146.84  pol_loss  0.0055  val_loss 111677.9141  ev 0.003
[eval @ step   416000] mean return = -1109.30
[update  208 | ep   2080 | steps   416000 | sps   2936] ep_return -1147.45  pol_loss  0.0027  val_loss 125932.4141  ev 0.005
[update  209 | ep   2090 | steps   418000 | sps   2937] ep_return -1144.31  pol_loss -0.0119  val_loss 118128.8828  ev 0.004
[eval @ step   420000] mean return = -1106.55
[update  210 | ep   2100 | steps   420000 | sps   2934] ep_return -1151.79  pol_loss -0.0029  val_loss 139347.3594  ev 0.006
[update  211 | ep   2110 | steps   422000 | sps   2935] ep_return -1155.54  pol_loss  0.0111  val_loss 136777.5312  ev 0.005
[update  212 | ep   2120 | steps   424000 | sps   2938] ep_return -1156.56  pol_loss  0.0153  val_loss 129399.0859  ev 0.006
[eval @ step   426000] mean return = -1106.75
[update  213 | ep   2130 | steps   426000 | sps   2936] ep_return -1144.03  pol_loss -0.0093  val_loss 109996.2500  ev 0.005
[update  214 | ep   2140 | steps   428000 | sps   2939] ep_return -1129.88  pol_loss  0.0117  val_loss 117335.7891  ev 0.004
[eval @ step   430000] mean return = -1094.59
[update  215 | ep   2150 | steps   430000 | sps   2936] ep_return -1136.92  pol_loss  0.0087  val_loss 122606.5703  ev 0.006
[update  216 | ep   2160 | steps   432000 | sps   2937] ep_return -1135.95  pol_loss -0.0036  val_loss 115384.7266  ev 0.006
[update  217 | ep   2170 | steps   434000 | sps   2938] ep_return -1139.48  pol_loss  0.0066  val_loss 121493.3750  ev 0.004
[eval @ step   436000] mean return = -1085.93
[update  218 | ep   2180 | steps   436000 | sps   2936] ep_return -1132.97  pol_loss  0.0012  val_loss 115595.0000  ev 0.005
[update  219 | ep   2190 | steps   438000 | sps   2938] ep_return -1139.58  pol_loss  0.0036  val_loss 130991.2812  ev 0.005
[eval @ step   440000] mean return = -1078.48
[update  220 | ep   2200 | steps   440000 | sps   2933] ep_return -1133.48  pol_loss -0.0234  val_loss 122943.6484  ev 0.005
[update  221 | ep   2210 | steps   442000 | sps   2935] ep_return -1119.30  pol_loss  0.0350  val_loss 107047.4062  ev 0.004
[update  222 | ep   2220 | steps   444000 | sps   2937] ep_return -1115.08  pol_loss  0.0002  val_loss 121964.0625  ev 0.005
[eval @ step   446000] mean return = -1077.83
[update  223 | ep   2230 | steps   446000 | sps   2934] ep_return -1128.85  pol_loss -0.0047  val_loss 141638.1719  ev 0.006
[update  224 | ep   2240 | steps   448000 | sps   2936] ep_return -1143.17  pol_loss -0.0317  val_loss 146089.1562  ev 0.007
[eval @ step   450000] mean return = -1082.84
[update  225 | ep   2250 | steps   450000 | sps   2934] ep_return -1137.93  pol_loss -0.0118  val_loss 110646.5781  ev 0.006
[update  226 | ep   2260 | steps   452000 | sps   2936] ep_return -1137.97  pol_loss  0.0140  val_loss 116885.8281  ev 0.005
[update  227 | ep   2270 | steps   454000 | sps   2938] ep_return -1143.11  pol_loss -0.0025  val_loss 128602.5391  ev 0.006
[eval @ step   456000] mean return = -1085.94
[update  228 | ep   2280 | steps   456000 | sps   2936] ep_return -1138.98  pol_loss  0.0010  val_loss 107499.8828  ev 0.003
[update  229 | ep   2290 | steps   458000 | sps   2938] ep_return -1130.63  pol_loss -0.0064  val_loss 112742.3438  ev 0.005
[eval @ step   460000] mean return = -1079.08
[update  230 | ep   2300 | steps   460000 | sps   2937] ep_return -1133.16  pol_loss -0.0400  val_loss 123364.4297  ev 0.006
[update  231 | ep   2310 | steps   462000 | sps   2939] ep_return -1138.71  pol_loss  0.0096  val_loss 121423.3516  ev 0.005
[update  232 | ep   2320 | steps   464000 | sps   2941] ep_return -1135.63  pol_loss -0.0034  val_loss 111732.6719  ev 0.006
[eval @ step   466000] mean return = -1077.21
[update  233 | ep   2330 | steps   466000 | sps   2938] ep_return -1125.57  pol_loss  0.0016  val_loss 115479.2891  ev 0.005
[update  234 | ep   2340 | steps   468000 | sps   2939] ep_return -1111.62  pol_loss  0.0014  val_loss 113230.3125  ev 0.005
[eval @ step   470000] mean return = -1082.81
[update  235 | ep   2350 | steps   470000 | sps   2936] ep_return -1107.74  pol_loss  0.0081  val_loss 106197.5547  ev 0.004
[update  236 | ep   2360 | steps   472000 | sps   2936] ep_return -1111.42  pol_loss -0.0034  val_loss 123090.0625  ev 0.005
[update  237 | ep   2370 | steps   474000 | sps   2937] ep_return -1111.02  pol_loss -0.0122  val_loss 123813.5469  ev 0.005
[eval @ step   476000] mean return = -1077.00
[update  238 | ep   2380 | steps   476000 | sps   2934] ep_return -1123.83  pol_loss  0.0122  val_loss 128292.9141  ev 0.006
[update  239 | ep   2390 | steps   478000 | sps   2935] ep_return -1138.25  pol_loss  0.0096  val_loss 137662.8750  ev 0.007
[eval @ step   480000] mean return = -1079.12
[update  240 | ep   2400 | steps   480000 | sps   2932] ep_return -1127.96  pol_loss  0.0141  val_loss 107923.0391  ev 0.003
[update  241 | ep   2410 | steps   482000 | sps   2933] ep_return -1127.16  pol_loss -0.0016  val_loss 114004.6719  ev 0.005
[update  242 | ep   2420 | steps   484000 | sps   2934] ep_return -1131.91  pol_loss -0.0024  val_loss 122128.0625  ev 0.004
[eval @ step   486000] mean return = -1083.53
[update  243 | ep   2430 | steps   486000 | sps   2931] ep_return -1139.68  pol_loss -0.0040  val_loss 132303.1719  ev 0.005
[update  244 | ep   2440 | steps   488000 | sps   2935] ep_return -1138.37  pol_loss  0.0225  val_loss 113887.0156  ev 0.004
[eval @ step   490000] mean return = -1086.06
[update  245 | ep   2450 | steps   490000 | sps   2932] ep_return -1141.33  pol_loss -0.0116  val_loss 109926.3281  ev 0.004
[update  246 | ep   2460 | steps   492000 | sps   2935] ep_return -1139.64  pol_loss  0.0215  val_loss 118619.7109  ev 0.005
[update  247 | ep   2470 | steps   494000 | sps   2936] ep_return -1145.15  pol_loss -0.0145  val_loss 140019.5000  ev 0.006
[eval @ step   496000] mean return = -1068.84
[update  248 | ep   2480 | steps   496000 | sps   2934] ep_return -1142.16  pol_loss  0.0160  val_loss 123013.0312  ev 0.004
[update  249 | ep   2490 | steps   498000 | sps   2937] ep_return -1128.64  pol_loss  0.0084  val_loss 115039.0547  ev 0.006
[eval @ step   500000] mean return = -1056.38
[update  250 | ep   2500 | steps   500000 | sps   2934] ep_return -1127.62  pol_loss  0.0236  val_loss 107120.7734  ev 0.004
[update  251 | ep   2510 | steps   502000 | sps   2936] ep_return -1150.63  pol_loss  0.0225  val_loss 172800.1562  ev 0.005
[update  252 | ep   2520 | steps   504000 | sps   2938] ep_return -1152.05  pol_loss  0.0058  val_loss 125914.9688  ev 0.005
[eval @ step   506000] mean return = -1065.47
[update  253 | ep   2530 | steps   506000 | sps   2936] ep_return -1133.19  pol_loss  0.0091  val_loss 96373.0078  ev 0.003
[update  254 | ep   2540 | steps   508000 | sps   2937] ep_return -1125.76  pol_loss  0.0420  val_loss 101575.4062  ev 0.005
[eval @ step   510000] mean return = -1067.51
[update  255 | ep   2550 | steps   510000 | sps   2934] ep_return -1132.48  pol_loss -0.0054  val_loss 128551.8750  ev 0.005
[update  256 | ep   2560 | steps   512000 | sps   2935] ep_return -1135.74  pol_loss -0.0343  val_loss 128232.6016  ev 0.005
[update  257 | ep   2570 | steps   514000 | sps   2936] ep_return -1138.31  pol_loss  0.0358  val_loss 140232.0000  ev 0.004
[eval @ step   516000] mean return = -1091.24
[update  258 | ep   2580 | steps   516000 | sps   2934] ep_return -1129.66  pol_loss -0.0179  val_loss 107669.5547  ev 0.004
[update  259 | ep   2590 | steps   518000 | sps   2936] ep_return -1140.69  pol_loss -0.0010  val_loss 138828.7500  ev 0.005
[eval @ step   520000] mean return = -1087.70
[update  260 | ep   2600 | steps   520000 | sps   2935] ep_return -1137.26  pol_loss -0.0007  val_loss 101190.6641  ev 0.004
[update  261 | ep   2610 | steps   522000 | sps   2936] ep_return -1105.08  pol_loss  0.0058  val_loss 98694.6953  ev 0.005
[update  262 | ep   2620 | steps   524000 | sps   2937] ep_return -1102.32  pol_loss  0.0080  val_loss 123675.1484  ev 0.005
[eval @ step   526000] mean return = -1086.74
[update  263 | ep   2630 | steps   526000 | sps   2935] ep_return -1119.06  pol_loss  0.0023  val_loss 132410.3906  ev 0.004
[update  264 | ep   2640 | steps   528000 | sps   2937] ep_return -1154.34  pol_loss -0.0085  val_loss 182576.5312  ev 0.003
[eval @ step   530000] mean return = -1084.99
[update  265 | ep   2650 | steps   530000 | sps   2936] ep_return -1156.75  pol_loss  0.0032  val_loss 132672.7656  ev 0.004
[update  266 | ep   2660 | steps   532000 | sps   2938] ep_return -1149.65  pol_loss -0.0018  val_loss 120056.5469  ev 0.005
[update  267 | ep   2670 | steps   534000 | sps   2939] ep_return -1127.34  pol_loss  0.0391  val_loss 103610.9141  ev 0.005
[eval @ step   536000] mean return = -1070.52
[update  268 | ep   2680 | steps   536000 | sps   2937] ep_return -1128.19  pol_loss -0.0008  val_loss 109551.9844  ev 0.004
[update  269 | ep   2690 | steps   538000 | sps   2939] ep_return -1130.51  pol_loss -0.0208  val_loss 141868.2969  ev 0.003
[eval @ step   540000] mean return = -1090.41
[update  270 | ep   2700 | steps   540000 | sps   2939] ep_return -1138.22  pol_loss  0.0049  val_loss 116647.7891  ev 0.004
[update  271 | ep   2710 | steps   542000 | sps   2939] ep_return -1153.62  pol_loss -0.0037  val_loss 128072.0000  ev 0.003
[update  272 | ep   2720 | steps   544000 | sps   2941] ep_return -1156.36  pol_loss  0.0207  val_loss 132446.2031  ev 0.005
[eval @ step   546000] mean return = -1093.72
[update  273 | ep   2730 | steps   546000 | sps   2939] ep_return -1151.42  pol_loss  0.0199  val_loss 120851.1719  ev 0.005
[update  274 | ep   2740 | steps   548000 | sps   2940] ep_return -1143.10  pol_loss  0.0126  val_loss 158051.9062  ev 0.004
[eval @ step   550000] mean return = -1087.65
[update  275 | ep   2750 | steps   550000 | sps   2939] ep_return -1128.93  pol_loss  0.0076  val_loss 101605.4531  ev 0.004
[update  276 | ep   2760 | steps   552000 | sps   2940] ep_return -1141.63  pol_loss -0.0168  val_loss 143518.6094  ev 0.005
[update  277 | ep   2770 | steps   554000 | sps   2942] ep_return -1161.22  pol_loss -0.0081  val_loss 141815.0938  ev 0.004
[eval @ step   556000] mean return = -1093.57
[update  278 | ep   2780 | steps   556000 | sps   2942] ep_return -1160.38  pol_loss -0.0041  val_loss 105144.8047  ev 0.004
[update  279 | ep   2790 | steps   558000 | sps   2944] ep_return -1160.41  pol_loss -0.0049  val_loss 152013.4219  ev 0.005
[eval @ step   560000] mean return = -1089.81
[update  280 | ep   2800 | steps   560000 | sps   2942] ep_return -1165.20  pol_loss  0.0126  val_loss 123487.7422  ev 0.004
[update  281 | ep   2810 | steps   562000 | sps   2943] ep_return -1173.58  pol_loss  0.0089  val_loss 148551.8125  ev 0.005
[update  282 | ep   2820 | steps   564000 | sps   2945] ep_return -1175.22  pol_loss -0.0005  val_loss 132018.3438  ev 0.005
[eval @ step   566000] mean return = -1089.23
[update  283 | ep   2830 | steps   566000 | sps   2942] ep_return -1167.66  pol_loss -0.0041  val_loss 105491.0156  ev 0.005
[update  284 | ep   2840 | steps   568000 | sps   2944] ep_return -1163.16  pol_loss  0.0090  val_loss 145486.4062  ev 0.005
[eval @ step   570000] mean return = -1091.71
[update  285 | ep   2850 | steps   570000 | sps   2943] ep_return -1154.73  pol_loss -0.0322  val_loss 85314.2891  ev 0.003
[update  286 | ep   2860 | steps   572000 | sps   2944] ep_return -1141.39  pol_loss -0.0027  val_loss 112807.3516  ev 0.005
[update  287 | ep   2870 | steps   574000 | sps   2946] ep_return -1136.21  pol_loss  0.0225  val_loss 130294.5703  ev 0.005
[eval @ step   576000] mean return = -1091.65
[update  288 | ep   2880 | steps   576000 | sps   2945] ep_return -1162.13  pol_loss -0.0218  val_loss 167129.3750  ev 0.004
[update  289 | ep   2890 | steps   578000 | sps   2946] ep_return -1148.83  pol_loss -0.0321  val_loss 120736.2500  ev 0.005
[eval @ step   580000] mean return = -1089.36
[update  290 | ep   2900 | steps   580000 | sps   2946] ep_return -1146.06  pol_loss  0.0165  val_loss 118583.2812  ev 0.005
[update  291 | ep   2910 | steps   582000 | sps   2947] ep_return -1112.90  pol_loss  0.0170  val_loss 80333.0391  ev 0.002
[update  292 | ep   2920 | steps   584000 | sps   2949] ep_return -1107.27  pol_loss -0.0081  val_loss 119026.5156  ev 0.006
[eval @ step   586000] mean return = -1072.59
[update  293 | ep   2930 | steps   586000 | sps   2947] ep_return -1125.05  pol_loss  0.0005  val_loss 139026.2500  ev 0.004
[update  294 | ep   2940 | steps   588000 | sps   2949] ep_return -1115.19  pol_loss  0.0046  val_loss 127651.6562  ev 0.006
[eval @ step   590000] mean return = -1072.59
[update  295 | ep   2950 | steps   590000 | sps   2948] ep_return -1140.56  pol_loss -0.0026  val_loss 136791.1406  ev 0.005
[update  296 | ep   2960 | steps   592000 | sps   2950] ep_return -1143.30  pol_loss -0.0115  val_loss 118472.0312  ev 0.004
[update  297 | ep   2970 | steps   594000 | sps   2951] ep_return -1134.49  pol_loss  0.0128  val_loss 111953.0859  ev 0.006
[eval @ step   596000] mean return = -1075.20
[update  298 | ep   2980 | steps   596000 | sps   2950] ep_return -1116.83  pol_loss -0.0097  val_loss 124760.7969  ev 0.006
[update  299 | ep   2990 | steps   598000 | sps   2952] ep_return -1118.16  pol_loss -0.0065  val_loss 113600.0781  ev 0.005
[eval @ step   600000] mean return = -1072.77
[update  300 | ep   3000 | steps   600000 | sps   2950] ep_return -1128.80  pol_loss -0.0169  val_loss 144065.2344  ev 0.006
[update  301 | ep   3010 | steps   602000 | sps   2951] ep_return -1149.60  pol_loss  0.0018  val_loss 126013.5625  ev 0.005
[update  302 | ep   3020 | steps   604000 | sps   2953] ep_return -1145.85  pol_loss -0.0148  val_loss 109819.0859  ev 0.005
[eval @ step   606000] mean return = -1062.38
[update  303 | ep   3030 | steps   606000 | sps   2952] ep_return -1128.59  pol_loss  0.0099  val_loss 103137.6797  ev 0.006
[update  304 | ep   3040 | steps   608000 | sps   2954] ep_return -1123.24  pol_loss  0.0153  val_loss 114910.1562  ev 0.006
[eval @ step   610000] mean return = -1090.66
[update  305 | ep   3050 | steps   610000 | sps   2953] ep_return -1124.49  pol_loss -0.0199  val_loss 134732.9844  ev 0.006
[update  306 | ep   3060 | steps   612000 | sps   2955] ep_return -1117.70  pol_loss  0.0123  val_loss 102464.8672  ev 0.005
[update  307 | ep   3070 | steps   614000 | sps   2957] ep_return -1128.35  pol_loss -0.0023  val_loss 133141.5000  ev 0.006
[eval @ step   616000] mean return = -1075.39
[update  308 | ep   3080 | steps   616000 | sps   2956] ep_return -1133.96  pol_loss -0.0224  val_loss 136973.6094  ev 0.005
[update  309 | ep   3090 | steps   618000 | sps   2957] ep_return -1130.80  pol_loss  0.0185  val_loss 109207.1250  ev 0.006
[eval @ step   620000] mean return = -1074.02
[update  310 | ep   3100 | steps   620000 | sps   2956] ep_return -1115.39  pol_loss -0.0056  val_loss 110655.8047  ev 0.005
[update  311 | ep   3110 | steps   622000 | sps   2957] ep_return -1110.81  pol_loss -0.0109  val_loss 111545.2031  ev 0.005
[update  312 | ep   3120 | steps   624000 | sps   2959] ep_return -1108.90  pol_loss  0.0064  val_loss 101143.6953  ev 0.005
[eval @ step   626000] mean return = -1039.56
[update  313 | ep   3130 | steps   626000 | sps   2958] ep_return -1133.21  pol_loss  0.0119  val_loss 158367.9688  ev 0.005
[update  314 | ep   3140 | steps   628000 | sps   2959] ep_return -1134.48  pol_loss -0.0015  val_loss 115889.5703  ev 0.006
[eval @ step   630000] mean return = -1063.93
[update  315 | ep   3150 | steps   630000 | sps   2957] ep_return -1132.16  pol_loss  0.0361  val_loss 133829.7344  ev 0.005
[update  316 | ep   3160 | steps   632000 | sps   2959] ep_return -1150.77  pol_loss  0.0324  val_loss 139312.2344  ev 0.004
[update  317 | ep   3170 | steps   634000 | sps   2961] ep_return -1142.77  pol_loss -0.0092  val_loss 115185.2188  ev 0.005
[eval @ step   636000] mean return = -1065.89
[update  318 | ep   3180 | steps   636000 | sps   2959] ep_return -1128.54  pol_loss  0.0072  val_loss 103932.1172  ev 0.005
[update  319 | ep   3190 | steps   638000 | sps   2961] ep_return -1138.81  pol_loss -0.0002  val_loss 133576.2656  ev 0.005
[eval @ step   640000] mean return = -1075.58
[update  320 | ep   3200 | steps   640000 | sps   2959] ep_return -1157.97  pol_loss  0.0019  val_loss 148785.8594  ev 0.005
[update  321 | ep   3210 | steps   642000 | sps   2962] ep_return -1169.05  pol_loss  0.0082  val_loss 130732.3516  ev 0.005
[update  322 | ep   3220 | steps   644000 | sps   2963] ep_return -1180.73  pol_loss  0.0074  val_loss 128333.1406  ev 0.005
[eval @ step   646000] mean return = -1078.11
[update  323 | ep   3230 | steps   646000 | sps   2960] ep_return -1173.47  pol_loss -0.0338  val_loss 142265.1562  ev 0.005
[update  324 | ep   3240 | steps   648000 | sps   2961] ep_return -1173.50  pol_loss  0.0091  val_loss 116595.0469  ev 0.005
[eval @ step   650000] mean return = -1078.96
[update  325 | ep   3250 | steps   650000 | sps   2960] ep_return -1176.28  pol_loss -0.0120  val_loss 139674.0469  ev 0.006
[update  326 | ep   3260 | steps   652000 | sps   2961] ep_return -1162.76  pol_loss -0.0055  val_loss 104258.5859  ev 0.005
[update  327 | ep   3270 | steps   654000 | sps   2963] ep_return -1155.77  pol_loss -0.0155  val_loss 100174.5625  ev 0.004
[eval @ step   656000] mean return = -1075.16
[update  328 | ep   3280 | steps   656000 | sps   2960] ep_return -1154.63  pol_loss  0.0005  val_loss 99380.2578  ev 0.003
[update  329 | ep   3290 | steps   658000 | sps   2961] ep_return -1146.65  pol_loss  0.0026  val_loss 110894.3281  ev 0.006
[eval @ step   660000] mean return = -1075.86
[update  330 | ep   3300 | steps   660000 | sps   2960] ep_return -1151.65  pol_loss  0.0396  val_loss 161571.6875  ev 0.006
[update  331 | ep   3310 | steps   662000 | sps   2961] ep_return -1148.76  pol_loss -0.0198  val_loss 123896.2812  ev 0.005
[update  332 | ep   3320 | steps   664000 | sps   2963] ep_return -1139.30  pol_loss -0.0319  val_loss 104937.3828  ev 0.006
[eval @ step   666000] mean return = -1075.93
[update  333 | ep   3330 | steps   666000 | sps   2962] ep_return -1123.62  pol_loss -0.0029  val_loss 103724.2109  ev 0.005
[update  334 | ep   3340 | steps   668000 | sps   2964] ep_return -1135.95  pol_loss  0.0208  val_loss 139553.3750  ev 0.005
[eval @ step   670000] mean return = -1064.44
[update  335 | ep   3350 | steps   670000 | sps   2963] ep_return -1132.96  pol_loss  0.0001  val_loss 132211.0156  ev 0.004
[update  336 | ep   3360 | steps   672000 | sps   2964] ep_return -1138.10  pol_loss  0.0020  val_loss 117490.3906  ev 0.006
[update  337 | ep   3370 | steps   674000 | sps   2965] ep_return -1148.34  pol_loss  0.0330  val_loss 117384.3047  ev 0.005
[eval @ step   676000] mean return = -1057.04
[update  338 | ep   3380 | steps   676000 | sps   2964] ep_return -1146.53  pol_loss -0.0143  val_loss 98323.6875  ev 0.004
[update  339 | ep   3390 | steps   678000 | sps   2966] ep_return -1145.64  pol_loss  0.0151  val_loss 110272.6484  ev 0.004
[eval @ step   680000] mean return = -1052.92
[update  340 | ep   3400 | steps   680000 | sps   2964] ep_return -1130.32  pol_loss -0.0153  val_loss 123660.1250  ev 0.004
[update  341 | ep   3410 | steps   682000 | sps   2966] ep_return -1115.99  pol_loss -0.0014  val_loss 97477.1484  ev 0.004
[update  342 | ep   3420 | steps   684000 | sps   2967] ep_return -1118.80  pol_loss  0.0113  val_loss 118193.9688  ev 0.004
[eval @ step   686000] mean return = -1061.49
[update  343 | ep   3430 | steps   686000 | sps   2966] ep_return -1125.30  pol_loss  0.0210  val_loss 118703.0703  ev 0.004
[update  344 | ep   3440 | steps   688000 | sps   2967] ep_return -1112.17  pol_loss  0.0009  val_loss 114773.8672  ev 0.005
[eval @ step   690000] mean return = -1075.36
[update  345 | ep   3450 | steps   690000 | sps   2965] ep_return -1098.94  pol_loss -0.0181  val_loss 103348.9297  ev 0.003
[update  346 | ep   3460 | steps   692000 | sps   2966] ep_return -1098.36  pol_loss -0.0078  val_loss 115497.7109  ev 0.004
[update  347 | ep   3470 | steps   694000 | sps   2968] ep_return -1097.06  pol_loss  0.0365  val_loss 113315.9609  ev 0.003
[eval @ step   696000] mean return = -1051.63
[update  348 | ep   3480 | steps   696000 | sps   2967] ep_return -1112.51  pol_loss -0.0041  val_loss 131410.2188  ev 0.005
[update  349 | ep   3490 | steps   698000 | sps   2968] ep_return -1113.87  pol_loss  0.0079  val_loss 113136.3516  ev 0.005
[eval @ step   700000] mean return = -1045.97
[update  350 | ep   3500 | steps   700000 | sps   2967] ep_return -1108.38  pol_loss  0.0125  val_loss 110283.6094  ev 0.004
[update  351 | ep   3510 | steps   702000 | sps   2969] ep_return -1116.47  pol_loss  0.0182  val_loss 108001.6406  ev 0.006
[update  352 | ep   3520 | steps   704000 | sps   2971] ep_return -1107.79  pol_loss -0.0142  val_loss 93566.3984  ev 0.003
[eval @ step   706000] mean return = -1058.72
[update  353 | ep   3530 | steps   706000 | sps   2970] ep_return -1111.19  pol_loss  0.0053  val_loss 126510.4531  ev 0.005
[update  354 | ep   3540 | steps   708000 | sps   2971] ep_return -1106.46  pol_loss  0.0257  val_loss 101776.8516  ev 0.005
[eval @ step   710000] mean return = -1070.45
[update  355 | ep   3550 | steps   710000 | sps   2969] ep_return -1114.04  pol_loss -0.0036  val_loss 119723.2812  ev 0.004
[update  356 | ep   3560 | steps   712000 | sps   2971] ep_return -1107.30  pol_loss  0.0127  val_loss 105087.5234  ev 0.002
[update  357 | ep   3570 | steps   714000 | sps   2973] ep_return -1112.86  pol_loss -0.0230  val_loss 124553.5078  ev 0.003
[eval @ step   716000] mean return = -1079.59
[update  358 | ep   3580 | steps   716000 | sps   2971] ep_return -1093.73  pol_loss  0.0045  val_loss 88215.7031  ev 0.003
[update  359 | ep   3590 | steps   718000 | sps   2973] ep_return -1099.63  pol_loss  0.0021  val_loss 130038.8672  ev 0.004
[eval @ step   720000] mean return = -1077.00
[update  360 | ep   3600 | steps   720000 | sps   2971] ep_return -1100.59  pol_loss  0.0251  val_loss 120233.4453  ev 0.003
[update  361 | ep   3610 | steps   722000 | sps   2973] ep_return -1102.28  pol_loss -0.0057  val_loss 118629.3203  ev 0.003
[update  362 | ep   3620 | steps   724000 | sps   2975] ep_return -1094.65  pol_loss  0.0031  val_loss 83222.2969  ev 0.002
[eval @ step   726000] mean return = -1117.50
[update  363 | ep   3630 | steps   726000 | sps   2972] ep_return -1090.39  pol_loss -0.0039  val_loss 119538.7109  ev 0.003
[update  364 | ep   3640 | steps   728000 | sps   2973] ep_return -1102.03  pol_loss -0.0005  val_loss 126585.0469  ev 0.003
[eval @ step   730000] mean return = -1136.43
[update  365 | ep   3650 | steps   730000 | sps   2972] ep_return -1110.97  pol_loss  0.0085  val_loss 142680.5469  ev 0.002
[update  366 | ep   3660 | steps   732000 | sps   2973] ep_return -1110.98  pol_loss -0.0248  val_loss 109009.6016  ev 0.002
[update  367 | ep   3670 | steps   734000 | sps   2974] ep_return -1108.87  pol_loss  0.0134  val_loss 123771.8672  ev 0.002
[eval @ step   736000] mean return = -1184.28
[update  368 | ep   3680 | steps   736000 | sps   2972] ep_return -1122.99  pol_loss -0.0006  val_loss 119860.7969  ev 0.001
[update  369 | ep   3690 | steps   738000 | sps   2973] ep_return -1140.04  pol_loss -0.0330  val_loss 170099.9219  ev 0.002
[eval @ step   740000] mean return = -1219.93
[update  370 | ep   3700 | steps   740000 | sps   2971] ep_return -1159.23  pol_loss  0.0210  val_loss 159283.3750  ev 0.001
[update  371 | ep   3710 | steps   742000 | sps   2972] ep_return -1178.44  pol_loss -0.0207  val_loss 160985.3438  ev 0.001
[update  372 | ep   3720 | steps   744000 | sps   2974] ep_return -1217.25  pol_loss  0.0402  val_loss 170894.6094  ev 0.002
[eval @ step   746000] mean return = -1231.94
[update  373 | ep   3730 | steps   746000 | sps   2972] ep_return -1241.41  pol_loss  0.0044  val_loss 174019.4375  ev 0.001
[update  374 | ep   3740 | steps   748000 | sps   2973] ep_return -1249.20  pol_loss -0.0206  val_loss 150303.0938  ev 0.001
[eval @ step   750000] mean return = -1241.52
[update  375 | ep   3750 | steps   750000 | sps   2971] ep_return -1250.55  pol_loss -0.0053  val_loss 146855.9375  ev 0.002
[update  376 | ep   3760 | steps   752000 | sps   2973] ep_return -1269.79  pol_loss  0.0071  val_loss 151826.7500  ev 0.001
[update  377 | ep   3770 | steps   754000 | sps   2973] ep_return -1272.96  pol_loss -0.0222  val_loss 133515.6875  ev 0.000
[eval @ step   756000] mean return = -1234.33
[update  378 | ep   3780 | steps   756000 | sps   2973] ep_return -1292.69  pol_loss -0.0054  val_loss 170384.5469  ev 0.001
[update  379 | ep   3790 | steps   758000 | sps   2973] ep_return -1302.39  pol_loss  0.0018  val_loss 195179.9688  ev 0.001
[eval @ step   760000] mean return = -1224.34
[update  380 | ep   3800 | steps   760000 | sps   2972] ep_return -1313.20  pol_loss  0.0055  val_loss 192201.7344  ev 0.002
[update  381 | ep   3810 | steps   762000 | sps   2974] ep_return -1311.96  pol_loss  0.0188  val_loss 162091.1094  ev 0.001
[update  382 | ep   3820 | steps   764000 | sps   2976] ep_return -1308.83  pol_loss  0.0130  val_loss 159342.5938  ev 0.001
[eval @ step   766000] mean return = -1217.51
[update  383 | ep   3830 | steps   766000 | sps   2974] ep_return -1315.44  pol_loss  0.0122  val_loss 190346.6562  ev 0.001
[update  384 | ep   3840 | steps   768000 | sps   2975] ep_return -1319.79  pol_loss -0.0000  val_loss 163682.7656  ev 0.002
[eval @ step   770000] mean return = -1205.70
[update  385 | ep   3850 | steps   770000 | sps   2973] ep_return -1305.02  pol_loss -0.0056  val_loss 112392.2578  ev 0.001
[update  386 | ep   3860 | steps   772000 | sps   2974] ep_return -1299.17  pol_loss -0.0018  val_loss 137440.1875  ev 0.001
[update  387 | ep   3870 | steps   774000 | sps   2975] ep_return -1304.39  pol_loss  0.0087  val_loss 146311.9062  ev 0.002
[eval @ step   776000] mean return = -1187.58
[update  388 | ep   3880 | steps   776000 | sps   2975] ep_return -1295.27  pol_loss  0.0148  val_loss 143571.4844  ev 0.002
[update  389 | ep   3890 | steps   778000 | sps   2976] ep_return -1255.59  pol_loss -0.0035  val_loss 105206.8438  ev 0.001
[eval @ step   780000] mean return = -1178.77
[update  390 | ep   3900 | steps   780000 | sps   2975] ep_return -1240.83  pol_loss  0.0098  val_loss 152104.1406  ev 0.002
[update  391 | ep   3910 | steps   782000 | sps   2977] ep_return -1227.35  pol_loss -0.0085  val_loss 130821.6641  ev 0.003
[update  392 | ep   3920 | steps   784000 | sps   2978] ep_return -1207.08  pol_loss  0.0072  val_loss 115970.3359  ev 0.001
[eval @ step   786000] mean return = -1172.30
[update  393 | ep   3930 | steps   786000 | sps   2977] ep_return -1177.09  pol_loss  0.0026  val_loss 122006.8438  ev 0.002
[update  394 | ep   3940 | steps   788000 | sps   2978] ep_return -1158.90  pol_loss  0.0008  val_loss 117545.4219  ev 0.002
[eval @ step   790000] mean return = -1150.81
[update  395 | ep   3950 | steps   790000 | sps   2978] ep_return -1178.11  pol_loss  0.0038  val_loss 157445.9844  ev 0.003
[update  396 | ep   3960 | steps   792000 | sps   2979] ep_return -1181.36  pol_loss  0.0005  val_loss 144579.3750  ev 0.002
[update  397 | ep   3970 | steps   794000 | sps   2980] ep_return -1180.32  pol_loss -0.0141  val_loss 142645.4062  ev 0.002
[eval @ step   796000] mean return = -1127.84
[update  398 | ep   3980 | steps   796000 | sps   2979] ep_return -1170.12  pol_loss  0.0266  val_loss 121185.7344  ev 0.002
[update  399 | ep   3990 | steps   798000 | sps   2980] ep_return -1192.60  pol_loss  0.0172  val_loss 150789.2188  ev 0.002
[eval @ step   800000] mean return = -1108.11
[update  400 | ep   4000 | steps   800000 | sps   2978] ep_return -1188.50  pol_loss  0.0071  val_loss 140611.6094  ev 0.002
[update  401 | ep   4010 | steps   802000 | sps   2980] ep_return -1198.28  pol_loss  0.0081  val_loss 151726.1250  ev 0.003
[update  402 | ep   4020 | steps   804000 | sps   2981] ep_return -1200.20  pol_loss -0.0102  val_loss 116329.1094  ev 0.003
[eval @ step   806000] mean return = -1110.12
[update  403 | ep   4030 | steps   806000 | sps   2980] ep_return -1211.81  pol_loss -0.0295  val_loss 143647.4219  ev 0.003
[update  404 | ep   4040 | steps   808000 | sps   2982] ep_return -1210.83  pol_loss -0.0255  val_loss 115594.3516  ev 0.003
[eval @ step   810000] mean return = -1077.41
[update  405 | ep   4050 | steps   810000 | sps   2980] ep_return -1196.07  pol_loss  0.0028  val_loss 118280.2109  ev 0.003
[update  406 | ep   4060 | steps   812000 | sps   2982] ep_return -1173.89  pol_loss -0.0279  val_loss 95786.1797  ev 0.003
[update  407 | ep   4070 | steps   814000 | sps   2983] ep_return -1151.95  pol_loss -0.0204  val_loss 92227.9766  ev 0.002
[eval @ step   816000] mean return = -1053.85
[update  408 | ep   4080 | steps   816000 | sps   2982] ep_return -1148.65  pol_loss -0.0260  val_loss 109958.5859  ev 0.003
[update  409 | ep   4090 | steps   818000 | sps   2984] ep_return -1128.78  pol_loss -0.0032  val_loss 104648.3984  ev 0.003
[eval @ step   820000] mean return = -1061.86
[update  410 | ep   4100 | steps   820000 | sps   2982] ep_return -1114.63  pol_loss -0.0279  val_loss 106582.2266  ev 0.002
[update  411 | ep   4110 | steps   822000 | sps   2984] ep_return -1087.22  pol_loss -0.0086  val_loss 87861.1250  ev 0.002
[update  412 | ep   4120 | steps   824000 | sps   2985] ep_return -1091.61  pol_loss  0.0054  val_loss 120495.9922  ev 0.003
[eval @ step   826000] mean return = -1068.42
[update  413 | ep   4130 | steps   826000 | sps   2983] ep_return -1076.82  pol_loss -0.0146  val_loss 107977.5859  ev 0.003
[update  414 | ep   4140 | steps   828000 | sps   2985] ep_return -1075.27  pol_loss  0.0066  val_loss 106305.6875  ev 0.003
[eval @ step   830000] mean return = -1054.67
[update  415 | ep   4150 | steps   830000 | sps   2984] ep_return -1079.26  pol_loss -0.0015  val_loss 122726.9219  ev 0.003
[update  416 | ep   4160 | steps   832000 | sps   2985] ep_return -1099.07  pol_loss  0.0004  val_loss 132474.1719  ev 0.004
[update  417 | ep   4170 | steps   834000 | sps   2986] ep_return -1103.81  pol_loss  0.0339  val_loss 100098.3203  ev 0.004
[eval @ step   836000] mean return = -1032.41
[update  418 | ep   4180 | steps   836000 | sps   2985] ep_return -1110.27  pol_loss -0.0045  val_loss 120191.5625  ev 0.004
[update  419 | ep   4190 | steps   838000 | sps   2986] ep_return -1126.28  pol_loss -0.0161  val_loss 138857.1250  ev 0.003
[eval @ step   840000] mean return = -1065.70
[update  420 | ep   4200 | steps   840000 | sps   2985] ep_return -1132.99  pol_loss  0.0133  val_loss 120248.7109  ev 0.003
[update  421 | ep   4210 | steps   842000 | sps   2985] ep_return -1140.84  pol_loss -0.0068  val_loss 101012.0781  ev 0.003
[update  422 | ep   4220 | steps   844000 | sps   2986] ep_return -1138.00  pol_loss -0.0004  val_loss 114271.4609  ev 0.004
[eval @ step   846000] mean return = -1079.54
[update  423 | ep   4230 | steps   846000 | sps   2985] ep_return -1140.60  pol_loss -0.0069  val_loss 111906.0469  ev 0.003
[update  424 | ep   4240 | steps   848000 | sps   2986] ep_return -1147.49  pol_loss  0.0155  val_loss 115225.3125  ev 0.003
[eval @ step   850000] mean return = -1107.71
[update  425 | ep   4250 | steps   850000 | sps   2984] ep_return -1136.16  pol_loss -0.0075  val_loss 101455.1875  ev 0.004
[update  426 | ep   4260 | steps   852000 | sps   2985] ep_return -1127.34  pol_loss  0.0030  val_loss 113100.0391  ev 0.005
[update  427 | ep   4270 | steps   854000 | sps   2986] ep_return -1129.90  pol_loss  0.0024  val_loss 104772.7266  ev 0.005
[eval @ step   856000] mean return = -1107.36
[update  428 | ep   4280 | steps   856000 | sps   2984] ep_return -1131.84  pol_loss -0.0014  val_loss 130232.2422  ev 0.003
[update  429 | ep   4290 | steps   858000 | sps   2986] ep_return -1116.77  pol_loss  0.0146  val_loss 107739.9766  ev 0.002
[eval @ step   860000] mean return = -1104.02
[update  430 | ep   4300 | steps   860000 | sps   2985] ep_return -1113.67  pol_loss  0.0076  val_loss 113210.6641  ev 0.004
[update  431 | ep   4310 | steps   862000 | sps   2986] ep_return -1119.72  pol_loss  0.0301  val_loss 111182.1406  ev 0.004
[update  432 | ep   4320 | steps   864000 | sps   2986] ep_return -1120.38  pol_loss -0.0099  val_loss 116862.0703  ev 0.005
[eval @ step   866000] mean return = -1098.78
[update  433 | ep   4330 | steps   866000 | sps   2985] ep_return -1129.83  pol_loss  0.0181  val_loss 131180.9844  ev 0.005
[update  434 | ep   4340 | steps   868000 | sps   2986] ep_return -1127.03  pol_loss -0.0188  val_loss 113133.3438  ev 0.002
[eval @ step   870000] mean return = -1112.84
[update  435 | ep   4350 | steps   870000 | sps   2984] ep_return -1133.35  pol_loss  0.0098  val_loss 113223.0859  ev 0.005
[update  436 | ep   4360 | steps   872000 | sps   2985] ep_return -1140.37  pol_loss -0.0121  val_loss 126557.6094  ev 0.003
[update  437 | ep   4370 | steps   874000 | sps   2986] ep_return -1149.39  pol_loss  0.0072  val_loss 119028.0469  ev 0.005
[eval @ step   876000] mean return = -1108.22
[update  438 | ep   4380 | steps   876000 | sps   2986] ep_return -1148.28  pol_loss -0.0098  val_loss 122476.8594  ev 0.003
[update  439 | ep   4390 | steps   878000 | sps   2987] ep_return -1154.54  pol_loss  0.0372  val_loss 117150.8594  ev 0.004
[eval @ step   880000] mean return = -1109.85
[update  440 | ep   4400 | steps   880000 | sps   2986] ep_return -1160.50  pol_loss -0.0240  val_loss 123581.2188  ev 0.004
[update  441 | ep   4410 | steps   882000 | sps   2987] ep_return -1163.93  pol_loss  0.0186  val_loss 119491.7891  ev 0.004
[update  442 | ep   4420 | steps   884000 | sps   2988] ep_return -1165.23  pol_loss  0.0082  val_loss 121815.4453  ev 0.003
[eval @ step   886000] mean return = -1108.03
[update  443 | ep   4430 | steps   886000 | sps   2986] ep_return -1160.06  pol_loss -0.0078  val_loss 118821.8438  ev 0.004
[update  444 | ep   4440 | steps   888000 | sps   2987] ep_return -1168.17  pol_loss  0.0132  val_loss 128811.3438  ev 0.003
[eval @ step   890000] mean return = -1108.10
[update  445 | ep   4450 | steps   890000 | sps   2987] ep_return -1169.50  pol_loss -0.0113  val_loss 115083.2656  ev 0.003
[update  446 | ep   4460 | steps   892000 | sps   2988] ep_return -1167.03  pol_loss  0.0300  val_loss 118057.2344  ev 0.004
[update  447 | ep   4470 | steps   894000 | sps   2989] ep_return -1166.46  pol_loss -0.0122  val_loss 123258.2109  ev 0.002
[eval @ step   896000] mean return = -1108.01
[update  448 | ep   4480 | steps   896000 | sps   2987] ep_return -1164.63  pol_loss -0.0009  val_loss 119457.7891  ev 0.003
[update  449 | ep   4490 | steps   898000 | sps   2988] ep_return -1167.05  pol_loss  0.0282  val_loss 122346.4609  ev 0.002
[eval @ step   900000] mean return = -1108.90
[update  450 | ep   4500 | steps   900000 | sps   2987] ep_return -1159.05  pol_loss  0.0162  val_loss 108067.5938  ev 0.002
[update  451 | ep   4510 | steps   902000 | sps   2988] ep_return -1165.56  pol_loss -0.0111  val_loss 129840.7656  ev 0.004
[update  452 | ep   4520 | steps   904000 | sps   2988] ep_return -1172.84  pol_loss -0.0247  val_loss 139286.7031  ev 0.002
[eval @ step   906000] mean return = -1109.02
[update  453 | ep   4530 | steps   906000 | sps   2987] ep_return -1169.71  pol_loss -0.0100  val_loss 117391.1016  ev 0.003
[update  454 | ep   4540 | steps   908000 | sps   2988] ep_return -1168.25  pol_loss  0.0030  val_loss 125594.6016  ev 0.003
[eval @ step   910000] mean return = -1107.76
[update  455 | ep   4550 | steps   910000 | sps   2988] ep_return -1170.14  pol_loss -0.0055  val_loss 118230.9766  ev 0.004
[update  456 | ep   4560 | steps   912000 | sps   2988] ep_return -1164.57  pol_loss  0.0159  val_loss 112024.6562  ev 0.002
[update  457 | ep   4570 | steps   914000 | sps   2989] ep_return -1165.52  pol_loss  0.0094  val_loss 127956.6719  ev 0.003
[eval @ step   916000] mean return = -1106.52
[update  458 | ep   4580 | steps   916000 | sps   2988] ep_return -1158.58  pol_loss -0.0020  val_loss 106816.2109  ev 0.002
[update  459 | ep   4590 | steps   918000 | sps   2989] ep_return -1159.63  pol_loss  0.0370  val_loss 121089.7656  ev 0.003
[eval @ step   920000] mean return = -1102.04
[update  460 | ep   4600 | steps   920000 | sps   2988] ep_return -1164.96  pol_loss -0.0068  val_loss 120347.2656  ev 0.003
[update  461 | ep   4610 | steps   922000 | sps   2990] ep_return -1154.59  pol_loss -0.0215  val_loss 110925.3438  ev 0.003
[update  462 | ep   4620 | steps   924000 | sps   2991] ep_return -1145.32  pol_loss -0.0104  val_loss 117405.2656  ev 0.002
[eval @ step   926000] mean return = -1100.50
[update  463 | ep   4630 | steps   926000 | sps   2991] ep_return -1140.67  pol_loss -0.0017  val_loss 107163.0625  ev 0.003
[update  464 | ep   4640 | steps   928000 | sps   2991] ep_return -1137.08  pol_loss -0.0309  val_loss 117567.8125  ev 0.003
[eval @ step   930000] mean return = -1100.86
[update  465 | ep   4650 | steps   930000 | sps   2990] ep_return -1138.75  pol_loss  0.0266  val_loss 117594.1016  ev 0.003
[update  466 | ep   4660 | steps   932000 | sps   2991] ep_return -1138.10  pol_loss -0.0131  val_loss 109183.7422  ev 0.004
[update  467 | ep   4670 | steps   934000 | sps   2992] ep_return -1129.21  pol_loss  0.0046  val_loss 103506.6953  ev 0.004
[eval @ step   936000] mean return = -1102.52
[update  468 | ep   4680 | steps   936000 | sps   2990] ep_return -1137.40  pol_loss  0.0325  val_loss 121191.3359  ev 0.003
[update  469 | ep   4690 | steps   938000 | sps   2990] ep_return -1133.20  pol_loss  0.0075  val_loss 113616.5781  ev 0.003
[eval @ step   940000] mean return = -1102.39
[update  470 | ep   4700 | steps   940000 | sps   2989] ep_return -1126.49  pol_loss -0.0100  val_loss 103926.3828  ev 0.002
[update  471 | ep   4710 | steps   942000 | sps   2989] ep_return -1127.39  pol_loss  0.0036  val_loss 111746.2578  ev 0.002
[update  472 | ep   4720 | steps   944000 | sps   2990] ep_return -1125.68  pol_loss -0.0126  val_loss 108249.3438  ev 0.003
[eval @ step   946000] mean return = -1100.97
[update  473 | ep   4730 | steps   946000 | sps   2988] ep_return -1133.06  pol_loss -0.0203  val_loss 118914.7891  ev 0.002
[update  474 | ep   4740 | steps   948000 | sps   2988] ep_return -1128.63  pol_loss -0.0101  val_loss 109324.6172  ev 0.002
[eval @ step   950000] mean return = -1100.32
[update  475 | ep   4750 | steps   950000 | sps   2986] ep_return -1130.52  pol_loss -0.0082  val_loss 124981.8750  ev 0.003
[update  476 | ep   4760 | steps   952000 | sps   2987] ep_return -1129.12  pol_loss -0.0065  val_loss 107267.1562  ev 0.002
[update  477 | ep   4770 | steps   954000 | sps   2987] ep_return -1132.87  pol_loss -0.0094  val_loss 109937.7266  ev 0.003
[eval @ step   956000] mean return = -1100.72
[update  478 | ep   4780 | steps   956000 | sps   2985] ep_return -1129.99  pol_loss  0.0034  val_loss 114015.5156  ev 0.003
[update  479 | ep   4790 | steps   958000 | sps   2985] ep_return -1126.39  pol_loss  0.0002  val_loss 107172.8828  ev 0.003
[eval @ step   960000] mean return = -1100.79
[update  480 | ep   4800 | steps   960000 | sps   2983] ep_return -1131.49  pol_loss  0.0084  val_loss 111450.7891  ev 0.003
[update  481 | ep   4810 | steps   962000 | sps   2984] ep_return -1125.86  pol_loss -0.0058  val_loss 102484.6562  ev 0.002
[update  482 | ep   4820 | steps   964000 | sps   2984] ep_return -1129.55  pol_loss -0.0121  val_loss 118892.1797  ev 0.003
[eval @ step   966000] mean return = -1094.44
[update  483 | ep   4830 | steps   966000 | sps   2983] ep_return -1125.64  pol_loss  0.0020  val_loss 109870.0703  ev 0.002
[update  484 | ep   4840 | steps   968000 | sps   2983] ep_return -1123.37  pol_loss  0.0023  val_loss 104318.8984  ev 0.002
[eval @ step   970000] mean return = -1073.25
[update  485 | ep   4850 | steps   970000 | sps   2981] ep_return -1122.95  pol_loss  0.0053  val_loss 119564.2578  ev 0.003
[update  486 | ep   4860 | steps   972000 | sps   2981] ep_return -1127.50  pol_loss  0.0115  val_loss 113888.0000  ev 0.002
[update  487 | ep   4870 | steps   974000 | sps   2982] ep_return -1116.40  pol_loss  0.0104  val_loss 89849.7344  ev 0.002
[eval @ step   976000] mean return = -1046.16
[update  488 | ep   4880 | steps   976000 | sps   2982] ep_return -1109.28  pol_loss  0.0096  val_loss 97486.5859  ev 0.002
[update  489 | ep   4890 | steps   978000 | sps   2983] ep_return -1105.65  pol_loss -0.0102  val_loss 99748.9531  ev 0.002
[eval @ step   980000] mean return = -1049.97
[update  490 | ep   4900 | steps   980000 | sps   2982] ep_return -1106.96  pol_loss  0.0114  val_loss 116682.0781  ev 0.002
[update  491 | ep   4910 | steps   982000 | sps   2983] ep_return -1111.91  pol_loss  0.0105  val_loss 113607.0781  ev 0.002
[update  492 | ep   4920 | steps   984000 | sps   2984] ep_return -1111.64  pol_loss -0.0137  val_loss 120055.9531  ev 0.002
[eval @ step   986000] mean return = -1056.15
[update  493 | ep   4930 | steps   986000 | sps   2982] ep_return -1110.58  pol_loss -0.0473  val_loss 108204.9844  ev 0.002
[update  494 | ep   4940 | steps   988000 | sps   2983] ep_return -1118.57  pol_loss -0.0022  val_loss 125571.2188  ev 0.002
[eval @ step   990000] mean return = -1065.97
[update  495 | ep   4950 | steps   990000 | sps   2982] ep_return -1106.26  pol_loss -0.0059  val_loss 98967.7344  ev 0.002
[update  496 | ep   4960 | steps   992000 | sps   2983] ep_return -1099.75  pol_loss -0.0105  val_loss 108049.6016  ev 0.002
[update  497 | ep   4970 | steps   994000 | sps   2983] ep_return -1106.51  pol_loss -0.0035  val_loss 104477.2500  ev 0.002
[eval @ step   996000] mean return = -1066.89
[update  498 | ep   4980 | steps   996000 | sps   2982] ep_return -1097.84  pol_loss  0.0264  val_loss 85150.9688  ev 0.001
[update  499 | ep   4990 | steps   998000 | sps   2983] ep_return -1089.03  pol_loss  0.0227  val_loss 83096.3203  ev 0.001
[eval @ step  1000000] mean return = -1066.30
[update  500 | ep   5000 | steps  1000000 | sps   2982] ep_return -1086.96  pol_loss  0.0013  val_loss 114684.8281  ev 0.002
Saved final model to reinforce\data\reinforce_sweep_Pendulum-v1_2026-05-10_20-08-02\model_final.pt
Saved 200 eval points -> C:\Users\mohamedosama\Downloads\CS515-Deep-RL\results\continuous\reinforce\pendulum-v1\seed_2.npy
Saved wallclock              -> C:\Users\mohamedosama\Downloads\CS515-Deep-RL\results\wallclock\continuous\reinforce\pendulum-v1\seed_2.npy
