2026-05-10 21:12:06.922199: I tensorflow/core/util/port.cc:153] oneDNN custom operations are on. You may see slightly different numerical results due to floating-point round-off errors from different computation orders. To turn them off, set the environment variable `TF_ENABLE_ONEDNN_OPTS=0`.
2026-05-10 21:12:06.941255: E external/local_xla/xla/stream_executor/cuda/cuda_fft.cc:467] Unable to register cuFFT factory: Attempting to register factory for plugin cuFFT when one has already been registered
WARNING: All log messages before absl::InitializeLog() is called are written to STDERR
E0000 00:00:1778436726.965647 2628791 cuda_dnn.cc:8579] Unable to register cuDNN factory: Attempting to register factory for plugin cuDNN when one has already been registered
E0000 00:00:1778436726.973240 2628791 cuda_blas.cc:1407] Unable to register cuBLAS factory: Attempting to register factory for plugin cuBLAS when one has already been registered
W0000 00:00:1778436726.993895 2628791 computation_placer.cc:177] computation placer already registered. Please check linkage and avoid linking the same target more than once.
W0000 00:00:1778436726.993931 2628791 computation_placer.cc:177] computation placer already registered. Please check linkage and avoid linking the same target more than once.
W0000 00:00:1778436726.993939 2628791 computation_placer.cc:177] computation placer already registered. Please check linkage and avoid linking the same target more than once.
W0000 00:00:1778436726.993944 2628791 computation_placer.cc:177] computation placer already registered. Please check linkage and avoid linking the same target more than once.
2026-05-10 21:12:06.998728: I tensorflow/core/platform/cpu_feature_guard.cc:210] This TensorFlow binary is optimized to use available CPU instructions in performance-critical operations.
To enable the following instructions: AVX2 AVX512F AVX512_VNNI FMA, in other operations, rebuild TensorFlow with the appropriate compiler flags.
GPU not detected. Defaulting to CPU.
########################
logging outputs to reinforce/data/reinforce_sweep_HalfCheetah-v4_2026-05-10_21-12-08
########################
[eval @ step    10000] mean return =   -75.05
[update    1 | ep     10 | steps    10000 | sps   1604] ep_return -247.02  pol_loss  0.0055  val_loss 704.9168  ev -0.000
[eval @ step    20000] mean return =   -68.44
[update    2 | ep     20 | steps    20000 | sps   1489] ep_return -269.23  pol_loss -0.0054  val_loss 957.4560  ev -0.000
[eval @ step    30000] mean return =   -59.69
[update    3 | ep     30 | steps    30000 | sps   1498] ep_return -268.33  pol_loss -0.0212  val_loss 840.3166  ev -0.001
[eval @ step    40000] mean return =   -41.76
[update    4 | ep     40 | steps    40000 | sps   1448] ep_return -262.07  pol_loss  0.0071  val_loss 662.7283  ev -0.000
[eval @ step    50000] mean return =   -36.13
[update    5 | ep     50 | steps    50000 | sps   1403] ep_return -249.07  pol_loss  0.0337  val_loss 496.1606  ev -0.000
[eval @ step    60000] mean return =   -33.82
[update    6 | ep     60 | steps    60000 | sps   1394] ep_return -241.01  pol_loss -0.0110  val_loss 558.1211  ev -0.000
[eval @ step    70000] mean return =   -29.48
[update    7 | ep     70 | steps    70000 | sps   1384] ep_return -238.00  pol_loss  0.0201  val_loss 563.2053  ev -0.000
[eval @ step    80000] mean return =   -22.40
[update    8 | ep     80 | steps    80000 | sps   1406] ep_return -238.25  pol_loss -0.0037  val_loss 695.0909  ev -0.000
[eval @ step    90000] mean return =   -17.64
[update    9 | ep     90 | steps    90000 | sps   1422] ep_return -236.97  pol_loss -0.0226  val_loss 568.3730  ev 0.000
[eval @ step   100000] mean return =   -13.05
[update   10 | ep    100 | steps   100000 | sps   1441] ep_return -238.65  pol_loss -0.0185  val_loss 853.5732  ev -0.000
[eval @ step   110000] mean return =    -9.84
[update   11 | ep    110 | steps   110000 | sps   1435] ep_return -236.63  pol_loss -0.0158  val_loss 618.7410  ev -0.000
[eval @ step   120000] mean return =    -6.59
[update   12 | ep    120 | steps   120000 | sps   1442] ep_return -231.77  pol_loss -0.0420  val_loss 648.6456  ev -0.001
[eval @ step   130000] mean return =    -4.06
[update   13 | ep    130 | steps   130000 | sps   1429] ep_return -225.14  pol_loss -0.0286  val_loss 531.4907  ev 0.000
[eval @ step   140000] mean return =    -1.33
[update   14 | ep    140 | steps   140000 | sps   1436] ep_return -222.00  pol_loss -0.0092  val_loss 601.5870  ev 0.000
[eval @ step   150000] mean return =     1.18
[update   15 | ep    150 | steps   150000 | sps   1436] ep_return -225.94  pol_loss -0.0146  val_loss 639.7077  ev 0.001
[eval @ step   160000] mean return =     3.51
[update   16 | ep    160 | steps   160000 | sps   1443] ep_return -227.18  pol_loss -0.0091  val_loss 549.7717  ev -0.000
[eval @ step   170000] mean return =     5.01
[update   17 | ep    170 | steps   170000 | sps   1454] ep_return -227.61  pol_loss -0.0022  val_loss 629.8179  ev 0.000
[eval @ step   180000] mean return =     6.46
[update   18 | ep    180 | steps   180000 | sps   1434] ep_return -225.65  pol_loss -0.0139  val_loss 596.4168  ev 0.000
[eval @ step   190000] mean return =     7.52
[update   19 | ep    190 | steps   190000 | sps   1437] ep_return -224.69  pol_loss  0.0006  val_loss 543.9729  ev 0.001
[eval @ step   200000] mean return =     8.19
[update   20 | ep    200 | steps   200000 | sps   1438] ep_return -223.24  pol_loss -0.0347  val_loss 681.3991  ev -0.000
[eval @ step   210000] mean return =     8.20
[update   21 | ep    210 | steps   210000 | sps   1435] ep_return -219.81  pol_loss  0.0046  val_loss 474.3310  ev -0.000
[eval @ step   220000] mean return =     7.50
[update   22 | ep    220 | steps   220000 | sps   1439] ep_return -216.28  pol_loss  0.0109  val_loss 589.5358  ev -0.000
[eval @ step   230000] mean return =     8.39
[update   23 | ep    230 | steps   230000 | sps   1433] ep_return -217.98  pol_loss -0.0160  val_loss 509.5285  ev 0.002
[eval @ step   240000] mean return =    10.19
[update   24 | ep    240 | steps   240000 | sps   1434] ep_return -215.20  pol_loss -0.0250  val_loss 456.4922  ev 0.003
[eval @ step   250000] mean return =    12.42
[update   25 | ep    250 | steps   250000 | sps   1432] ep_return -212.34  pol_loss  0.0010  val_loss 468.7010  ev 0.001
[eval @ step   260000] mean return =    14.49
[update   26 | ep    260 | steps   260000 | sps   1439] ep_return -210.94  pol_loss -0.0054  val_loss 527.9149  ev 0.000
[eval @ step   270000] mean return =    17.39
[update   27 | ep    270 | steps   270000 | sps   1443] ep_return -209.83  pol_loss -0.0009  val_loss 511.6720  ev 0.003
[eval @ step   280000] mean return =    19.61
[update   28 | ep    280 | steps   280000 | sps   1440] ep_return -207.24  pol_loss  0.0103  val_loss 416.4979  ev 0.001
[eval @ step   290000] mean return =    21.57
[update   29 | ep    290 | steps   290000 | sps   1445] ep_return -205.89  pol_loss -0.0076  val_loss 520.4316  ev 0.003
[eval @ step   300000] mean return =    24.17
[update   30 | ep    300 | steps   300000 | sps   1448] ep_return -199.32  pol_loss  0.0039  val_loss 417.3920  ev 0.006
[eval @ step   310000] mean return =    27.60
[update   31 | ep    310 | steps   310000 | sps   1448] ep_return -201.16  pol_loss -0.0140  val_loss 642.5036  ev -0.001
[eval @ step   320000] mean return =    32.62
[update   32 | ep    320 | steps   320000 | sps   1441] ep_return -196.85  pol_loss -0.0167  val_loss 417.1418  ev 0.003
[eval @ step   330000] mean return =    38.76
[update   33 | ep    330 | steps   330000 | sps   1444] ep_return -195.15  pol_loss -0.0290  val_loss 555.3491  ev 0.002
[eval @ step   340000] mean return =    43.39
[update   34 | ep    340 | steps   340000 | sps   1447] ep_return -193.52  pol_loss -0.0072  val_loss 385.9765  ev 0.007
[eval @ step   350000] mean return =    48.01
[update   35 | ep    350 | steps   350000 | sps   1443] ep_return -190.70  pol_loss  0.0142  val_loss 422.5493  ev 0.005
[eval @ step   360000] mean return =    50.54
[update   36 | ep    360 | steps   360000 | sps   1443] ep_return -190.77  pol_loss -0.0252  val_loss 482.8585  ev 0.006
[eval @ step   370000] mean return =    51.51
[update   37 | ep    370 | steps   370000 | sps   1448] ep_return -187.45  pol_loss -0.0123  val_loss 427.0200  ev 0.006
[eval @ step   380000] mean return =    50.49
[update   38 | ep    380 | steps   380000 | sps   1442] ep_return -183.90  pol_loss -0.0157  val_loss 370.8250  ev 0.007
[eval @ step   390000] mean return =    51.16
[update   39 | ep    390 | steps   390000 | sps   1446] ep_return -181.65  pol_loss  0.0051  val_loss 438.2073  ev 0.005
[eval @ step   400000] mean return =    51.03
[update   40 | ep    400 | steps   400000 | sps   1443] ep_return -181.12  pol_loss -0.0176  val_loss 409.4348  ev 0.008
[eval @ step   410000] mean return =    51.60
[update   41 | ep    410 | steps   410000 | sps   1437] ep_return -178.05  pol_loss -0.0143  val_loss 456.6711  ev 0.008
[eval @ step   420000] mean return =    55.77
[update   42 | ep    420 | steps   420000 | sps   1440] ep_return -178.95  pol_loss -0.0124  val_loss 430.8110  ev 0.003
[eval @ step   430000] mean return =    60.29
[update   43 | ep    430 | steps   430000 | sps   1437] ep_return -174.25  pol_loss  0.0312  val_loss 353.5990  ev 0.011
[eval @ step   440000] mean return =    67.02
[update   44 | ep    440 | steps   440000 | sps   1439] ep_return -171.32  pol_loss  0.0136  val_loss 387.9229  ev 0.007
[eval @ step   450000] mean return =    72.29
[update   45 | ep    450 | steps   450000 | sps   1442] ep_return -171.07  pol_loss -0.0080  val_loss 431.6418  ev 0.009
[eval @ step   460000] mean return =    75.91
[update   46 | ep    460 | steps   460000 | sps   1444] ep_return -168.20  pol_loss -0.0087  val_loss 397.1222  ev 0.016
[eval @ step   470000] mean return =    62.19
[update   47 | ep    470 | steps   470000 | sps   1443] ep_return -163.79  pol_loss -0.0074  val_loss 324.2721  ev 0.010
[eval @ step   480000] mean return =    67.81
[update   48 | ep    480 | steps   480000 | sps   1442] ep_return -162.07  pol_loss  0.0185  val_loss 332.1695  ev 0.011
[eval @ step   490000] mean return =   109.88
[update   49 | ep    490 | steps   490000 | sps   1439] ep_return -161.00  pol_loss -0.0204  val_loss 447.6260  ev 0.004
[eval @ step   500000] mean return =   133.67
[update   50 | ep    500 | steps   500000 | sps   1437] ep_return -162.64  pol_loss -0.0150  val_loss 440.7986  ev 0.006
[eval @ step   510000] mean return =   136.91
[update   51 | ep    510 | steps   510000 | sps   1437] ep_return -163.34  pol_loss -0.0074  val_loss 433.4826  ev 0.006
[eval @ step   520000] mean return =   138.79
[update   52 | ep    520 | steps   520000 | sps   1440] ep_return -163.34  pol_loss -0.0279  val_loss 409.7986  ev 0.005
[eval @ step   530000] mean return =   139.78
[update   53 | ep    530 | steps   530000 | sps   1440] ep_return -167.53  pol_loss  0.0195  val_loss 474.5898  ev 0.007
[eval @ step   540000] mean return =   138.24
[update   54 | ep    540 | steps   540000 | sps   1442] ep_return -173.37  pol_loss -0.0047  val_loss 564.4364  ev 0.003
[eval @ step   550000] mean return =   135.32
[update   55 | ep    550 | steps   550000 | sps   1445] ep_return -172.97  pol_loss -0.0378  val_loss 395.4860  ev 0.011
[eval @ step   560000] mean return =   131.45
[update   56 | ep    560 | steps   560000 | sps   1442] ep_return -170.35  pol_loss -0.0094  val_loss 351.8914  ev 0.015
[eval @ step   570000] mean return =   128.18
[update   57 | ep    570 | steps   570000 | sps   1445] ep_return -170.66  pol_loss  0.0024  val_loss 297.1023  ev 0.016
[eval @ step   580000] mean return =   126.01
[update   58 | ep    580 | steps   580000 | sps   1447] ep_return -174.24  pol_loss -0.0068  val_loss 419.6790  ev 0.010
[eval @ step   590000] mean return =   121.70
[update   59 | ep    590 | steps   590000 | sps   1450] ep_return -176.17  pol_loss -0.0072  val_loss 438.6237  ev 0.007
[eval @ step   600000] mean return =   114.72
[update   60 | ep    600 | steps   600000 | sps   1452] ep_return -174.46  pol_loss -0.0065  val_loss 383.2023  ev 0.018
[eval @ step   610000] mean return =   113.83
[update   61 | ep    610 | steps   610000 | sps   1454] ep_return -172.98  pol_loss -0.0306  val_loss 371.0288  ev 0.013
[eval @ step   620000] mean return =   111.98
[update   62 | ep    620 | steps   620000 | sps   1454] ep_return -171.28  pol_loss  0.0078  val_loss 341.2083  ev 0.011
[eval @ step   630000] mean return =   116.36
[update   63 | ep    630 | steps   630000 | sps   1452] ep_return -169.04  pol_loss -0.0200  val_loss 400.3784  ev 0.012
[eval @ step   640000] mean return =   118.15
[update   64 | ep    640 | steps   640000 | sps   1450] ep_return -168.97  pol_loss -0.0399  val_loss 523.0272  ev 0.008
[eval @ step   650000] mean return =   122.95
[update   65 | ep    650 | steps   650000 | sps   1451] ep_return -169.19  pol_loss  0.0221  val_loss 412.8237  ev 0.009
[eval @ step   660000] mean return =   131.90
[update   66 | ep    660 | steps   660000 | sps   1448] ep_return -172.35  pol_loss  0.0106  val_loss 386.2172  ev 0.018
[eval @ step   670000] mean return =   183.88
[update   67 | ep    670 | steps   670000 | sps   1449] ep_return -174.41  pol_loss -0.0149  val_loss 393.7584  ev 0.015
[eval @ step   680000] mean return =   244.27
[update   68 | ep    680 | steps   680000 | sps   1450] ep_return -174.15  pol_loss -0.0095  val_loss 358.9966  ev 0.011
[eval @ step   690000] mean return =   261.40
[update   69 | ep    690 | steps   690000 | sps   1452] ep_return -172.84  pol_loss  0.0187  val_loss 429.2076  ev 0.010
[eval @ step   700000] mean return =   360.94
[update   70 | ep    700 | steps   700000 | sps   1451] ep_return -173.40  pol_loss -0.0007  val_loss 367.6213  ev 0.021
[eval @ step   710000] mean return =   418.49
[update   71 | ep    710 | steps   710000 | sps   1453] ep_return -174.29  pol_loss -0.0150  val_loss 450.4065  ev 0.007
[eval @ step   720000] mean return =   476.30
[update   72 | ep    720 | steps   720000 | sps   1454] ep_return -173.98  pol_loss -0.0180  val_loss 342.8618  ev 0.004
[eval @ step   730000] mean return =   537.57
[update   73 | ep    730 | steps   730000 | sps   1455] ep_return -174.29  pol_loss  0.0079  val_loss 376.8614  ev 0.027
[eval @ step   740000] mean return =   599.44
[update   74 | ep    740 | steps   740000 | sps   1456] ep_return -174.42  pol_loss -0.0411  val_loss 444.9893  ev 0.013
[eval @ step   750000] mean return =   707.03
[update   75 | ep    750 | steps   750000 | sps   1457] ep_return -169.12  pol_loss  0.0127  val_loss 334.4464  ev 0.015
[eval @ step   760000] mean return =   722.73
[update   76 | ep    760 | steps   760000 | sps   1459] ep_return -165.92  pol_loss -0.0032  val_loss 333.3720  ev 0.014
[eval @ step   770000] mean return =   739.82
[update   77 | ep    770 | steps   770000 | sps   1460] ep_return -167.47  pol_loss -0.0325  val_loss 402.7828  ev 0.011
[eval @ step   780000] mean return =   758.59
[update   78 | ep    780 | steps   780000 | sps   1460] ep_return -165.34  pol_loss  0.0022  val_loss 353.6867  ev 0.020
[eval @ step   790000] mean return =   765.29
[update   79 | ep    790 | steps   790000 | sps   1458] ep_return -163.35  pol_loss -0.0320  val_loss 333.8348  ev 0.011
[eval @ step   800000] mean return =   794.95
[update   80 | ep    800 | steps   800000 | sps   1458] ep_return -162.41  pol_loss  0.0115  val_loss 342.8454  ev 0.030
[eval @ step   810000] mean return =   802.00
[update   81 | ep    810 | steps   810000 | sps   1459] ep_return -162.42  pol_loss  0.0020  val_loss 385.9380  ev 0.017
[eval @ step   820000] mean return =   811.45
[update   82 | ep    820 | steps   820000 | sps   1460] ep_return -161.61  pol_loss  0.0202  val_loss 347.1041  ev 0.015
[eval @ step   830000] mean return =   823.40
[update   83 | ep    830 | steps   830000 | sps   1462] ep_return -160.70  pol_loss -0.0109  val_loss 380.3000  ev 0.018
[eval @ step   840000] mean return =   827.03
[update   84 | ep    840 | steps   840000 | sps   1457] ep_return -155.18  pol_loss  0.0235  val_loss 299.3866  ev 0.030
[eval @ step   850000] mean return =   839.58
[update   85 | ep    850 | steps   850000 | sps   1457] ep_return -155.67  pol_loss  0.0010  val_loss 323.6985  ev 0.019
[eval @ step   860000] mean return =   851.77
[update   86 | ep    860 | steps   860000 | sps   1457] ep_return -153.97  pol_loss -0.0628  val_loss 287.3063  ev 0.031
[eval @ step   870000] mean return =   851.27
[update   87 | ep    870 | steps   870000 | sps   1457] ep_return -151.25  pol_loss -0.0006  val_loss 330.3976  ev 0.026
[eval @ step   880000] mean return =   850.36
[update   88 | ep    880 | steps   880000 | sps   1459] ep_return -151.46  pol_loss -0.0174  val_loss 345.8438  ev 0.009
[eval @ step   890000] mean return =   845.35
[update   89 | ep    890 | steps   890000 | sps   1460] ep_return -151.43  pol_loss -0.0292  val_loss 355.1030  ev 0.034
[eval @ step   900000] mean return =   833.13
[update   90 | ep    900 | steps   900000 | sps   1461] ep_return -151.03  pol_loss -0.0280  val_loss 376.8222  ev 0.013
[eval @ step   910000] mean return =   813.30
[update   91 | ep    910 | steps   910000 | sps   1460] ep_return -148.02  pol_loss -0.0262  val_loss 328.2799  ev 0.029
[eval @ step   920000] mean return =   759.56
[update   92 | ep    920 | steps   920000 | sps   1460] ep_return -148.50  pol_loss -0.0550  val_loss 350.3206  ev 0.029
[eval @ step   930000] mean return =   703.11
[update   93 | ep    930 | steps   930000 | sps   1459] ep_return -146.74  pol_loss  0.0252  val_loss 332.9474  ev 0.031
[eval @ step   940000] mean return =   653.53
[update   94 | ep    940 | steps   940000 | sps   1460] ep_return -146.92  pol_loss -0.0149  val_loss 271.4930  ev 0.054
[eval @ step   950000] mean return =   573.40
[update   95 | ep    950 | steps   950000 | sps   1461] ep_return -148.09  pol_loss  0.0239  val_loss 297.8156  ev 0.022
[eval @ step   960000] mean return =   524.26
[update   96 | ep    960 | steps   960000 | sps   1462] ep_return -149.13  pol_loss  0.0041  val_loss 266.5940  ev 0.041
[eval @ step   970000] mean return =   454.81
[update   97 | ep    970 | steps   970000 | sps   1464] ep_return -145.33  pol_loss  0.0132  val_loss 222.2727  ev 0.047
[eval @ step   980000] mean return =   394.09
[update   98 | ep    980 | steps   980000 | sps   1463] ep_return -141.76  pol_loss  0.0300  val_loss 232.9134  ev 0.048
[eval @ step   990000] mean return =   341.04
[update   99 | ep    990 | steps   990000 | sps   1463] ep_return -142.72  pol_loss -0.0154  val_loss 323.8569  ev 0.017
[eval @ step  1000000] mean return =   297.07
[update  100 | ep   1000 | steps  1000000 | sps   1461] ep_return -142.56  pol_loss -0.0017  val_loss 341.3155  ev 0.020
Saved final model to reinforce/data/reinforce_sweep_HalfCheetah-v4_2026-05-10_21-12-08/model_final.pt
Saved 100 eval points -> /home/naida/Desktop/CS515-Deep-RL/results/continuous/reinforce/halfcheetah-v4/seed_0.npy
Saved wallclock              -> /home/naida/Desktop/CS515-Deep-RL/results/wallclock/continuous/reinforce/halfcheetah-v4/seed_0.npy
