2026-05-10 21:12:07.761743: I tensorflow/core/util/port.cc:153] oneDNN custom operations are on. You may see slightly different numerical results due to floating-point round-off errors from different computation orders. To turn them off, set the environment variable `TF_ENABLE_ONEDNN_OPTS=0`.
2026-05-10 21:12:07.780967: E external/local_xla/xla/stream_executor/cuda/cuda_fft.cc:467] Unable to register cuFFT factory: Attempting to register factory for plugin cuFFT when one has already been registered
WARNING: All log messages before absl::InitializeLog() is called are written to STDERR
E0000 00:00:1778436727.805586 2628794 cuda_dnn.cc:8579] Unable to register cuDNN factory: Attempting to register factory for plugin cuDNN when one has already been registered
E0000 00:00:1778436727.813466 2628794 cuda_blas.cc:1407] Unable to register cuBLAS factory: Attempting to register factory for plugin cuBLAS when one has already been registered
W0000 00:00:1778436727.832534 2628794 computation_placer.cc:177] computation placer already registered. Please check linkage and avoid linking the same target more than once.
W0000 00:00:1778436727.832587 2628794 computation_placer.cc:177] computation placer already registered. Please check linkage and avoid linking the same target more than once.
W0000 00:00:1778436727.832594 2628794 computation_placer.cc:177] computation placer already registered. Please check linkage and avoid linking the same target more than once.
W0000 00:00:1778436727.832598 2628794 computation_placer.cc:177] computation placer already registered. Please check linkage and avoid linking the same target more than once.
2026-05-10 21:12:07.836918: I tensorflow/core/platform/cpu_feature_guard.cc:210] This TensorFlow binary is optimized to use available CPU instructions in performance-critical operations.
To enable the following instructions: AVX2 AVX512F AVX512_VNNI FMA, in other operations, rebuild TensorFlow with the appropriate compiler flags.
GPU not detected. Defaulting to CPU.
########################
logging outputs to reinforce/data/reinforce_sweep_HalfCheetah-v4_2026-05-10_21-12-09
########################
[eval @ step    10000] mean return = -1092.79
[update    1 | ep     10 | steps    10000 | sps   1189] ep_return -272.59  pol_loss -0.0090  val_loss 897.7205  ev -0.001
[eval @ step    20000] mean return = -1063.21
[update    2 | ep     20 | steps    20000 | sps   1259] ep_return -283.14  pol_loss -0.0114  val_loss 838.0995  ev -0.001
[eval @ step    30000] mean return = -1036.35
[update    3 | ep     30 | steps    30000 | sps   1352] ep_return -272.03  pol_loss  0.0004  val_loss 645.4148  ev -0.001
[eval @ step    40000] mean return =  -977.81
[update    4 | ep     40 | steps    40000 | sps   1390] ep_return -262.62  pol_loss  0.0049  val_loss 700.3620  ev -0.001
[eval @ step    50000] mean return =  -965.66
[update    5 | ep     50 | steps    50000 | sps   1402] ep_return -263.68  pol_loss  0.0163  val_loss 842.8946  ev -0.001
[eval @ step    60000] mean return =  -935.48
[update    6 | ep     60 | steps    60000 | sps   1394] ep_return -262.35  pol_loss -0.0170  val_loss 801.6663  ev -0.001
[eval @ step    70000] mean return =  -911.30
[update    7 | ep     70 | steps    70000 | sps   1410] ep_return -257.60  pol_loss -0.0087  val_loss 622.2723  ev -0.001
[eval @ step    80000] mean return =  -863.88
[update    8 | ep     80 | steps    80000 | sps   1415] ep_return -256.02  pol_loss -0.0297  val_loss 729.0920  ev -0.001
[eval @ step    90000] mean return =  -836.55
[update    9 | ep     90 | steps    90000 | sps   1421] ep_return -256.26  pol_loss -0.0018  val_loss 696.2959  ev -0.000
[eval @ step   100000] mean return =  -824.68
[update   10 | ep    100 | steps   100000 | sps   1431] ep_return -257.72  pol_loss  0.0186  val_loss 804.0737  ev -0.001
[eval @ step   110000] mean return =  -789.68
[update   11 | ep    110 | steps   110000 | sps   1430] ep_return -256.67  pol_loss  0.0123  val_loss 762.5616  ev -0.001
[eval @ step   120000] mean return =  -697.30
[update   12 | ep    120 | steps   120000 | sps   1442] ep_return -255.30  pol_loss -0.0220  val_loss 833.6718  ev -0.002
[eval @ step   130000] mean return =  -695.66
[update   13 | ep    130 | steps   130000 | sps   1445] ep_return -255.41  pol_loss  0.0069  val_loss 656.5741  ev -0.000
[eval @ step   140000] mean return =  -686.02
[update   14 | ep    140 | steps   140000 | sps   1451] ep_return -257.09  pol_loss  0.0023  val_loss 679.7906  ev -0.002
[eval @ step   150000] mean return =  -673.11
[update   15 | ep    150 | steps   150000 | sps   1450] ep_return -251.62  pol_loss -0.0151  val_loss 465.0628  ev -0.000
[eval @ step   160000] mean return =  -660.67
[update   16 | ep    160 | steps   160000 | sps   1457] ep_return -247.33  pol_loss -0.0057  val_loss 553.1890  ev -0.001
[eval @ step   170000] mean return =  -651.71
[update   17 | ep    170 | steps   170000 | sps   1452] ep_return -244.72  pol_loss  0.0000  val_loss 493.1029  ev 0.000
[eval @ step   180000] mean return =  -646.50
[update   18 | ep    180 | steps   180000 | sps   1450] ep_return -244.99  pol_loss -0.0180  val_loss 705.0700  ev -0.002
[eval @ step   190000] mean return =  -625.85
[update   19 | ep    190 | steps   190000 | sps   1457] ep_return -242.11  pol_loss  0.0319  val_loss 641.2751  ev -0.001
[eval @ step   200000] mean return =  -607.80
[update   20 | ep    200 | steps   200000 | sps   1462] ep_return -238.08  pol_loss  0.0070  val_loss 610.6769  ev -0.002
[eval @ step   210000] mean return =  -572.48
[update   21 | ep    210 | steps   210000 | sps   1464] ep_return -234.00  pol_loss  0.0135  val_loss 597.9616  ev -0.002
[eval @ step   220000] mean return =  -570.93
[update   22 | ep    220 | steps   220000 | sps   1467] ep_return -232.10  pol_loss -0.0243  val_loss 765.6857  ev -0.002
[eval @ step   230000] mean return =  -549.28
[update   23 | ep    230 | steps   230000 | sps   1466] ep_return -229.66  pol_loss -0.0127  val_loss 551.5429  ev -0.001
[eval @ step   240000] mean return =  -541.97
[update   24 | ep    240 | steps   240000 | sps   1467] ep_return -229.25  pol_loss -0.0231  val_loss 677.3403  ev -0.002
[eval @ step   250000] mean return =  -516.71
[update   25 | ep    250 | steps   250000 | sps   1467] ep_return -226.39  pol_loss -0.0266  val_loss 447.2606  ev 0.002
[eval @ step   260000] mean return =  -497.14
[update   26 | ep    260 | steps   260000 | sps   1464] ep_return -227.80  pol_loss -0.0203  val_loss 565.6465  ev -0.001
[eval @ step   270000] mean return =  -478.56
[update   27 | ep    270 | steps   270000 | sps   1469] ep_return -230.01  pol_loss  0.0143  val_loss 629.7728  ev -0.002
[eval @ step   280000] mean return =  -460.19
[update   28 | ep    280 | steps   280000 | sps   1463] ep_return -225.42  pol_loss -0.0000  val_loss 451.9937  ev -0.002
[eval @ step   290000] mean return =  -449.18
[update   29 | ep    290 | steps   290000 | sps   1462] ep_return -222.80  pol_loss -0.0249  val_loss 461.4985  ev -0.001
[eval @ step   300000] mean return =  -441.94
[update   30 | ep    300 | steps   300000 | sps   1466] ep_return -220.50  pol_loss -0.0056  val_loss 438.8337  ev -0.001
[eval @ step   310000] mean return =  -427.46
[update   31 | ep    310 | steps   310000 | sps   1470] ep_return -219.76  pol_loss -0.0075  val_loss 497.5462  ev -0.003
[eval @ step   320000] mean return =  -401.28
[update   32 | ep    320 | steps   320000 | sps   1473] ep_return -212.82  pol_loss -0.0232  val_loss 449.1962  ev 0.001
[eval @ step   330000] mean return =  -374.89
[update   33 | ep    330 | steps   330000 | sps   1475] ep_return -210.25  pol_loss -0.0228  val_loss 505.9774  ev -0.003
[eval @ step   340000] mean return =  -362.76
[update   34 | ep    340 | steps   340000 | sps   1477] ep_return -206.57  pol_loss -0.0058  val_loss 532.7940  ev -0.004
[eval @ step   350000] mean return =  -354.05
[update   35 | ep    350 | steps   350000 | sps   1478] ep_return -206.20  pol_loss -0.0009  val_loss 419.6739  ev 0.002
[eval @ step   360000] mean return =  -343.90
[update   36 | ep    360 | steps   360000 | sps   1471] ep_return -203.35  pol_loss -0.0035  val_loss 502.9627  ev -0.003
[eval @ step   370000] mean return =  -331.32
[update   37 | ep    370 | steps   370000 | sps   1473] ep_return -199.07  pol_loss -0.0487  val_loss 363.6540  ev 0.004
[eval @ step   380000] mean return =  -322.72
[update   38 | ep    380 | steps   380000 | sps   1477] ep_return -198.91  pol_loss -0.0115  val_loss 463.0672  ev -0.003
[eval @ step   390000] mean return =  -294.46
[update   39 | ep    390 | steps   390000 | sps   1475] ep_return -194.59  pol_loss -0.0154  val_loss 303.9849  ev 0.010
[eval @ step   400000] mean return =  -275.94
[update   40 | ep    400 | steps   400000 | sps   1471] ep_return -193.30  pol_loss -0.0210  val_loss 409.0800  ev -0.007
[eval @ step   410000] mean return =  -273.88
[update   41 | ep    410 | steps   410000 | sps   1471] ep_return -187.37  pol_loss -0.0404  val_loss 260.7115  ev -0.000
[eval @ step   420000] mean return =  -158.68
[update   42 | ep    420 | steps   420000 | sps   1472] ep_return -184.75  pol_loss  0.0053  val_loss 328.2664  ev 0.005
[eval @ step   430000] mean return =  -228.53
[update   43 | ep    430 | steps   430000 | sps   1473] ep_return -181.41  pol_loss -0.0217  val_loss 319.3817  ev 0.001
[eval @ step   440000] mean return =  -159.07
[update   44 | ep    440 | steps   440000 | sps   1474] ep_return -176.67  pol_loss  0.0214  val_loss 288.6596  ev -0.006
[eval @ step   450000] mean return =  -161.31
[update   45 | ep    450 | steps   450000 | sps   1472] ep_return -174.58  pol_loss -0.0297  val_loss 355.4800  ev -0.001
[eval @ step   460000] mean return =   -93.99
[update   46 | ep    460 | steps   460000 | sps   1475] ep_return -169.57  pol_loss  0.0067  val_loss 287.0818  ev 0.000
[eval @ step   470000] mean return =   -71.04
[update   47 | ep    470 | steps   470000 | sps   1478] ep_return -170.39  pol_loss -0.0062  val_loss 396.9417  ev -0.013
[eval @ step   480000] mean return =  -142.23
[update   48 | ep    480 | steps   480000 | sps   1481] ep_return -161.82  pol_loss -0.0049  val_loss 195.1865  ev 0.007
[eval @ step   490000] mean return =   -57.20
[update   49 | ep    490 | steps   490000 | sps   1484] ep_return -157.65  pol_loss -0.0257  val_loss 228.3372  ev 0.002
[eval @ step   500000] mean return =    80.98
[update   50 | ep    500 | steps   500000 | sps   1482] ep_return -152.87  pol_loss -0.0100  val_loss 270.6692  ev -0.007
[eval @ step   510000] mean return =   232.65
[update   51 | ep    510 | steps   510000 | sps   1485] ep_return -151.42  pol_loss -0.0246  val_loss 235.6411  ev -0.008
[eval @ step   520000] mean return =   242.50
[update   52 | ep    520 | steps   520000 | sps   1487] ep_return -148.86  pol_loss -0.0383  val_loss 247.2108  ev -0.005
[eval @ step   530000] mean return =   287.03
[update   53 | ep    530 | steps   530000 | sps   1489] ep_return -143.12  pol_loss -0.0027  val_loss 216.6173  ev 0.000
[eval @ step   540000] mean return =   279.51
[update   54 | ep    540 | steps   540000 | sps   1489] ep_return -137.47  pol_loss  0.0061  val_loss 172.2791  ev -0.002
[eval @ step   550000] mean return =   322.35
[update   55 | ep    550 | steps   550000 | sps   1486] ep_return -131.09  pol_loss -0.0214  val_loss 156.7761  ev -0.005
[eval @ step   560000] mean return =   294.79
[update   56 | ep    560 | steps   560000 | sps   1488] ep_return -124.01  pol_loss -0.0303  val_loss 123.1971  ev 0.011
[eval @ step   570000] mean return =   320.89
[update   57 | ep    570 | steps   570000 | sps   1476] ep_return -113.78  pol_loss  0.0088  val_loss 163.8422  ev -0.008
[eval @ step   580000] mean return =   349.32
[update   58 | ep    580 | steps   580000 | sps   1477] ep_return -111.62  pol_loss -0.0150  val_loss 144.4143  ev -0.015
[eval @ step   590000] mean return =   349.26
[update   59 | ep    590 | steps   590000 | sps   1478] ep_return -107.84  pol_loss  0.0314  val_loss 115.3690  ev -0.002
[eval @ step   600000] mean return =   362.20
[update   60 | ep    600 | steps   600000 | sps   1477] ep_return -100.08  pol_loss -0.0121  val_loss 83.5853  ev 0.000
[eval @ step   610000] mean return =   366.93
[update   61 | ep    610 | steps   610000 | sps   1472] ep_return  -93.17  pol_loss  0.0126  val_loss 122.9320  ev -0.007
[eval @ step   620000] mean return =   354.23
[update   62 | ep    620 | steps   620000 | sps   1469] ep_return  -87.30  pol_loss  0.0046  val_loss 116.3707  ev -0.002
[eval @ step   630000] mean return =   330.52
[update   63 | ep    630 | steps   630000 | sps   1471] ep_return  -80.91  pol_loss -0.0487  val_loss 103.9574  ev -0.013
[eval @ step   640000] mean return =   387.67
[update   64 | ep    640 | steps   640000 | sps   1472] ep_return  -75.06  pol_loss -0.0096  val_loss 117.8330  ev -0.001
[eval @ step   650000] mean return =   399.08
[update   65 | ep    650 | steps   650000 | sps   1473] ep_return  -71.36  pol_loss -0.0204  val_loss 88.9088  ev -0.004
[eval @ step   660000] mean return =   401.13
[update   66 | ep    660 | steps   660000 | sps   1475] ep_return  -68.72  pol_loss -0.0238  val_loss 76.8163  ev -0.010
[eval @ step   670000] mean return =   383.80
[update   67 | ep    670 | steps   670000 | sps   1477] ep_return  -62.73  pol_loss -0.0505  val_loss 82.8840  ev -0.016
[eval @ step   680000] mean return =   375.78
[update   68 | ep    680 | steps   680000 | sps   1476] ep_return  -56.29  pol_loss -0.0404  val_loss 83.9141  ev -0.005
[eval @ step   690000] mean return =   377.30
[update   69 | ep    690 | steps   690000 | sps   1478] ep_return  -50.82  pol_loss  0.0055  val_loss 81.8915  ev -0.012
[eval @ step   700000] mean return =   427.48
[update   70 | ep    700 | steps   700000 | sps   1480] ep_return  -47.39  pol_loss -0.0294  val_loss 105.3261  ev -0.010
[eval @ step   710000] mean return =   427.79
[update   71 | ep    710 | steps   710000 | sps   1481] ep_return  -40.56  pol_loss -0.0479  val_loss 54.8737  ev -0.008
[eval @ step   720000] mean return =   413.87
[update   72 | ep    720 | steps   720000 | sps   1480] ep_return  -34.32  pol_loss -0.0084  val_loss 63.5892  ev -0.012
[eval @ step   730000] mean return =   438.99
[update   73 | ep    730 | steps   730000 | sps   1481] ep_return  -28.62  pol_loss  0.0041  val_loss 65.8808  ev -0.008
[eval @ step   740000] mean return =   470.81
[update   74 | ep    740 | steps   740000 | sps   1482] ep_return  -21.32  pol_loss -0.0479  val_loss 84.8975  ev -0.001
[eval @ step   750000] mean return =   466.91
[update   75 | ep    750 | steps   750000 | sps   1481] ep_return  -15.82  pol_loss -0.0336  val_loss 139.8178  ev -0.014
[eval @ step   760000] mean return =   453.31
[update   76 | ep    760 | steps   760000 | sps   1483] ep_return  -10.88  pol_loss -0.0338  val_loss 110.8323  ev -0.017
[eval @ step   770000] mean return =   475.69
[update   77 | ep    770 | steps   770000 | sps   1485] ep_return   -6.56  pol_loss -0.0100  val_loss 171.6495  ev -0.016
[eval @ step   780000] mean return =   491.59
[update   78 | ep    780 | steps   780000 | sps   1487] ep_return   -0.41  pol_loss  0.0166  val_loss 168.4566  ev -0.015
[eval @ step   790000] mean return =   472.02
[update   79 | ep    790 | steps   790000 | sps   1489] ep_return    3.03  pol_loss  0.0131  val_loss 173.0502  ev -0.013
[eval @ step   800000] mean return =   500.22
[update   80 | ep    800 | steps   800000 | sps   1489] ep_return    8.47  pol_loss -0.0094  val_loss 117.7468  ev -0.018
[eval @ step   810000] mean return =   498.91
[update   81 | ep    810 | steps   810000 | sps   1487] ep_return   10.78  pol_loss -0.0278  val_loss 183.5649  ev -0.004
[eval @ step   820000] mean return =   479.81
[update   82 | ep    820 | steps   820000 | sps   1481] ep_return   19.07  pol_loss -0.0376  val_loss 129.5079  ev -0.009
[eval @ step   830000] mean return =   523.21
[update   83 | ep    830 | steps   830000 | sps   1481] ep_return   24.32  pol_loss -0.0391  val_loss 130.2455  ev -0.002
[eval @ step   840000] mean return =   528.35
[update   84 | ep    840 | steps   840000 | sps   1481] ep_return   26.98  pol_loss -0.0298  val_loss 232.4837  ev -0.015
[eval @ step   850000] mean return =   540.42
[update   85 | ep    850 | steps   850000 | sps   1483] ep_return   33.03  pol_loss -0.0437  val_loss 151.1686  ev -0.010
[eval @ step   860000] mean return =   543.33
[update   86 | ep    860 | steps   860000 | sps   1484] ep_return   38.61  pol_loss -0.0523  val_loss 177.1703  ev -0.011
[eval @ step   870000] mean return =   551.67
[update   87 | ep    870 | steps   870000 | sps   1486] ep_return   44.02  pol_loss -0.0104  val_loss 149.0206  ev -0.003
[eval @ step   880000] mean return =   571.97
[update   88 | ep    880 | steps   880000 | sps   1488] ep_return   48.20  pol_loss -0.0552  val_loss 193.6245  ev -0.006
[eval @ step   890000] mean return =   572.69
[update   89 | ep    890 | steps   890000 | sps   1488] ep_return   60.34  pol_loss -0.0241  val_loss 280.7668  ev -0.000
[eval @ step   900000] mean return =   571.89
[update   90 | ep    900 | steps   900000 | sps   1489] ep_return   69.97  pol_loss -0.0767  val_loss 253.6937  ev -0.005
[eval @ step   910000] mean return =   602.94
[update   91 | ep    910 | steps   910000 | sps   1488] ep_return   78.86  pol_loss -0.0637  val_loss 252.3357  ev -0.003
[eval @ step   920000] mean return =   631.63
[update   92 | ep    920 | steps   920000 | sps   1490] ep_return   84.02  pol_loss -0.0240  val_loss 307.7413  ev -0.005
[eval @ step   930000] mean return =   608.50
[update   93 | ep    930 | steps   930000 | sps   1490] ep_return   89.25  pol_loss -0.0260  val_loss 278.3017  ev -0.009
[eval @ step   940000] mean return =   650.94
[update   94 | ep    940 | steps   940000 | sps   1492] ep_return   97.52  pol_loss -0.0076  val_loss 319.7761  ev -0.005
[eval @ step   950000] mean return =   663.23
[update   95 | ep    950 | steps   950000 | sps   1492] ep_return  105.25  pol_loss -0.0370  val_loss 268.8683  ev -0.004
[eval @ step   960000] mean return =   675.37
[update   96 | ep    960 | steps   960000 | sps   1492] ep_return  114.69  pol_loss -0.0365  val_loss 309.4079  ev -0.004
[eval @ step   970000] mean return =   670.10
[update   97 | ep    970 | steps   970000 | sps   1493] ep_return  122.53  pol_loss -0.0090  val_loss 337.8712  ev -0.007
[eval @ step   980000] mean return =   675.76
[update   98 | ep    980 | steps   980000 | sps   1493] ep_return  129.73  pol_loss -0.0035  val_loss 404.3357  ev -0.004
[eval @ step   990000] mean return =   711.95
[update   99 | ep    990 | steps   990000 | sps   1493] ep_return  131.64  pol_loss -0.0462  val_loss 393.0416  ev -0.005
[eval @ step  1000000] mean return =   716.39
[update  100 | ep   1000 | steps  1000000 | sps   1494] ep_return  138.80  pol_loss -0.0096  val_loss 461.8459  ev -0.001
Saved final model to reinforce/data/reinforce_sweep_HalfCheetah-v4_2026-05-10_21-12-09/model_final.pt
Saved 100 eval points -> /home/naida/Desktop/CS515-Deep-RL/results/continuous/reinforce/halfcheetah-v4/seed_3.npy
Saved wallclock              -> /home/naida/Desktop/CS515-Deep-RL/results/wallclock/continuous/reinforce/halfcheetah-v4/seed_3.npy
