2026-05-10 21:12:06.906167: I tensorflow/core/util/port.cc:153] oneDNN custom operations are on. You may see slightly different numerical results due to floating-point round-off errors from different computation orders. To turn them off, set the environment variable `TF_ENABLE_ONEDNN_OPTS=0`.
2026-05-10 21:12:06.918337: E external/local_xla/xla/stream_executor/cuda/cuda_fft.cc:467] Unable to register cuFFT factory: Attempting to register factory for plugin cuFFT when one has already been registered
WARNING: All log messages before absl::InitializeLog() is called are written to STDERR
E0000 00:00:1778436726.933484 2628790 cuda_dnn.cc:8579] Unable to register cuDNN factory: Attempting to register factory for plugin cuDNN when one has already been registered
E0000 00:00:1778436726.938264 2628790 cuda_blas.cc:1407] Unable to register cuBLAS factory: Attempting to register factory for plugin cuBLAS when one has already been registered
W0000 00:00:1778436726.951398 2628790 computation_placer.cc:177] computation placer already registered. Please check linkage and avoid linking the same target more than once.
W0000 00:00:1778436726.951437 2628790 computation_placer.cc:177] computation placer already registered. Please check linkage and avoid linking the same target more than once.
W0000 00:00:1778436726.951442 2628790 computation_placer.cc:177] computation placer already registered. Please check linkage and avoid linking the same target more than once.
W0000 00:00:1778436726.951446 2628790 computation_placer.cc:177] computation placer already registered. Please check linkage and avoid linking the same target more than once.
2026-05-10 21:12:06.954822: I tensorflow/core/platform/cpu_feature_guard.cc:210] This TensorFlow binary is optimized to use available CPU instructions in performance-critical operations.
To enable the following instructions: AVX2 AVX512F AVX512_VNNI FMA, in other operations, rebuild TensorFlow with the appropriate compiler flags.
GPU not detected. Defaulting to CPU.
########################
logging outputs to reinforce/data/reinforce_sweep_Hopper-v4_2026-05-10_21-12-08
########################
[update    1 | ep     10 | steps      259 | sps    259] ep_return   14.53  pol_loss  0.0060  val_loss 72.1323  ev 0.002
[update    2 | ep     20 | steps      563 | sps    563] ep_return   16.64  pol_loss  0.0508  val_loss 146.0883  ev 0.003
[update    3 | ep     30 | steps      840 | sps    840] ep_return   16.24  pol_loss  0.0197  val_loss 96.4653  ev 0.004
[update    4 | ep     40 | steps     1065 | sps   1065] ep_return   16.75  pol_loss  0.0926  val_loss 143.3400  ev -0.003
[update    5 | ep     50 | steps     1369 | sps   1369] ep_return   17.76  pol_loss -0.0862  val_loss 221.0781  ev 0.006
[update    6 | ep     60 | steps     1681 | sps   1681] ep_return   19.18  pol_loss -0.1576  val_loss 928.8272  ev 0.001
[update    7 | ep     70 | steps     2085 | sps   1855] ep_return   23.88  pol_loss -0.0106  val_loss 4611.8906  ev 0.001
[update    8 | ep     80 | steps     2352 | sps   1861] ep_return   22.85  pol_loss -0.0017  val_loss 69.1494  ev 0.011
[update    9 | ep     90 | steps     2810 | sps   1869] ep_return   25.95  pol_loss -0.0742  val_loss 2290.3350  ev 0.000
[update   10 | ep    100 | steps     3306 | sps   1879] ep_return   28.93  pol_loss -0.0480  val_loss 1793.6984  ev 0.001
[update   11 | ep    110 | steps     3766 | sps   1886] ep_return   31.99  pol_loss  0.0640  val_loss 1028.8289  ev 0.003
[update   12 | ep    120 | steps     4305 | sps   1893] ep_return   37.32  pol_loss -0.0643  val_loss 2852.7012  ev 0.002
[update   13 | ep    130 | steps     4732 | sps   1895] ep_return   41.37  pol_loss -0.0450  val_loss 3403.0764  ev 0.001
[update   14 | ep    140 | steps     5108 | sps   1894] ep_return   43.11  pol_loss -0.0147  val_loss 658.0383  ev 0.002
[update   15 | ep    150 | steps     5524 | sps   1893] ep_return   45.91  pol_loss  0.0478  val_loss 1737.1406  ev 0.006
[update   16 | ep    160 | steps     6002 | sps   1812] ep_return   48.74  pol_loss  0.0698  val_loss 1665.9048  ev 0.004
[update   17 | ep    170 | steps     6534 | sps   1744] ep_return   50.55  pol_loss -0.1070  val_loss 2255.8564  ev 0.002
[update   18 | ep    180 | steps     7048 | sps   1691] ep_return   56.02  pol_loss  0.0249  val_loss 2869.5156  ev 0.003
[update   19 | ep    190 | steps     7653 | sps   1641] ep_return   59.70  pol_loss -0.0343  val_loss 3316.2051  ev 0.002
[update   20 | ep    200 | steps     8293 | sps   1629] ep_return   63.67  pol_loss -0.0221  val_loss 4148.4521  ev 0.005
[update   21 | ep    210 | steps     8863 | sps   1589] ep_return   67.54  pol_loss  0.0506  val_loss 3323.6965  ev 0.008
[update   22 | ep    220 | steps     9344 | sps   1586] ep_return   67.67  pol_loss -0.1057  val_loss 2012.4161  ev 0.005
[update   23 | ep    230 | steps     9869 | sps   1594] ep_return   70.07  pol_loss -0.0432  val_loss 2633.4385  ev 0.005
[eval @ step    10446] mean return =    78.25
[update   24 | ep    240 | steps    10446 | sps   1541] ep_return   75.50  pol_loss  0.0126  val_loss 3361.7842  ev 0.004
[update   25 | ep    250 | steps    11052 | sps   1520] ep_return   80.98  pol_loss  0.0329  val_loss 3434.6216  ev 0.010
[update   26 | ep    260 | steps    11738 | sps   1517] ep_return   85.30  pol_loss -0.0385  val_loss 3066.9417  ev 0.009
[update   27 | ep    270 | steps    12347 | sps   1530] ep_return   85.99  pol_loss -0.0194  val_loss 2081.1567  ev -0.001
[update   28 | ep    280 | steps    13024 | sps   1521] ep_return   88.77  pol_loss -0.0053  val_loss 2996.3982  ev 0.005
[update   29 | ep    290 | steps    13635 | sps   1535] ep_return   90.70  pol_loss  0.0484  val_loss 3789.9329  ev 0.012
[update   30 | ep    300 | steps    14195 | sps   1547] ep_return   89.95  pol_loss -0.0323  val_loss 2674.7043  ev 0.008
[update   31 | ep    310 | steps    14804 | sps   1559] ep_return   90.83  pol_loss -0.0668  val_loss 2541.5144  ev 0.013
[update   32 | ep    320 | steps    15322 | sps   1568] ep_return   91.83  pol_loss -0.0172  val_loss 2964.2166  ev 0.006
[update   33 | ep    330 | steps    15936 | sps   1567] ep_return   93.87  pol_loss -0.0843  val_loss 3817.3188  ev 0.006
[update   34 | ep    340 | steps    16527 | sps   1568] ep_return   94.65  pol_loss -0.0440  val_loss 3284.6750  ev 0.005
[update   35 | ep    350 | steps    17132 | sps   1578] ep_return   93.66  pol_loss -0.0878  val_loss 2732.3652  ev 0.002
[update   36 | ep    360 | steps    17785 | sps   1588] ep_return   94.23  pol_loss  0.0098  val_loss 3352.3081  ev 0.010
[update   37 | ep    370 | steps    18396 | sps   1596] ep_return   95.92  pol_loss -0.0871  val_loss 3789.6309  ev 0.005
[update   38 | ep    380 | steps    19088 | sps   1605] ep_return   97.98  pol_loss -0.0412  val_loss 3708.5405  ev 0.016
[update   39 | ep    390 | steps    19762 | sps   1612] ep_return   98.56  pol_loss -0.0381  val_loss 4036.5483  ev 0.006
[eval @ step    20478] mean return =   101.61
[update   40 | ep    400 | steps    20478 | sps   1599] ep_return  101.16  pol_loss -0.0982  val_loss 4340.2334  ev 0.008
[update   41 | ep    410 | steps    21250 | sps   1595] ep_return  105.42  pol_loss -0.0174  val_loss 4972.1650  ev 0.006
[update   42 | ep    420 | steps    21902 | sps   1598] ep_return  107.54  pol_loss -0.0014  val_loss 3784.3943  ev 0.008
[update   43 | ep    430 | steps    22598 | sps   1605] ep_return  108.57  pol_loss -0.0706  val_loss 3603.4312  ev 0.012
[update   44 | ep    440 | steps    23332 | sps   1586] ep_return  111.43  pol_loss  0.0389  val_loss 5196.4297  ev 0.005
[update   45 | ep    450 | steps    24165 | sps   1596] ep_return  116.66  pol_loss -0.0526  val_loss 5834.1045  ev 0.008
[update   46 | ep    460 | steps    24889 | sps   1601] ep_return  119.27  pol_loss -0.0537  val_loss 4448.8726  ev 0.021
[update   47 | ep    470 | steps    25559 | sps   1607] ep_return  121.79  pol_loss -0.0621  val_loss 4472.3525  ev 0.014
[update   48 | ep    480 | steps    26280 | sps   1594] ep_return  122.43  pol_loss  0.0058  val_loss 5444.1328  ev 0.008
[update   49 | ep    490 | steps    27036 | sps   1581] ep_return  124.90  pol_loss -0.1131  val_loss 5429.5615  ev 0.008
[update   50 | ep    500 | steps    27806 | sps   1575] ep_return  126.50  pol_loss -0.0037  val_loss 5314.4688  ev 0.013
[update   51 | ep    510 | steps    28645 | sps   1584] ep_return  127.18  pol_loss -0.0297  val_loss 5870.2397  ev 0.005
[update   52 | ep    520 | steps    29488 | sps   1592] ep_return  130.95  pol_loss  0.0189  val_loss 6329.8213  ev 0.007
[eval @ step    30377] mean return =   158.69
[update   53 | ep    530 | steps    30377 | sps   1558] ep_return  136.70  pol_loss  0.0160  val_loss 8019.0566  ev 0.007
[update   54 | ep    540 | steps    31044 | sps   1563] ep_return  135.18  pol_loss  0.0160  val_loss 4543.2593  ev 0.006
[update   55 | ep    550 | steps    31951 | sps   1570] ep_return  135.83  pol_loss -0.0579  val_loss 6753.2485  ev 0.002
[update   56 | ep    560 | steps    32897 | sps   1563] ep_return  139.95  pol_loss -0.0380  val_loss 6953.5044  ev 0.014
[update   57 | ep    570 | steps    33999 | sps   1570] ep_return  146.91  pol_loss -0.0018  val_loss 8330.8066  ev 0.004
[update   58 | ep    580 | steps    34842 | sps   1576] ep_return  150.48  pol_loss -0.0206  val_loss 7439.6445  ev 0.006
[update   59 | ep    590 | steps    35843 | sps   1566] ep_return  152.90  pol_loss -0.0575  val_loss 6805.8486  ev 0.001
[update   60 | ep    600 | steps    36717 | sps   1573] ep_return  154.58  pol_loss -0.0372  val_loss 6244.3896  ev 0.003
[update   61 | ep    610 | steps    37546 | sps   1579] ep_return  155.34  pol_loss -0.0329  val_loss 6918.2085  ev 0.007
[update   62 | ep    620 | steps    38260 | sps   1583] ep_return  153.28  pol_loss -0.0224  val_loss 6289.1802  ev 0.005
[update   63 | ep    630 | steps    39228 | sps   1589] ep_return  154.47  pol_loss  0.0297  val_loss 7612.6050  ev 0.004
[eval @ step    40234] mean return =   201.49
[update   64 | ep    640 | steps    40234 | sps   1578] ep_return  161.23  pol_loss -0.0028  val_loss 7297.0078  ev 0.001
[update   65 | ep    650 | steps    41237 | sps   1581] ep_return  164.50  pol_loss -0.0249  val_loss 7961.0884  ev 0.011
[update   66 | ep    660 | steps    42125 | sps   1587] ep_return  164.10  pol_loss -0.0059  val_loss 6916.7646  ev 0.006
[update   67 | ep    670 | steps    43119 | sps   1588] ep_return  164.51  pol_loss -0.0547  val_loss 8437.7266  ev 0.012
[update   68 | ep    680 | steps    43995 | sps   1589] ep_return  164.27  pol_loss -0.0050  val_loss 6381.9995  ev 0.006
[update   69 | ep    690 | steps    44957 | sps   1594] ep_return  166.55  pol_loss -0.0286  val_loss 7877.6724  ev 0.007
[update   70 | ep    700 | steps    45994 | sps   1600] ep_return  171.99  pol_loss  0.0276  val_loss 8714.0537  ev 0.001
[update   71 | ep    710 | steps    47071 | sps   1606] ep_return  178.39  pol_loss -0.0064  val_loss 9466.4775  ev 0.002
[update   72 | ep    720 | steps    48147 | sps   1602] ep_return  185.55  pol_loss  0.0013  val_loss 8714.0059  ev -0.005
[update   73 | ep    730 | steps    49132 | sps   1593] ep_return  186.45  pol_loss -0.0450  val_loss 7826.4722  ev 0.010
[eval @ step    50113] mean return =   230.95
[update   74 | ep    740 | steps    50113 | sps   1579] ep_return  187.41  pol_loss  0.0018  val_loss 7961.4844  ev 0.006
[update   75 | ep    750 | steps    51172 | sps   1577] ep_return  187.94  pol_loss -0.0558  val_loss 7383.7358  ev 0.007
[update   76 | ep    760 | steps    52151 | sps   1582] ep_return  191.04  pol_loss -0.0425  val_loss 9233.2607  ev 0.010
[update   77 | ep    770 | steps    53133 | sps   1586] ep_return  188.93  pol_loss  0.0161  val_loss 6467.7422  ev 0.006
[update   78 | ep    780 | steps    54181 | sps   1577] ep_return  192.71  pol_loss  0.0253  val_loss 8530.6152  ev -0.004
[update   79 | ep    790 | steps    55026 | sps   1570] ep_return  189.91  pol_loss  0.0081  val_loss 6370.6177  ev 0.003
[update   80 | ep    800 | steps    56164 | sps   1565] ep_return  192.50  pol_loss  0.0190  val_loss 9497.5107  ev -0.001
[update   81 | ep    810 | steps    57275 | sps   1555] ep_return  192.71  pol_loss -0.0706  val_loss 8965.0977  ev 0.003
[update   82 | ep    820 | steps    58324 | sps   1546] ep_return  193.01  pol_loss -0.0672  val_loss 8239.2910  ev -0.001
[update   83 | ep    830 | steps    59307 | sps   1538] ep_return  193.37  pol_loss -0.0916  val_loss 7456.0239  ev 0.002
[eval @ step    60366] mean return =   229.27
[update   84 | ep    840 | steps    60366 | sps   1509] ep_return  194.89  pol_loss  0.0252  val_loss 8352.1094  ev -0.002
[update   85 | ep    850 | steps    61482 | sps   1502] ep_return  197.39  pol_loss -0.0617  val_loss 8768.5498  ev 0.005
[update   86 | ep    860 | steps    62530 | sps   1507] ep_return  197.18  pol_loss -0.0213  val_loss 7893.9170  ev 0.004
[update   87 | ep    870 | steps    63484 | sps   1512] ep_return  198.39  pol_loss  0.0011  val_loss 7675.9663  ev -0.002
[update   88 | ep    880 | steps    64473 | sps   1517] ep_return  199.04  pol_loss -0.0303  val_loss 8651.2588  ev 0.002
[update   89 | ep    890 | steps    65338 | sps   1519] ep_return  199.71  pol_loss -0.0092  val_loss 6737.6631  ev -0.002
[update   90 | ep    900 | steps    66261 | sps   1514] ep_return  195.13  pol_loss -0.0360  val_loss 7534.4839  ev -0.002
[update   91 | ep    910 | steps    67408 | sps   1520] ep_return  196.11  pol_loss -0.0073  val_loss 9420.6504  ev -0.000
[update   92 | ep    920 | steps    68599 | sps   1526] ep_return  198.62  pol_loss -0.0494  val_loss 8975.1455  ev -0.007
[update   93 | ep    930 | steps    69664 | sps   1523] ep_return  200.87  pol_loss -0.0630  val_loss 8794.5576  ev -0.002
[eval @ step    70629] mean return =   227.63
[update   94 | ep    940 | steps    70629 | sps   1516] ep_return  198.95  pol_loss  0.0364  val_loss 7598.8882  ev 0.003
[update   95 | ep    950 | steps    71634 | sps   1517] ep_return  197.31  pol_loss -0.0580  val_loss 7989.1772  ev 0.005
[update   96 | ep    960 | steps    72722 | sps   1514] ep_return  199.24  pol_loss -0.0826  val_loss 8433.8770  ev -0.002
[update   97 | ep    970 | steps    73697 | sps   1518] ep_return  200.20  pol_loss  0.0454  val_loss 8381.5635  ev -0.004
[update   98 | ep    980 | steps    74852 | sps   1523] ep_return  201.62  pol_loss -0.0060  val_loss 8633.1436  ev -0.011
[update   99 | ep    990 | steps    75961 | sps   1528] ep_return  206.96  pol_loss -0.0205  val_loss 8745.4980  ev -0.011
[update  100 | ep   1000 | steps    77139 | sps   1531] ep_return  212.84  pol_loss -0.0191  val_loss 9803.8760  ev -0.001
[update  101 | ep   1010 | steps    78241 | sps   1535] ep_return  211.23  pol_loss  0.0293  val_loss 8142.6626  ev -0.012
[update  102 | ep   1020 | steps    79244 | sps   1539] ep_return  208.25  pol_loss -0.0132  val_loss 7864.7705  ev -0.008
[eval @ step    80316] mean return =   227.84
[update  103 | ep   1030 | steps    80316 | sps   1533] ep_return  208.62  pol_loss  0.0324  val_loss 8739.3438  ev -0.011
[update  104 | ep   1040 | steps    81475 | sps   1530] ep_return  212.45  pol_loss -0.0232  val_loss 8675.7959  ev -0.017
[update  105 | ep   1050 | steps    82465 | sps   1534] ep_return  211.02  pol_loss  0.0112  val_loss 7354.0083  ev -0.005
[update  106 | ep   1060 | steps    83569 | sps   1538] ep_return  210.89  pol_loss -0.0230  val_loss 8652.5605  ev -0.013
[update  107 | ep   1070 | steps    84712 | sps   1542] ep_return  215.09  pol_loss -0.0296  val_loss 9565.2471  ev -0.012
[update  108 | ep   1080 | steps    85766 | sps   1546] ep_return  215.30  pol_loss  0.0373  val_loss 8847.8135  ev -0.011
[update  109 | ep   1090 | steps    86985 | sps   1550] ep_return  216.99  pol_loss  0.0054  val_loss 8964.1396  ev -0.017
[update  110 | ep   1100 | steps    88191 | sps   1553] ep_return  216.65  pol_loss -0.0543  val_loss 9375.1807  ev -0.013
[update  111 | ep   1110 | steps    89282 | sps   1552] ep_return  216.91  pol_loss  0.0205  val_loss 8986.7061  ev -0.013
[eval @ step    90417] mean return =   229.22
[update  112 | ep   1120 | steps    90417 | sps   1547] ep_return  219.86  pol_loss  0.0273  val_loss 9171.8086  ev -0.011
[update  113 | ep   1130 | steps    91508 | sps   1550] ep_return  219.95  pol_loss -0.0483  val_loss 8711.4502  ev -0.009
[update  114 | ep   1140 | steps    92613 | sps   1553] ep_return  219.14  pol_loss -0.0065  val_loss 8695.6055  ev 0.002
[update  115 | ep   1150 | steps    93798 | sps   1556] ep_return  223.10  pol_loss  0.0621  val_loss 8660.4551  ev -0.009
[update  116 | ep   1160 | steps    94865 | sps   1557] ep_return  223.87  pol_loss -0.0145  val_loss 9039.1377  ev -0.011
[update  117 | ep   1170 | steps    95936 | sps   1561] ep_return  222.50  pol_loss -0.0401  val_loss 9663.8955  ev -0.006
[update  118 | ep   1180 | steps    97227 | sps   1564] ep_return  225.47  pol_loss -0.0167  val_loss 10015.3047  ev -0.009
[update  119 | ep   1190 | steps    98271 | sps   1566] ep_return  222.64  pol_loss -0.0522  val_loss 8243.7637  ev -0.008
[update  120 | ep   1200 | steps    99284 | sps   1564] ep_return  219.31  pol_loss  0.0152  val_loss 8480.9102  ev -0.009
[eval @ step   100368] mean return =   236.37
[update  121 | ep   1210 | steps   100368 | sps   1558] ep_return  220.18  pol_loss  0.0070  val_loss 8886.2520  ev -0.008
[update  122 | ep   1220 | steps   101653 | sps   1562] ep_return  222.71  pol_loss -0.0226  val_loss 9534.2354  ev -0.016
[update  123 | ep   1230 | steps   102872 | sps   1565] ep_return  224.99  pol_loss -0.0061  val_loss 9440.9023  ev -0.008
[update  124 | ep   1240 | steps   104126 | sps   1568] ep_return  228.83  pol_loss -0.0016  val_loss 9934.2529  ev -0.005
[update  125 | ep   1250 | steps   105307 | sps   1571] ep_return  230.46  pol_loss -0.0514  val_loss 9653.0938  ev -0.007
[update  126 | ep   1260 | steps   106499 | sps   1575] ep_return  231.74  pol_loss  0.0302  val_loss 9237.0479  ev -0.006
[update  127 | ep   1270 | steps   107762 | sps   1577] ep_return  233.68  pol_loss  0.0209  val_loss 9054.6172  ev -0.008
[update  128 | ep   1280 | steps   109052 | sps   1579] ep_return  233.24  pol_loss  0.0370  val_loss 9701.9131  ev -0.009
[eval @ step   110210] mean return =   240.24
[update  129 | ep   1290 | steps   110210 | sps   1574] ep_return  235.44  pol_loss  0.0496  val_loss 8926.9062  ev -0.010
[update  130 | ep   1300 | steps   111491 | sps   1577] ep_return  239.49  pol_loss -0.0059  val_loss 9180.1309  ev -0.016
[update  131 | ep   1310 | steps   112769 | sps   1580] ep_return  242.91  pol_loss  0.0206  val_loss 10260.4111  ev -0.012
[update  132 | ep   1320 | steps   113962 | sps   1582] ep_return  241.31  pol_loss  0.0037  val_loss 8993.0801  ev -0.017
[update  133 | ep   1330 | steps   115291 | sps   1585] ep_return  242.70  pol_loss -0.0225  val_loss 9802.0430  ev -0.013
[update  134 | ep   1340 | steps   116354 | sps   1587] ep_return  237.38  pol_loss -0.0594  val_loss 8074.9839  ev -0.010
[update  135 | ep   1350 | steps   117523 | sps   1590] ep_return  235.97  pol_loss -0.0489  val_loss 8710.1953  ev -0.012
[update  136 | ep   1360 | steps   118674 | sps   1593] ep_return  236.67  pol_loss -0.0190  val_loss 9605.5898  ev -0.008
[update  137 | ep   1370 | steps   119960 | sps   1596] ep_return  237.13  pol_loss -0.0018  val_loss 9326.2871  ev -0.006
[eval @ step   121152] mean return =   245.37
[update  138 | ep   1380 | steps   121152 | sps   1591] ep_return  237.42  pol_loss -0.0140  val_loss 9882.1494  ev -0.009
[update  139 | ep   1390 | steps   122371 | sps   1594] ep_return  238.77  pol_loss  0.0328  val_loss 9205.1816  ev -0.013
[update  140 | ep   1400 | steps   123650 | sps   1589] ep_return  239.72  pol_loss  0.0294  val_loss 9850.9434  ev -0.009
[update  141 | ep   1410 | steps   124914 | sps   1584] ep_return  239.94  pol_loss  0.0431  val_loss 10285.5303  ev -0.006
[update  142 | ep   1420 | steps   126122 | sps   1579] ep_return  240.92  pol_loss -0.0585  val_loss 9432.2900  ev -0.010
[update  143 | ep   1430 | steps   127540 | sps   1579] ep_return  242.31  pol_loss  0.0784  val_loss 10328.7070  ev -0.021
[update  144 | ep   1440 | steps   128673 | sps   1581] ep_return  245.43  pol_loss -0.0462  val_loss 9091.8555  ev -0.009
[update  145 | ep   1450 | steps   129953 | sps   1584] ep_return  247.01  pol_loss -0.0178  val_loss 9395.3115  ev -0.009
[eval @ step   131191] mean return =   246.46
[update  146 | ep   1460 | steps   131191 | sps   1579] ep_return  247.99  pol_loss -0.0102  val_loss 9950.5146  ev -0.016
[update  147 | ep   1470 | steps   132568 | sps   1581] ep_return  250.31  pol_loss -0.0385  val_loss 10352.8320  ev -0.009
[update  148 | ep   1480 | steps   133861 | sps   1581] ep_return  250.25  pol_loss -0.0400  val_loss 9150.5996  ev -0.014
[update  149 | ep   1490 | steps   135008 | sps   1583] ep_return  249.75  pol_loss  0.0186  val_loss 9398.7021  ev -0.009
[update  150 | ep   1500 | steps   136306 | sps   1586] ep_return  248.97  pol_loss -0.0162  val_loss 9484.1475  ev -0.011
[update  151 | ep   1510 | steps   137608 | sps   1583] ep_return  248.34  pol_loss  0.0287  val_loss 9548.6104  ev -0.007
[update  152 | ep   1520 | steps   138884 | sps   1585] ep_return  249.10  pol_loss  0.0018  val_loss 9286.4619  ev -0.011
[eval @ step   140213] mean return =   250.76
[update  153 | ep   1530 | steps   140213 | sps   1580] ep_return  248.00  pol_loss -0.0190  val_loss 9741.1758  ev -0.011
[update  154 | ep   1540 | steps   141494 | sps   1583] ep_return  249.28  pol_loss  0.0312  val_loss 9090.9238  ev -0.004
[update  155 | ep   1550 | steps   142863 | sps   1582] ep_return  250.68  pol_loss -0.0341  val_loss 9791.1270  ev -0.016
[update  156 | ep   1560 | steps   144115 | sps   1578] ep_return  250.44  pol_loss -0.0563  val_loss 9459.2031  ev -0.010
[update  157 | ep   1570 | steps   145240 | sps   1575] ep_return  245.33  pol_loss -0.0469  val_loss 8705.0205  ev 0.018
[update  158 | ep   1580 | steps   146651 | sps   1578] ep_return  246.55  pol_loss  0.0442  val_loss 8744.4863  ev -0.008
[update  159 | ep   1590 | steps   147956 | sps   1577] ep_return  248.10  pol_loss -0.0012  val_loss 9575.3818  ev -0.019
[update  160 | ep   1600 | steps   149196 | sps   1574] ep_return  246.75  pol_loss -0.0772  val_loss 8356.6338  ev -0.007
[eval @ step   150662] mean return =   254.43
[update  161 | ep   1610 | steps   150662 | sps   1566] ep_return  249.10  pol_loss -0.0057  val_loss 10055.4873  ev -0.019
[update  162 | ep   1620 | steps   152029 | sps   1562] ep_return  250.95  pol_loss  0.0065  val_loss 10101.2627  ev -0.011
[update  163 | ep   1630 | steps   153289 | sps   1564] ep_return  249.13  pol_loss  0.0417  val_loss 9061.6348  ev -0.005
[update  164 | ep   1640 | steps   154595 | sps   1566] ep_return  249.94  pol_loss  0.0373  val_loss 9428.7383  ev -0.011
[update  165 | ep   1650 | steps   155864 | sps   1568] ep_return  249.17  pol_loss -0.0203  val_loss 9373.1094  ev -0.011
[update  166 | ep   1660 | steps   157256 | sps   1570] ep_return  250.49  pol_loss -0.0086  val_loss 9336.7373  ev -0.018
[update  167 | ep   1670 | steps   158573 | sps   1572] ep_return  253.29  pol_loss  0.0214  val_loss 9523.3906  ev 0.003
[update  168 | ep   1680 | steps   159958 | sps   1574] ep_return  253.93  pol_loss -0.0480  val_loss 10008.7275  ev -0.009
[eval @ step   161186] mean return =   258.08
[update  169 | ep   1690 | steps   161186 | sps   1565] ep_return  252.07  pol_loss -0.0180  val_loss 8640.4102  ev -0.015
[update  170 | ep   1700 | steps   162467 | sps   1562] ep_return  254.25  pol_loss -0.0117  val_loss 9366.6045  ev -0.011
[update  171 | ep   1710 | steps   163781 | sps   1564] ep_return  252.43  pol_loss  0.0234  val_loss 9449.9844  ev -0.007
[update  172 | ep   1720 | steps   165068 | sps   1559] ep_return  251.16  pol_loss  0.0014  val_loss 9469.2773  ev -0.003
[update  173 | ep   1730 | steps   166346 | sps   1558] ep_return  252.96  pol_loss  0.0135  val_loss 9966.0273  ev -0.010
[update  174 | ep   1740 | steps   167660 | sps   1559] ep_return  253.42  pol_loss  0.0087  val_loss 9676.9873  ev -0.007
[update  175 | ep   1750 | steps   169017 | sps   1560] ep_return  254.83  pol_loss  0.0253  val_loss 9488.4092  ev -0.009
[eval @ step   170309] mean return =   257.12
[update  176 | ep   1760 | steps   170309 | sps   1555] ep_return  254.02  pol_loss -0.0038  val_loss 9379.3564  ev -0.012
[update  177 | ep   1770 | steps   171639 | sps   1557] ep_return  254.34  pol_loss -0.0032  val_loss 9017.3350  ev -0.011
[update  178 | ep   1780 | steps   172955 | sps   1558] ep_return  253.50  pol_loss  0.0315  val_loss 9724.0000  ev -0.008
[update  179 | ep   1790 | steps   174245 | sps   1554] ep_return  254.50  pol_loss -0.0671  val_loss 9180.7646  ev -0.014
[update  180 | ep   1800 | steps   175537 | sps   1555] ep_return  254.18  pol_loss  0.0031  val_loss 9353.8799  ev -0.010
[update  181 | ep   1810 | steps   176710 | sps   1557] ep_return  252.75  pol_loss -0.0315  val_loss 9713.2012  ev -0.001
[update  182 | ep   1820 | steps   178004 | sps   1559] ep_return  252.66  pol_loss  0.0050  val_loss 9524.1748  ev -0.007
[update  183 | ep   1830 | steps   179383 | sps   1561] ep_return  253.31  pol_loss  0.0167  val_loss 9448.1484  ev -0.008
[eval @ step   180560] mean return =   253.54
[update  184 | ep   1840 | steps   180560 | sps   1557] ep_return  251.33  pol_loss  0.0327  val_loss 9142.6934  ev -0.011
[update  185 | ep   1850 | steps   181874 | sps   1559] ep_return  251.02  pol_loss  0.0117  val_loss 9779.0713  ev -0.008
[update  186 | ep   1860 | steps   183122 | sps   1561] ep_return  250.38  pol_loss -0.0184  val_loss 9298.1943  ev -0.010
[update  187 | ep   1870 | steps   184403 | sps   1562] ep_return  251.05  pol_loss  0.0088  val_loss 9416.4219  ev -0.010
[update  188 | ep   1880 | steps   185617 | sps   1564] ep_return  250.04  pol_loss  0.0527  val_loss 9277.1709  ev -0.005
[update  189 | ep   1890 | steps   186809 | sps   1566] ep_return  248.09  pol_loss -0.0171  val_loss 8185.1240  ev -0.013
[update  190 | ep   1900 | steps   188209 | sps   1566] ep_return  249.74  pol_loss -0.0521  val_loss 9720.5244  ev -0.013
[update  191 | ep   1910 | steps   189586 | sps   1567] ep_return  251.99  pol_loss  0.0019  val_loss 9581.9189  ev -0.013
[eval @ step   190902] mean return =   257.50
[update  192 | ep   1920 | steps   190902 | sps   1564] ep_return  252.27  pol_loss  0.0390  val_loss 9808.2393  ev -0.016
[update  193 | ep   1930 | steps   192252 | sps   1565] ep_return  252.36  pol_loss -0.0172  val_loss 10040.8750  ev -0.013
[update  194 | ep   1940 | steps   193583 | sps   1567] ep_return  255.14  pol_loss  0.0035  val_loss 9636.0781  ev -0.008
[update  195 | ep   1950 | steps   194926 | sps   1569] ep_return  255.45  pol_loss  0.0169  val_loss 9758.4814  ev -0.003
[update  196 | ep   1960 | steps   196148 | sps   1570] ep_return  254.27  pol_loss -0.0113  val_loss 8492.4316  ev -0.007
[update  197 | ep   1970 | steps   197502 | sps   1567] ep_return  255.25  pol_loss  0.0237  val_loss 9627.0977  ev -0.007
[update  198 | ep   1980 | steps   198717 | sps   1569] ep_return  254.96  pol_loss -0.0064  val_loss 9463.9014  ev -0.003
[eval @ step   200129] mean return =   259.24
[update  199 | ep   1990 | steps   200129 | sps   1566] ep_return  257.98  pol_loss -0.0038  val_loss 8774.6562  ev -0.007
[update  200 | ep   2000 | steps   201509 | sps   1564] ep_return  257.67  pol_loss -0.0247  val_loss 9438.4561  ev -0.006
[update  201 | ep   2010 | steps   202877 | sps   1561] ep_return  258.30  pol_loss -0.0111  val_loss 10424.0645  ev -0.003
[update  202 | ep   2020 | steps   204122 | sps   1562] ep_return  258.69  pol_loss -0.0051  val_loss 9908.2891  ev -0.000
[update  203 | ep   2030 | steps   205268 | sps   1564] ep_return  254.96  pol_loss -0.0746  val_loss 8364.6426  ev -0.004
[update  204 | ep   2040 | steps   206571 | sps   1565] ep_return  254.55  pol_loss  0.0201  val_loss 9518.7100  ev -0.008
[update  205 | ep   2050 | steps   207738 | sps   1565] ep_return  252.42  pol_loss  0.0040  val_loss 9249.8027  ev -0.002
[update  206 | ep   2060 | steps   209027 | sps   1566] ep_return  253.66  pol_loss -0.0312  val_loss 8817.4414  ev -0.001
[eval @ step   210297] mean return =   252.59
[update  207 | ep   2070 | steps   210297 | sps   1563] ep_return  252.92  pol_loss  0.0072  val_loss 9771.0410  ev -0.006
[update  208 | ep   2080 | steps   211592 | sps   1565] ep_return  254.26  pol_loss -0.0289  val_loss 9516.3691  ev -0.004
[update  209 | ep   2090 | steps   212882 | sps   1565] ep_return  254.88  pol_loss -0.0255  val_loss 9625.2607  ev -0.008
[update  210 | ep   2100 | steps   214085 | sps   1563] ep_return  252.30  pol_loss -0.0050  val_loss 8795.6729  ev -0.001
[update  211 | ep   2110 | steps   215336 | sps   1563] ep_return  249.45  pol_loss  0.0096  val_loss 9054.9277  ev -0.004
[update  212 | ep   2120 | steps   216627 | sps   1565] ep_return  250.06  pol_loss -0.0098  val_loss 10160.7637  ev -0.005
[update  213 | ep   2130 | steps   217955 | sps   1567] ep_return  253.42  pol_loss  0.0094  val_loss 9493.1660  ev -0.002
[update  214 | ep   2140 | steps   219294 | sps   1568] ep_return  254.11  pol_loss  0.0036  val_loss 9919.0957  ev -0.006
[eval @ step   220547] mean return =   249.32
[update  215 | ep   2150 | steps   220547 | sps   1564] ep_return  254.57  pol_loss -0.0012  val_loss 9138.8760  ev -0.006
[update  216 | ep   2160 | steps   221774 | sps   1566] ep_return  254.62  pol_loss -0.0165  val_loss 9005.7373  ev -0.005
[update  217 | ep   2170 | steps   223015 | sps   1566] ep_return  253.64  pol_loss -0.0468  val_loss 8938.6436  ev -0.006
[update  218 | ep   2180 | steps   224388 | sps   1563] ep_return  254.19  pol_loss  0.0342  val_loss 9088.5234  ev -0.009
[update  219 | ep   2190 | steps   225733 | sps   1560] ep_return  254.96  pol_loss  0.0447  val_loss 10102.1484  ev -0.011
[update  220 | ep   2200 | steps   227019 | sps   1558] ep_return  256.93  pol_loss  0.0106  val_loss 9299.2080  ev 0.002
[update  221 | ep   2210 | steps   228243 | sps   1557] ep_return  257.81  pol_loss -0.0570  val_loss 9249.2871  ev -0.005
[update  222 | ep   2220 | steps   229518 | sps   1555] ep_return  256.86  pol_loss -0.0350  val_loss 9430.4287  ev -0.007
[eval @ step   230801] mean return =   247.56
[update  223 | ep   2230 | steps   230801 | sps   1547] ep_return  256.13  pol_loss -0.0066  val_loss 9302.1113  ev -0.008
[update  224 | ep   2240 | steps   232037 | sps   1547] ep_return  254.95  pol_loss -0.0366  val_loss 9443.5000  ev 0.000
[update  225 | ep   2250 | steps   233252 | sps   1549] ep_return  253.99  pol_loss -0.0236  val_loss 8614.5166  ev -0.006
[update  226 | ep   2260 | steps   234557 | sps   1551] ep_return  255.10  pol_loss -0.0205  val_loss 9275.3467  ev -0.006
[update  227 | ep   2270 | steps   235725 | sps   1552] ep_return  254.91  pol_loss -0.0105  val_loss 9320.5000  ev -0.004
[update  228 | ep   2280 | steps   237026 | sps   1554] ep_return  253.93  pol_loss  0.0757  val_loss 8809.3447  ev 0.000
[update  229 | ep   2290 | steps   238300 | sps   1555] ep_return  252.52  pol_loss -0.0012  val_loss 9303.2188  ev -0.005
[update  230 | ep   2300 | steps   239606 | sps   1556] ep_return  252.69  pol_loss -0.0074  val_loss 9469.0898  ev -0.007
[eval @ step   240827] mean return =   243.23
[update  231 | ep   2310 | steps   240827 | sps   1554] ep_return  252.01  pol_loss -0.0383  val_loss 8664.9756  ev -0.006
[update  232 | ep   2320 | steps   242103 | sps   1556] ep_return  251.58  pol_loss -0.0302  val_loss 8816.1592  ev -0.007
[update  233 | ep   2330 | steps   243426 | sps   1557] ep_return  251.82  pol_loss  0.0019  val_loss 9122.6475  ev -0.008
[update  234 | ep   2340 | steps   244710 | sps   1559] ep_return  252.03  pol_loss -0.0319  val_loss 9426.3135  ev -0.006
[update  235 | ep   2350 | steps   246023 | sps   1560] ep_return  254.10  pol_loss  0.0556  val_loss 9012.5713  ev -0.005
[update  236 | ep   2360 | steps   247211 | sps   1561] ep_return  251.13  pol_loss -0.0272  val_loss 8087.5723  ev -0.007
[update  237 | ep   2370 | steps   248473 | sps   1560] ep_return  251.75  pol_loss -0.0021  val_loss 9058.4004  ev -0.006
[update  238 | ep   2380 | steps   249731 | sps   1562] ep_return  251.04  pol_loss  0.0641  val_loss 8463.4629  ev -0.007
[eval @ step   251022] mean return =   243.93
[update  239 | ep   2390 | steps   251022 | sps   1553] ep_return  251.09  pol_loss  0.0222  val_loss 8752.4814  ev -0.001
[update  240 | ep   2400 | steps   252378 | sps   1553] ep_return  251.34  pol_loss -0.0388  val_loss 9152.2080  ev -0.008
[update  241 | ep   2410 | steps   253615 | sps   1554] ep_return  251.69  pol_loss -0.0242  val_loss 8920.7852  ev -0.009
[update  242 | ep   2420 | steps   254925 | sps   1555] ep_return  252.17  pol_loss -0.0599  val_loss 8983.2168  ev -0.005
[update  243 | ep   2430 | steps   256080 | sps   1555] ep_return  248.64  pol_loss  0.0402  val_loss 7882.8501  ev -0.005
[update  244 | ep   2440 | steps   257275 | sps   1554] ep_return  247.60  pol_loss  0.0502  val_loss 8905.0254  ev -0.006
[update  245 | ep   2450 | steps   258677 | sps   1554] ep_return  248.14  pol_loss  0.0028  val_loss 8764.0742  ev -0.007
[eval @ step   260040] mean return =   246.08
[update  246 | ep   2460 | steps   260040 | sps   1552] ep_return  251.43  pol_loss -0.0039  val_loss 8821.2285  ev -0.006
[update  247 | ep   2470 | steps   261193 | sps   1553] ep_return  250.21  pol_loss -0.0013  val_loss 8869.6768  ev -0.004
[update  248 | ep   2480 | steps   262315 | sps   1555] ep_return  249.27  pol_loss  0.0045  val_loss 8734.5791  ev -0.006
[update  249 | ep   2490 | steps   263516 | sps   1556] ep_return  248.36  pol_loss -0.0546  val_loss 8729.6895  ev -0.007
[update  250 | ep   2500 | steps   264728 | sps   1558] ep_return  246.58  pol_loss -0.0072  val_loss 9147.6729  ev -0.008
[update  251 | ep   2510 | steps   266004 | sps   1559] ep_return  247.48  pol_loss  0.0064  val_loss 9467.7334  ev -0.005
[update  252 | ep   2520 | steps   267269 | sps   1560] ep_return  247.70  pol_loss  0.0309  val_loss 9623.1562  ev -0.007
[update  253 | ep   2530 | steps   268517 | sps   1562] ep_return  250.91  pol_loss  0.0430  val_loss 9345.5557  ev -0.004
[update  254 | ep   2540 | steps   269780 | sps   1563] ep_return  251.65  pol_loss  0.0122  val_loss 9100.7979  ev -0.005
[eval @ step   270933] mean return =   246.53
[update  255 | ep   2550 | steps   270933 | sps   1559] ep_return  249.90  pol_loss  0.0265  val_loss 9354.5771  ev -0.004
[update  256 | ep   2560 | steps   272135 | sps   1557] ep_return  248.39  pol_loss  0.0327  val_loss 8999.5400  ev -0.007
[update  257 | ep   2570 | steps   273367 | sps   1556] ep_return  250.27  pol_loss  0.0118  val_loss 9711.8105  ev -0.003
[update  258 | ep   2580 | steps   274638 | sps   1554] ep_return  252.58  pol_loss  0.0171  val_loss 9583.0078  ev -0.004
[update  259 | ep   2590 | steps   275838 | sps   1556] ep_return  253.12  pol_loss  0.0384  val_loss 9321.9932  ev -0.003
[update  260 | ep   2600 | steps   277092 | sps   1557] ep_return  254.50  pol_loss -0.0165  val_loss 9478.0498  ev -0.003
[update  261 | ep   2610 | steps   278341 | sps   1558] ep_return  254.05  pol_loss -0.0140  val_loss 9064.6523  ev -0.006
[update  262 | ep   2620 | steps   279562 | sps   1559] ep_return  253.09  pol_loss  0.0719  val_loss 9295.0586  ev -0.010
[eval @ step   280734] mean return =   249.53
[update  263 | ep   2630 | steps   280734 | sps   1556] ep_return  252.01  pol_loss -0.0783  val_loss 9239.9697  ev -0.006
[update  264 | ep   2640 | steps   281923 | sps   1557] ep_return  251.78  pol_loss  0.0362  val_loss 9462.5312  ev -0.001
[update  265 | ep   2650 | steps   283120 | sps   1558] ep_return  252.42  pol_loss  0.0039  val_loss 9351.7051  ev -0.000
[update  266 | ep   2660 | steps   284325 | sps   1559] ep_return  252.44  pol_loss  0.0286  val_loss 9039.2578  ev -0.004
[update  267 | ep   2670 | steps   285620 | sps   1560] ep_return  253.09  pol_loss -0.0256  val_loss 9973.0781  ev -0.006
[update  268 | ep   2680 | steps   286825 | sps   1561] ep_return  252.49  pol_loss  0.0525  val_loss 9568.6592  ev -0.006
[update  269 | ep   2690 | steps   288110 | sps   1560] ep_return  253.40  pol_loss  0.0040  val_loss 9117.7373  ev -0.005
[update  270 | ep   2700 | steps   289443 | sps   1561] ep_return  254.76  pol_loss -0.0068  val_loss 9958.2471  ev -0.003
[eval @ step   290673] mean return =   253.03
[update  271 | ep   2710 | steps   290673 | sps   1559] ep_return  255.42  pol_loss -0.0179  val_loss 9704.9590  ev -0.003
[update  272 | ep   2720 | steps   291901 | sps   1559] ep_return  255.86  pol_loss -0.0685  val_loss 9401.5127  ev -0.006
[update  273 | ep   2730 | steps   293173 | sps   1557] ep_return  258.28  pol_loss -0.0403  val_loss 10449.2900  ev 0.004
[update  274 | ep   2740 | steps   294455 | sps   1555] ep_return  259.42  pol_loss  0.0012  val_loss 9835.8281  ev -0.005
[update  275 | ep   2750 | steps   295793 | sps   1555] ep_return  261.02  pol_loss -0.0438  val_loss 9621.8838  ev -0.005
[update  276 | ep   2760 | steps   297131 | sps   1557] ep_return  263.55  pol_loss  0.0543  val_loss 10308.5713  ev -0.006
[update  277 | ep   2770 | steps   298338 | sps   1558] ep_return  262.87  pol_loss -0.0106  val_loss 9779.2695  ev -0.001
[update  278 | ep   2780 | steps   299569 | sps   1559] ep_return  263.46  pol_loss  0.0197  val_loss 9822.8672  ev -0.004
[eval @ step   300874] mean return =   257.91
[update  279 | ep   2790 | steps   300874 | sps   1557] ep_return  264.08  pol_loss -0.0268  val_loss 9578.1436  ev -0.007
[update  280 | ep   2800 | steps   302154 | sps   1558] ep_return  262.87  pol_loss -0.0531  val_loss 9428.8613  ev -0.004
[update  281 | ep   2810 | steps   303485 | sps   1559] ep_return  263.78  pol_loss -0.0110  val_loss 9602.0918  ev -0.006
[update  282 | ep   2820 | steps   304964 | sps   1561] ep_return  266.73  pol_loss  0.0485  val_loss 9658.5254  ev -0.001
[update  283 | ep   2830 | steps   306237 | sps   1562] ep_return  266.73  pol_loss  0.0142  val_loss 10182.3955  ev -0.001
[update  284 | ep   2840 | steps   307496 | sps   1562] ep_return  267.22  pol_loss -0.0070  val_loss 10171.6250  ev -0.002
[update  285 | ep   2850 | steps   308783 | sps   1563] ep_return  267.40  pol_loss  0.0087  val_loss 10172.9463  ev 0.004
[update  286 | ep   2860 | steps   309991 | sps   1564] ep_return  265.77  pol_loss  0.0271  val_loss 9595.1689  ev -0.002
[eval @ step   311222] mean return =   259.82
[update  287 | ep   2870 | steps   311222 | sps   1562] ep_return  265.53  pol_loss -0.0180  val_loss 9590.3633  ev -0.002
[update  288 | ep   2880 | steps   312571 | sps   1563] ep_return  266.06  pol_loss  0.0668  val_loss 9137.3320  ev -0.005
[update  289 | ep   2890 | steps   313790 | sps   1564] ep_return  265.81  pol_loss -0.0149  val_loss 10375.7041  ev 0.001
[update  290 | ep   2900 | steps   315175 | sps   1565] ep_return  267.72  pol_loss  0.0292  val_loss 10049.2188  ev 0.003
[update  291 | ep   2910 | steps   316477 | sps   1566] ep_return  267.97  pol_loss -0.0041  val_loss 9997.8467  ev -0.004
[update  292 | ep   2920 | steps   317873 | sps   1566] ep_return  268.18  pol_loss  0.0221  val_loss 10678.8242  ev 0.003
[update  293 | ep   2930 | steps   319164 | sps   1567] ep_return  268.03  pol_loss -0.0154  val_loss 10309.3643  ev 0.006
[eval @ step   320477] mean return =   278.56
[update  294 | ep   2940 | steps   320477 | sps   1565] ep_return  268.64  pol_loss -0.0221  val_loss 10130.5723  ev 0.009
[update  295 | ep   2950 | steps   321800 | sps   1565] ep_return  269.08  pol_loss -0.0187  val_loss 10218.2656  ev 0.017
[update  296 | ep   2960 | steps   323103 | sps   1564] ep_return  269.41  pol_loss -0.0364  val_loss 9809.3955  ev 0.004
[update  297 | ep   2970 | steps   324466 | sps   1563] ep_return  271.38  pol_loss -0.0003  val_loss 10135.6885  ev 0.016
[update  298 | ep   2980 | steps   325777 | sps   1563] ep_return  272.12  pol_loss  0.0701  val_loss 10205.6055  ev 0.005
[update  299 | ep   2990 | steps   327036 | sps   1565] ep_return  272.39  pol_loss -0.0514  val_loss 10253.8877  ev 0.018
[update  300 | ep   3000 | steps   328414 | sps   1566] ep_return  272.68  pol_loss -0.0403  val_loss 10249.7383  ev 0.009
[update  301 | ep   3010 | steps   329798 | sps   1567] ep_return  274.90  pol_loss  0.0183  val_loss 11323.9824  ev 0.020
[eval @ step   331053] mean return =   302.03
[update  302 | ep   3020 | steps   331053 | sps   1562] ep_return  273.12  pol_loss -0.0070  val_loss 10087.5645  ev 0.018
[update  303 | ep   3030 | steps   332422 | sps   1563] ep_return  275.17  pol_loss -0.0198  val_loss 10950.8604  ev 0.020
[update  304 | ep   3040 | steps   333795 | sps   1564] ep_return  276.26  pol_loss  0.0205  val_loss 10585.7646  ev 0.010
[update  305 | ep   3050 | steps   335162 | sps   1566] ep_return  277.17  pol_loss -0.0606  val_loss 10517.7100  ev 0.021
[update  306 | ep   3060 | steps   336483 | sps   1567] ep_return  278.97  pol_loss -0.0018  val_loss 10588.9473  ev 0.010
[update  307 | ep   3070 | steps   337913 | sps   1568] ep_return  280.28  pol_loss  0.0407  val_loss 10525.5176  ev 0.013
[update  308 | ep   3080 | steps   339365 | sps   1569] ep_return  282.63  pol_loss -0.0079  val_loss 10728.3887  ev 0.010
[eval @ step   340782] mean return =   319.07
[update  309 | ep   3090 | steps   340782 | sps   1567] ep_return  285.74  pol_loss -0.0140  val_loss 11431.8203  ev 0.030
[update  310 | ep   3100 | steps   342186 | sps   1568] ep_return  287.69  pol_loss -0.0156  val_loss 12084.9141  ev 0.021
[update  311 | ep   3110 | steps   343626 | sps   1569] ep_return  288.42  pol_loss -0.0497  val_loss 11638.7646  ev 0.035
[update  312 | ep   3120 | steps   345086 | sps   1571] ep_return  291.57  pol_loss  0.0103  val_loss 11149.6270  ev 0.035
[update  313 | ep   3130 | steps   346503 | sps   1572] ep_return  292.91  pol_loss  0.0353  val_loss 11759.0039  ev 0.017
[update  314 | ep   3140 | steps   347939 | sps   1572] ep_return  294.56  pol_loss -0.0599  val_loss 11554.2344  ev 0.025
[update  315 | ep   3150 | steps   349411 | sps   1573] ep_return  297.24  pol_loss  0.0029  val_loss 11943.0078  ev 0.013
[eval @ step   350885] mean return =   332.62
[update  316 | ep   3160 | steps   350885 | sps   1571] ep_return  300.57  pol_loss -0.0012  val_loss 12112.7246  ev 0.020
[update  317 | ep   3170 | steps   352519 | sps   1570] ep_return  305.14  pol_loss -0.0003  val_loss 12778.5879  ev 0.021
[update  318 | ep   3180 | steps   354023 | sps   1571] ep_return  307.64  pol_loss  0.0492  val_loss 12985.1826  ev 0.017
[update  319 | ep   3190 | steps   355525 | sps   1572] ep_return  308.95  pol_loss  0.0080  val_loss 11756.3076  ev 0.021
[update  320 | ep   3200 | steps   357060 | sps   1573] ep_return  312.34  pol_loss -0.0532  val_loss 13829.1650  ev 0.031
[update  321 | ep   3210 | steps   358539 | sps   1575] ep_return  312.87  pol_loss  0.0131  val_loss 11506.2959  ev 0.017
[eval @ step   360064] mean return =   355.87
[update  322 | ep   3220 | steps   360064 | sps   1572] ep_return  314.58  pol_loss -0.0031  val_loss 11943.0439  ev 0.019
[update  323 | ep   3230 | steps   361586 | sps   1573] ep_return  316.22  pol_loss -0.0360  val_loss 12907.7227  ev 0.020
[update  324 | ep   3240 | steps   363188 | sps   1575] ep_return  318.33  pol_loss -0.0386  val_loss 12363.9746  ev 0.022
[update  325 | ep   3250 | steps   364760 | sps   1576] ep_return  319.94  pol_loss  0.0525  val_loss 12571.8545  ev 0.021
[update  326 | ep   3260 | steps   366367 | sps   1577] ep_return  321.57  pol_loss -0.0152  val_loss 12373.7041  ev 0.021
[update  327 | ep   3270 | steps   368093 | sps   1578] ep_return  323.13  pol_loss -0.0126  val_loss 13211.8330  ev 0.030
[update  328 | ep   3280 | steps   369805 | sps   1579] ep_return  326.22  pol_loss  0.0274  val_loss 13621.8594  ev 0.016
[eval @ step   371509] mean return =   368.80
[update  329 | ep   3290 | steps   371509 | sps   1577] ep_return  330.32  pol_loss -0.0637  val_loss 13381.5020  ev 0.016
[update  330 | ep   3300 | steps   372975 | sps   1576] ep_return  326.28  pol_loss -0.0934  val_loss 11466.7285  ev 0.014
[update  331 | ep   3310 | steps   374742 | sps   1574] ep_return  330.96  pol_loss  0.0042  val_loss 13042.2588  ev 0.021
[update  332 | ep   3320 | steps   376378 | sps   1572] ep_return  333.08  pol_loss  0.0327  val_loss 12936.1465  ev 0.013
[update  333 | ep   3330 | steps   377953 | sps   1570] ep_return  333.55  pol_loss  0.0116  val_loss 12487.1670  ev 0.012
[update  334 | ep   3340 | steps   379625 | sps   1568] ep_return  336.55  pol_loss -0.0174  val_loss 13618.2275  ev 0.019
[eval @ step   381299] mean return =   382.80
[update  335 | ep   3350 | steps   381299 | sps   1564] ep_return  338.84  pol_loss -0.0217  val_loss 13542.7119  ev 0.016
[update  336 | ep   3360 | steps   383056 | sps   1565] ep_return  341.03  pol_loss  0.0111  val_loss 12771.3037  ev 0.035
[update  337 | ep   3370 | steps   384625 | sps   1566] ep_return  336.09  pol_loss -0.0654  val_loss 11825.7383  ev 0.013
[update  338 | ep   3380 | steps   386405 | sps   1567] ep_return  335.90  pol_loss  0.0203  val_loss 12829.2402  ev 0.010
[update  339 | ep   3390 | steps   388167 | sps   1566] ep_return  335.79  pol_loss -0.0476  val_loss 13267.1123  ev 0.008
[eval @ step   390088] mean return =   389.15
[update  340 | ep   3400 | steps   390088 | sps   1563] ep_return  344.83  pol_loss  0.0077  val_loss 14103.6875  ev 0.015
[update  341 | ep   3410 | steps   391924 | sps   1564] ep_return  346.41  pol_loss -0.0181  val_loss 13758.2461  ev 0.015
[update  342 | ep   3420 | steps   393698 | sps   1566] ep_return  349.56  pol_loss  0.0528  val_loss 14058.1250  ev 0.014
[update  343 | ep   3430 | steps   395601 | sps   1567] ep_return  354.41  pol_loss -0.0332  val_loss 13208.6982  ev 0.019
[update  344 | ep   3440 | steps   397601 | sps   1569] ep_return  357.00  pol_loss -0.0385  val_loss 12937.1719  ev 0.013
[update  345 | ep   3450 | steps   399186 | sps   1570] ep_return  354.57  pol_loss -0.0204  val_loss 13028.8154  ev 0.010
[eval @ step   401073] mean return =   387.78
[update  346 | ep   3460 | steps   401073 | sps   1566] ep_return  357.15  pol_loss -0.0042  val_loss 13600.1201  ev 0.008
[update  347 | ep   3470 | steps   402707 | sps   1567] ep_return  360.10  pol_loss  0.0244  val_loss 12648.4062  ev 0.013
[update  348 | ep   3480 | steps   404592 | sps   1568] ep_return  362.54  pol_loss  0.0309  val_loss 13588.7021  ev 0.010
[update  349 | ep   3490 | steps   406126 | sps   1570] ep_return  358.22  pol_loss -0.0638  val_loss 12321.5635  ev 0.007
[update  350 | ep   3500 | steps   407885 | sps   1571] ep_return  356.30  pol_loss -0.0205  val_loss 13899.5996  ev 0.009
[update  351 | ep   3510 | steps   409739 | sps   1573] ep_return  355.30  pol_loss -0.0575  val_loss 12504.1455  ev 0.009
[eval @ step   411453] mean return =   375.72
[update  352 | ep   3520 | steps   411453 | sps   1571] ep_return  354.35  pol_loss  0.0124  val_loss 13823.7383  ev 0.010
[update  353 | ep   3530 | steps   413366 | sps   1572] ep_return  354.36  pol_loss -0.0143  val_loss 13102.6074  ev 0.005
[update  354 | ep   3540 | steps   415090 | sps   1572] ep_return  351.46  pol_loss  0.0072  val_loss 13199.1133  ev 0.003
[update  355 | ep   3550 | steps   416955 | sps   1572] ep_return  355.72  pol_loss  0.0274  val_loss 13373.8037  ev 0.004
[update  356 | ep   3560 | steps   418646 | sps   1574] ep_return  353.84  pol_loss -0.0358  val_loss 13921.3887  ev 0.009
[eval @ step   420362] mean return =   379.06
[update  357 | ep   3570 | steps   420362 | sps   1567] ep_return  357.30  pol_loss  0.0250  val_loss 14286.0107  ev 0.006
[update  358 | ep   3580 | steps   422044 | sps   1568] ep_return  353.63  pol_loss -0.0350  val_loss 13144.9609  ev 0.005
[update  359 | ep   3590 | steps   423739 | sps   1570] ep_return  357.73  pol_loss -0.0364  val_loss 12820.5322  ev 0.003
[update  360 | ep   3600 | steps   425298 | sps   1570] ep_return  353.81  pol_loss -0.0228  val_loss 12451.9463  ev 0.003
[update  361 | ep   3610 | steps   426858 | sps   1571] ep_return  352.41  pol_loss  0.0237  val_loss 13880.0137  ev 0.005
[update  362 | ep   3620 | steps   428574 | sps   1572] ep_return  353.44  pol_loss -0.0305  val_loss 14474.8350  ev 0.004
[eval @ step   430268] mean return =   373.48
[update  363 | ep   3630 | steps   430268 | sps   1570] ep_return  351.06  pol_loss  0.0400  val_loss 13077.3291  ev 0.001
[update  364 | ep   3640 | steps   431875 | sps   1571] ep_return  348.91  pol_loss  0.0013  val_loss 12295.2324  ev 0.004
[update  365 | ep   3650 | steps   433511 | sps   1572] ep_return  347.90  pol_loss -0.0006  val_loss 14449.3145  ev 0.006
[update  366 | ep   3660 | steps   435142 | sps   1574] ep_return  346.84  pol_loss -0.0220  val_loss 13227.2803  ev 0.005
[update  367 | ep   3670 | steps   436853 | sps   1575] ep_return  346.93  pol_loss  0.0045  val_loss 14425.4854  ev 0.004
[update  368 | ep   3680 | steps   438541 | sps   1576] ep_return  349.03  pol_loss -0.0035  val_loss 13934.1182  ev 0.005
[eval @ step   440104] mean return =   374.89
[update  369 | ep   3690 | steps   440104 | sps   1574] ep_return  347.58  pol_loss -0.0132  val_loss 13005.0098  ev 0.004
[update  370 | ep   3700 | steps   441725 | sps   1575] ep_return  349.78  pol_loss -0.0022  val_loss 13730.3223  ev 0.003
[update  371 | ep   3710 | steps   443316 | sps   1576] ep_return  349.00  pol_loss  0.0033  val_loss 13110.2705  ev 0.003
[update  372 | ep   3720 | steps   444944 | sps   1577] ep_return  347.38  pol_loss -0.0118  val_loss 14196.5488  ev 0.002
[update  373 | ep   3730 | steps   446512 | sps   1578] ep_return  347.48  pol_loss  0.0186  val_loss 14186.6221  ev 0.002
[update  374 | ep   3740 | steps   448197 | sps   1579] ep_return  351.00  pol_loss  0.0297  val_loss 14213.6367  ev 0.001
[update  375 | ep   3750 | steps   449821 | sps   1580] ep_return  348.02  pol_loss  0.0077  val_loss 12096.0176  ev -0.001
[eval @ step   451511] mean return =   373.72
[update  376 | ep   3760 | steps   451511 | sps   1579] ep_return  348.30  pol_loss -0.0154  val_loss 13248.1719  ev -0.002
[update  377 | ep   3770 | steps   452989 | sps   1580] ep_return  343.09  pol_loss -0.0216  val_loss 13334.3643  ev 0.002
[update  378 | ep   3780 | steps   454445 | sps   1580] ep_return  337.91  pol_loss -0.0301  val_loss 13875.2090  ev 0.006
[update  379 | ep   3790 | steps   456198 | sps   1579] ep_return  340.75  pol_loss -0.0131  val_loss 13962.4326  ev 0.009
[update  380 | ep   3800 | steps   457794 | sps   1578] ep_return  338.79  pol_loss -0.0323  val_loss 13158.1055  ev 0.008
[update  381 | ep   3810 | steps   459491 | sps   1579] ep_return  340.34  pol_loss -0.0557  val_loss 13293.4072  ev 0.004
[eval @ step   460989] mean return =   378.39
[update  382 | ep   3820 | steps   460989 | sps   1577] ep_return  336.32  pol_loss -0.0105  val_loss 12747.0156  ev -0.000
[update  383 | ep   3830 | steps   462505 | sps   1576] ep_return  332.62  pol_loss -0.0226  val_loss 12041.4619  ev 0.004
[update  384 | ep   3840 | steps   464071 | sps   1574] ep_return  329.38  pol_loss -0.0137  val_loss 12745.4775  ev 0.000
[update  385 | ep   3850 | steps   465673 | sps   1574] ep_return  330.36  pol_loss -0.0692  val_loss 13008.4873  ev 0.002
[update  386 | ep   3860 | steps   467260 | sps   1576] ep_return  330.66  pol_loss -0.0386  val_loss 14602.0654  ev 0.002
[update  387 | ep   3870 | steps   469041 | sps   1577] ep_return  337.32  pol_loss  0.0013  val_loss 14795.9766  ev 0.001
[eval @ step   470755] mean return =   381.07
[update  388 | ep   3880 | steps   470755 | sps   1574] ep_return  343.21  pol_loss  0.0097  val_loss 14028.9590  ev 0.003
[update  389 | ep   3890 | steps   472322 | sps   1575] ep_return  341.38  pol_loss  0.0049  val_loss 13638.1279  ev 0.001
[update  390 | ep   3900 | steps   473948 | sps   1576] ep_return  343.66  pol_loss -0.0197  val_loss 13872.9775  ev -0.001
[update  391 | ep   3910 | steps   475458 | sps   1577] ep_return  339.64  pol_loss -0.0279  val_loss 11817.6543  ev 0.000
[update  392 | ep   3920 | steps   477094 | sps   1577] ep_return  342.23  pol_loss -0.0263  val_loss 12637.7803  ev -0.000
[update  393 | ep   3930 | steps   478734 | sps   1578] ep_return  345.07  pol_loss  0.0071  val_loss 12952.6709  ev -0.001
[eval @ step   480416] mean return =   381.31
[update  394 | ep   3940 | steps   480416 | sps   1574] ep_return  347.48  pol_loss  0.0349  val_loss 13461.4375  ev 0.000
[update  395 | ep   3950 | steps   482097 | sps   1572] ep_return  349.26  pol_loss -0.0063  val_loss 13548.0312  ev -0.001
[update  396 | ep   3960 | steps   483649 | sps   1570] ep_return  347.06  pol_loss -0.0099  val_loss 13399.6416  ev -0.000
[update  397 | ep   3970 | steps   485287 | sps   1569] ep_return  342.78  pol_loss  0.0109  val_loss 12437.1084  ev 0.000
[update  398 | ep   3980 | steps   486832 | sps   1568] ep_return  340.04  pol_loss  0.0461  val_loss 13738.8145  ev 0.001
[update  399 | ep   3990 | steps   488445 | sps   1568] ep_return  339.05  pol_loss  0.0452  val_loss 12774.8691  ev 0.000
[eval @ step   490162] mean return =   381.25
[update  400 | ep   4000 | steps   490162 | sps   1567] ep_return  339.55  pol_loss  0.0099  val_loss 13423.9639  ev -0.000
[update  401 | ep   4010 | steps   491942 | sps   1568] ep_return  345.07  pol_loss  0.0427  val_loss 13495.0342  ev 0.000
[update  402 | ep   4020 | steps   493555 | sps   1569] ep_return  345.73  pol_loss  0.0017  val_loss 13195.0176  ev 0.002
[update  403 | ep   4030 | steps   495361 | sps   1568] ep_return  348.63  pol_loss -0.0099  val_loss 13301.8984  ev -0.003
[update  404 | ep   4040 | steps   497081 | sps   1567] ep_return  348.45  pol_loss -0.0214  val_loss 13042.9609  ev -0.001
[update  405 | ep   4050 | steps   498866 | sps   1567] ep_return  348.71  pol_loss  0.0251  val_loss 12778.2197  ev -0.000
[eval @ step   500526] mean return =   384.08
[update  406 | ep   4060 | steps   500526 | sps   1563] ep_return  349.52  pol_loss -0.0253  val_loss 12288.3408  ev 0.002
[update  407 | ep   4070 | steps   502098 | sps   1562] ep_return  348.99  pol_loss -0.0315  val_loss 12537.9482  ev 0.001
[update  408 | ep   4080 | steps   503685 | sps   1560] ep_return  348.83  pol_loss -0.0247  val_loss 12686.7324  ev 0.001
[update  409 | ep   4090 | steps   505279 | sps   1561] ep_return  349.95  pol_loss -0.0188  val_loss 13343.8115  ev 0.000
[update  410 | ep   4100 | steps   506894 | sps   1562] ep_return  349.66  pol_loss  0.0060  val_loss 13915.3633  ev -0.001
[update  411 | ep   4110 | steps   508492 | sps   1563] ep_return  347.85  pol_loss -0.0226  val_loss 13426.2217  ev -0.000
[eval @ step   510072] mean return =   379.98
[update  412 | ep   4120 | steps   510072 | sps   1562] ep_return  346.27  pol_loss -0.0046  val_loss 12306.2354  ev -0.001
[update  413 | ep   4130 | steps   511595 | sps   1563] ep_return  342.17  pol_loss -0.0142  val_loss 12750.5322  ev -0.001
[update  414 | ep   4140 | steps   513123 | sps   1564] ep_return  339.79  pol_loss -0.0025  val_loss 12667.7070  ev -0.001
[update  415 | ep   4150 | steps   514619 | sps   1565] ep_return  336.81  pol_loss -0.0036  val_loss 14023.2393  ev -0.000
[update  416 | ep   4160 | steps   516116 | sps   1566] ep_return  335.19  pol_loss -0.0386  val_loss 12615.6875  ev -0.001
[update  417 | ep   4170 | steps   517558 | sps   1567] ep_return  332.78  pol_loss -0.0247  val_loss 11818.6787  ev -0.001
[update  418 | ep   4180 | steps   518959 | sps   1568] ep_return  328.91  pol_loss  0.0024  val_loss 11546.0518  ev -0.000
[eval @ step   520456] mean return =   375.12
[update  419 | ep   4190 | steps   520456 | sps   1566] ep_return  326.44  pol_loss  0.0381  val_loss 12638.5547  ev -0.000
[update  420 | ep   4200 | steps   521962 | sps   1567] ep_return  322.75  pol_loss  0.0091  val_loss 12304.7666  ev 0.001
[update  421 | ep   4210 | steps   523647 | sps   1568] ep_return  322.96  pol_loss -0.0371  val_loss 12955.2246  ev -0.002
[update  422 | ep   4220 | steps   525279 | sps   1568] ep_return  325.26  pol_loss -0.0042  val_loss 13524.3350  ev -0.001
[update  423 | ep   4230 | steps   526853 | sps   1569] ep_return  326.06  pol_loss -0.0360  val_loss 12584.8486  ev -0.001
[update  424 | ep   4240 | steps   528554 | sps   1570] ep_return  329.20  pol_loss  0.0067  val_loss 13532.9141  ev -0.001
[eval @ step   530091] mean return =   369.24
[update  425 | ep   4250 | steps   530091 | sps   1566] ep_return  329.87  pol_loss -0.0236  val_loss 12956.8037  ev -0.001
[update  426 | ep   4260 | steps   531603 | sps   1567] ep_return  330.23  pol_loss -0.0086  val_loss 12607.6377  ev -0.000
[update  427 | ep   4270 | steps   533185 | sps   1568] ep_return  333.85  pol_loss -0.0623  val_loss 13136.4854  ev -0.001
[update  428 | ep   4280 | steps   534799 | sps   1567] ep_return  338.35  pol_loss -0.0367  val_loss 12958.0430  ev -0.001
[update  429 | ep   4290 | steps   536378 | sps   1566] ep_return  340.71  pol_loss -0.0104  val_loss 13009.9609  ev -0.000
[update  430 | ep   4300 | steps   537974 | sps   1566] ep_return  343.39  pol_loss -0.0179  val_loss 13012.5000  ev -0.001
[update  431 | ep   4310 | steps   539574 | sps   1567] ep_return  343.09  pol_loss  0.0448  val_loss 13492.6250  ev -0.001
[eval @ step   541132] mean return =   368.42
[update  432 | ep   4320 | steps   541132 | sps   1566] ep_return  341.22  pol_loss  0.0121  val_loss 12618.0586  ev -0.000
[update  433 | ep   4330 | steps   542755 | sps   1567] ep_return  343.79  pol_loss  0.0187  val_loss 14328.1123  ev 0.000
[update  434 | ep   4340 | steps   544222 | sps   1565] ep_return  340.07  pol_loss -0.0493  val_loss 12872.7617  ev -0.001
[update  435 | ep   4350 | steps   545860 | sps   1564] ep_return  342.63  pol_loss  0.0026  val_loss 13995.9121  ev -0.000
[update  436 | ep   4360 | steps   547402 | sps   1563] ep_return  342.23  pol_loss -0.0103  val_loss 11606.2363  ev -0.001
[update  437 | ep   4370 | steps   548856 | sps   1562] ep_return  337.64  pol_loss -0.0125  val_loss 11253.6543  ev -0.001
[eval @ step   550473] mean return =   374.45
[update  438 | ep   4380 | steps   550473 | sps   1558] ep_return  338.49  pol_loss -0.0081  val_loss 13524.7705  ev -0.001
[update  439 | ep   4390 | steps   552187 | sps   1559] ep_return  340.82  pol_loss  0.0331  val_loss 13806.2910  ev -0.001
[update  440 | ep   4400 | steps   553720 | sps   1560] ep_return  340.19  pol_loss -0.0450  val_loss 13520.8848  ev -0.001
[update  441 | ep   4410 | steps   555405 | sps   1561] ep_return  341.51  pol_loss  0.0290  val_loss 13483.0889  ev -0.000
[update  442 | ep   4420 | steps   556991 | sps   1562] ep_return  342.92  pol_loss -0.0423  val_loss 13480.4238  ev 0.000
[update  443 | ep   4430 | steps   558643 | sps   1562] ep_return  342.80  pol_loss -0.0056  val_loss 14277.4834  ev -0.001
[eval @ step   560140] mean return =   375.32
[update  444 | ep   4440 | steps   560140 | sps   1561] ep_return  342.42  pol_loss  0.0225  val_loss 12257.1758  ev -0.001
[update  445 | ep   4450 | steps   561774 | sps   1562] ep_return  341.81  pol_loss  0.0117  val_loss 13538.6279  ev -0.001
[update  446 | ep   4460 | steps   563432 | sps   1563] ep_return  343.32  pol_loss -0.0040  val_loss 12444.1172  ev -0.000
[update  447 | ep   4470 | steps   565081 | sps   1564] ep_return  348.45  pol_loss  0.0340  val_loss 12851.1387  ev 0.001
[update  448 | ep   4480 | steps   566550 | sps   1564] ep_return  343.32  pol_loss -0.0095  val_loss 10917.9854  ev 0.000
[update  449 | ep   4490 | steps   568150 | sps   1565] ep_return  339.73  pol_loss  0.0246  val_loss 12113.6973  ev -0.001
[update  450 | ep   4500 | steps   569852 | sps   1566] ep_return  343.30  pol_loss -0.0329  val_loss 14458.7188  ev -0.001
[eval @ step   571541] mean return =   374.38
[update  451 | ep   4510 | steps   571541 | sps   1563] ep_return  343.56  pol_loss -0.0415  val_loss 13484.6279  ev -0.001
[update  452 | ep   4520 | steps   573257 | sps   1562] ep_return  345.30  pol_loss -0.0331  val_loss 13533.6006  ev -0.001
[update  453 | ep   4530 | steps   574836 | sps   1561] ep_return  343.85  pol_loss  0.0340  val_loss 13278.0820  ev -0.001
[update  454 | ep   4540 | steps   576502 | sps   1561] ep_return  347.34  pol_loss  0.0068  val_loss 13676.3340  ev -0.001
[update  455 | ep   4550 | steps   578126 | sps   1562] ep_return  346.70  pol_loss -0.0501  val_loss 13013.6475  ev -0.000
[update  456 | ep   4560 | steps   579801 | sps   1561] ep_return  348.20  pol_loss -0.0038  val_loss 12773.5371  ev -0.000
[eval @ step   581476] mean return =   376.81
[update  457 | ep   4570 | steps   581476 | sps   1557] ep_return  348.21  pol_loss -0.0242  val_loss 12628.7510  ev -0.000
[update  458 | ep   4580 | steps   583086 | sps   1557] ep_return  352.76  pol_loss  0.0491  val_loss 13178.0713  ev -0.000
[update  459 | ep   4590 | steps   584694 | sps   1557] ep_return  353.98  pol_loss -0.0035  val_loss 12733.4062  ev -0.000
[update  460 | ep   4600 | steps   586398 | sps   1558] ep_return  353.22  pol_loss -0.0295  val_loss 13747.9141  ev -0.001
[update  461 | ep   4610 | steps   588101 | sps   1558] ep_return  352.39  pol_loss  0.0395  val_loss 12997.8447  ev -0.001
[update  462 | ep   4620 | steps   589797 | sps   1559] ep_return  352.84  pol_loss  0.0305  val_loss 14226.5732  ev -0.001
[eval @ step   591448] mean return =   375.00
[update  463 | ep   4630 | steps   591448 | sps   1558] ep_return  354.33  pol_loss  0.0294  val_loss 13631.2852  ev -0.000
[update  464 | ep   4640 | steps   593239 | sps   1559] ep_return  356.55  pol_loss -0.0228  val_loss 14021.0068  ev -0.001
[update  465 | ep   4650 | steps   594913 | sps   1558] ep_return  356.88  pol_loss -0.0247  val_loss 13035.6201  ev -0.001
[update  466 | ep   4660 | steps   596543 | sps   1559] ep_return  356.98  pol_loss -0.0748  val_loss 13221.5176  ev -0.001
[update  467 | ep   4670 | steps   598200 | sps   1560] ep_return  356.83  pol_loss -0.0223  val_loss 12516.8818  ev -0.001
[eval @ step   600019] mean return =   374.14
[update  468 | ep   4680 | steps   600019 | sps   1559] ep_return  359.08  pol_loss  0.0294  val_loss 13263.5684  ev -0.001
[update  469 | ep   4690 | steps   601611 | sps   1558] ep_return  359.21  pol_loss  0.0393  val_loss 13030.6152  ev -0.000
[update  470 | ep   4700 | steps   603372 | sps   1559] ep_return  360.74  pol_loss  0.0102  val_loss 14616.0674  ev -0.001
[update  471 | ep   4710 | steps   605016 | sps   1560] ep_return  360.04  pol_loss  0.0097  val_loss 12825.7363  ev -0.001
[update  472 | ep   4720 | steps   606777 | sps   1561] ep_return  360.85  pol_loss  0.0239  val_loss 14241.5332  ev -0.000
[update  473 | ep   4730 | steps   608225 | sps   1562] ep_return  356.97  pol_loss -0.0230  val_loss 12461.9111  ev -0.000
[update  474 | ep   4740 | steps   609924 | sps   1563] ep_return  355.17  pol_loss  0.0088  val_loss 13280.2344  ev -0.000
[eval @ step   611533] mean return =   375.72
[update  475 | ep   4750 | steps   611533 | sps   1561] ep_return  352.79  pol_loss -0.0113  val_loss 12211.2529  ev -0.001
[update  476 | ep   4760 | steps   613110 | sps   1562] ep_return  351.54  pol_loss -0.0068  val_loss 12852.7275  ev -0.000
[update  477 | ep   4770 | steps   614787 | sps   1563] ep_return  351.60  pol_loss  0.0018  val_loss 12629.1465  ev -0.001
[update  478 | ep   4780 | steps   616478 | sps   1563] ep_return  351.48  pol_loss -0.0060  val_loss 13765.7383  ev -0.000
[update  479 | ep   4790 | steps   618105 | sps   1564] ep_return  352.11  pol_loss  0.0003  val_loss 13367.1895  ev -0.001
[update  480 | ep   4800 | steps   619904 | sps   1565] ep_return  351.13  pol_loss  0.0668  val_loss 13415.9912  ev -0.000
[eval @ step   621552] mean return =   374.28
[update  481 | ep   4810 | steps   621552 | sps   1564] ep_return  351.87  pol_loss  0.0134  val_loss 13120.7002  ev -0.001
[update  482 | ep   4820 | steps   623090 | sps   1565] ep_return  348.00  pol_loss -0.0035  val_loss 13676.4346  ev 0.001
[update  483 | ep   4830 | steps   624736 | sps   1565] ep_return  352.71  pol_loss  0.0270  val_loss 14483.0938  ev -0.001
[update  484 | ep   4840 | steps   626294 | sps   1566] ep_return  350.31  pol_loss  0.0155  val_loss 12986.9209  ev 0.000
[update  485 | ep   4850 | steps   627970 | sps   1567] ep_return  353.35  pol_loss  0.0046  val_loss 13296.3984  ev -0.001
[update  486 | ep   4860 | steps   629639 | sps   1568] ep_return  354.13  pol_loss -0.0129  val_loss 12669.3721  ev -0.001
[eval @ step   631265] mean return =   373.92
[update  487 | ep   4870 | steps   631265 | sps   1567] ep_return  354.59  pol_loss -0.0134  val_loss 13130.4092  ev -0.001
[update  488 | ep   4880 | steps   632974 | sps   1568] ep_return  354.79  pol_loss -0.0603  val_loss 13851.9268  ev -0.002
[update  489 | ep   4890 | steps   634626 | sps   1567] ep_return  355.70  pol_loss -0.0290  val_loss 13511.7227  ev 0.000
[update  490 | ep   4900 | steps   636237 | sps   1568] ep_return  354.03  pol_loss -0.0528  val_loss 13595.1445  ev -0.000
[update  491 | ep   4910 | steps   637884 | sps   1569] ep_return  353.66  pol_loss  0.0084  val_loss 13087.8418  ev -0.001
[update  492 | ep   4920 | steps   639536 | sps   1569] ep_return  355.20  pol_loss -0.0112  val_loss 13095.2666  ev -0.001
[eval @ step   641200] mean return =   377.41
[update  493 | ep   4930 | steps   641200 | sps   1568] ep_return  354.90  pol_loss -0.0003  val_loss 14018.3555  ev -0.001
[update  494 | ep   4940 | steps   642916 | sps   1569] ep_return  357.77  pol_loss -0.0100  val_loss 13461.8271  ev 0.001
[update  495 | ep   4950 | steps   644471 | sps   1570] ep_return  356.53  pol_loss -0.0175  val_loss 13325.4131  ev -0.001
[update  496 | ep   4960 | steps   645936 | sps   1571] ep_return  352.78  pol_loss -0.0000  val_loss 11728.8477  ev -0.001
[update  497 | ep   4970 | steps   647527 | sps   1572] ep_return  351.85  pol_loss -0.0344  val_loss 13008.8174  ev -0.001
[update  498 | ep   4980 | steps   649187 | sps   1572] ep_return  352.03  pol_loss -0.0391  val_loss 14487.6445  ev -0.001
[eval @ step   650794] mean return =   376.99
[update  499 | ep   4990 | steps   650794 | sps   1571] ep_return  351.56  pol_loss  0.0364  val_loss 13662.7432  ev -0.001
[update  500 | ep   5000 | steps   652398 | sps   1572] ep_return  351.64  pol_loss -0.0415  val_loss 13854.6768  ev -0.001
[update  501 | ep   5010 | steps   653991 | sps   1573] ep_return  352.09  pol_loss -0.0207  val_loss 13739.1572  ev -0.000
[update  502 | ep   5020 | steps   655537 | sps   1574] ep_return  351.04  pol_loss  0.0026  val_loss 13317.8262  ev -0.000
[update  503 | ep   5030 | steps   657067 | sps   1574] ep_return  346.47  pol_loss  0.0028  val_loss 11606.7109  ev -0.001
[update  504 | ep   5040 | steps   658700 | sps   1574] ep_return  346.56  pol_loss -0.0644  val_loss 14596.4561  ev -0.001
[eval @ step   660284] mean return =   372.50
[update  505 | ep   5050 | steps   660284 | sps   1573] ep_return  348.08  pol_loss -0.0189  val_loss 14527.7148  ev -0.001
[update  506 | ep   5060 | steps   661710 | sps   1573] ep_return  347.88  pol_loss -0.0261  val_loss 12389.1650  ev -0.001
[update  507 | ep   5070 | steps   663199 | sps   1574] ep_return  345.91  pol_loss  0.0444  val_loss 12367.9854  ev -0.001
[update  508 | ep   5080 | steps   664844 | sps   1575] ep_return  344.42  pol_loss  0.0415  val_loss 13755.1416  ev -0.001
[update  509 | ep   5090 | steps   666473 | sps   1575] ep_return  344.98  pol_loss  0.0376  val_loss 13790.9658  ev -0.001
[update  510 | ep   5100 | steps   667975 | sps   1576] ep_return  341.51  pol_loss  0.0240  val_loss 11688.3945  ev -0.000
[update  511 | ep   5110 | steps   669542 | sps   1577] ep_return  342.00  pol_loss -0.0103  val_loss 15340.0234  ev -0.001
[eval @ step   671169] mean return =   371.79
[update  512 | ep   5120 | steps   671169 | sps   1575] ep_return  343.89  pol_loss  0.0380  val_loss 14147.8906  ev -0.001
[update  513 | ep   5130 | steps   672888 | sps   1576] ep_return  349.16  pol_loss -0.0533  val_loss 14044.8086  ev -0.001
[update  514 | ep   5140 | steps   674324 | sps   1577] ep_return  344.25  pol_loss -0.0120  val_loss 12711.1602  ev -0.000
[update  515 | ep   5150 | steps   675931 | sps   1578] ep_return  343.56  pol_loss  0.0003  val_loss 13523.8740  ev -0.000
[update  516 | ep   5160 | steps   677652 | sps   1578] ep_return  350.26  pol_loss  0.0466  val_loss 14542.3867  ev -0.001
[update  517 | ep   5170 | steps   679255 | sps   1579] ep_return  352.82  pol_loss  0.0124  val_loss 13154.3848  ev -0.001
[eval @ step   680696] mean return =   368.07
[update  518 | ep   5180 | steps   680696 | sps   1577] ep_return  348.58  pol_loss -0.0813  val_loss 11994.3525  ev -0.000
[update  519 | ep   5190 | steps   682205 | sps   1578] ep_return  345.90  pol_loss -0.0225  val_loss 13085.3926  ev -0.000
[update  520 | ep   5200 | steps   683778 | sps   1577] ep_return  348.26  pol_loss  0.0058  val_loss 12808.1348  ev -0.001
[update  521 | ep   5210 | steps   685427 | sps   1578] ep_return  348.53  pol_loss  0.0444  val_loss 13846.6162  ev -0.002
[update  522 | ep   5220 | steps   687018 | sps   1579] ep_return  347.15  pol_loss  0.0426  val_loss 13018.7256  ev -0.000
[update  523 | ep   5230 | steps   688532 | sps   1580] ep_return  342.46  pol_loss  0.0430  val_loss 12198.6367  ev -0.000
[update  524 | ep   5240 | steps   689955 | sps   1579] ep_return  341.73  pol_loss -0.0389  val_loss 11950.5693  ev -0.000
[eval @ step   691490] mean return =   365.30
[update  525 | ep   5250 | steps   691490 | sps   1576] ep_return  340.74  pol_loss -0.0296  val_loss 13170.7598  ev -0.001
[update  526 | ep   5260 | steps   692983 | sps   1576] ep_return  335.61  pol_loss -0.0378  val_loss 11859.5400  ev -0.000
[update  527 | ep   5270 | steps   694545 | sps   1577] ep_return  334.46  pol_loss  0.0113  val_loss 12389.7246  ev -0.000
[update  528 | ep   5280 | steps   696098 | sps   1577] ep_return  337.70  pol_loss  0.0307  val_loss 12990.3232  ev -0.001
[update  529 | ep   5290 | steps   697559 | sps   1578] ep_return  336.04  pol_loss  0.0377  val_loss 11422.7900  ev 0.000
[update  530 | ep   5300 | steps   699146 | sps   1579] ep_return  335.44  pol_loss -0.0593  val_loss 12397.2373  ev -0.001
[eval @ step   700674] mean return =   362.96
[update  531 | ep   5310 | steps   700674 | sps   1578] ep_return  331.55  pol_loss -0.0527  val_loss 11466.7959  ev -0.001
[update  532 | ep   5320 | steps   702169 | sps   1578] ep_return  330.44  pol_loss -0.0265  val_loss 13023.9180  ev -0.000
[update  533 | ep   5330 | steps   703769 | sps   1579] ep_return  333.05  pol_loss -0.0209  val_loss 13175.7441  ev -0.000
[update  534 | ep   5340 | steps   705356 | sps   1580] ep_return  337.44  pol_loss  0.0201  val_loss 13209.7715  ev -0.001
[update  535 | ep   5350 | steps   706984 | sps   1578] ep_return  339.16  pol_loss  0.0119  val_loss 13719.7959  ev -0.001
[update  536 | ep   5360 | steps   708629 | sps   1577] ep_return  342.43  pol_loss -0.0174  val_loss 12942.9121  ev -0.001
[eval @ step   710299] mean return =   370.57
[update  537 | ep   5370 | steps   710299 | sps   1574] ep_return  344.79  pol_loss -0.0234  val_loss 13211.3018  ev -0.001
[update  538 | ep   5380 | steps   712002 | sps   1574] ep_return  347.49  pol_loss  0.0483  val_loss 14032.7539  ev -0.001
[update  539 | ep   5390 | steps   713643 | sps   1575] ep_return  352.44  pol_loss  0.0713  val_loss 13964.6924  ev -0.001
[update  540 | ep   5400 | steps   715295 | sps   1575] ep_return  354.76  pol_loss  0.0641  val_loss 13412.5352  ev -0.001
[update  541 | ep   5410 | steps   716840 | sps   1574] ep_return  356.01  pol_loss -0.0067  val_loss 12725.1387  ev -0.001
[update  542 | ep   5420 | steps   718420 | sps   1574] ep_return  357.17  pol_loss -0.0513  val_loss 13254.3896  ev -0.001
[eval @ step   720015] mean return =   373.04
[update  543 | ep   5430 | steps   720015 | sps   1573] ep_return  357.32  pol_loss -0.0157  val_loss 13572.4463  ev -0.001
[update  544 | ep   5440 | steps   721721 | sps   1574] ep_return  359.15  pol_loss -0.0369  val_loss 13669.1416  ev -0.001
[update  545 | ep   5450 | steps   723311 | sps   1575] ep_return  358.18  pol_loss  0.0425  val_loss 13409.7715  ev -0.001
[update  546 | ep   5460 | steps   725040 | sps   1575] ep_return  360.21  pol_loss  0.0089  val_loss 13971.6738  ev -0.002
[update  547 | ep   5470 | steps   726765 | sps   1576] ep_return  360.85  pol_loss  0.0358  val_loss 13448.3350  ev -0.001
[update  548 | ep   5480 | steps   728522 | sps   1577] ep_return  361.68  pol_loss -0.0098  val_loss 14044.7842  ev -0.001
[eval @ step   730194] mean return =   366.22
[update  549 | ep   5490 | steps   730194 | sps   1574] ep_return  362.47  pol_loss  0.0241  val_loss 14421.1953  ev -0.001
[update  550 | ep   5500 | steps   732028 | sps   1575] ep_return  366.72  pol_loss -0.0066  val_loss 15403.9443  ev -0.001
[update  551 | ep   5510 | steps   733763 | sps   1575] ep_return  370.88  pol_loss -0.0100  val_loss 14205.5615  ev -0.002
[update  552 | ep   5520 | steps   735542 | sps   1576] ep_return  373.63  pol_loss  0.0545  val_loss 13469.8350  ev -0.000
[update  553 | ep   5530 | steps   737368 | sps   1576] ep_return  376.72  pol_loss  0.0159  val_loss 13707.5498  ev -0.001
[update  554 | ep   5540 | steps   739106 | sps   1576] ep_return  378.37  pol_loss  0.0010  val_loss 15216.8408  ev -0.002
[eval @ step   740964] mean return =   374.63
[update  555 | ep   5550 | steps   740964 | sps   1575] ep_return  383.41  pol_loss -0.0490  val_loss 14862.4355  ev -0.001
[update  556 | ep   5560 | steps   742600 | sps   1576] ep_return  381.44  pol_loss -0.0102  val_loss 13468.8174  ev -0.001
[update  557 | ep   5570 | steps   744433 | sps   1576] ep_return  381.02  pol_loss -0.0286  val_loss 12716.0742  ev 0.001
[update  558 | ep   5580 | steps   746223 | sps   1577] ep_return  381.55  pol_loss  0.0110  val_loss 14359.0137  ev -0.000
[update  559 | ep   5590 | steps   748104 | sps   1578] ep_return  384.04  pol_loss  0.0117  val_loss 14429.2402  ev -0.002
[update  560 | ep   5600 | steps   749762 | sps   1578] ep_return  378.94  pol_loss  0.0049  val_loss 12614.8291  ev 0.000
[eval @ step   751480] mean return =   380.58
[update  561 | ep   5610 | steps   751480 | sps   1577] ep_return  379.07  pol_loss -0.0031  val_loss 14671.4268  ev -0.002
[update  562 | ep   5620 | steps   753390 | sps   1578] ep_return  381.96  pol_loss  0.0114  val_loss 14665.2520  ev -0.001
[update  563 | ep   5630 | steps   755146 | sps   1578] ep_return  380.28  pol_loss  0.0300  val_loss 12992.6367  ev -0.001
[update  564 | ep   5640 | steps   756947 | sps   1578] ep_return  383.40  pol_loss  0.0229  val_loss 17364.5801  ev -0.001
[update  565 | ep   5650 | steps   758828 | sps   1579] ep_return  382.45  pol_loss -0.0648  val_loss 14405.2852  ev -0.003
[eval @ step   760799] mean return =   384.61
[update  566 | ep   5660 | steps   760799 | sps   1578] ep_return  387.71  pol_loss  0.0493  val_loss 14357.9375  ev -0.001
[update  567 | ep   5670 | steps   762634 | sps   1579] ep_return  389.12  pol_loss -0.0010  val_loss 13257.2686  ev -0.001
[update  568 | ep   5680 | steps   764483 | sps   1580] ep_return  389.28  pol_loss  0.0010  val_loss 13472.4111  ev -0.001
[update  569 | ep   5690 | steps   766385 | sps   1581] ep_return  391.42  pol_loss -0.0227  val_loss 16296.1465  ev -0.002
[update  570 | ep   5700 | steps   768279 | sps   1582] ep_return  395.80  pol_loss -0.0385  val_loss 13819.6025  ev -0.001
[eval @ step   770167] mean return =   383.20
[update  571 | ep   5710 | steps   770167 | sps   1581] ep_return  396.61  pol_loss  0.0004  val_loss 13734.8408  ev -0.001
[update  572 | ep   5720 | steps   771968 | sps   1581] ep_return  392.05  pol_loss -0.0178  val_loss 12814.5898  ev 0.017
[update  573 | ep   5730 | steps   773827 | sps   1582] ep_return  392.67  pol_loss -0.0364  val_loss 12827.8486  ev 0.001
[update  574 | ep   5740 | steps   775493 | sps   1583] ep_return  382.94  pol_loss -0.0065  val_loss 10421.2764  ev 0.003
[update  575 | ep   5750 | steps   777287 | sps   1584] ep_return  381.91  pol_loss -0.0121  val_loss 14077.7637  ev -0.001
[update  576 | ep   5760 | steps   778970 | sps   1584] ep_return  377.85  pol_loss  0.0133  val_loss 13961.7383  ev -0.001
[eval @ step   780843] mean return =   386.05
[update  577 | ep   5770 | steps   780843 | sps   1584] ep_return  379.75  pol_loss  0.0245  val_loss 14337.0176  ev -0.001
[update  578 | ep   5780 | steps   782643 | sps   1584] ep_return  379.08  pol_loss -0.0013  val_loss 13624.7715  ev -0.001
[update  579 | ep   5790 | steps   784454 | sps   1585] ep_return  374.15  pol_loss -0.0314  val_loss 13231.1084  ev -0.001
[update  580 | ep   5800 | steps   786027 | sps   1586] ep_return  368.23  pol_loss  0.0032  val_loss 12912.8623  ev -0.001
[update  581 | ep   5810 | steps   787751 | sps   1586] ep_return  366.40  pol_loss  0.0377  val_loss 13377.7480  ev -0.001
[update  582 | ep   5820 | steps   789550 | sps   1587] ep_return  369.81  pol_loss  0.0352  val_loss 14757.6191  ev -0.001
[eval @ step   791336] mean return =   387.45
[update  583 | ep   5830 | steps   791336 | sps   1585] ep_return  370.13  pol_loss  0.0278  val_loss 13760.8418  ev -0.001
[update  584 | ep   5840 | steps   793110 | sps   1585] ep_return  376.24  pol_loss -0.0104  val_loss 13594.7793  ev -0.001
[update  585 | ep   5850 | steps   795055 | sps   1586] ep_return  378.85  pol_loss  0.0258  val_loss 14772.2090  ev -0.001
[update  586 | ep   5860 | steps   796779 | sps   1586] ep_return  378.70  pol_loss -0.0061  val_loss 13499.7266  ev -0.001
[update  587 | ep   5870 | steps   798499 | sps   1587] ep_return  376.29  pol_loss -0.0017  val_loss 15393.3555  ev 0.001
[eval @ step   800421] mean return =   380.60
[update  588 | ep   5880 | steps   800421 | sps   1586] ep_return  379.58  pol_loss -0.0177  val_loss 15316.8066  ev -0.001
[update  589 | ep   5890 | steps   802176 | sps   1586] ep_return  378.72  pol_loss -0.0116  val_loss 12721.2354  ev 0.001
[update  590 | ep   5900 | steps   803988 | sps   1587] ep_return  383.85  pol_loss -0.0622  val_loss 14088.0684  ev -0.000
[update  591 | ep   5910 | steps   805791 | sps   1588] ep_return  384.96  pol_loss -0.0518  val_loss 13443.7656  ev -0.001
[update  592 | ep   5920 | steps   807576 | sps   1588] ep_return  383.31  pol_loss -0.0005  val_loss 13524.7666  ev -0.001
[update  593 | ep   5930 | steps   809355 | sps   1589] ep_return  383.16  pol_loss -0.0075  val_loss 13295.2422  ev 0.001
[eval @ step   811210] mean return =   386.85
[update  594 | ep   5940 | steps   811210 | sps   1588] ep_return  385.09  pol_loss  0.0301  val_loss 15800.0039  ev -0.001
[update  595 | ep   5950 | steps   813186 | sps   1589] ep_return  385.32  pol_loss  0.0227  val_loss 14321.6416  ev -0.001
[update  596 | ep   5960 | steps   815070 | sps   1589] ep_return  388.05  pol_loss -0.0233  val_loss 13632.3291  ev -0.001
[update  597 | ep   5970 | steps   816983 | sps   1590] ep_return  391.93  pol_loss -0.0237  val_loss 14910.7441  ev -0.001
[update  598 | ep   5980 | steps   818919 | sps   1590] ep_return  390.72  pol_loss -0.0282  val_loss 14114.4121  ev -0.001
[eval @ step   820929] mean return =   386.58
[update  599 | ep   5990 | steps   820929 | sps   1588] ep_return  394.42  pol_loss -0.0077  val_loss 13258.5225  ev -0.001
[update  600 | ep   6000 | steps   822684 | sps   1588] ep_return  392.48  pol_loss  0.0056  val_loss 13396.8516  ev -0.001
[update  601 | ep   6010 | steps   824616 | sps   1589] ep_return  393.73  pol_loss  0.0408  val_loss 13408.0957  ev -0.001
[update  602 | ep   6020 | steps   826352 | sps   1589] ep_return  393.00  pol_loss -0.0128  val_loss 13312.6162  ev -0.001
[update  603 | ep   6030 | steps   828124 | sps   1590] ep_return  391.01  pol_loss -0.0511  val_loss 12030.0566  ev 0.003
[update  604 | ep   6040 | steps   829946 | sps   1591] ep_return  389.39  pol_loss -0.0332  val_loss 13644.2412  ev -0.001
[eval @ step   831776] mean return =   385.09
[update  605 | ep   6050 | steps   831776 | sps   1590] ep_return  385.00  pol_loss -0.0291  val_loss 11834.1006  ev 0.000
[update  606 | ep   6060 | steps   833491 | sps   1590] ep_return  382.17  pol_loss -0.0071  val_loss 13074.1562  ev -0.001
[update  607 | ep   6070 | steps   835165 | sps   1591] ep_return  376.29  pol_loss -0.0445  val_loss 12539.0205  ev -0.001
[update  608 | ep   6080 | steps   837164 | sps   1592] ep_return  377.27  pol_loss -0.0305  val_loss 14101.7998  ev -0.002
[update  609 | ep   6090 | steps   838970 | sps   1592] ep_return  375.46  pol_loss -0.0030  val_loss 13344.8604  ev -0.001
[eval @ step   840749] mean return =   387.46
[update  610 | ep   6100 | steps   840749 | sps   1592] ep_return  376.77  pol_loss  0.0246  val_loss 14025.7910  ev -0.001
[update  611 | ep   6110 | steps   842597 | sps   1592] ep_return  375.00  pol_loss  0.0401  val_loss 12552.5234  ev -0.001
[update  612 | ep   6120 | steps   844433 | sps   1593] ep_return  377.04  pol_loss -0.0200  val_loss 13767.3779  ev -0.001
[update  613 | ep   6130 | steps   846195 | sps   1594] ep_return  378.22  pol_loss  0.0305  val_loss 12966.0781  ev -0.001
[update  614 | ep   6140 | steps   847835 | sps   1594] ep_return  373.97  pol_loss -0.0234  val_loss 12201.9404  ev -0.001
[update  615 | ep   6150 | steps   849565 | sps   1593] ep_return  373.65  pol_loss -0.0124  val_loss 13164.5898  ev -0.001
[eval @ step   851310] mean return =   389.01
[update  616 | ep   6160 | steps   851310 | sps   1591] ep_return  373.97  pol_loss -0.0075  val_loss 13114.1445  ev -0.001
[update  617 | ep   6170 | steps   853270 | sps   1591] ep_return  379.85  pol_loss  0.0393  val_loss 14576.8145  ev -0.001
[update  618 | ep   6180 | steps   855086 | sps   1591] ep_return  377.67  pol_loss -0.0390  val_loss 13905.3105  ev -0.001
[update  619 | ep   6190 | steps   856720 | sps   1592] ep_return  373.98  pol_loss -0.0298  val_loss 11968.1660  ev -0.001
[update  620 | ep   6200 | steps   858543 | sps   1593] ep_return  375.46  pol_loss -0.0208  val_loss 14460.9395  ev -0.001
[eval @ step   860318] mean return =   391.18
[update  621 | ep   6210 | steps   860318 | sps   1592] ep_return  374.46  pol_loss -0.0130  val_loss 12514.7480  ev -0.000
[update  622 | ep   6220 | steps   862144 | sps   1592] ep_return  374.54  pol_loss -0.0168  val_loss 13827.3877  ev -0.001
[update  623 | ep   6230 | steps   863967 | sps   1592] ep_return  372.85  pol_loss -0.0109  val_loss 10772.2969  ev -0.001
[update  624 | ep   6240 | steps   865792 | sps   1592] ep_return  376.26  pol_loss -0.0098  val_loss 12879.0850  ev -0.001
[update  625 | ep   6250 | steps   867539 | sps   1592] ep_return  378.47  pol_loss -0.0181  val_loss 14603.1807  ev -0.001
[update  626 | ep   6260 | steps   869267 | sps   1592] ep_return  376.82  pol_loss  0.0047  val_loss 12211.1514  ev -0.000
[eval @ step   871060] mean return =   392.04
[update  627 | ep   6270 | steps   871060 | sps   1591] ep_return  373.09  pol_loss -0.0187  val_loss 13018.9473  ev -0.001
[update  628 | ep   6280 | steps   872905 | sps   1592] ep_return  373.52  pol_loss -0.0282  val_loss 13855.4854  ev -0.001
[update  629 | ep   6290 | steps   874607 | sps   1592] ep_return  376.90  pol_loss  0.0259  val_loss 14107.1719  ev -0.000
[update  630 | ep   6300 | steps   876474 | sps   1593] ep_return  377.43  pol_loss -0.0001  val_loss 14837.4395  ev -0.001
[update  631 | ep   6310 | steps   878445 | sps   1594] ep_return  382.34  pol_loss -0.0075  val_loss 14357.0381  ev -0.001
[eval @ step   880312] mean return =   391.74
[update  632 | ep   6320 | steps   880312 | sps   1590] ep_return  382.03  pol_loss  0.0267  val_loss 13072.6230  ev -0.001
[update  633 | ep   6330 | steps   882164 | sps   1591] ep_return  386.62  pol_loss -0.0493  val_loss 13862.3457  ev -0.001
[update  634 | ep   6340 | steps   884091 | sps   1592] ep_return  388.07  pol_loss  0.0044  val_loss 12804.1475  ev -0.001
[update  635 | ep   6350 | steps   885977 | sps   1592] ep_return  389.86  pol_loss  0.0361  val_loss 14399.7051  ev -0.001
[update  636 | ep   6360 | steps   887980 | sps   1593] ep_return  393.63  pol_loss  0.0149  val_loss 11842.9229  ev -0.001
[update  637 | ep   6370 | steps   889837 | sps   1593] ep_return  394.65  pol_loss -0.0213  val_loss 13068.5273  ev -0.001
[eval @ step   891747] mean return =   388.48
[update  638 | ep   6380 | steps   891747 | sps   1591] ep_return  394.41  pol_loss  0.0575  val_loss 13156.0498  ev -0.000
[update  639 | ep   6390 | steps   893644 | sps   1592] ep_return  394.15  pol_loss -0.0173  val_loss 12123.5703  ev 0.000
[update  640 | ep   6400 | steps   895600 | sps   1593] ep_return  396.05  pol_loss  0.0187  val_loss 15233.8838  ev -0.001
[update  641 | ep   6410 | steps   897668 | sps   1593] ep_return  396.16  pol_loss  0.0061  val_loss 13387.0137  ev -0.001
[update  642 | ep   6420 | steps   899521 | sps   1594] ep_return  396.75  pol_loss  0.0451  val_loss 13874.9844  ev -0.001
[eval @ step   901570] mean return =   386.87
[update  643 | ep   6430 | steps   901570 | sps   1593] ep_return  397.47  pol_loss -0.0184  val_loss 12396.8027  ev 0.000
[update  644 | ep   6440 | steps   903479 | sps   1593] ep_return  397.79  pol_loss  0.0293  val_loss 13316.7969  ev -0.001
[update  645 | ep   6450 | steps   905509 | sps   1594] ep_return  398.36  pol_loss  0.0109  val_loss 13284.4941  ev -0.001
[update  646 | ep   6460 | steps   907362 | sps   1594] ep_return  398.57  pol_loss -0.0396  val_loss 13738.1426  ev -0.001
[update  647 | ep   6470 | steps   909302 | sps   1595] ep_return  401.43  pol_loss  0.0184  val_loss 14690.4180  ev -0.001
[eval @ step   911147] mean return =   384.14
[update  648 | ep   6480 | steps   911147 | sps   1594] ep_return  402.36  pol_loss  0.0064  val_loss 14669.3799  ev -0.000
[update  649 | ep   6490 | steps   913137 | sps   1595] ep_return  406.24  pol_loss -0.0106  val_loss 13886.7568  ev -0.001
[update  650 | ep   6500 | steps   915008 | sps   1595] ep_return  403.35  pol_loss  0.0309  val_loss 13863.6709  ev 0.002
[update  651 | ep   6510 | steps   916834 | sps   1596] ep_return  399.93  pol_loss  0.0165  val_loss 13368.2969  ev -0.000
[update  652 | ep   6520 | steps   918694 | sps   1597] ep_return  399.52  pol_loss  0.0070  val_loss 13214.7588  ev -0.001
[eval @ step   920548] mean return =   383.31
[update  653 | ep   6530 | steps   920548 | sps   1596] ep_return  396.82  pol_loss  0.0204  val_loss 12334.8438  ev -0.001
[update  654 | ep   6540 | steps   922598 | sps   1596] ep_return  400.82  pol_loss  0.0308  val_loss 15103.7930  ev -0.001
[update  655 | ep   6550 | steps   924502 | sps   1597] ep_return  399.94  pol_loss  0.0012  val_loss 13963.7842  ev -0.001
[update  656 | ep   6560 | steps   926465 | sps   1597] ep_return  403.10  pol_loss -0.0019  val_loss 15254.9238  ev -0.001
[update  657 | ep   6570 | steps   928085 | sps   1598] ep_return  396.01  pol_loss -0.0356  val_loss 12328.6553  ev 0.002
[update  658 | ep   6580 | steps   929926 | sps   1598] ep_return  396.01  pol_loss -0.0004  val_loss 14584.9395  ev -0.001
[eval @ step   931579] mean return =   383.48
[update  659 | ep   6590 | steps   931579 | sps   1597] ep_return  389.53  pol_loss  0.0614  val_loss 13122.1660  ev -0.001
[update  660 | ep   6600 | steps   933425 | sps   1598] ep_return  388.82  pol_loss  0.0269  val_loss 12907.5977  ev -0.001
[update  661 | ep   6610 | steps   935390 | sps   1598] ep_return  391.44  pol_loss  0.0099  val_loss 14479.3389  ev -0.000
[update  662 | ep   6620 | steps   937436 | sps   1599] ep_return  394.63  pol_loss  0.0294  val_loss 14118.9316  ev -0.001
[update  663 | ep   6630 | steps   939188 | sps   1599] ep_return  394.07  pol_loss  0.0297  val_loss 12987.3574  ev -0.000
[eval @ step   940863] mean return =   380.91
[update  664 | ep   6640 | steps   940863 | sps   1598] ep_return  386.82  pol_loss  0.0003  val_loss 12892.3291  ev -0.001
[update  665 | ep   6650 | steps   942821 | sps   1599] ep_return  387.22  pol_loss  0.0030  val_loss 13369.7148  ev -0.001
[update  666 | ep   6660 | steps   944756 | sps   1599] ep_return  384.65  pol_loss  0.0360  val_loss 13191.5957  ev -0.001
[update  667 | ep   6670 | steps   946633 | sps   1600] ep_return  388.97  pol_loss -0.0303  val_loss 13421.8125  ev 0.000
[update  668 | ep   6680 | steps   948521 | sps   1600] ep_return  387.92  pol_loss -0.0083  val_loss 13639.6084  ev 0.002
[eval @ step   950479] mean return =   381.25
[update  669 | ep   6690 | steps   950479 | sps   1600] ep_return  394.69  pol_loss -0.0359  val_loss 14540.7686  ev -0.001
[update  670 | ep   6700 | steps   952391 | sps   1600] ep_return  395.88  pol_loss -0.0259  val_loss 13179.6992  ev -0.001
[update  671 | ep   6710 | steps   954202 | sps   1601] ep_return  392.34  pol_loss -0.0643  val_loss 12230.2939  ev -0.001
[update  672 | ep   6720 | steps   956031 | sps   1601] ep_return  387.63  pol_loss  0.0318  val_loss 12906.3555  ev -0.001
[update  673 | ep   6730 | steps   957909 | sps   1602] ep_return  390.17  pol_loss  0.0266  val_loss 13954.9961  ev -0.001
[update  674 | ep   6740 | steps   959878 | sps   1602] ep_return  396.72  pol_loss  0.0118  val_loss 15387.3926  ev -0.001
[eval @ step   961692] mean return =   368.38
[update  675 | ep   6750 | steps   961692 | sps   1601] ep_return  394.70  pol_loss -0.0279  val_loss 13410.1699  ev -0.001
[update  676 | ep   6760 | steps   963999 | sps   1602] ep_return  401.56  pol_loss -0.0270  val_loss 15107.2959  ev -0.001
[update  677 | ep   6770 | steps   965922 | sps   1602] ep_return  403.26  pol_loss  0.0243  val_loss 13559.9707  ev -0.001
[update  678 | ep   6780 | steps   967837 | sps   1602] ep_return  403.70  pol_loss -0.0118  val_loss 14074.6699  ev -0.000
[update  679 | ep   6790 | steps   969708 | sps   1603] ep_return  400.86  pol_loss  0.0407  val_loss 12931.0312  ev -0.000
[eval @ step   971809] mean return =   380.84
[update  680 | ep   6800 | steps   971809 | sps   1602] ep_return  403.67  pol_loss  0.0285  val_loss 13598.0430  ev -0.001
[update  681 | ep   6810 | steps   973714 | sps   1603] ep_return  404.94  pol_loss -0.0237  val_loss 12595.0928  ev -0.000
[update  682 | ep   6820 | steps   975455 | sps   1603] ep_return  404.07  pol_loss -0.0262  val_loss 13032.1943  ev -0.001
[update  683 | ep   6830 | steps   977361 | sps   1604] ep_return  404.22  pol_loss  0.0291  val_loss 13166.4951  ev -0.001
[update  684 | ep   6840 | steps   979258 | sps   1603] ep_return  401.26  pol_loss  0.0305  val_loss 13367.4043  ev -0.001
[eval @ step   981294] mean return =   366.45
[update  685 | ep   6850 | steps   981294 | sps   1601] ep_return  406.25  pol_loss -0.0438  val_loss 15184.9102  ev -0.001
[update  686 | ep   6860 | steps   983143 | sps   1602] ep_return  396.36  pol_loss  0.0313  val_loss 11778.5518  ev -0.001
[update  687 | ep   6870 | steps   985095 | sps   1603] ep_return  396.24  pol_loss -0.0148  val_loss 13240.8027  ev -0.001
[update  688 | ep   6880 | steps   986997 | sps   1603] ep_return  395.88  pol_loss  0.0286  val_loss 12833.2207  ev -0.001
[update  689 | ep   6890 | steps   988945 | sps   1603] ep_return  399.06  pol_loss  0.0384  val_loss 15032.6611  ev -0.001
[eval @ step   990769] mean return =   366.70
[update  690 | ep   6900 | steps   990769 | sps   1602] ep_return  395.54  pol_loss -0.0260  val_loss 13376.7061  ev -0.001
[update  691 | ep   6910 | steps   992604 | sps   1601] ep_return  394.95  pol_loss -0.0386  val_loss 13500.7705  ev 0.001
[update  692 | ep   6920 | steps   994442 | sps   1600] ep_return  397.60  pol_loss -0.0375  val_loss 13560.0078  ev -0.000
[update  693 | ep   6930 | steps   996347 | sps   1599] ep_return  397.34  pol_loss -0.0255  val_loss 12859.3232  ev -0.001
[update  694 | ep   6940 | steps   998562 | sps   1598] ep_return  403.58  pol_loss  0.0041  val_loss 15107.9355  ev -0.001
[eval @ step  1000168] mean return =   366.98
[update  695 | ep   6948 | steps  1000168 | sps   1596] ep_return  402.28  pol_loss  0.0134  val_loss 14480.3037  ev -0.001
Saved final model to reinforce/data/reinforce_sweep_Hopper-v4_2026-05-10_21-12-08/model_final.pt
Saved 100 eval points -> /home/naida/Desktop/CS515-Deep-RL/results/continuous/reinforce/hopper-v4/seed_4.npy
Saved wallclock              -> /home/naida/Desktop/CS515-Deep-RL/results/wallclock/continuous/reinforce/hopper-v4/seed_4.npy
