/home/naida/anaconda3/envs/deep_rl/lib/python3.10/site-packages/gymnasium/core.py:311: UserWarning: [33mWARN: env.seed to get variables from other wrappers is deprecated and will be removed in v1.0, to get this variable you can do `env.unwrapped.seed` for environment variables or `env.get_wrapper_attr('seed')` that will search the reminding wrappers.[0m
  logger.warn(
--------------------------------------------------
Env:        HalfCheetah-v4
  ob_dim    = 17
  ac_dim    = 6
  max_action= 1.0
Logdir:     /home/naida/Desktop/CS515-Deep-RL/TD3_algorithm/runs/td3_sweep_halfcheetah-v4_seed4_HalfCheetah-v4_10-05-2026_21-45-54
Rendering:  off
--------------------------------------------------
/home/naida/anaconda3/envs/deep_rl/lib/python3.10/site-packages/gymnasium/core.py:311: UserWarning: [33mWARN: env.seed to get variables from other wrappers is deprecated and will be removed in v1.0, to get this variable you can do `env.unwrapped.seed` for environment variables or `env.get_wrapper_attr('seed')` that will search the reminding wrappers.[0m
  logger.warn(
---------------------------------------
Evaluation over 10 episodes: -0.941
---------------------------------------
Total T:    1000 | Ep:    1 | Steps: 1000 | Reward:  -214.46
Total T:    2000 | Ep:    2 | Steps: 1000 | Reward:  -422.93
Total T:    3000 | Ep:    3 | Steps: 1000 | Reward:  -307.31
Total T:    4000 | Ep:    4 | Steps: 1000 | Reward:  -366.13
Total T:    5000 | Ep:    5 | Steps: 1000 | Reward:  -265.03
Total T:    6000 | Ep:    6 | Steps: 1000 | Reward:  -205.18
Total T:    7000 | Ep:    7 | Steps: 1000 | Reward:  -360.65
Total T:    8000 | Ep:    8 | Steps: 1000 | Reward:  -327.51
Total T:    9000 | Ep:    9 | Steps: 1000 | Reward:  -256.24
Total T:   10000 | Ep:   10 | Steps: 1000 | Reward:  -265.08
---------------------------------------
Evaluation over 10 episodes: -0.811
---------------------------------------
Total T:   11000 | Ep:   11 | Steps: 1000 | Reward:  -290.16
Total T:   12000 | Ep:   12 | Steps: 1000 | Reward:  -213.56
Total T:   13000 | Ep:   13 | Steps: 1000 | Reward:  -175.84
Total T:   14000 | Ep:   14 | Steps: 1000 | Reward:  -209.93
Total T:   15000 | Ep:   15 | Steps: 1000 | Reward:  -184.85
Total T:   16000 | Ep:   16 | Steps: 1000 | Reward:  -182.45
Total T:   17000 | Ep:   17 | Steps: 1000 | Reward:  -296.01
Total T:   18000 | Ep:   18 | Steps: 1000 | Reward:  -206.69
Total T:   19000 | Ep:   19 | Steps: 1000 | Reward:  -435.09
Total T:   20000 | Ep:   20 | Steps: 1000 | Reward:  -237.58
---------------------------------------
Evaluation over 10 episodes: -1.007
---------------------------------------
Total T:   21000 | Ep:   21 | Steps: 1000 | Reward:  -324.94
Total T:   22000 | Ep:   22 | Steps: 1000 | Reward:  -193.35
Total T:   23000 | Ep:   23 | Steps: 1000 | Reward:  -409.74
Total T:   24000 | Ep:   24 | Steps: 1000 | Reward:  -323.39
Total T:   25000 | Ep:   25 | Steps: 1000 | Reward:  -280.02
Total T:   26000 | Ep:   26 | Steps: 1000 | Reward:  -444.75
Total T:   27000 | Ep:   27 | Steps: 1000 | Reward:  -490.84
Total T:   28000 | Ep:   28 | Steps: 1000 | Reward:  -524.66
Total T:   29000 | Ep:   29 | Steps: 1000 | Reward:  -503.55
Total T:   30000 | Ep:   30 | Steps: 1000 | Reward:  -587.98
---------------------------------------
Evaluation over 10 episodes: -497.784
---------------------------------------
Total T:   31000 | Ep:   31 | Steps: 1000 | Reward:  -396.79
Total T:   32000 | Ep:   32 | Steps: 1000 | Reward:  -173.85
Total T:   33000 | Ep:   33 | Steps: 1000 | Reward:  -251.83
Total T:   34000 | Ep:   34 | Steps: 1000 | Reward:  -167.70
Total T:   35000 | Ep:   35 | Steps: 1000 | Reward:  -107.85
Total T:   36000 | Ep:   36 | Steps: 1000 | Reward:  -392.03
Total T:   37000 | Ep:   37 | Steps: 1000 | Reward:   181.64
Total T:   38000 | Ep:   38 | Steps: 1000 | Reward:    87.50
Total T:   39000 | Ep:   39 | Steps: 1000 | Reward:   141.41
Total T:   40000 | Ep:   40 | Steps: 1000 | Reward:   371.52
---------------------------------------
Evaluation over 10 episodes: 1029.155
---------------------------------------
Total T:   41000 | Ep:   41 | Steps: 1000 | Reward:  1260.32
Total T:   42000 | Ep:   42 | Steps: 1000 | Reward:  1310.14
Total T:   43000 | Ep:   43 | Steps: 1000 | Reward:  1325.07
Total T:   44000 | Ep:   44 | Steps: 1000 | Reward:   954.07
Total T:   45000 | Ep:   45 | Steps: 1000 | Reward:  1656.02
Total T:   46000 | Ep:   46 | Steps: 1000 | Reward:  1795.31
Total T:   47000 | Ep:   47 | Steps: 1000 | Reward:  2255.08
Total T:   48000 | Ep:   48 | Steps: 1000 | Reward:  2374.08
Total T:   49000 | Ep:   49 | Steps: 1000 | Reward:  2488.15
Total T:   50000 | Ep:   50 | Steps: 1000 | Reward:  2575.13
---------------------------------------
Evaluation over 10 episodes: 1786.632
---------------------------------------
Total T:   51000 | Ep:   51 | Steps: 1000 | Reward:   727.26
Total T:   52000 | Ep:   52 | Steps: 1000 | Reward:  2499.76
Total T:   53000 | Ep:   53 | Steps: 1000 | Reward:  2826.19
Total T:   54000 | Ep:   54 | Steps: 1000 | Reward:  2193.48
Total T:   55000 | Ep:   55 | Steps: 1000 | Reward:  3227.86
Total T:   56000 | Ep:   56 | Steps: 1000 | Reward:  1582.86
Total T:   57000 | Ep:   57 | Steps: 1000 | Reward:  3102.79
Total T:   58000 | Ep:   58 | Steps: 1000 | Reward:  3200.24
Total T:   59000 | Ep:   59 | Steps: 1000 | Reward:  3403.14
Total T:   60000 | Ep:   60 | Steps: 1000 | Reward:  3060.75
---------------------------------------
Evaluation over 10 episodes: 3275.962
---------------------------------------
Total T:   61000 | Ep:   61 | Steps: 1000 | Reward:  3317.92
Total T:   62000 | Ep:   62 | Steps: 1000 | Reward:  2860.62
Total T:   63000 | Ep:   63 | Steps: 1000 | Reward:  3507.55
Total T:   64000 | Ep:   64 | Steps: 1000 | Reward:  3486.32
Total T:   65000 | Ep:   65 | Steps: 1000 | Reward:  3494.46
Total T:   66000 | Ep:   66 | Steps: 1000 | Reward:  3683.67
Total T:   67000 | Ep:   67 | Steps: 1000 | Reward:  3804.64
Total T:   68000 | Ep:   68 | Steps: 1000 | Reward:   561.86
Total T:   69000 | Ep:   69 | Steps: 1000 | Reward:  3669.30
Total T:   70000 | Ep:   70 | Steps: 1000 | Reward:   460.07
---------------------------------------
Evaluation over 10 episodes: 3334.022
---------------------------------------
Total T:   71000 | Ep:   71 | Steps: 1000 | Reward:  3784.96
Total T:   72000 | Ep:   72 | Steps: 1000 | Reward:  3973.31
Total T:   73000 | Ep:   73 | Steps: 1000 | Reward:  3701.60
Total T:   74000 | Ep:   74 | Steps: 1000 | Reward:  3975.98
Total T:   75000 | Ep:   75 | Steps: 1000 | Reward:  3858.36
Total T:   76000 | Ep:   76 | Steps: 1000 | Reward:  3818.55
Total T:   77000 | Ep:   77 | Steps: 1000 | Reward:  3821.19
Total T:   78000 | Ep:   78 | Steps: 1000 | Reward:  4098.92
Total T:   79000 | Ep:   79 | Steps: 1000 | Reward:  4057.92
Total T:   80000 | Ep:   80 | Steps: 1000 | Reward:  4081.23
---------------------------------------
Evaluation over 10 episodes: 3801.882
---------------------------------------
Total T:   81000 | Ep:   81 | Steps: 1000 | Reward:  4438.12
Total T:   82000 | Ep:   82 | Steps: 1000 | Reward:  3966.32
Total T:   83000 | Ep:   83 | Steps: 1000 | Reward:  4106.76
Total T:   84000 | Ep:   84 | Steps: 1000 | Reward:  4084.73
Total T:   85000 | Ep:   85 | Steps: 1000 | Reward:  4160.14
Total T:   86000 | Ep:   86 | Steps: 1000 | Reward:  4178.34
Total T:   87000 | Ep:   87 | Steps: 1000 | Reward:  4261.58
Total T:   88000 | Ep:   88 | Steps: 1000 | Reward:  2284.75
Total T:   89000 | Ep:   89 | Steps: 1000 | Reward:  4428.08
Total T:   90000 | Ep:   90 | Steps: 1000 | Reward:  4472.21
---------------------------------------
Evaluation over 10 episodes: 4512.138
---------------------------------------
Total T:   91000 | Ep:   91 | Steps: 1000 | Reward:  4430.10
Total T:   92000 | Ep:   92 | Steps: 1000 | Reward:  4523.59
Total T:   93000 | Ep:   93 | Steps: 1000 | Reward:  4487.03
Total T:   94000 | Ep:   94 | Steps: 1000 | Reward:  4481.33
Total T:   95000 | Ep:   95 | Steps: 1000 | Reward:  4485.86
Total T:   96000 | Ep:   96 | Steps: 1000 | Reward:  4540.77
Total T:   97000 | Ep:   97 | Steps: 1000 | Reward:  4400.39
Total T:   98000 | Ep:   98 | Steps: 1000 | Reward:  4595.26
Total T:   99000 | Ep:   99 | Steps: 1000 | Reward:  4403.67
Total T:  100000 | Ep:  100 | Steps: 1000 | Reward:  4542.23
---------------------------------------
Evaluation over 10 episodes: 4705.212
---------------------------------------
Total T:  101000 | Ep:  101 | Steps: 1000 | Reward:  4505.99
Total T:  102000 | Ep:  102 | Steps: 1000 | Reward:  4620.02
Total T:  103000 | Ep:  103 | Steps: 1000 | Reward:  4523.96
Total T:  104000 | Ep:  104 | Steps: 1000 | Reward:  4607.03
Total T:  105000 | Ep:  105 | Steps: 1000 | Reward:  4710.59
Total T:  106000 | Ep:  106 | Steps: 1000 | Reward:  4652.27
Total T:  107000 | Ep:  107 | Steps: 1000 | Reward:  4520.63
Total T:  108000 | Ep:  108 | Steps: 1000 | Reward:  4502.80
Total T:  109000 | Ep:  109 | Steps: 1000 | Reward:  4568.11
Total T:  110000 | Ep:  110 | Steps: 1000 | Reward:  4649.34
---------------------------------------
Evaluation over 10 episodes: 4804.994
---------------------------------------
Total T:  111000 | Ep:  111 | Steps: 1000 | Reward:  4731.62
Total T:  112000 | Ep:  112 | Steps: 1000 | Reward:  4836.21
Total T:  113000 | Ep:  113 | Steps: 1000 | Reward:  4632.30
Total T:  114000 | Ep:  114 | Steps: 1000 | Reward:  4918.92
Total T:  115000 | Ep:  115 | Steps: 1000 | Reward:  4926.72
Total T:  116000 | Ep:  116 | Steps: 1000 | Reward:  4789.04
Total T:  117000 | Ep:  117 | Steps: 1000 | Reward:  4713.73
Total T:  118000 | Ep:  118 | Steps: 1000 | Reward:  4697.96
Total T:  119000 | Ep:  119 | Steps: 1000 | Reward:  4908.34
Total T:  120000 | Ep:  120 | Steps: 1000 | Reward:  4629.91
---------------------------------------
Evaluation over 10 episodes: 4845.586
---------------------------------------
Total T:  121000 | Ep:  121 | Steps: 1000 | Reward:  4772.83
Total T:  122000 | Ep:  122 | Steps: 1000 | Reward:  4775.93
Total T:  123000 | Ep:  123 | Steps: 1000 | Reward:  4892.99
Total T:  124000 | Ep:  124 | Steps: 1000 | Reward:  4801.75
Total T:  125000 | Ep:  125 | Steps: 1000 | Reward:  4718.76
Total T:  126000 | Ep:  126 | Steps: 1000 | Reward:  4819.58
Total T:  127000 | Ep:  127 | Steps: 1000 | Reward:  4725.21
Total T:  128000 | Ep:  128 | Steps: 1000 | Reward:  5052.45
Total T:  129000 | Ep:  129 | Steps: 1000 | Reward:  4959.79
Total T:  130000 | Ep:  130 | Steps: 1000 | Reward:  4854.56
---------------------------------------
Evaluation over 10 episodes: 4989.510
---------------------------------------
Total T:  131000 | Ep:  131 | Steps: 1000 | Reward:  5020.22
Total T:  132000 | Ep:  132 | Steps: 1000 | Reward:  5075.90
Total T:  133000 | Ep:  133 | Steps: 1000 | Reward:  5030.34
Total T:  134000 | Ep:  134 | Steps: 1000 | Reward:  5244.79
Total T:  135000 | Ep:  135 | Steps: 1000 | Reward:  5086.25
Total T:  136000 | Ep:  136 | Steps: 1000 | Reward:  5155.23
Total T:  137000 | Ep:  137 | Steps: 1000 | Reward:  4966.88
Total T:  138000 | Ep:  138 | Steps: 1000 | Reward:  5088.44
Total T:  139000 | Ep:  139 | Steps: 1000 | Reward:  5067.78
Total T:  140000 | Ep:  140 | Steps: 1000 | Reward:  5004.29
---------------------------------------
Evaluation over 10 episodes: 5365.643
---------------------------------------
Total T:  141000 | Ep:  141 | Steps: 1000 | Reward:  5237.23
Total T:  142000 | Ep:  142 | Steps: 1000 | Reward:  5194.51
Total T:  143000 | Ep:  143 | Steps: 1000 | Reward:  5041.31
Total T:  144000 | Ep:  144 | Steps: 1000 | Reward:  5180.29
Total T:  145000 | Ep:  145 | Steps: 1000 | Reward:  5055.00
Total T:  146000 | Ep:  146 | Steps: 1000 | Reward:  5107.49
Total T:  147000 | Ep:  147 | Steps: 1000 | Reward:  5183.46
Total T:  148000 | Ep:  148 | Steps: 1000 | Reward:  5301.44
Total T:  149000 | Ep:  149 | Steps: 1000 | Reward:  5272.58
Total T:  150000 | Ep:  150 | Steps: 1000 | Reward:  5179.68
---------------------------------------
Evaluation over 10 episodes: 5392.472
---------------------------------------
Total T:  151000 | Ep:  151 | Steps: 1000 | Reward:  5208.17
Total T:  152000 | Ep:  152 | Steps: 1000 | Reward:  5308.51
Total T:  153000 | Ep:  153 | Steps: 1000 | Reward:  5064.30
Total T:  154000 | Ep:  154 | Steps: 1000 | Reward:  5328.13
Total T:  155000 | Ep:  155 | Steps: 1000 | Reward:  5305.62
Total T:  156000 | Ep:  156 | Steps: 1000 | Reward:  5178.90
Total T:  157000 | Ep:  157 | Steps: 1000 | Reward:  5262.67
Total T:  158000 | Ep:  158 | Steps: 1000 | Reward:  5363.57
Total T:  159000 | Ep:  159 | Steps: 1000 | Reward:  5276.26
Total T:  160000 | Ep:  160 | Steps: 1000 | Reward:  5261.29
---------------------------------------
Evaluation over 10 episodes: 5504.853
---------------------------------------
Total T:  161000 | Ep:  161 | Steps: 1000 | Reward:  5236.56
Total T:  162000 | Ep:  162 | Steps: 1000 | Reward:  5292.16
Total T:  163000 | Ep:  163 | Steps: 1000 | Reward:  5546.73
Total T:  164000 | Ep:  164 | Steps: 1000 | Reward:  5196.99
Total T:  165000 | Ep:  165 | Steps: 1000 | Reward:  5391.94
Total T:  166000 | Ep:  166 | Steps: 1000 | Reward:  5491.56
Total T:  167000 | Ep:  167 | Steps: 1000 | Reward:  5378.98
Total T:  168000 | Ep:  168 | Steps: 1000 | Reward:  5240.79
Total T:  169000 | Ep:  169 | Steps: 1000 | Reward:  5269.71
Total T:  170000 | Ep:  170 | Steps: 1000 | Reward:  5450.30
---------------------------------------
Evaluation over 10 episodes: 5588.121
---------------------------------------
Total T:  171000 | Ep:  171 | Steps: 1000 | Reward:  5298.94
Total T:  172000 | Ep:  172 | Steps: 1000 | Reward:  5286.97
Total T:  173000 | Ep:  173 | Steps: 1000 | Reward:  5396.91
Total T:  174000 | Ep:  174 | Steps: 1000 | Reward:  5387.23
Total T:  175000 | Ep:  175 | Steps: 1000 | Reward:  5331.70
Total T:  176000 | Ep:  176 | Steps: 1000 | Reward:  5235.44
Total T:  177000 | Ep:  177 | Steps: 1000 | Reward:  5575.89
Total T:  178000 | Ep:  178 | Steps: 1000 | Reward:  5260.09
Total T:  179000 | Ep:  179 | Steps: 1000 | Reward:  5307.29
Total T:  180000 | Ep:  180 | Steps: 1000 | Reward:  5414.54
---------------------------------------
Evaluation over 10 episodes: 5562.490
---------------------------------------
Total T:  181000 | Ep:  181 | Steps: 1000 | Reward:  5434.01
Total T:  182000 | Ep:  182 | Steps: 1000 | Reward:  5457.52
Total T:  183000 | Ep:  183 | Steps: 1000 | Reward:  5430.34
Total T:  184000 | Ep:  184 | Steps: 1000 | Reward:  5442.45
Total T:  185000 | Ep:  185 | Steps: 1000 | Reward:  5578.56
Total T:  186000 | Ep:  186 | Steps: 1000 | Reward:  5299.53
Total T:  187000 | Ep:  187 | Steps: 1000 | Reward:  5403.25
Total T:  188000 | Ep:  188 | Steps: 1000 | Reward:  5428.38
Total T:  189000 | Ep:  189 | Steps: 1000 | Reward:  5627.87
Total T:  190000 | Ep:  190 | Steps: 1000 | Reward:  5480.65
---------------------------------------
Evaluation over 10 episodes: 5719.490
---------------------------------------
Total T:  191000 | Ep:  191 | Steps: 1000 | Reward:  5498.69
Total T:  192000 | Ep:  192 | Steps: 1000 | Reward:  5548.77
Total T:  193000 | Ep:  193 | Steps: 1000 | Reward:  5539.60
Total T:  194000 | Ep:  194 | Steps: 1000 | Reward:  5581.54
Total T:  195000 | Ep:  195 | Steps: 1000 | Reward:  5390.36
Total T:  196000 | Ep:  196 | Steps: 1000 | Reward:  5497.39
Total T:  197000 | Ep:  197 | Steps: 1000 | Reward:  5506.88
Total T:  198000 | Ep:  198 | Steps: 1000 | Reward:  5608.62
Total T:  199000 | Ep:  199 | Steps: 1000 | Reward:  5435.96
Total T:  200000 | Ep:  200 | Steps: 1000 | Reward:  5619.81
---------------------------------------
Evaluation over 10 episodes: 5762.125
---------------------------------------
Total T:  201000 | Ep:  201 | Steps: 1000 | Reward:  5555.28
Total T:  202000 | Ep:  202 | Steps: 1000 | Reward:  5586.58
Total T:  203000 | Ep:  203 | Steps: 1000 | Reward:  5646.34
Total T:  204000 | Ep:  204 | Steps: 1000 | Reward:  5459.87
Total T:  205000 | Ep:  205 | Steps: 1000 | Reward:  5505.06
Total T:  206000 | Ep:  206 | Steps: 1000 | Reward:  5598.74
Total T:  207000 | Ep:  207 | Steps: 1000 | Reward:  5598.90
Total T:  208000 | Ep:  208 | Steps: 1000 | Reward:  5614.47
Total T:  209000 | Ep:  209 | Steps: 1000 | Reward:  5629.90
Total T:  210000 | Ep:  210 | Steps: 1000 | Reward:  5625.64
---------------------------------------
Evaluation over 10 episodes: 5794.145
---------------------------------------
Total T:  211000 | Ep:  211 | Steps: 1000 | Reward:  5635.09
Total T:  212000 | Ep:  212 | Steps: 1000 | Reward:  5572.46
Total T:  213000 | Ep:  213 | Steps: 1000 | Reward:  5381.70
Total T:  214000 | Ep:  214 | Steps: 1000 | Reward:  5623.94
Total T:  215000 | Ep:  215 | Steps: 1000 | Reward:  5532.76
Total T:  216000 | Ep:  216 | Steps: 1000 | Reward:  5583.10
Total T:  217000 | Ep:  217 | Steps: 1000 | Reward:  5683.02
Total T:  218000 | Ep:  218 | Steps: 1000 | Reward:  5591.66
Total T:  219000 | Ep:  219 | Steps: 1000 | Reward:  5614.40
Total T:  220000 | Ep:  220 | Steps: 1000 | Reward:  5562.79
---------------------------------------
Evaluation over 10 episodes: 5828.945
---------------------------------------
Total T:  221000 | Ep:  221 | Steps: 1000 | Reward:  5770.55
Total T:  222000 | Ep:  222 | Steps: 1000 | Reward:  5679.50
Total T:  223000 | Ep:  223 | Steps: 1000 | Reward:  5753.23
Total T:  224000 | Ep:  224 | Steps: 1000 | Reward:  5592.53
Total T:  225000 | Ep:  225 | Steps: 1000 | Reward:  5679.14
Total T:  226000 | Ep:  226 | Steps: 1000 | Reward:  5672.70
Total T:  227000 | Ep:  227 | Steps: 1000 | Reward:  5759.67
Total T:  228000 | Ep:  228 | Steps: 1000 | Reward:  5690.70
Total T:  229000 | Ep:  229 | Steps: 1000 | Reward:  5787.41
Total T:  230000 | Ep:  230 | Steps: 1000 | Reward:  5802.31
---------------------------------------
Evaluation over 10 episodes: 5866.703
---------------------------------------
Total T:  231000 | Ep:  231 | Steps: 1000 | Reward:  5779.58
Total T:  232000 | Ep:  232 | Steps: 1000 | Reward:  5723.95
Total T:  233000 | Ep:  233 | Steps: 1000 | Reward:  5815.94
Total T:  234000 | Ep:  234 | Steps: 1000 | Reward:  5599.88
Total T:  235000 | Ep:  235 | Steps: 1000 | Reward:  5839.76
Total T:  236000 | Ep:  236 | Steps: 1000 | Reward:  5663.66
Total T:  237000 | Ep:  237 | Steps: 1000 | Reward:  5826.73
Total T:  238000 | Ep:  238 | Steps: 1000 | Reward:  5748.00
Total T:  239000 | Ep:  239 | Steps: 1000 | Reward:  5789.16
Total T:  240000 | Ep:  240 | Steps: 1000 | Reward:  5747.91
---------------------------------------
Evaluation over 10 episodes: 5961.350
---------------------------------------
Total T:  241000 | Ep:  241 | Steps: 1000 | Reward:  5702.14
Total T:  242000 | Ep:  242 | Steps: 1000 | Reward:  5623.13
Total T:  243000 | Ep:  243 | Steps: 1000 | Reward:  5822.97
Total T:  244000 | Ep:  244 | Steps: 1000 | Reward:  5691.25
Total T:  245000 | Ep:  245 | Steps: 1000 | Reward:  5722.98
Total T:  246000 | Ep:  246 | Steps: 1000 | Reward:  5780.28
Total T:  247000 | Ep:  247 | Steps: 1000 | Reward:  5634.05
Total T:  248000 | Ep:  248 | Steps: 1000 | Reward:  5761.91
Total T:  249000 | Ep:  249 | Steps: 1000 | Reward:  5889.20
Total T:  250000 | Ep:  250 | Steps: 1000 | Reward:  5671.58
---------------------------------------
Evaluation over 10 episodes: 5997.249
---------------------------------------
Total T:  251000 | Ep:  251 | Steps: 1000 | Reward:  5712.76
Total T:  252000 | Ep:  252 | Steps: 1000 | Reward:  5822.14
Total T:  253000 | Ep:  253 | Steps: 1000 | Reward:  5775.47
Total T:  254000 | Ep:  254 | Steps: 1000 | Reward:  5861.51
Total T:  255000 | Ep:  255 | Steps: 1000 | Reward:  5808.36
Total T:  256000 | Ep:  256 | Steps: 1000 | Reward:  5785.66
Total T:  257000 | Ep:  257 | Steps: 1000 | Reward:  5593.41
Total T:  258000 | Ep:  258 | Steps: 1000 | Reward:  5751.77
Total T:  259000 | Ep:  259 | Steps: 1000 | Reward:  5975.66
Total T:  260000 | Ep:  260 | Steps: 1000 | Reward:  5610.31
---------------------------------------
Evaluation over 10 episodes: 6069.078
---------------------------------------
Total T:  261000 | Ep:  261 | Steps: 1000 | Reward:  5809.19
Total T:  262000 | Ep:  262 | Steps: 1000 | Reward:  5829.36
Total T:  263000 | Ep:  263 | Steps: 1000 | Reward:  5829.80
Total T:  264000 | Ep:  264 | Steps: 1000 | Reward:  5809.20
Total T:  265000 | Ep:  265 | Steps: 1000 | Reward:  5857.08
Total T:  266000 | Ep:  266 | Steps: 1000 | Reward:  5713.52
Total T:  267000 | Ep:  267 | Steps: 1000 | Reward:  5879.24
Total T:  268000 | Ep:  268 | Steps: 1000 | Reward:  5943.00
Total T:  269000 | Ep:  269 | Steps: 1000 | Reward:  5778.57
Total T:  270000 | Ep:  270 | Steps: 1000 | Reward:  5914.91
---------------------------------------
Evaluation over 10 episodes: 6051.192
---------------------------------------
Total T:  271000 | Ep:  271 | Steps: 1000 | Reward:  5779.44
Total T:  272000 | Ep:  272 | Steps: 1000 | Reward:  5970.98
Total T:  273000 | Ep:  273 | Steps: 1000 | Reward:  5968.77
Total T:  274000 | Ep:  274 | Steps: 1000 | Reward:  5948.82
Total T:  275000 | Ep:  275 | Steps: 1000 | Reward:  5959.70
Total T:  276000 | Ep:  276 | Steps: 1000 | Reward:  5880.79
Total T:  277000 | Ep:  277 | Steps: 1000 | Reward:  5879.17
Total T:  278000 | Ep:  278 | Steps: 1000 | Reward:  5884.16
Total T:  279000 | Ep:  279 | Steps: 1000 | Reward:  5944.12
Total T:  280000 | Ep:  280 | Steps: 1000 | Reward:  6022.68
---------------------------------------
Evaluation over 10 episodes: 6158.861
---------------------------------------
Total T:  281000 | Ep:  281 | Steps: 1000 | Reward:  6069.28
Total T:  282000 | Ep:  282 | Steps: 1000 | Reward:  5876.52
Total T:  283000 | Ep:  283 | Steps: 1000 | Reward:  5979.98
Total T:  284000 | Ep:  284 | Steps: 1000 | Reward:  5902.37
Total T:  285000 | Ep:  285 | Steps: 1000 | Reward:  5997.45
Total T:  286000 | Ep:  286 | Steps: 1000 | Reward:  6048.77
Total T:  287000 | Ep:  287 | Steps: 1000 | Reward:  6046.08
Total T:  288000 | Ep:  288 | Steps: 1000 | Reward:  6044.99
Total T:  289000 | Ep:  289 | Steps: 1000 | Reward:  5953.62
Total T:  290000 | Ep:  290 | Steps: 1000 | Reward:  5953.29
---------------------------------------
Evaluation over 10 episodes: 6206.316
---------------------------------------
Total T:  291000 | Ep:  291 | Steps: 1000 | Reward:  6062.38
Total T:  292000 | Ep:  292 | Steps: 1000 | Reward:  6066.52
Total T:  293000 | Ep:  293 | Steps: 1000 | Reward:  6014.80
Total T:  294000 | Ep:  294 | Steps: 1000 | Reward:  6008.24
Total T:  295000 | Ep:  295 | Steps: 1000 | Reward:  6108.74
Total T:  296000 | Ep:  296 | Steps: 1000 | Reward:  5971.07
Total T:  297000 | Ep:  297 | Steps: 1000 | Reward:  6038.55
Total T:  298000 | Ep:  298 | Steps: 1000 | Reward:  6058.71
Total T:  299000 | Ep:  299 | Steps: 1000 | Reward:  5970.90
Total T:  300000 | Ep:  300 | Steps: 1000 | Reward:  5994.64
---------------------------------------
Evaluation over 10 episodes: 6258.893
---------------------------------------
Total T:  301000 | Ep:  301 | Steps: 1000 | Reward:  6077.86
Total T:  302000 | Ep:  302 | Steps: 1000 | Reward:  6080.97
Total T:  303000 | Ep:  303 | Steps: 1000 | Reward:  6065.92
Total T:  304000 | Ep:  304 | Steps: 1000 | Reward:  6016.17
Total T:  305000 | Ep:  305 | Steps: 1000 | Reward:  6047.13
Total T:  306000 | Ep:  306 | Steps: 1000 | Reward:  6069.26
Total T:  307000 | Ep:  307 | Steps: 1000 | Reward:  6032.15
Total T:  308000 | Ep:  308 | Steps: 1000 | Reward:  6050.33
Total T:  309000 | Ep:  309 | Steps: 1000 | Reward:  6034.82
Total T:  310000 | Ep:  310 | Steps: 1000 | Reward:  6153.40
---------------------------------------
Evaluation over 10 episodes: 6328.844
---------------------------------------
Total T:  311000 | Ep:  311 | Steps: 1000 | Reward:  6058.94
Total T:  312000 | Ep:  312 | Steps: 1000 | Reward:  6014.14
Total T:  313000 | Ep:  313 | Steps: 1000 | Reward:  6093.61
Total T:  314000 | Ep:  314 | Steps: 1000 | Reward:  6075.20
Total T:  315000 | Ep:  315 | Steps: 1000 | Reward:  6166.62
Total T:  316000 | Ep:  316 | Steps: 1000 | Reward:  6039.61
Total T:  317000 | Ep:  317 | Steps: 1000 | Reward:  6087.74
Total T:  318000 | Ep:  318 | Steps: 1000 | Reward:  6084.22
Total T:  319000 | Ep:  319 | Steps: 1000 | Reward:  6100.37
Total T:  320000 | Ep:  320 | Steps: 1000 | Reward:  6153.30
---------------------------------------
Evaluation over 10 episodes: 6372.409
---------------------------------------
Total T:  321000 | Ep:  321 | Steps: 1000 | Reward:  6072.59
Total T:  322000 | Ep:  322 | Steps: 1000 | Reward:  5964.33
Total T:  323000 | Ep:  323 | Steps: 1000 | Reward:  6143.30
Total T:  324000 | Ep:  324 | Steps: 1000 | Reward:  6043.89
Total T:  325000 | Ep:  325 | Steps: 1000 | Reward:  6031.16
Total T:  326000 | Ep:  326 | Steps: 1000 | Reward:  6106.16
Total T:  327000 | Ep:  327 | Steps: 1000 | Reward:  6003.38
Total T:  328000 | Ep:  328 | Steps: 1000 | Reward:  6101.63
Total T:  329000 | Ep:  329 | Steps: 1000 | Reward:  6193.49
Total T:  330000 | Ep:  330 | Steps: 1000 | Reward:  6066.24
---------------------------------------
Evaluation over 10 episodes: 6380.336
---------------------------------------
Total T:  331000 | Ep:  331 | Steps: 1000 | Reward:  6075.14
Total T:  332000 | Ep:  332 | Steps: 1000 | Reward:  6150.30
Total T:  333000 | Ep:  333 | Steps: 1000 | Reward:  6118.20
Total T:  334000 | Ep:  334 | Steps: 1000 | Reward:  6113.37
Total T:  335000 | Ep:  335 | Steps: 1000 | Reward:  6048.05
Total T:  336000 | Ep:  336 | Steps: 1000 | Reward:  6119.55
Total T:  337000 | Ep:  337 | Steps: 1000 | Reward:  6076.37
Total T:  338000 | Ep:  338 | Steps: 1000 | Reward:  6136.80
Total T:  339000 | Ep:  339 | Steps: 1000 | Reward:  6121.88
Total T:  340000 | Ep:  340 | Steps: 1000 | Reward:  6256.52
---------------------------------------
Evaluation over 10 episodes: 6388.822
---------------------------------------
Total T:  341000 | Ep:  341 | Steps: 1000 | Reward:  6176.08
Total T:  342000 | Ep:  342 | Steps: 1000 | Reward:  6174.43
Total T:  343000 | Ep:  343 | Steps: 1000 | Reward:  6239.50
Total T:  344000 | Ep:  344 | Steps: 1000 | Reward:  6131.61
Total T:  345000 | Ep:  345 | Steps: 1000 | Reward:  6225.63
Total T:  346000 | Ep:  346 | Steps: 1000 | Reward:  6172.23
Total T:  347000 | Ep:  347 | Steps: 1000 | Reward:  6156.37
Total T:  348000 | Ep:  348 | Steps: 1000 | Reward:  6243.39
Total T:  349000 | Ep:  349 | Steps: 1000 | Reward:  6192.91
Total T:  350000 | Ep:  350 | Steps: 1000 | Reward:  6116.62
---------------------------------------
Evaluation over 10 episodes: 6477.159
---------------------------------------
Total T:  351000 | Ep:  351 | Steps: 1000 | Reward:  6147.10
Total T:  352000 | Ep:  352 | Steps: 1000 | Reward:  6210.72
Total T:  353000 | Ep:  353 | Steps: 1000 | Reward:  6102.30
Total T:  354000 | Ep:  354 | Steps: 1000 | Reward:  6127.35
Total T:  355000 | Ep:  355 | Steps: 1000 | Reward:  6227.70
Total T:  356000 | Ep:  356 | Steps: 1000 | Reward:  6074.70
Total T:  357000 | Ep:  357 | Steps: 1000 | Reward:  6236.90
Total T:  358000 | Ep:  358 | Steps: 1000 | Reward:  6212.67
Total T:  359000 | Ep:  359 | Steps: 1000 | Reward:  6215.40
Total T:  360000 | Ep:  360 | Steps: 1000 | Reward:  6199.64
---------------------------------------
Evaluation over 10 episodes: 6463.610
---------------------------------------
Total T:  361000 | Ep:  361 | Steps: 1000 | Reward:  6217.62
Total T:  362000 | Ep:  362 | Steps: 1000 | Reward:  6226.24
Total T:  363000 | Ep:  363 | Steps: 1000 | Reward:  6076.99
Total T:  364000 | Ep:  364 | Steps: 1000 | Reward:  6172.33
Total T:  365000 | Ep:  365 | Steps: 1000 | Reward:  6229.31
Total T:  366000 | Ep:  366 | Steps: 1000 | Reward:  6169.62
Total T:  367000 | Ep:  367 | Steps: 1000 | Reward:  6246.34
Total T:  368000 | Ep:  368 | Steps: 1000 | Reward:  6193.99
Total T:  369000 | Ep:  369 | Steps: 1000 | Reward:  6341.28
Total T:  370000 | Ep:  370 | Steps: 1000 | Reward:  6264.08
---------------------------------------
Evaluation over 10 episodes: 6515.118
---------------------------------------
Total T:  371000 | Ep:  371 | Steps: 1000 | Reward:  6079.74
Total T:  372000 | Ep:  372 | Steps: 1000 | Reward:  6197.68
Total T:  373000 | Ep:  373 | Steps: 1000 | Reward:  6155.23
Total T:  374000 | Ep:  374 | Steps: 1000 | Reward:  6372.31
Total T:  375000 | Ep:  375 | Steps: 1000 | Reward:  6196.10
Total T:  376000 | Ep:  376 | Steps: 1000 | Reward:  6267.92
Total T:  377000 | Ep:  377 | Steps: 1000 | Reward:  6183.67
Total T:  378000 | Ep:  378 | Steps: 1000 | Reward:  6300.81
Total T:  379000 | Ep:  379 | Steps: 1000 | Reward:  6324.40
Total T:  380000 | Ep:  380 | Steps: 1000 | Reward:  6324.35
---------------------------------------
Evaluation over 10 episodes: 6719.324
---------------------------------------
Total T:  381000 | Ep:  381 | Steps: 1000 | Reward:  6288.35
Total T:  382000 | Ep:  382 | Steps: 1000 | Reward:  6288.45
Total T:  383000 | Ep:  383 | Steps: 1000 | Reward:  6314.55
Total T:  384000 | Ep:  384 | Steps: 1000 | Reward:  6335.64
Total T:  385000 | Ep:  385 | Steps: 1000 | Reward:  6384.87
Total T:  386000 | Ep:  386 | Steps: 1000 | Reward:  6278.82
Total T:  387000 | Ep:  387 | Steps: 1000 | Reward:  6292.77
Total T:  388000 | Ep:  388 | Steps: 1000 | Reward:  6260.36
Total T:  389000 | Ep:  389 | Steps: 1000 | Reward:  6337.10
Total T:  390000 | Ep:  390 | Steps: 1000 | Reward:  6168.41
---------------------------------------
Evaluation over 10 episodes: 6645.155
---------------------------------------
Total T:  391000 | Ep:  391 | Steps: 1000 | Reward:  6154.32
Total T:  392000 | Ep:  392 | Steps: 1000 | Reward:  6380.68
Total T:  393000 | Ep:  393 | Steps: 1000 | Reward:  6408.51
Total T:  394000 | Ep:  394 | Steps: 1000 | Reward:  6372.06
Total T:  395000 | Ep:  395 | Steps: 1000 | Reward:  6286.12
Total T:  396000 | Ep:  396 | Steps: 1000 | Reward:  6438.08
Total T:  397000 | Ep:  397 | Steps: 1000 | Reward:  6487.39
Total T:  398000 | Ep:  398 | Steps: 1000 | Reward:  6320.58
Total T:  399000 | Ep:  399 | Steps: 1000 | Reward:  6205.09
Total T:  400000 | Ep:  400 | Steps: 1000 | Reward:  6384.47
---------------------------------------
Evaluation over 10 episodes: 6679.134
---------------------------------------
Total T:  401000 | Ep:  401 | Steps: 1000 | Reward:  6331.93
Total T:  402000 | Ep:  402 | Steps: 1000 | Reward:  6387.29
Total T:  403000 | Ep:  403 | Steps: 1000 | Reward:  6264.21
Total T:  404000 | Ep:  404 | Steps: 1000 | Reward:  6235.46
Total T:  405000 | Ep:  405 | Steps: 1000 | Reward:  6193.17
Total T:  406000 | Ep:  406 | Steps: 1000 | Reward:  6234.45
Total T:  407000 | Ep:  407 | Steps: 1000 | Reward:  6275.46
Total T:  408000 | Ep:  408 | Steps: 1000 | Reward:  6247.22
Total T:  409000 | Ep:  409 | Steps: 1000 | Reward:  6425.86
Total T:  410000 | Ep:  410 | Steps: 1000 | Reward:  6162.13
---------------------------------------
Evaluation over 10 episodes: 6762.781
---------------------------------------
Total T:  411000 | Ep:  411 | Steps: 1000 | Reward:  6386.04
Total T:  412000 | Ep:  412 | Steps: 1000 | Reward:  6375.04
Total T:  413000 | Ep:  413 | Steps: 1000 | Reward:  6392.05
Total T:  414000 | Ep:  414 | Steps: 1000 | Reward:  6398.52
Total T:  415000 | Ep:  415 | Steps: 1000 | Reward:  6496.50
Total T:  416000 | Ep:  416 | Steps: 1000 | Reward:  6413.51
Total T:  417000 | Ep:  417 | Steps: 1000 | Reward:  6357.75
Total T:  418000 | Ep:  418 | Steps: 1000 | Reward:  6488.42
Total T:  419000 | Ep:  419 | Steps: 1000 | Reward:  6283.69
Total T:  420000 | Ep:  420 | Steps: 1000 | Reward:  6384.61
---------------------------------------
Evaluation over 10 episodes: 6848.775
---------------------------------------
Total T:  421000 | Ep:  421 | Steps: 1000 | Reward:  6530.49
Total T:  422000 | Ep:  422 | Steps: 1000 | Reward:  6530.52
Total T:  423000 | Ep:  423 | Steps: 1000 | Reward:  6287.87
Total T:  424000 | Ep:  424 | Steps: 1000 | Reward:  6544.95
Total T:  425000 | Ep:  425 | Steps: 1000 | Reward:  6606.16
Total T:  426000 | Ep:  426 | Steps: 1000 | Reward:  6346.97
Total T:  427000 | Ep:  427 | Steps: 1000 | Reward:  6443.15
Total T:  428000 | Ep:  428 | Steps: 1000 | Reward:  6572.09
Total T:  429000 | Ep:  429 | Steps: 1000 | Reward:  6423.19
Total T:  430000 | Ep:  430 | Steps: 1000 | Reward:  6419.68
---------------------------------------
Evaluation over 10 episodes: 6914.121
---------------------------------------
Total T:  431000 | Ep:  431 | Steps: 1000 | Reward:  6449.42
Total T:  432000 | Ep:  432 | Steps: 1000 | Reward:  6486.26
Total T:  433000 | Ep:  433 | Steps: 1000 | Reward:  6311.08
Total T:  434000 | Ep:  434 | Steps: 1000 | Reward:  6463.07
Total T:  435000 | Ep:  435 | Steps: 1000 | Reward:  6567.19
Total T:  436000 | Ep:  436 | Steps: 1000 | Reward:  6554.59
Total T:  437000 | Ep:  437 | Steps: 1000 | Reward:  6561.73
Total T:  438000 | Ep:  438 | Steps: 1000 | Reward:  6483.30
Total T:  439000 | Ep:  439 | Steps: 1000 | Reward:  6334.86
Total T:  440000 | Ep:  440 | Steps: 1000 | Reward:  6345.84
---------------------------------------
Evaluation over 10 episodes: 6766.635
---------------------------------------
Total T:  441000 | Ep:  441 | Steps: 1000 | Reward:  6475.50
Total T:  442000 | Ep:  442 | Steps: 1000 | Reward:  6457.66
Total T:  443000 | Ep:  443 | Steps: 1000 | Reward:  6413.45
Total T:  444000 | Ep:  444 | Steps: 1000 | Reward:  6485.67
Total T:  445000 | Ep:  445 | Steps: 1000 | Reward:  6496.66
Total T:  446000 | Ep:  446 | Steps: 1000 | Reward:  6405.55
Total T:  447000 | Ep:  447 | Steps: 1000 | Reward:  6375.71
Total T:  448000 | Ep:  448 | Steps: 1000 | Reward:  6531.35
Total T:  449000 | Ep:  449 | Steps: 1000 | Reward:  6584.63
Total T:  450000 | Ep:  450 | Steps: 1000 | Reward:  6645.17
---------------------------------------
Evaluation over 10 episodes: 6878.830
---------------------------------------
Total T:  451000 | Ep:  451 | Steps: 1000 | Reward:  6608.68
Total T:  452000 | Ep:  452 | Steps: 1000 | Reward:  6540.04
Total T:  453000 | Ep:  453 | Steps: 1000 | Reward:  6492.00
Total T:  454000 | Ep:  454 | Steps: 1000 | Reward:  6472.80
Total T:  455000 | Ep:  455 | Steps: 1000 | Reward:  6500.83
Total T:  456000 | Ep:  456 | Steps: 1000 | Reward:  6472.20
Total T:  457000 | Ep:  457 | Steps: 1000 | Reward:  6507.78
Total T:  458000 | Ep:  458 | Steps: 1000 | Reward:  6431.26
Total T:  459000 | Ep:  459 | Steps: 1000 | Reward:  6634.58
Total T:  460000 | Ep:  460 | Steps: 1000 | Reward:  6498.80
---------------------------------------
Evaluation over 10 episodes: 6829.736
---------------------------------------
Total T:  461000 | Ep:  461 | Steps: 1000 | Reward:  6526.80
Total T:  462000 | Ep:  462 | Steps: 1000 | Reward:  6520.59
Total T:  463000 | Ep:  463 | Steps: 1000 | Reward:  6531.86
Total T:  464000 | Ep:  464 | Steps: 1000 | Reward:  6544.38
Total T:  465000 | Ep:  465 | Steps: 1000 | Reward:  6492.89
Total T:  466000 | Ep:  466 | Steps: 1000 | Reward:  6575.16
Total T:  467000 | Ep:  467 | Steps: 1000 | Reward:  6524.50
Total T:  468000 | Ep:  468 | Steps: 1000 | Reward:  6508.73
Total T:  469000 | Ep:  469 | Steps: 1000 | Reward:  6508.14
Total T:  470000 | Ep:  470 | Steps: 1000 | Reward:  6519.35
---------------------------------------
Evaluation over 10 episodes: 7043.494
---------------------------------------
Total T:  471000 | Ep:  471 | Steps: 1000 | Reward:  6579.70
Total T:  472000 | Ep:  472 | Steps: 1000 | Reward:  6588.81
Total T:  473000 | Ep:  473 | Steps: 1000 | Reward:  6669.50
Total T:  474000 | Ep:  474 | Steps: 1000 | Reward:  6575.10
Total T:  475000 | Ep:  475 | Steps: 1000 | Reward:  6464.66
Total T:  476000 | Ep:  476 | Steps: 1000 | Reward:  6506.75
Total T:  477000 | Ep:  477 | Steps: 1000 | Reward:  6588.05
Total T:  478000 | Ep:  478 | Steps: 1000 | Reward:  6579.17
Total T:  479000 | Ep:  479 | Steps: 1000 | Reward:  6447.08
Total T:  480000 | Ep:  480 | Steps: 1000 | Reward:  6473.94
---------------------------------------
Evaluation over 10 episodes: 7013.732
---------------------------------------
Total T:  481000 | Ep:  481 | Steps: 1000 | Reward:  6638.98
Total T:  482000 | Ep:  482 | Steps: 1000 | Reward:  6623.10
Total T:  483000 | Ep:  483 | Steps: 1000 | Reward:  6574.02
Total T:  484000 | Ep:  484 | Steps: 1000 | Reward:  6783.48
Total T:  485000 | Ep:  485 | Steps: 1000 | Reward:  6768.88
Total T:  486000 | Ep:  486 | Steps: 1000 | Reward:  6738.37
Total T:  487000 | Ep:  487 | Steps: 1000 | Reward:  6644.61
Total T:  488000 | Ep:  488 | Steps: 1000 | Reward:  6681.60
Total T:  489000 | Ep:  489 | Steps: 1000 | Reward:  6651.97
Total T:  490000 | Ep:  490 | Steps: 1000 | Reward:  6690.72
---------------------------------------
Evaluation over 10 episodes: 7125.128
---------------------------------------
Total T:  491000 | Ep:  491 | Steps: 1000 | Reward:  6610.88
Total T:  492000 | Ep:  492 | Steps: 1000 | Reward:  6630.53
Total T:  493000 | Ep:  493 | Steps: 1000 | Reward:  6646.56
Total T:  494000 | Ep:  494 | Steps: 1000 | Reward:  6627.00
Total T:  495000 | Ep:  495 | Steps: 1000 | Reward:  6563.58
Total T:  496000 | Ep:  496 | Steps: 1000 | Reward:  6707.92
Total T:  497000 | Ep:  497 | Steps: 1000 | Reward:  6391.23
Total T:  498000 | Ep:  498 | Steps: 1000 | Reward:  6599.77
Total T:  499000 | Ep:  499 | Steps: 1000 | Reward:  6719.06
Total T:  500000 | Ep:  500 | Steps: 1000 | Reward:  6702.31
---------------------------------------
Evaluation over 10 episodes: 7134.045
---------------------------------------
Total T:  501000 | Ep:  501 | Steps: 1000 | Reward:  6498.75
Total T:  502000 | Ep:  502 | Steps: 1000 | Reward:  6659.33
Total T:  503000 | Ep:  503 | Steps: 1000 | Reward:  6555.30
Total T:  504000 | Ep:  504 | Steps: 1000 | Reward:  6774.76
Total T:  505000 | Ep:  505 | Steps: 1000 | Reward:  6611.06
Total T:  506000 | Ep:  506 | Steps: 1000 | Reward:  6760.61
Total T:  507000 | Ep:  507 | Steps: 1000 | Reward:  6821.10
Total T:  508000 | Ep:  508 | Steps: 1000 | Reward:  6750.75
Total T:  509000 | Ep:  509 | Steps: 1000 | Reward:  6700.05
Total T:  510000 | Ep:  510 | Steps: 1000 | Reward:  6728.99
---------------------------------------
Evaluation over 10 episodes: 7055.527
---------------------------------------
Total T:  511000 | Ep:  511 | Steps: 1000 | Reward:  6677.69
Total T:  512000 | Ep:  512 | Steps: 1000 | Reward:  6744.78
Total T:  513000 | Ep:  513 | Steps: 1000 | Reward:  6844.30
Total T:  514000 | Ep:  514 | Steps: 1000 | Reward:  6763.99
Total T:  515000 | Ep:  515 | Steps: 1000 | Reward:  6845.38
Total T:  516000 | Ep:  516 | Steps: 1000 | Reward:  6766.85
Total T:  517000 | Ep:  517 | Steps: 1000 | Reward:  6782.11
Total T:  518000 | Ep:  518 | Steps: 1000 | Reward:  6780.37
Total T:  519000 | Ep:  519 | Steps: 1000 | Reward:  6760.14
Total T:  520000 | Ep:  520 | Steps: 1000 | Reward:  6781.28
---------------------------------------
Evaluation over 10 episodes: 7174.828
---------------------------------------
Total T:  521000 | Ep:  521 | Steps: 1000 | Reward:  6730.27
Total T:  522000 | Ep:  522 | Steps: 1000 | Reward:  6861.15
Total T:  523000 | Ep:  523 | Steps: 1000 | Reward:  6668.49
Total T:  524000 | Ep:  524 | Steps: 1000 | Reward:  6740.29
Total T:  525000 | Ep:  525 | Steps: 1000 | Reward:  6812.89
Total T:  526000 | Ep:  526 | Steps: 1000 | Reward:  6813.42
Total T:  527000 | Ep:  527 | Steps: 1000 | Reward:  6879.60
Total T:  528000 | Ep:  528 | Steps: 1000 | Reward:  6825.33
Total T:  529000 | Ep:  529 | Steps: 1000 | Reward:  6585.11
Total T:  530000 | Ep:  530 | Steps: 1000 | Reward:  6708.50
---------------------------------------
Evaluation over 10 episodes: 7291.376
---------------------------------------
Total T:  531000 | Ep:  531 | Steps: 1000 | Reward:  6659.13
Total T:  532000 | Ep:  532 | Steps: 1000 | Reward:  6704.56
Total T:  533000 | Ep:  533 | Steps: 1000 | Reward:  6789.97
Total T:  534000 | Ep:  534 | Steps: 1000 | Reward:  6803.40
Total T:  535000 | Ep:  535 | Steps: 1000 | Reward:  6864.40
Total T:  536000 | Ep:  536 | Steps: 1000 | Reward:  6761.80
Total T:  537000 | Ep:  537 | Steps: 1000 | Reward:  6679.06
Total T:  538000 | Ep:  538 | Steps: 1000 | Reward:  6790.33
Total T:  539000 | Ep:  539 | Steps: 1000 | Reward:  6853.92
Total T:  540000 | Ep:  540 | Steps: 1000 | Reward:  6799.91
---------------------------------------
Evaluation over 10 episodes: 7249.291
---------------------------------------
Total T:  541000 | Ep:  541 | Steps: 1000 | Reward:  6788.06
Total T:  542000 | Ep:  542 | Steps: 1000 | Reward:  6825.36
Total T:  543000 | Ep:  543 | Steps: 1000 | Reward:  6952.98
Total T:  544000 | Ep:  544 | Steps: 1000 | Reward:  6796.52
Total T:  545000 | Ep:  545 | Steps: 1000 | Reward:  6921.95
Total T:  546000 | Ep:  546 | Steps: 1000 | Reward:  6864.29
Total T:  547000 | Ep:  547 | Steps: 1000 | Reward:  6885.92
Total T:  548000 | Ep:  548 | Steps: 1000 | Reward:  6753.98
Total T:  549000 | Ep:  549 | Steps: 1000 | Reward:  6917.95
Total T:  550000 | Ep:  550 | Steps: 1000 | Reward:  6670.51
---------------------------------------
Evaluation over 10 episodes: 7221.602
---------------------------------------
Total T:  551000 | Ep:  551 | Steps: 1000 | Reward:  6830.75
Total T:  552000 | Ep:  552 | Steps: 1000 | Reward:  6923.46
Total T:  553000 | Ep:  553 | Steps: 1000 | Reward:  7027.01
Total T:  554000 | Ep:  554 | Steps: 1000 | Reward:  6717.94
Total T:  555000 | Ep:  555 | Steps: 1000 | Reward:  6867.33
Total T:  556000 | Ep:  556 | Steps: 1000 | Reward:  6807.71
Total T:  557000 | Ep:  557 | Steps: 1000 | Reward:  6852.64
Total T:  558000 | Ep:  558 | Steps: 1000 | Reward:  6803.46
Total T:  559000 | Ep:  559 | Steps: 1000 | Reward:  6858.55
Total T:  560000 | Ep:  560 | Steps: 1000 | Reward:  6865.96
---------------------------------------
Evaluation over 10 episodes: 7308.260
---------------------------------------
Total T:  561000 | Ep:  561 | Steps: 1000 | Reward:  6874.42
Total T:  562000 | Ep:  562 | Steps: 1000 | Reward:  6862.96
Total T:  563000 | Ep:  563 | Steps: 1000 | Reward:  6879.41
Total T:  564000 | Ep:  564 | Steps: 1000 | Reward:  6829.19
Total T:  565000 | Ep:  565 | Steps: 1000 | Reward:  6866.66
Total T:  566000 | Ep:  566 | Steps: 1000 | Reward:  6971.51
Total T:  567000 | Ep:  567 | Steps: 1000 | Reward:  6759.88
Total T:  568000 | Ep:  568 | Steps: 1000 | Reward:  6989.66
Total T:  569000 | Ep:  569 | Steps: 1000 | Reward:  6964.27
Total T:  570000 | Ep:  570 | Steps: 1000 | Reward:  6893.64
---------------------------------------
Evaluation over 10 episodes: 7316.541
---------------------------------------
Total T:  571000 | Ep:  571 | Steps: 1000 | Reward:  6943.62
Total T:  572000 | Ep:  572 | Steps: 1000 | Reward:  6991.39
Total T:  573000 | Ep:  573 | Steps: 1000 | Reward:  6990.51
Total T:  574000 | Ep:  574 | Steps: 1000 | Reward:  6856.69
Total T:  575000 | Ep:  575 | Steps: 1000 | Reward:  7002.43
Total T:  576000 | Ep:  576 | Steps: 1000 | Reward:  6984.83
Total T:  577000 | Ep:  577 | Steps: 1000 | Reward:  6912.68
Total T:  578000 | Ep:  578 | Steps: 1000 | Reward:  6976.45
Total T:  579000 | Ep:  579 | Steps: 1000 | Reward:  6987.39
Total T:  580000 | Ep:  580 | Steps: 1000 | Reward:  6861.96
---------------------------------------
Evaluation over 10 episodes: 7235.599
---------------------------------------
Total T:  581000 | Ep:  581 | Steps: 1000 | Reward:  7088.11
Total T:  582000 | Ep:  582 | Steps: 1000 | Reward:  6911.64
Total T:  583000 | Ep:  583 | Steps: 1000 | Reward:  6872.36
Total T:  584000 | Ep:  584 | Steps: 1000 | Reward:  6764.20
Total T:  585000 | Ep:  585 | Steps: 1000 | Reward:  7034.19
Total T:  586000 | Ep:  586 | Steps: 1000 | Reward:  7086.55
Total T:  587000 | Ep:  587 | Steps: 1000 | Reward:  7115.87
Total T:  588000 | Ep:  588 | Steps: 1000 | Reward:  6907.88
Total T:  589000 | Ep:  589 | Steps: 1000 | Reward:  6925.85
Total T:  590000 | Ep:  590 | Steps: 1000 | Reward:  7032.66
---------------------------------------
Evaluation over 10 episodes: 7350.477
---------------------------------------
Total T:  591000 | Ep:  591 | Steps: 1000 | Reward:  7016.49
Total T:  592000 | Ep:  592 | Steps: 1000 | Reward:  7010.04
Total T:  593000 | Ep:  593 | Steps: 1000 | Reward:  6999.85
Total T:  594000 | Ep:  594 | Steps: 1000 | Reward:  7143.52
Total T:  595000 | Ep:  595 | Steps: 1000 | Reward:  6957.60
Total T:  596000 | Ep:  596 | Steps: 1000 | Reward:  7059.51
Total T:  597000 | Ep:  597 | Steps: 1000 | Reward:  6835.78
Total T:  598000 | Ep:  598 | Steps: 1000 | Reward:  7069.38
Total T:  599000 | Ep:  599 | Steps: 1000 | Reward:  6809.44
Total T:  600000 | Ep:  600 | Steps: 1000 | Reward:  6884.36
---------------------------------------
Evaluation over 10 episodes: 7356.529
---------------------------------------
Total T:  601000 | Ep:  601 | Steps: 1000 | Reward:  7127.88
Total T:  602000 | Ep:  602 | Steps: 1000 | Reward:  6942.42
Total T:  603000 | Ep:  603 | Steps: 1000 | Reward:  7052.61
Total T:  604000 | Ep:  604 | Steps: 1000 | Reward:  6931.62
Total T:  605000 | Ep:  605 | Steps: 1000 | Reward:  7173.34
Total T:  606000 | Ep:  606 | Steps: 1000 | Reward:  6944.09
Total T:  607000 | Ep:  607 | Steps: 1000 | Reward:  7116.08
Total T:  608000 | Ep:  608 | Steps: 1000 | Reward:  6858.78
Total T:  609000 | Ep:  609 | Steps: 1000 | Reward:  7116.46
Total T:  610000 | Ep:  610 | Steps: 1000 | Reward:  7017.82
---------------------------------------
Evaluation over 10 episodes: 7481.590
---------------------------------------
Total T:  611000 | Ep:  611 | Steps: 1000 | Reward:  7128.53
Total T:  612000 | Ep:  612 | Steps: 1000 | Reward:  6935.10
Total T:  613000 | Ep:  613 | Steps: 1000 | Reward:  6969.59
Total T:  614000 | Ep:  614 | Steps: 1000 | Reward:  7045.75
Total T:  615000 | Ep:  615 | Steps: 1000 | Reward:  7021.60
Total T:  616000 | Ep:  616 | Steps: 1000 | Reward:  6840.79
Total T:  617000 | Ep:  617 | Steps: 1000 | Reward:  7132.85
Total T:  618000 | Ep:  618 | Steps: 1000 | Reward:  7098.04
Total T:  619000 | Ep:  619 | Steps: 1000 | Reward:  7074.12
Total T:  620000 | Ep:  620 | Steps: 1000 | Reward:  7094.80
---------------------------------------
Evaluation over 10 episodes: 7460.727
---------------------------------------
Total T:  621000 | Ep:  621 | Steps: 1000 | Reward:  7093.24
Total T:  622000 | Ep:  622 | Steps: 1000 | Reward:  7131.43
Total T:  623000 | Ep:  623 | Steps: 1000 | Reward:  7069.76
Total T:  624000 | Ep:  624 | Steps: 1000 | Reward:  6914.67
Total T:  625000 | Ep:  625 | Steps: 1000 | Reward:  6951.68
Total T:  626000 | Ep:  626 | Steps: 1000 | Reward:  7128.49
Total T:  627000 | Ep:  627 | Steps: 1000 | Reward:  6967.25
Total T:  628000 | Ep:  628 | Steps: 1000 | Reward:  6976.02
Total T:  629000 | Ep:  629 | Steps: 1000 | Reward:  6856.11
Total T:  630000 | Ep:  630 | Steps: 1000 | Reward:  7146.21
---------------------------------------
Evaluation over 10 episodes: 7541.505
---------------------------------------
Total T:  631000 | Ep:  631 | Steps: 1000 | Reward:  7075.09
Total T:  632000 | Ep:  632 | Steps: 1000 | Reward:  7156.94
Total T:  633000 | Ep:  633 | Steps: 1000 | Reward:  7144.22
Total T:  634000 | Ep:  634 | Steps: 1000 | Reward:  7118.81
Total T:  635000 | Ep:  635 | Steps: 1000 | Reward:  7161.92
Total T:  636000 | Ep:  636 | Steps: 1000 | Reward:  7034.01
Total T:  637000 | Ep:  637 | Steps: 1000 | Reward:  7035.33
Total T:  638000 | Ep:  638 | Steps: 1000 | Reward:  7069.10
Total T:  639000 | Ep:  639 | Steps: 1000 | Reward:  7206.49
Total T:  640000 | Ep:  640 | Steps: 1000 | Reward:  7144.32
---------------------------------------
Evaluation over 10 episodes: 7544.917
---------------------------------------
Total T:  641000 | Ep:  641 | Steps: 1000 | Reward:  7199.40
Total T:  642000 | Ep:  642 | Steps: 1000 | Reward:  7143.28
Total T:  643000 | Ep:  643 | Steps: 1000 | Reward:  7129.59
Total T:  644000 | Ep:  644 | Steps: 1000 | Reward:  7068.36
Total T:  645000 | Ep:  645 | Steps: 1000 | Reward:  7109.00
Total T:  646000 | Ep:  646 | Steps: 1000 | Reward:  7027.54
Total T:  647000 | Ep:  647 | Steps: 1000 | Reward:  7297.86
Total T:  648000 | Ep:  648 | Steps: 1000 | Reward:  7157.42
Total T:  649000 | Ep:  649 | Steps: 1000 | Reward:  7128.41
Total T:  650000 | Ep:  650 | Steps: 1000 | Reward:  6975.38
---------------------------------------
Evaluation over 10 episodes: 7630.025
---------------------------------------
Total T:  651000 | Ep:  651 | Steps: 1000 | Reward:  7090.67
Total T:  652000 | Ep:  652 | Steps: 1000 | Reward:  7253.30
Total T:  653000 | Ep:  653 | Steps: 1000 | Reward:  7141.74
Total T:  654000 | Ep:  654 | Steps: 1000 | Reward:  7149.31
Total T:  655000 | Ep:  655 | Steps: 1000 | Reward:  7147.03
Total T:  656000 | Ep:  656 | Steps: 1000 | Reward:  7221.22
Total T:  657000 | Ep:  657 | Steps: 1000 | Reward:  7180.87
Total T:  658000 | Ep:  658 | Steps: 1000 | Reward:  7063.08
Total T:  659000 | Ep:  659 | Steps: 1000 | Reward:  7074.44
Total T:  660000 | Ep:  660 | Steps: 1000 | Reward:  7006.22
---------------------------------------
Evaluation over 10 episodes: 7570.214
---------------------------------------
Total T:  661000 | Ep:  661 | Steps: 1000 | Reward:  7087.98
Total T:  662000 | Ep:  662 | Steps: 1000 | Reward:  7282.53
Total T:  663000 | Ep:  663 | Steps: 1000 | Reward:  7244.72
Total T:  664000 | Ep:  664 | Steps: 1000 | Reward:  6974.52
Total T:  665000 | Ep:  665 | Steps: 1000 | Reward:  7136.05
Total T:  666000 | Ep:  666 | Steps: 1000 | Reward:  7181.28
Total T:  667000 | Ep:  667 | Steps: 1000 | Reward:  7172.16
Total T:  668000 | Ep:  668 | Steps: 1000 | Reward:  7219.77
Total T:  669000 | Ep:  669 | Steps: 1000 | Reward:  7307.97
Total T:  670000 | Ep:  670 | Steps: 1000 | Reward:  7112.26
---------------------------------------
Evaluation over 10 episodes: 7552.908
---------------------------------------
Total T:  671000 | Ep:  671 | Steps: 1000 | Reward:  7275.29
Total T:  672000 | Ep:  672 | Steps: 1000 | Reward:  7297.56
Total T:  673000 | Ep:  673 | Steps: 1000 | Reward:  7272.10
Total T:  674000 | Ep:  674 | Steps: 1000 | Reward:  7236.62
Total T:  675000 | Ep:  675 | Steps: 1000 | Reward:  7172.62
Total T:  676000 | Ep:  676 | Steps: 1000 | Reward:  7089.56
Total T:  677000 | Ep:  677 | Steps: 1000 | Reward:  7144.84
Total T:  678000 | Ep:  678 | Steps: 1000 | Reward:  7032.54
Total T:  679000 | Ep:  679 | Steps: 1000 | Reward:  7358.92
Total T:  680000 | Ep:  680 | Steps: 1000 | Reward:  7311.96
---------------------------------------
Evaluation over 10 episodes: 7424.910
---------------------------------------
Total T:  681000 | Ep:  681 | Steps: 1000 | Reward:  6957.38
Total T:  682000 | Ep:  682 | Steps: 1000 | Reward:  7212.80
Total T:  683000 | Ep:  683 | Steps: 1000 | Reward:  7321.52
Total T:  684000 | Ep:  684 | Steps: 1000 | Reward:  7325.26
Total T:  685000 | Ep:  685 | Steps: 1000 | Reward:  7137.83
Total T:  686000 | Ep:  686 | Steps: 1000 | Reward:  7316.70
Total T:  687000 | Ep:  687 | Steps: 1000 | Reward:  7340.97
Total T:  688000 | Ep:  688 | Steps: 1000 | Reward:  7235.80
Total T:  689000 | Ep:  689 | Steps: 1000 | Reward:  7130.78
Total T:  690000 | Ep:  690 | Steps: 1000 | Reward:  7316.04
---------------------------------------
Evaluation over 10 episodes: 7604.707
---------------------------------------
Total T:  691000 | Ep:  691 | Steps: 1000 | Reward:  7135.00
Total T:  692000 | Ep:  692 | Steps: 1000 | Reward:  7244.33
Total T:  693000 | Ep:  693 | Steps: 1000 | Reward:  7236.54
Total T:  694000 | Ep:  694 | Steps: 1000 | Reward:  7198.68
Total T:  695000 | Ep:  695 | Steps: 1000 | Reward:  6877.15
Total T:  696000 | Ep:  696 | Steps: 1000 | Reward:  7313.60
Total T:  697000 | Ep:  697 | Steps: 1000 | Reward:  7259.05
Total T:  698000 | Ep:  698 | Steps: 1000 | Reward:  7117.98
Total T:  699000 | Ep:  699 | Steps: 1000 | Reward:  7148.89
Total T:  700000 | Ep:  700 | Steps: 1000 | Reward:  7246.91
---------------------------------------
Evaluation over 10 episodes: 7690.217
---------------------------------------
Total T:  701000 | Ep:  701 | Steps: 1000 | Reward:  7310.82
Total T:  702000 | Ep:  702 | Steps: 1000 | Reward:  7175.86
Total T:  703000 | Ep:  703 | Steps: 1000 | Reward:  7228.79
Total T:  704000 | Ep:  704 | Steps: 1000 | Reward:  7378.10
Total T:  705000 | Ep:  705 | Steps: 1000 | Reward:  7211.81
Total T:  706000 | Ep:  706 | Steps: 1000 | Reward:  7164.22
Total T:  707000 | Ep:  707 | Steps: 1000 | Reward:  7394.18
Total T:  708000 | Ep:  708 | Steps: 1000 | Reward:  7196.17
Total T:  709000 | Ep:  709 | Steps: 1000 | Reward:  7279.22
Total T:  710000 | Ep:  710 | Steps: 1000 | Reward:  7237.61
---------------------------------------
Evaluation over 10 episodes: 7792.647
---------------------------------------
Total T:  711000 | Ep:  711 | Steps: 1000 | Reward:  7317.06
Total T:  712000 | Ep:  712 | Steps: 1000 | Reward:  7220.44
Total T:  713000 | Ep:  713 | Steps: 1000 | Reward:  7337.07
Total T:  714000 | Ep:  714 | Steps: 1000 | Reward:  7404.64
Total T:  715000 | Ep:  715 | Steps: 1000 | Reward:  7406.03
Total T:  716000 | Ep:  716 | Steps: 1000 | Reward:  7379.72
Total T:  717000 | Ep:  717 | Steps: 1000 | Reward:  7382.95
Total T:  718000 | Ep:  718 | Steps: 1000 | Reward:  7245.10
Total T:  719000 | Ep:  719 | Steps: 1000 | Reward:  7360.13
Total T:  720000 | Ep:  720 | Steps: 1000 | Reward:  7357.39
---------------------------------------
Evaluation over 10 episodes: 7786.462
---------------------------------------
Total T:  721000 | Ep:  721 | Steps: 1000 | Reward:  7306.48
Total T:  722000 | Ep:  722 | Steps: 1000 | Reward:  7446.26
Total T:  723000 | Ep:  723 | Steps: 1000 | Reward:  7293.62
Total T:  724000 | Ep:  724 | Steps: 1000 | Reward:  7225.74
Total T:  725000 | Ep:  725 | Steps: 1000 | Reward:  7208.29
Total T:  726000 | Ep:  726 | Steps: 1000 | Reward:  7304.13
Total T:  727000 | Ep:  727 | Steps: 1000 | Reward:  7324.85
Total T:  728000 | Ep:  728 | Steps: 1000 | Reward:  7280.98
Total T:  729000 | Ep:  729 | Steps: 1000 | Reward:  7248.99
Total T:  730000 | Ep:  730 | Steps: 1000 | Reward:  7434.38
---------------------------------------
Evaluation over 10 episodes: 7702.453
---------------------------------------
Total T:  731000 | Ep:  731 | Steps: 1000 | Reward:  7356.45
Total T:  732000 | Ep:  732 | Steps: 1000 | Reward:  7274.95
Total T:  733000 | Ep:  733 | Steps: 1000 | Reward:  7414.12
Total T:  734000 | Ep:  734 | Steps: 1000 | Reward:  7273.19
Total T:  735000 | Ep:  735 | Steps: 1000 | Reward:  7245.59
Total T:  736000 | Ep:  736 | Steps: 1000 | Reward:  7381.96
Total T:  737000 | Ep:  737 | Steps: 1000 | Reward:  7162.85
Total T:  738000 | Ep:  738 | Steps: 1000 | Reward:  7324.30
Total T:  739000 | Ep:  739 | Steps: 1000 | Reward:  7378.51
Total T:  740000 | Ep:  740 | Steps: 1000 | Reward:  7444.14
---------------------------------------
Evaluation over 10 episodes: 7951.405
---------------------------------------
Total T:  741000 | Ep:  741 | Steps: 1000 | Reward:  7392.59
Total T:  742000 | Ep:  742 | Steps: 1000 | Reward:  7433.03
Total T:  743000 | Ep:  743 | Steps: 1000 | Reward:  7370.05
Total T:  744000 | Ep:  744 | Steps: 1000 | Reward:  7426.88
Total T:  745000 | Ep:  745 | Steps: 1000 | Reward:  7359.61
Total T:  746000 | Ep:  746 | Steps: 1000 | Reward:  7414.80
Total T:  747000 | Ep:  747 | Steps: 1000 | Reward:  7341.56
Total T:  748000 | Ep:  748 | Steps: 1000 | Reward:  6885.95
Total T:  749000 | Ep:  749 | Steps: 1000 | Reward:  7549.40
Total T:  750000 | Ep:  750 | Steps: 1000 | Reward:  7221.82
---------------------------------------
Evaluation over 10 episodes: 7777.631
---------------------------------------
Total T:  751000 | Ep:  751 | Steps: 1000 | Reward:  7513.36
Total T:  752000 | Ep:  752 | Steps: 1000 | Reward:  7382.71
Total T:  753000 | Ep:  753 | Steps: 1000 | Reward:  7529.39
Total T:  754000 | Ep:  754 | Steps: 1000 | Reward:  7420.27
Total T:  755000 | Ep:  755 | Steps: 1000 | Reward:  7466.67
Total T:  756000 | Ep:  756 | Steps: 1000 | Reward:  7410.78
Total T:  757000 | Ep:  757 | Steps: 1000 | Reward:  7398.34
Total T:  758000 | Ep:  758 | Steps: 1000 | Reward:  7302.64
Total T:  759000 | Ep:  759 | Steps: 1000 | Reward:  7562.58
Total T:  760000 | Ep:  760 | Steps: 1000 | Reward:  7175.59
---------------------------------------
Evaluation over 10 episodes: 7923.547
---------------------------------------
Total T:  761000 | Ep:  761 | Steps: 1000 | Reward:  7348.98
Total T:  762000 | Ep:  762 | Steps: 1000 | Reward:  7276.98
Total T:  763000 | Ep:  763 | Steps: 1000 | Reward:  7199.22
Total T:  764000 | Ep:  764 | Steps: 1000 | Reward:  7358.75
Total T:  765000 | Ep:  765 | Steps: 1000 | Reward:  7353.76
Total T:  766000 | Ep:  766 | Steps: 1000 | Reward:  7400.09
Total T:  767000 | Ep:  767 | Steps: 1000 | Reward:  7479.24
Total T:  768000 | Ep:  768 | Steps: 1000 | Reward:  7469.49
Total T:  769000 | Ep:  769 | Steps: 1000 | Reward:  7304.54
Total T:  770000 | Ep:  770 | Steps: 1000 | Reward:  7273.71
---------------------------------------
Evaluation over 10 episodes: 7895.308
---------------------------------------
Total T:  771000 | Ep:  771 | Steps: 1000 | Reward:  7170.39
Total T:  772000 | Ep:  772 | Steps: 1000 | Reward:  7452.56
Total T:  773000 | Ep:  773 | Steps: 1000 | Reward:  7368.27
Total T:  774000 | Ep:  774 | Steps: 1000 | Reward:  7432.03
Total T:  775000 | Ep:  775 | Steps: 1000 | Reward:  7373.79
Total T:  776000 | Ep:  776 | Steps: 1000 | Reward:  7415.78
Total T:  777000 | Ep:  777 | Steps: 1000 | Reward:  7274.87
Total T:  778000 | Ep:  778 | Steps: 1000 | Reward:  7513.11
Total T:  779000 | Ep:  779 | Steps: 1000 | Reward:  7274.53
Total T:  780000 | Ep:  780 | Steps: 1000 | Reward:  7538.87
---------------------------------------
Evaluation over 10 episodes: 7887.288
---------------------------------------
Total T:  781000 | Ep:  781 | Steps: 1000 | Reward:  7459.23
Total T:  782000 | Ep:  782 | Steps: 1000 | Reward:  7413.72
Total T:  783000 | Ep:  783 | Steps: 1000 | Reward:  7449.61
Total T:  784000 | Ep:  784 | Steps: 1000 | Reward:  7487.99
Total T:  785000 | Ep:  785 | Steps: 1000 | Reward:  7315.64
Total T:  786000 | Ep:  786 | Steps: 1000 | Reward:  7348.74
Total T:  787000 | Ep:  787 | Steps: 1000 | Reward:  7307.42
Total T:  788000 | Ep:  788 | Steps: 1000 | Reward:  7500.22
Total T:  789000 | Ep:  789 | Steps: 1000 | Reward:  7236.68
Total T:  790000 | Ep:  790 | Steps: 1000 | Reward:  7341.05
---------------------------------------
Evaluation over 10 episodes: 7884.892
---------------------------------------
Total T:  791000 | Ep:  791 | Steps: 1000 | Reward:  7339.65
Total T:  792000 | Ep:  792 | Steps: 1000 | Reward:  7260.78
Total T:  793000 | Ep:  793 | Steps: 1000 | Reward:  7468.76
Total T:  794000 | Ep:  794 | Steps: 1000 | Reward:  7563.79
Total T:  795000 | Ep:  795 | Steps: 1000 | Reward:  7533.48
Total T:  796000 | Ep:  796 | Steps: 1000 | Reward:  7449.80
Total T:  797000 | Ep:  797 | Steps: 1000 | Reward:  7418.31
Total T:  798000 | Ep:  798 | Steps: 1000 | Reward:  7443.95
Total T:  799000 | Ep:  799 | Steps: 1000 | Reward:  7467.60
Total T:  800000 | Ep:  800 | Steps: 1000 | Reward:  7466.29
---------------------------------------
Evaluation over 10 episodes: 7725.938
---------------------------------------
Total T:  801000 | Ep:  801 | Steps: 1000 | Reward:  7465.93
Total T:  802000 | Ep:  802 | Steps: 1000 | Reward:  7477.05
Total T:  803000 | Ep:  803 | Steps: 1000 | Reward:  7400.10
Total T:  804000 | Ep:  804 | Steps: 1000 | Reward:  7350.10
Total T:  805000 | Ep:  805 | Steps: 1000 | Reward:  7409.93
Total T:  806000 | Ep:  806 | Steps: 1000 | Reward:  7523.62
Total T:  807000 | Ep:  807 | Steps: 1000 | Reward:  7472.05
Total T:  808000 | Ep:  808 | Steps: 1000 | Reward:  7490.18
Total T:  809000 | Ep:  809 | Steps: 1000 | Reward:  7520.70
Total T:  810000 | Ep:  810 | Steps: 1000 | Reward:  7516.91
---------------------------------------
Evaluation over 10 episodes: 7986.647
---------------------------------------
Total T:  811000 | Ep:  811 | Steps: 1000 | Reward:  7435.92
Total T:  812000 | Ep:  812 | Steps: 1000 | Reward:  7502.13
Total T:  813000 | Ep:  813 | Steps: 1000 | Reward:  7401.79
Total T:  814000 | Ep:  814 | Steps: 1000 | Reward:  7471.86
Total T:  815000 | Ep:  815 | Steps: 1000 | Reward:  7473.35
Total T:  816000 | Ep:  816 | Steps: 1000 | Reward:  7418.71
Total T:  817000 | Ep:  817 | Steps: 1000 | Reward:  7516.71
Total T:  818000 | Ep:  818 | Steps: 1000 | Reward:  6193.19
Total T:  819000 | Ep:  819 | Steps: 1000 | Reward:  7619.55
Total T:  820000 | Ep:  820 | Steps: 1000 | Reward:  7539.69
---------------------------------------
Evaluation over 10 episodes: 7956.071
---------------------------------------
Total T:  821000 | Ep:  821 | Steps: 1000 | Reward:  7517.91
Total T:  822000 | Ep:  822 | Steps: 1000 | Reward:  7379.71
Total T:  823000 | Ep:  823 | Steps: 1000 | Reward:  7341.23
Total T:  824000 | Ep:  824 | Steps: 1000 | Reward:  7602.53
Total T:  825000 | Ep:  825 | Steps: 1000 | Reward:  7615.55
Total T:  826000 | Ep:  826 | Steps: 1000 | Reward:  7537.35
Total T:  827000 | Ep:  827 | Steps: 1000 | Reward:  7274.77
Total T:  828000 | Ep:  828 | Steps: 1000 | Reward:  7394.72
Total T:  829000 | Ep:  829 | Steps: 1000 | Reward:  7382.46
Total T:  830000 | Ep:  830 | Steps: 1000 | Reward:  7554.37
---------------------------------------
Evaluation over 10 episodes: 7992.548
---------------------------------------
Total T:  831000 | Ep:  831 | Steps: 1000 | Reward:  7383.92
Total T:  832000 | Ep:  832 | Steps: 1000 | Reward:  7485.96
Total T:  833000 | Ep:  833 | Steps: 1000 | Reward:  7330.39
Total T:  834000 | Ep:  834 | Steps: 1000 | Reward:  7503.30
Total T:  835000 | Ep:  835 | Steps: 1000 | Reward:  7310.39
Total T:  836000 | Ep:  836 | Steps: 1000 | Reward:  7556.21
Total T:  837000 | Ep:  837 | Steps: 1000 | Reward:  7518.54
Total T:  838000 | Ep:  838 | Steps: 1000 | Reward:  7623.49
Total T:  839000 | Ep:  839 | Steps: 1000 | Reward:  7478.06
Total T:  840000 | Ep:  840 | Steps: 1000 | Reward:  7430.45
---------------------------------------
Evaluation over 10 episodes: 8000.761
---------------------------------------
Total T:  841000 | Ep:  841 | Steps: 1000 | Reward:  7345.84
Total T:  842000 | Ep:  842 | Steps: 1000 | Reward:  7550.96
Total T:  843000 | Ep:  843 | Steps: 1000 | Reward:  7557.88
Total T:  844000 | Ep:  844 | Steps: 1000 | Reward:  7542.16
Total T:  845000 | Ep:  845 | Steps: 1000 | Reward:  7463.82
Total T:  846000 | Ep:  846 | Steps: 1000 | Reward:  7520.55
Total T:  847000 | Ep:  847 | Steps: 1000 | Reward:  7482.80
Total T:  848000 | Ep:  848 | Steps: 1000 | Reward:  7578.36
Total T:  849000 | Ep:  849 | Steps: 1000 | Reward:  7368.30
Total T:  850000 | Ep:  850 | Steps: 1000 | Reward:  7578.77
---------------------------------------
Evaluation over 10 episodes: 8104.229
---------------------------------------
Total T:  851000 | Ep:  851 | Steps: 1000 | Reward:  7484.98
Total T:  852000 | Ep:  852 | Steps: 1000 | Reward:  7567.67
Total T:  853000 | Ep:  853 | Steps: 1000 | Reward:  7691.00
Total T:  854000 | Ep:  854 | Steps: 1000 | Reward:  7563.34
Total T:  855000 | Ep:  855 | Steps: 1000 | Reward:  7585.06
Total T:  856000 | Ep:  856 | Steps: 1000 | Reward:  7425.03
Total T:  857000 | Ep:  857 | Steps: 1000 | Reward:  7543.97
Total T:  858000 | Ep:  858 | Steps: 1000 | Reward:  7530.15
Total T:  859000 | Ep:  859 | Steps: 1000 | Reward:  7551.57
Total T:  860000 | Ep:  860 | Steps: 1000 | Reward:  7732.54
---------------------------------------
Evaluation over 10 episodes: 8076.858
---------------------------------------
Total T:  861000 | Ep:  861 | Steps: 1000 | Reward:  7558.96
Total T:  862000 | Ep:  862 | Steps: 1000 | Reward:  7675.28
Total T:  863000 | Ep:  863 | Steps: 1000 | Reward:  7518.62
Total T:  864000 | Ep:  864 | Steps: 1000 | Reward:  7549.96
Total T:  865000 | Ep:  865 | Steps: 1000 | Reward:  7489.42
Total T:  866000 | Ep:  866 | Steps: 1000 | Reward:  7571.20
Total T:  867000 | Ep:  867 | Steps: 1000 | Reward:  7451.53
Total T:  868000 | Ep:  868 | Steps: 1000 | Reward:  7557.90
Total T:  869000 | Ep:  869 | Steps: 1000 | Reward:  7358.83
Total T:  870000 | Ep:  870 | Steps: 1000 | Reward:  7571.06
---------------------------------------
Evaluation over 10 episodes: 8165.981
---------------------------------------
Total T:  871000 | Ep:  871 | Steps: 1000 | Reward:  7631.43
Total T:  872000 | Ep:  872 | Steps: 1000 | Reward:  7631.65
Total T:  873000 | Ep:  873 | Steps: 1000 | Reward:  7715.83
Total T:  874000 | Ep:  874 | Steps: 1000 | Reward:  7674.05
Total T:  875000 | Ep:  875 | Steps: 1000 | Reward:  7465.86
Total T:  876000 | Ep:  876 | Steps: 1000 | Reward:  7523.93
Total T:  877000 | Ep:  877 | Steps: 1000 | Reward:  7599.38
Total T:  878000 | Ep:  878 | Steps: 1000 | Reward:  7452.41
Total T:  879000 | Ep:  879 | Steps: 1000 | Reward:  7535.81
Total T:  880000 | Ep:  880 | Steps: 1000 | Reward:  7589.02
---------------------------------------
Evaluation over 10 episodes: 8119.870
---------------------------------------
Total T:  881000 | Ep:  881 | Steps: 1000 | Reward:  7580.11
Total T:  882000 | Ep:  882 | Steps: 1000 | Reward:  7629.41
Total T:  883000 | Ep:  883 | Steps: 1000 | Reward:  7630.39
Total T:  884000 | Ep:  884 | Steps: 1000 | Reward:  7635.28
Total T:  885000 | Ep:  885 | Steps: 1000 | Reward:  7394.84
Total T:  886000 | Ep:  886 | Steps: 1000 | Reward:  7653.84
Total T:  887000 | Ep:  887 | Steps: 1000 | Reward:  7536.04
Total T:  888000 | Ep:  888 | Steps: 1000 | Reward:  7537.86
Total T:  889000 | Ep:  889 | Steps: 1000 | Reward:  7558.93
Total T:  890000 | Ep:  890 | Steps: 1000 | Reward:  7555.00
---------------------------------------
Evaluation over 10 episodes: 8076.365
---------------------------------------
Total T:  891000 | Ep:  891 | Steps: 1000 | Reward:  7672.67
Total T:  892000 | Ep:  892 | Steps: 1000 | Reward:  7585.21
Total T:  893000 | Ep:  893 | Steps: 1000 | Reward:  7549.44
Total T:  894000 | Ep:  894 | Steps: 1000 | Reward:  7664.06
Total T:  895000 | Ep:  895 | Steps: 1000 | Reward:  7602.57
Total T:  896000 | Ep:  896 | Steps: 1000 | Reward:  7542.22
Total T:  897000 | Ep:  897 | Steps: 1000 | Reward:  7700.42
Total T:  898000 | Ep:  898 | Steps: 1000 | Reward:  7510.31
Total T:  899000 | Ep:  899 | Steps: 1000 | Reward:  7552.10
Total T:  900000 | Ep:  900 | Steps: 1000 | Reward:  7604.15
---------------------------------------
Evaluation over 10 episodes: 8001.468
---------------------------------------
Total T:  901000 | Ep:  901 | Steps: 1000 | Reward:  7551.92
Total T:  902000 | Ep:  902 | Steps: 1000 | Reward:  7662.29
Total T:  903000 | Ep:  903 | Steps: 1000 | Reward:  7607.11
Total T:  904000 | Ep:  904 | Steps: 1000 | Reward:  7562.00
Total T:  905000 | Ep:  905 | Steps: 1000 | Reward:  7696.90
Total T:  906000 | Ep:  906 | Steps: 1000 | Reward:  7580.85
Total T:  907000 | Ep:  907 | Steps: 1000 | Reward:  7703.87
Total T:  908000 | Ep:  908 | Steps: 1000 | Reward:  7690.09
Total T:  909000 | Ep:  909 | Steps: 1000 | Reward:  7520.56
Total T:  910000 | Ep:  910 | Steps: 1000 | Reward:  7558.33
---------------------------------------
Evaluation over 10 episodes: 8095.478
---------------------------------------
Total T:  911000 | Ep:  911 | Steps: 1000 | Reward:  7729.50
Total T:  912000 | Ep:  912 | Steps: 1000 | Reward:  7423.89
Total T:  913000 | Ep:  913 | Steps: 1000 | Reward:  7512.05
Total T:  914000 | Ep:  914 | Steps: 1000 | Reward:  7663.69
Total T:  915000 | Ep:  915 | Steps: 1000 | Reward:  7567.80
Total T:  916000 | Ep:  916 | Steps: 1000 | Reward:  7709.30
Total T:  917000 | Ep:  917 | Steps: 1000 | Reward:  7672.41
Total T:  918000 | Ep:  918 | Steps: 1000 | Reward:  7666.62
Total T:  919000 | Ep:  919 | Steps: 1000 | Reward:  7630.15
Total T:  920000 | Ep:  920 | Steps: 1000 | Reward:  7635.70
---------------------------------------
Evaluation over 10 episodes: 8196.577
---------------------------------------
Total T:  921000 | Ep:  921 | Steps: 1000 | Reward:  7421.10
Total T:  922000 | Ep:  922 | Steps: 1000 | Reward:  7631.53
Total T:  923000 | Ep:  923 | Steps: 1000 | Reward:  7599.27
Total T:  924000 | Ep:  924 | Steps: 1000 | Reward:  7573.25
Total T:  925000 | Ep:  925 | Steps: 1000 | Reward:  7503.73
Total T:  926000 | Ep:  926 | Steps: 1000 | Reward:  7662.81
Total T:  927000 | Ep:  927 | Steps: 1000 | Reward:  7610.58
Total T:  928000 | Ep:  928 | Steps: 1000 | Reward:  7613.84
Total T:  929000 | Ep:  929 | Steps: 1000 | Reward:  7598.54
Total T:  930000 | Ep:  930 | Steps: 1000 | Reward:  7650.25
---------------------------------------
Evaluation over 10 episodes: 8189.388
---------------------------------------
Total T:  931000 | Ep:  931 | Steps: 1000 | Reward:  7717.08
Total T:  932000 | Ep:  932 | Steps: 1000 | Reward:  7675.17
Total T:  933000 | Ep:  933 | Steps: 1000 | Reward:  7686.16
Total T:  934000 | Ep:  934 | Steps: 1000 | Reward:  7569.08
Total T:  935000 | Ep:  935 | Steps: 1000 | Reward:  7620.85
Total T:  936000 | Ep:  936 | Steps: 1000 | Reward:  7673.56
Total T:  937000 | Ep:  937 | Steps: 1000 | Reward:  7466.41
Total T:  938000 | Ep:  938 | Steps: 1000 | Reward:  7642.58
Total T:  939000 | Ep:  939 | Steps: 1000 | Reward:  7766.73
Total T:  940000 | Ep:  940 | Steps: 1000 | Reward:  7662.64
---------------------------------------
Evaluation over 10 episodes: 7999.428
---------------------------------------
Total T:  941000 | Ep:  941 | Steps: 1000 | Reward:  7743.41
Total T:  942000 | Ep:  942 | Steps: 1000 | Reward:  7540.83
Total T:  943000 | Ep:  943 | Steps: 1000 | Reward:  7623.84
Total T:  944000 | Ep:  944 | Steps: 1000 | Reward:  7758.26
Total T:  945000 | Ep:  945 | Steps: 1000 | Reward:  7698.56
Total T:  946000 | Ep:  946 | Steps: 1000 | Reward:  7672.12
Total T:  947000 | Ep:  947 | Steps: 1000 | Reward:  7725.91
Total T:  948000 | Ep:  948 | Steps: 1000 | Reward:  7618.25
Total T:  949000 | Ep:  949 | Steps: 1000 | Reward:  7651.96
Total T:  950000 | Ep:  950 | Steps: 1000 | Reward:  7702.04
---------------------------------------
Evaluation over 10 episodes: 8228.927
---------------------------------------
Total T:  951000 | Ep:  951 | Steps: 1000 | Reward:  7709.24
Total T:  952000 | Ep:  952 | Steps: 1000 | Reward:  7736.55
Total T:  953000 | Ep:  953 | Steps: 1000 | Reward:  7673.72
Total T:  954000 | Ep:  954 | Steps: 1000 | Reward:  7714.79
Total T:  955000 | Ep:  955 | Steps: 1000 | Reward:  7566.59
Total T:  956000 | Ep:  956 | Steps: 1000 | Reward:  7577.98
Total T:  957000 | Ep:  957 | Steps: 1000 | Reward:  7775.74
Total T:  958000 | Ep:  958 | Steps: 1000 | Reward:  7584.41
Total T:  959000 | Ep:  959 | Steps: 1000 | Reward:  7784.31
Total T:  960000 | Ep:  960 | Steps: 1000 | Reward:  7665.53
---------------------------------------
Evaluation over 10 episodes: 8308.461
---------------------------------------
Total T:  961000 | Ep:  961 | Steps: 1000 | Reward:  7716.01
Total T:  962000 | Ep:  962 | Steps: 1000 | Reward:  7670.15
Total T:  963000 | Ep:  963 | Steps: 1000 | Reward:  7570.54
Total T:  964000 | Ep:  964 | Steps: 1000 | Reward:  7733.16
Total T:  965000 | Ep:  965 | Steps: 1000 | Reward:  7846.99
Total T:  966000 | Ep:  966 | Steps: 1000 | Reward:  7535.34
Total T:  967000 | Ep:  967 | Steps: 1000 | Reward:  7685.31
Total T:  968000 | Ep:  968 | Steps: 1000 | Reward:  7558.74
Total T:  969000 | Ep:  969 | Steps: 1000 | Reward:  7746.70
Total T:  970000 | Ep:  970 | Steps: 1000 | Reward:  7664.50
---------------------------------------
Evaluation over 10 episodes: 8186.758
---------------------------------------
Total T:  971000 | Ep:  971 | Steps: 1000 | Reward:  7671.16
Total T:  972000 | Ep:  972 | Steps: 1000 | Reward:  7763.15
Total T:  973000 | Ep:  973 | Steps: 1000 | Reward:  7744.60
Total T:  974000 | Ep:  974 | Steps: 1000 | Reward:  7770.81
Total T:  975000 | Ep:  975 | Steps: 1000 | Reward:  7547.79
Total T:  976000 | Ep:  976 | Steps: 1000 | Reward:  7728.46
Total T:  977000 | Ep:  977 | Steps: 1000 | Reward:  7552.80
Total T:  978000 | Ep:  978 | Steps: 1000 | Reward:  7674.08
Total T:  979000 | Ep:  979 | Steps: 1000 | Reward:  7787.46
Total T:  980000 | Ep:  980 | Steps: 1000 | Reward:  7742.91
---------------------------------------
Evaluation over 10 episodes: 8259.302
---------------------------------------
Total T:  981000 | Ep:  981 | Steps: 1000 | Reward:  7635.59
Total T:  982000 | Ep:  982 | Steps: 1000 | Reward:  7554.14
Total T:  983000 | Ep:  983 | Steps: 1000 | Reward:  7277.65
Total T:  984000 | Ep:  984 | Steps: 1000 | Reward:  7829.76
Total T:  985000 | Ep:  985 | Steps: 1000 | Reward:  7706.47
Total T:  986000 | Ep:  986 | Steps: 1000 | Reward:  7728.68
Total T:  987000 | Ep:  987 | Steps: 1000 | Reward:  7563.16
Total T:  988000 | Ep:  988 | Steps: 1000 | Reward:  7747.09
Total T:  989000 | Ep:  989 | Steps: 1000 | Reward:  7685.61
Total T:  990000 | Ep:  990 | Steps: 1000 | Reward:  7658.13
---------------------------------------
Evaluation over 10 episodes: 8154.731
---------------------------------------
Total T:  991000 | Ep:  991 | Steps: 1000 | Reward:  7706.74
Total T:  992000 | Ep:  992 | Steps: 1000 | Reward:  7742.45
Total T:  993000 | Ep:  993 | Steps: 1000 | Reward:  7699.86
Total T:  994000 | Ep:  994 | Steps: 1000 | Reward:  7755.26
Total T:  995000 | Ep:  995 | Steps: 1000 | Reward:  7806.70
Total T:  996000 | Ep:  996 | Steps: 1000 | Reward:  7648.80
Total T:  997000 | Ep:  997 | Steps: 1000 | Reward:  7739.01
Total T:  998000 | Ep:  998 | Steps: 1000 | Reward:  7801.95
Total T:  999000 | Ep:  999 | Steps: 1000 | Reward:  7600.48
Total T: 1000000 | Ep: 1000 | Steps: 1000 | Reward:  6813.91
---------------------------------------
Evaluation over 10 episodes: 8223.268
---------------------------------------

[main] Model saved:
        actor  -> /home/naida/Desktop/CS515-Deep-RL/TD3_algorithm/runs/td3_sweep_halfcheetah-v4_seed4_HalfCheetah-v4_10-05-2026_21-45-54/model_actor
        critic -> /home/naida/Desktop/CS515-Deep-RL/TD3_algorithm/runs/td3_sweep_halfcheetah-v4_seed4_HalfCheetah-v4_10-05-2026_21-45-54/model_critic
[main] Training history -> /home/naida/Desktop/CS515-Deep-RL/TD3_algorithm/runs/td3_sweep_halfcheetah-v4_seed4_HalfCheetah-v4_10-05-2026_21-45-54/episode_rewards.csv
[main] Eval history     -> /home/naida/Desktop/CS515-Deep-RL/TD3_algorithm/runs/td3_sweep_halfcheetah-v4_seed4_HalfCheetah-v4_10-05-2026_21-45-54/eval_rewards.csv
[main] Summary          -> /home/naida/Desktop/CS515-Deep-RL/TD3_algorithm/runs/td3_sweep_halfcheetah-v4_seed4_HalfCheetah-v4_10-05-2026_21-45-54/summary.json
[main] Unified eval -> /home/naida/Desktop/CS515-Deep-RL/results/continuous/td3/halfcheetah-v4/seed_4.npy
[main] Wallclock    -> /home/naida/Desktop/CS515-Deep-RL/results/wallclock/continuous/td3/halfcheetah-v4/seed_4.npy
[plot] Saved plot to /home/naida/Desktop/CS515-Deep-RL/TD3_algorithm/runs/td3_sweep_halfcheetah-v4_seed4_HalfCheetah-v4_10-05-2026_21-45-54/training_curves.png

============================================================
Training complete. To watch the trained agent play:
  python test.py --env_name HalfCheetah-v4 --load_dir "/home/naida/Desktop/CS515-Deep-RL/TD3_algorithm/runs/td3_sweep_halfcheetah-v4_seed4_HalfCheetah-v4_10-05-2026_21-45-54"
============================================================
