/home/naida/anaconda3/envs/deep_rl/lib/python3.10/site-packages/gymnasium/core.py:311: UserWarning: [33mWARN: env.seed to get variables from other wrappers is deprecated and will be removed in v1.0, to get this variable you can do `env.unwrapped.seed` for environment variables or `env.get_wrapper_attr('seed')` that will search the reminding wrappers.[0m
  logger.warn(
--------------------------------------------------
Env:        HalfCheetah-v4
  ob_dim    = 17
  ac_dim    = 6
  max_action= 1.0
Logdir:     /home/naida/Desktop/CS515-Deep-RL/TD3_algorithm/runs/td3_sweep_halfcheetah-v4_seed0_HalfCheetah-v4_10-05-2026_21-37-46
Rendering:  off
--------------------------------------------------
/home/naida/anaconda3/envs/deep_rl/lib/python3.10/site-packages/gymnasium/core.py:311: UserWarning: [33mWARN: env.seed to get variables from other wrappers is deprecated and will be removed in v1.0, to get this variable you can do `env.unwrapped.seed` for environment variables or `env.get_wrapper_attr('seed')` that will search the reminding wrappers.[0m
  logger.warn(
---------------------------------------
Evaluation over 10 episodes: -1.142
---------------------------------------
Total T:    1000 | Ep:    1 | Steps: 1000 | Reward:  -258.11
Total T:    2000 | Ep:    2 | Steps: 1000 | Reward:  -278.92
Total T:    3000 | Ep:    3 | Steps: 1000 | Reward:  -308.05
Total T:    4000 | Ep:    4 | Steps: 1000 | Reward:  -311.93
Total T:    5000 | Ep:    5 | Steps: 1000 | Reward:  -219.25
Total T:    6000 | Ep:    6 | Steps: 1000 | Reward:  -303.27
Total T:    7000 | Ep:    7 | Steps: 1000 | Reward:  -356.28
Total T:    8000 | Ep:    8 | Steps: 1000 | Reward:  -192.30
Total T:    9000 | Ep:    9 | Steps: 1000 | Reward:  -177.59
Total T:   10000 | Ep:   10 | Steps: 1000 | Reward:  -237.92
---------------------------------------
Evaluation over 10 episodes: -0.852
---------------------------------------
Total T:   11000 | Ep:   11 | Steps: 1000 | Reward:  -296.41
Total T:   12000 | Ep:   12 | Steps: 1000 | Reward:  -390.65
Total T:   13000 | Ep:   13 | Steps: 1000 | Reward:  -323.56
Total T:   14000 | Ep:   14 | Steps: 1000 | Reward:  -410.59
Total T:   15000 | Ep:   15 | Steps: 1000 | Reward:  -293.13
Total T:   16000 | Ep:   16 | Steps: 1000 | Reward:  -308.41
Total T:   17000 | Ep:   17 | Steps: 1000 | Reward:  -206.44
Total T:   18000 | Ep:   18 | Steps: 1000 | Reward:  -251.64
Total T:   19000 | Ep:   19 | Steps: 1000 | Reward:  -277.06
Total T:   20000 | Ep:   20 | Steps: 1000 | Reward:  -194.44
---------------------------------------
Evaluation over 10 episodes: -0.402
---------------------------------------
Total T:   21000 | Ep:   21 | Steps: 1000 | Reward:  -298.50
Total T:   22000 | Ep:   22 | Steps: 1000 | Reward:  -243.55
Total T:   23000 | Ep:   23 | Steps: 1000 | Reward:  -345.96
Total T:   24000 | Ep:   24 | Steps: 1000 | Reward:  -251.63
Total T:   25000 | Ep:   25 | Steps: 1000 | Reward:  -212.69
Total T:   26000 | Ep:   26 | Steps: 1000 | Reward:  -387.61
Total T:   27000 | Ep:   27 | Steps: 1000 | Reward:  -474.81
Total T:   28000 | Ep:   28 | Steps: 1000 | Reward:  -471.98
Total T:   29000 | Ep:   29 | Steps: 1000 | Reward:  -400.31
Total T:   30000 | Ep:   30 | Steps: 1000 | Reward:  -492.66
---------------------------------------
Evaluation over 10 episodes: -511.974
---------------------------------------
Total T:   31000 | Ep:   31 | Steps: 1000 | Reward:  -499.18
Total T:   32000 | Ep:   32 | Steps: 1000 | Reward:  -489.76
Total T:   33000 | Ep:   33 | Steps: 1000 | Reward:  -434.19
Total T:   34000 | Ep:   34 | Steps: 1000 | Reward:  -193.28
Total T:   35000 | Ep:   35 | Steps: 1000 | Reward:   -84.20
Total T:   36000 | Ep:   36 | Steps: 1000 | Reward:  -221.22
Total T:   37000 | Ep:   37 | Steps: 1000 | Reward:  -205.26
Total T:   38000 | Ep:   38 | Steps: 1000 | Reward:   462.60
Total T:   39000 | Ep:   39 | Steps: 1000 | Reward:    -8.82
Total T:   40000 | Ep:   40 | Steps: 1000 | Reward:    41.80
---------------------------------------
Evaluation over 10 episodes: 436.025
---------------------------------------
Total T:   41000 | Ep:   41 | Steps: 1000 | Reward:   942.88
Total T:   42000 | Ep:   42 | Steps: 1000 | Reward:   787.85
Total T:   43000 | Ep:   43 | Steps: 1000 | Reward:  1224.38
Total T:   44000 | Ep:   44 | Steps: 1000 | Reward:  1408.19
Total T:   45000 | Ep:   45 | Steps: 1000 | Reward:  1672.99
Total T:   46000 | Ep:   46 | Steps: 1000 | Reward:  1555.97
Total T:   47000 | Ep:   47 | Steps: 1000 | Reward:  1183.89
Total T:   48000 | Ep:   48 | Steps: 1000 | Reward:  2138.62
Total T:   49000 | Ep:   49 | Steps: 1000 | Reward:  1971.89
Total T:   50000 | Ep:   50 | Steps: 1000 | Reward:   675.52
---------------------------------------
Evaluation over 10 episodes: 2064.823
---------------------------------------
Total T:   51000 | Ep:   51 | Steps: 1000 | Reward:  2415.00
Total T:   52000 | Ep:   52 | Steps: 1000 | Reward:  2630.62
Total T:   53000 | Ep:   53 | Steps: 1000 | Reward:  2330.95
Total T:   54000 | Ep:   54 | Steps: 1000 | Reward:  2583.56
Total T:   55000 | Ep:   55 | Steps: 1000 | Reward:  2731.65
Total T:   56000 | Ep:   56 | Steps: 1000 | Reward:  2818.83
Total T:   57000 | Ep:   57 | Steps: 1000 | Reward:  2913.70
Total T:   58000 | Ep:   58 | Steps: 1000 | Reward:  3062.86
Total T:   59000 | Ep:   59 | Steps: 1000 | Reward:  3109.11
Total T:   60000 | Ep:   60 | Steps: 1000 | Reward:  3282.43
---------------------------------------
Evaluation over 10 episodes: 2099.827
---------------------------------------
Total T:   61000 | Ep:   61 | Steps: 1000 | Reward:  1805.17
Total T:   62000 | Ep:   62 | Steps: 1000 | Reward:  3142.66
Total T:   63000 | Ep:   63 | Steps: 1000 | Reward:  3372.00
Total T:   64000 | Ep:   64 | Steps: 1000 | Reward:  3276.70
Total T:   65000 | Ep:   65 | Steps: 1000 | Reward:  3176.00
Total T:   66000 | Ep:   66 | Steps: 1000 | Reward:  3614.28
Total T:   67000 | Ep:   67 | Steps: 1000 | Reward:  3509.16
Total T:   68000 | Ep:   68 | Steps: 1000 | Reward:  3416.94
Total T:   69000 | Ep:   69 | Steps: 1000 | Reward:  3701.40
Total T:   70000 | Ep:   70 | Steps: 1000 | Reward:  3661.38
---------------------------------------
Evaluation over 10 episodes: 3185.041
---------------------------------------
Total T:   71000 | Ep:   71 | Steps: 1000 | Reward:  3883.22
Total T:   72000 | Ep:   72 | Steps: 1000 | Reward:  3739.99
Total T:   73000 | Ep:   73 | Steps: 1000 | Reward:  3604.43
Total T:   74000 | Ep:   74 | Steps: 1000 | Reward:  3714.99
Total T:   75000 | Ep:   75 | Steps: 1000 | Reward:  3938.23
Total T:   76000 | Ep:   76 | Steps: 1000 | Reward:  3505.17
Total T:   77000 | Ep:   77 | Steps: 1000 | Reward:  3950.58
Total T:   78000 | Ep:   78 | Steps: 1000 | Reward:  3941.01
Total T:   79000 | Ep:   79 | Steps: 1000 | Reward:  4088.14
Total T:   80000 | Ep:   80 | Steps: 1000 | Reward:  4057.22
---------------------------------------
Evaluation over 10 episodes: 4244.545
---------------------------------------
Total T:   81000 | Ep:   81 | Steps: 1000 | Reward:  4008.17
Total T:   82000 | Ep:   82 | Steps: 1000 | Reward:  4196.50
Total T:   83000 | Ep:   83 | Steps: 1000 | Reward:  2453.89
Total T:   84000 | Ep:   84 | Steps: 1000 | Reward:  4057.41
Total T:   85000 | Ep:   85 | Steps: 1000 | Reward:  4362.34
Total T:   86000 | Ep:   86 | Steps: 1000 | Reward:  4183.53
Total T:   87000 | Ep:   87 | Steps: 1000 | Reward:  4156.71
Total T:   88000 | Ep:   88 | Steps: 1000 | Reward:  4369.19
Total T:   89000 | Ep:   89 | Steps: 1000 | Reward:  4160.66
Total T:   90000 | Ep:   90 | Steps: 1000 | Reward:  4512.82
---------------------------------------
Evaluation over 10 episodes: 4394.460
---------------------------------------
Total T:   91000 | Ep:   91 | Steps: 1000 | Reward:  4393.34
Total T:   92000 | Ep:   92 | Steps: 1000 | Reward:  4290.95
Total T:   93000 | Ep:   93 | Steps: 1000 | Reward:  4530.43
Total T:   94000 | Ep:   94 | Steps: 1000 | Reward:  4576.43
Total T:   95000 | Ep:   95 | Steps: 1000 | Reward:  4594.55
Total T:   96000 | Ep:   96 | Steps: 1000 | Reward:  4257.62
Total T:   97000 | Ep:   97 | Steps: 1000 | Reward:  4249.26
Total T:   98000 | Ep:   98 | Steps: 1000 | Reward:  4627.21
Total T:   99000 | Ep:   99 | Steps: 1000 | Reward:  4457.45
Total T:  100000 | Ep:  100 | Steps: 1000 | Reward:  4525.07
---------------------------------------
Evaluation over 10 episodes: 4567.605
---------------------------------------
Total T:  101000 | Ep:  101 | Steps: 1000 | Reward:  4694.68
Total T:  102000 | Ep:  102 | Steps: 1000 | Reward:  4759.25
Total T:  103000 | Ep:  103 | Steps: 1000 | Reward:  4655.94
Total T:  104000 | Ep:  104 | Steps: 1000 | Reward:  4713.89
Total T:  105000 | Ep:  105 | Steps: 1000 | Reward:  4502.10
Total T:  106000 | Ep:  106 | Steps: 1000 | Reward:  4927.04
Total T:  107000 | Ep:  107 | Steps: 1000 | Reward:  4616.20
Total T:  108000 | Ep:  108 | Steps: 1000 | Reward:  4648.64
Total T:  109000 | Ep:  109 | Steps: 1000 | Reward:  4778.00
Total T:  110000 | Ep:  110 | Steps: 1000 | Reward:  4903.84
---------------------------------------
Evaluation over 10 episodes: 5043.702
---------------------------------------
Total T:  111000 | Ep:  111 | Steps: 1000 | Reward:  4607.16
Total T:  112000 | Ep:  112 | Steps: 1000 | Reward:  4717.77
Total T:  113000 | Ep:  113 | Steps: 1000 | Reward:  4834.46
Total T:  114000 | Ep:  114 | Steps: 1000 | Reward:  5047.38
Total T:  115000 | Ep:  115 | Steps: 1000 | Reward:  4720.49
Total T:  116000 | Ep:  116 | Steps: 1000 | Reward:  4828.69
Total T:  117000 | Ep:  117 | Steps: 1000 | Reward:  4952.86
Total T:  118000 | Ep:  118 | Steps: 1000 | Reward:  5009.28
Total T:  119000 | Ep:  119 | Steps: 1000 | Reward:  4997.50
Total T:  120000 | Ep:  120 | Steps: 1000 | Reward:  4961.58
---------------------------------------
Evaluation over 10 episodes: 5229.927
---------------------------------------
Total T:  121000 | Ep:  121 | Steps: 1000 | Reward:  5204.07
Total T:  122000 | Ep:  122 | Steps: 1000 | Reward:  4940.17
Total T:  123000 | Ep:  123 | Steps: 1000 | Reward:  4965.19
Total T:  124000 | Ep:  124 | Steps: 1000 | Reward:  5093.03
Total T:  125000 | Ep:  125 | Steps: 1000 | Reward:  5119.58
Total T:  126000 | Ep:  126 | Steps: 1000 | Reward:  5199.12
Total T:  127000 | Ep:  127 | Steps: 1000 | Reward:  5273.25
Total T:  128000 | Ep:  128 | Steps: 1000 | Reward:  1488.13
Total T:  129000 | Ep:  129 | Steps: 1000 | Reward:  5159.76
Total T:  130000 | Ep:  130 | Steps: 1000 | Reward:  5208.01
---------------------------------------
Evaluation over 10 episodes: 5500.523
---------------------------------------
Total T:  131000 | Ep:  131 | Steps: 1000 | Reward:  5088.21
Total T:  132000 | Ep:  132 | Steps: 1000 | Reward:  5130.70
Total T:  133000 | Ep:  133 | Steps: 1000 | Reward:  4766.87
Total T:  134000 | Ep:  134 | Steps: 1000 | Reward:  5486.49
Total T:  135000 | Ep:  135 | Steps: 1000 | Reward:  5226.09
Total T:  136000 | Ep:  136 | Steps: 1000 | Reward:  5484.23
Total T:  137000 | Ep:  137 | Steps: 1000 | Reward:  1730.17
Total T:  138000 | Ep:  138 | Steps: 1000 | Reward:   313.27
Total T:  139000 | Ep:  139 | Steps: 1000 | Reward:  5345.05
Total T:  140000 | Ep:  140 | Steps: 1000 | Reward:  5412.44
---------------------------------------
Evaluation over 10 episodes: 5934.880
---------------------------------------
Total T:  141000 | Ep:  141 | Steps: 1000 | Reward:  5539.61
Total T:  142000 | Ep:  142 | Steps: 1000 | Reward:  5538.07
Total T:  143000 | Ep:  143 | Steps: 1000 | Reward:  5334.61
Total T:  144000 | Ep:  144 | Steps: 1000 | Reward:  5423.42
Total T:  145000 | Ep:  145 | Steps: 1000 | Reward:  5005.77
Total T:  146000 | Ep:  146 | Steps: 1000 | Reward:  5312.87
Total T:  147000 | Ep:  147 | Steps: 1000 | Reward:  5420.72
Total T:  148000 | Ep:  148 | Steps: 1000 | Reward:  5400.73
Total T:  149000 | Ep:  149 | Steps: 1000 | Reward:  5566.20
Total T:  150000 | Ep:  150 | Steps: 1000 | Reward:  5756.32
---------------------------------------
Evaluation over 10 episodes: 5349.662
---------------------------------------
Total T:  151000 | Ep:  151 | Steps: 1000 | Reward:  5719.63
Total T:  152000 | Ep:  152 | Steps: 1000 | Reward:  5756.20
Total T:  153000 | Ep:  153 | Steps: 1000 | Reward:  5568.09
Total T:  154000 | Ep:  154 | Steps: 1000 | Reward:  6001.82
Total T:  155000 | Ep:  155 | Steps: 1000 | Reward:  5584.05
Total T:  156000 | Ep:  156 | Steps: 1000 | Reward:  5796.72
Total T:  157000 | Ep:  157 | Steps: 1000 | Reward:  5608.84
Total T:  158000 | Ep:  158 | Steps: 1000 | Reward:  5905.88
Total T:  159000 | Ep:  159 | Steps: 1000 | Reward:  5786.21
Total T:  160000 | Ep:  160 | Steps: 1000 | Reward:  5775.97
---------------------------------------
Evaluation over 10 episodes: 4514.096
---------------------------------------
Total T:  161000 | Ep:  161 | Steps: 1000 | Reward:  5835.50
Total T:  162000 | Ep:  162 | Steps: 1000 | Reward:  5814.78
Total T:  163000 | Ep:  163 | Steps: 1000 | Reward:  5857.68
Total T:  164000 | Ep:  164 | Steps: 1000 | Reward:  5580.02
Total T:  165000 | Ep:  165 | Steps: 1000 | Reward:  5888.11
Total T:  166000 | Ep:  166 | Steps: 1000 | Reward:  5637.29
Total T:  167000 | Ep:  167 | Steps: 1000 | Reward:  5977.48
Total T:  168000 | Ep:  168 | Steps: 1000 | Reward:  5765.23
Total T:  169000 | Ep:  169 | Steps: 1000 | Reward:  5924.24
Total T:  170000 | Ep:  170 | Steps: 1000 | Reward:  5849.94
---------------------------------------
Evaluation over 10 episodes: 6033.736
---------------------------------------
Total T:  171000 | Ep:  171 | Steps: 1000 | Reward:  5856.31
Total T:  172000 | Ep:  172 | Steps: 1000 | Reward:  5936.21
Total T:  173000 | Ep:  173 | Steps: 1000 | Reward:  5976.98
Total T:  174000 | Ep:  174 | Steps: 1000 | Reward:  5996.59
Total T:  175000 | Ep:  175 | Steps: 1000 | Reward:  6116.66
Total T:  176000 | Ep:  176 | Steps: 1000 | Reward:  6156.89
Total T:  177000 | Ep:  177 | Steps: 1000 | Reward:  6040.59
Total T:  178000 | Ep:  178 | Steps: 1000 | Reward:  6092.27
Total T:  179000 | Ep:  179 | Steps: 1000 | Reward:  2165.37
Total T:  180000 | Ep:  180 | Steps: 1000 | Reward:  6096.24
---------------------------------------
Evaluation over 10 episodes: 6358.076
---------------------------------------
Total T:  181000 | Ep:  181 | Steps: 1000 | Reward:  5984.56
Total T:  182000 | Ep:  182 | Steps: 1000 | Reward:  5998.53
Total T:  183000 | Ep:  183 | Steps: 1000 | Reward:  6094.60
Total T:  184000 | Ep:  184 | Steps: 1000 | Reward:  5901.60
Total T:  185000 | Ep:  185 | Steps: 1000 | Reward:  5880.11
Total T:  186000 | Ep:  186 | Steps: 1000 | Reward:  4435.33
Total T:  187000 | Ep:  187 | Steps: 1000 | Reward:  5996.65
Total T:  188000 | Ep:  188 | Steps: 1000 | Reward:  6218.64
Total T:  189000 | Ep:  189 | Steps: 1000 | Reward:  6015.66
Total T:  190000 | Ep:  190 | Steps: 1000 | Reward:  5847.53
---------------------------------------
Evaluation over 10 episodes: 6475.408
---------------------------------------
Total T:  191000 | Ep:  191 | Steps: 1000 | Reward:  6086.33
Total T:  192000 | Ep:  192 | Steps: 1000 | Reward:  6015.93
Total T:  193000 | Ep:  193 | Steps: 1000 | Reward:  6273.97
Total T:  194000 | Ep:  194 | Steps: 1000 | Reward:  3617.83
Total T:  195000 | Ep:  195 | Steps: 1000 | Reward:  6088.81
Total T:  196000 | Ep:  196 | Steps: 1000 | Reward:  6202.52
Total T:  197000 | Ep:  197 | Steps: 1000 | Reward:  6260.55
Total T:  198000 | Ep:  198 | Steps: 1000 | Reward:  6311.97
Total T:  199000 | Ep:  199 | Steps: 1000 | Reward:  6117.99
Total T:  200000 | Ep:  200 | Steps: 1000 | Reward:  6038.82
---------------------------------------
Evaluation over 10 episodes: 5760.661
---------------------------------------
Total T:  201000 | Ep:  201 | Steps: 1000 | Reward:  6436.10
Total T:  202000 | Ep:  202 | Steps: 1000 | Reward:  6231.87
Total T:  203000 | Ep:  203 | Steps: 1000 | Reward:  6193.18
Total T:  204000 | Ep:  204 | Steps: 1000 | Reward:  6368.43
Total T:  205000 | Ep:  205 | Steps: 1000 | Reward:  6315.62
Total T:  206000 | Ep:  206 | Steps: 1000 | Reward:  6319.75
Total T:  207000 | Ep:  207 | Steps: 1000 | Reward:  5928.37
Total T:  208000 | Ep:  208 | Steps: 1000 | Reward:  6136.96
Total T:  209000 | Ep:  209 | Steps: 1000 | Reward:  6353.48
Total T:  210000 | Ep:  210 | Steps: 1000 | Reward:  6234.46
---------------------------------------
Evaluation over 10 episodes: 6726.250
---------------------------------------
Total T:  211000 | Ep:  211 | Steps: 1000 | Reward:  6358.16
Total T:  212000 | Ep:  212 | Steps: 1000 | Reward:  6440.66
Total T:  213000 | Ep:  213 | Steps: 1000 | Reward:  6387.18
Total T:  214000 | Ep:  214 | Steps: 1000 | Reward:  6293.96
Total T:  215000 | Ep:  215 | Steps: 1000 | Reward:  6209.10
Total T:  216000 | Ep:  216 | Steps: 1000 | Reward:  6400.02
Total T:  217000 | Ep:  217 | Steps: 1000 | Reward:  6282.57
Total T:  218000 | Ep:  218 | Steps: 1000 | Reward:  6394.66
Total T:  219000 | Ep:  219 | Steps: 1000 | Reward:  6468.70
Total T:  220000 | Ep:  220 | Steps: 1000 | Reward:  6577.85
---------------------------------------
Evaluation over 10 episodes: 6777.828
---------------------------------------
Total T:  221000 | Ep:  221 | Steps: 1000 | Reward:  6354.85
Total T:  222000 | Ep:  222 | Steps: 1000 | Reward:  6422.13
Total T:  223000 | Ep:  223 | Steps: 1000 | Reward:  6457.64
Total T:  224000 | Ep:  224 | Steps: 1000 | Reward:  6475.17
Total T:  225000 | Ep:  225 | Steps: 1000 | Reward:  6586.65
Total T:  226000 | Ep:  226 | Steps: 1000 | Reward:  6254.63
Total T:  227000 | Ep:  227 | Steps: 1000 | Reward:  6446.37
Total T:  228000 | Ep:  228 | Steps: 1000 | Reward:  6686.90
Total T:  229000 | Ep:  229 | Steps: 1000 | Reward:  6390.80
Total T:  230000 | Ep:  230 | Steps: 1000 | Reward:  6454.88
---------------------------------------
Evaluation over 10 episodes: 6909.712
---------------------------------------
Total T:  231000 | Ep:  231 | Steps: 1000 | Reward:  6671.45
Total T:  232000 | Ep:  232 | Steps: 1000 | Reward:  6496.75
Total T:  233000 | Ep:  233 | Steps: 1000 | Reward:  6419.58
Total T:  234000 | Ep:  234 | Steps: 1000 | Reward:  6730.14
Total T:  235000 | Ep:  235 | Steps: 1000 | Reward:  6532.32
Total T:  236000 | Ep:  236 | Steps: 1000 | Reward:  6749.49
Total T:  237000 | Ep:  237 | Steps: 1000 | Reward:  3940.44
Total T:  238000 | Ep:  238 | Steps: 1000 | Reward:  6647.63
Total T:  239000 | Ep:  239 | Steps: 1000 | Reward:  6617.54
Total T:  240000 | Ep:  240 | Steps: 1000 | Reward:  6637.64
---------------------------------------
Evaluation over 10 episodes: 6928.395
---------------------------------------
Total T:  241000 | Ep:  241 | Steps: 1000 | Reward:  6621.04
Total T:  242000 | Ep:  242 | Steps: 1000 | Reward:  6583.85
Total T:  243000 | Ep:  243 | Steps: 1000 | Reward:  6618.87
Total T:  244000 | Ep:  244 | Steps: 1000 | Reward:  6790.38
Total T:  245000 | Ep:  245 | Steps: 1000 | Reward:  6538.30
Total T:  246000 | Ep:  246 | Steps: 1000 | Reward:  6594.30
Total T:  247000 | Ep:  247 | Steps: 1000 | Reward:  6938.98
Total T:  248000 | Ep:  248 | Steps: 1000 | Reward:  6694.94
Total T:  249000 | Ep:  249 | Steps: 1000 | Reward:  6723.73
Total T:  250000 | Ep:  250 | Steps: 1000 | Reward:  6786.10
---------------------------------------
Evaluation over 10 episodes: 6975.424
---------------------------------------
Total T:  251000 | Ep:  251 | Steps: 1000 | Reward:  6581.43
Total T:  252000 | Ep:  252 | Steps: 1000 | Reward:  6919.54
Total T:  253000 | Ep:  253 | Steps: 1000 | Reward:  6561.55
Total T:  254000 | Ep:  254 | Steps: 1000 | Reward:  6833.60
Total T:  255000 | Ep:  255 | Steps: 1000 | Reward:  6594.42
Total T:  256000 | Ep:  256 | Steps: 1000 | Reward:  7027.31
Total T:  257000 | Ep:  257 | Steps: 1000 | Reward:  6883.84
Total T:  258000 | Ep:  258 | Steps: 1000 | Reward:  6786.51
Total T:  259000 | Ep:  259 | Steps: 1000 | Reward:  6896.50
Total T:  260000 | Ep:  260 | Steps: 1000 | Reward:  6800.86
---------------------------------------
Evaluation over 10 episodes: 7234.831
---------------------------------------
Total T:  261000 | Ep:  261 | Steps: 1000 | Reward:  6938.92
Total T:  262000 | Ep:  262 | Steps: 1000 | Reward:  6834.90
Total T:  263000 | Ep:  263 | Steps: 1000 | Reward:  6731.70
Total T:  264000 | Ep:  264 | Steps: 1000 | Reward:  6907.28
Total T:  265000 | Ep:  265 | Steps: 1000 | Reward:  6729.27
Total T:  266000 | Ep:  266 | Steps: 1000 | Reward:  6737.91
Total T:  267000 | Ep:  267 | Steps: 1000 | Reward:  6747.68
Total T:  268000 | Ep:  268 | Steps: 1000 | Reward:  6919.64
Total T:  269000 | Ep:  269 | Steps: 1000 | Reward:  6901.14
Total T:  270000 | Ep:  270 | Steps: 1000 | Reward:  6695.45
---------------------------------------
Evaluation over 10 episodes: 7242.944
---------------------------------------
Total T:  271000 | Ep:  271 | Steps: 1000 | Reward:  6681.77
Total T:  272000 | Ep:  272 | Steps: 1000 | Reward:  6665.13
Total T:  273000 | Ep:  273 | Steps: 1000 | Reward:  7076.54
Total T:  274000 | Ep:  274 | Steps: 1000 | Reward:  6928.22
Total T:  275000 | Ep:  275 | Steps: 1000 | Reward:  6934.55
Total T:  276000 | Ep:  276 | Steps: 1000 | Reward:  6795.14
Total T:  277000 | Ep:  277 | Steps: 1000 | Reward:  6956.03
Total T:  278000 | Ep:  278 | Steps: 1000 | Reward:  6934.18
Total T:  279000 | Ep:  279 | Steps: 1000 | Reward:  6861.71
Total T:  280000 | Ep:  280 | Steps: 1000 | Reward:  6928.19
---------------------------------------
Evaluation over 10 episodes: 7440.534
---------------------------------------
Total T:  281000 | Ep:  281 | Steps: 1000 | Reward:  6951.81
Total T:  282000 | Ep:  282 | Steps: 1000 | Reward:  6929.09
Total T:  283000 | Ep:  283 | Steps: 1000 | Reward:  6970.54
Total T:  284000 | Ep:  284 | Steps: 1000 | Reward:  7063.48
Total T:  285000 | Ep:  285 | Steps: 1000 | Reward:  6995.19
Total T:  286000 | Ep:  286 | Steps: 1000 | Reward:  7080.58
Total T:  287000 | Ep:  287 | Steps: 1000 | Reward:  7008.76
Total T:  288000 | Ep:  288 | Steps: 1000 | Reward:  7035.09
Total T:  289000 | Ep:  289 | Steps: 1000 | Reward:  6984.57
Total T:  290000 | Ep:  290 | Steps: 1000 | Reward:  7231.15
---------------------------------------
Evaluation over 10 episodes: 7497.490
---------------------------------------
Total T:  291000 | Ep:  291 | Steps: 1000 | Reward:  7021.65
Total T:  292000 | Ep:  292 | Steps: 1000 | Reward:  6906.56
Total T:  293000 | Ep:  293 | Steps: 1000 | Reward:  7165.21
Total T:  294000 | Ep:  294 | Steps: 1000 | Reward:  7249.49
Total T:  295000 | Ep:  295 | Steps: 1000 | Reward:  7007.26
Total T:  296000 | Ep:  296 | Steps: 1000 | Reward:  6834.99
Total T:  297000 | Ep:  297 | Steps: 1000 | Reward:  7066.97
Total T:  298000 | Ep:  298 | Steps: 1000 | Reward:  6944.36
Total T:  299000 | Ep:  299 | Steps: 1000 | Reward:  7182.50
Total T:  300000 | Ep:  300 | Steps: 1000 | Reward:  6917.18
---------------------------------------
Evaluation over 10 episodes: 7692.125
---------------------------------------
Total T:  301000 | Ep:  301 | Steps: 1000 | Reward:  6875.32
Total T:  302000 | Ep:  302 | Steps: 1000 | Reward:  7237.99
Total T:  303000 | Ep:  303 | Steps: 1000 | Reward:  7167.76
Total T:  304000 | Ep:  304 | Steps: 1000 | Reward:  7099.92
Total T:  305000 | Ep:  305 | Steps: 1000 | Reward:  7009.12
Total T:  306000 | Ep:  306 | Steps: 1000 | Reward:  7269.01
Total T:  307000 | Ep:  307 | Steps: 1000 | Reward:  7124.65
Total T:  308000 | Ep:  308 | Steps: 1000 | Reward:  7275.20
Total T:  309000 | Ep:  309 | Steps: 1000 | Reward:  7191.92
Total T:  310000 | Ep:  310 | Steps: 1000 | Reward:  7269.86
---------------------------------------
Evaluation over 10 episodes: 7700.304
---------------------------------------
Total T:  311000 | Ep:  311 | Steps: 1000 | Reward:  7285.09
Total T:  312000 | Ep:  312 | Steps: 1000 | Reward:  7025.86
Total T:  313000 | Ep:  313 | Steps: 1000 | Reward:  7216.08
Total T:  314000 | Ep:  314 | Steps: 1000 | Reward:  7208.25
Total T:  315000 | Ep:  315 | Steps: 1000 | Reward:  7249.42
Total T:  316000 | Ep:  316 | Steps: 1000 | Reward:  6993.75
Total T:  317000 | Ep:  317 | Steps: 1000 | Reward:  7203.38
Total T:  318000 | Ep:  318 | Steps: 1000 | Reward:  7330.84
Total T:  319000 | Ep:  319 | Steps: 1000 | Reward:  7158.52
Total T:  320000 | Ep:  320 | Steps: 1000 | Reward:  7043.41
---------------------------------------
Evaluation over 10 episodes: 7624.646
---------------------------------------
Total T:  321000 | Ep:  321 | Steps: 1000 | Reward:  7077.09
Total T:  322000 | Ep:  322 | Steps: 1000 | Reward:  7488.71
Total T:  323000 | Ep:  323 | Steps: 1000 | Reward:  7246.97
Total T:  324000 | Ep:  324 | Steps: 1000 | Reward:  7295.34
Total T:  325000 | Ep:  325 | Steps: 1000 | Reward:  7450.20
Total T:  326000 | Ep:  326 | Steps: 1000 | Reward:  7328.20
Total T:  327000 | Ep:  327 | Steps: 1000 | Reward:  7193.19
Total T:  328000 | Ep:  328 | Steps: 1000 | Reward:  7229.87
Total T:  329000 | Ep:  329 | Steps: 1000 | Reward:  7201.77
Total T:  330000 | Ep:  330 | Steps: 1000 | Reward:  7219.11
---------------------------------------
Evaluation over 10 episodes: 7788.290
---------------------------------------
Total T:  331000 | Ep:  331 | Steps: 1000 | Reward:  7391.19
Total T:  332000 | Ep:  332 | Steps: 1000 | Reward:  7325.44
Total T:  333000 | Ep:  333 | Steps: 1000 | Reward:  7112.25
Total T:  334000 | Ep:  334 | Steps: 1000 | Reward:  7125.78
Total T:  335000 | Ep:  335 | Steps: 1000 | Reward:  7155.56
Total T:  336000 | Ep:  336 | Steps: 1000 | Reward:  7262.42
Total T:  337000 | Ep:  337 | Steps: 1000 | Reward:  7573.39
Total T:  338000 | Ep:  338 | Steps: 1000 | Reward:  1320.25
Total T:  339000 | Ep:  339 | Steps: 1000 | Reward:  6994.81
Total T:  340000 | Ep:  340 | Steps: 1000 | Reward:  7078.10
---------------------------------------
Evaluation over 10 episodes: 7977.811
---------------------------------------
Total T:  341000 | Ep:  341 | Steps: 1000 | Reward:  7396.49
Total T:  342000 | Ep:  342 | Steps: 1000 | Reward:  7283.67
Total T:  343000 | Ep:  343 | Steps: 1000 | Reward:  7568.21
Total T:  344000 | Ep:  344 | Steps: 1000 | Reward:  7466.84
Total T:  345000 | Ep:  345 | Steps: 1000 | Reward:  7279.23
Total T:  346000 | Ep:  346 | Steps: 1000 | Reward:  7317.67
Total T:  347000 | Ep:  347 | Steps: 1000 | Reward:  7314.41
Total T:  348000 | Ep:  348 | Steps: 1000 | Reward:  7319.46
Total T:  349000 | Ep:  349 | Steps: 1000 | Reward:  7311.16
Total T:  350000 | Ep:  350 | Steps: 1000 | Reward:  7441.92
---------------------------------------
Evaluation over 10 episodes: 7849.678
---------------------------------------
Total T:  351000 | Ep:  351 | Steps: 1000 | Reward:  7300.65
Total T:  352000 | Ep:  352 | Steps: 1000 | Reward:  7090.84
Total T:  353000 | Ep:  353 | Steps: 1000 | Reward:  7340.51
Total T:  354000 | Ep:  354 | Steps: 1000 | Reward:  7302.27
Total T:  355000 | Ep:  355 | Steps: 1000 | Reward:  7626.41
Total T:  356000 | Ep:  356 | Steps: 1000 | Reward:  7145.11
Total T:  357000 | Ep:  357 | Steps: 1000 | Reward:  7414.55
Total T:  358000 | Ep:  358 | Steps: 1000 | Reward:  7205.92
Total T:  359000 | Ep:  359 | Steps: 1000 | Reward:  7327.25
Total T:  360000 | Ep:  360 | Steps: 1000 | Reward:  7507.65
---------------------------------------
Evaluation over 10 episodes: 8035.287
---------------------------------------
Total T:  361000 | Ep:  361 | Steps: 1000 | Reward:  7259.99
Total T:  362000 | Ep:  362 | Steps: 1000 | Reward:  7109.68
Total T:  363000 | Ep:  363 | Steps: 1000 | Reward:  7576.05
Total T:  364000 | Ep:  364 | Steps: 1000 | Reward:  7462.48
Total T:  365000 | Ep:  365 | Steps: 1000 | Reward:  7304.18
Total T:  366000 | Ep:  366 | Steps: 1000 | Reward:  7124.99
Total T:  367000 | Ep:  367 | Steps: 1000 | Reward:  7357.88
Total T:  368000 | Ep:  368 | Steps: 1000 | Reward:  7585.22
Total T:  369000 | Ep:  369 | Steps: 1000 | Reward:  7433.55
Total T:  370000 | Ep:  370 | Steps: 1000 | Reward:  7424.42
---------------------------------------
Evaluation over 10 episodes: 8110.326
---------------------------------------
Total T:  371000 | Ep:  371 | Steps: 1000 | Reward:  7237.66
Total T:  372000 | Ep:  372 | Steps: 1000 | Reward:  7287.14
Total T:  373000 | Ep:  373 | Steps: 1000 | Reward:  7448.75
Total T:  374000 | Ep:  374 | Steps: 1000 | Reward:  7566.89
Total T:  375000 | Ep:  375 | Steps: 1000 | Reward:  7460.77
Total T:  376000 | Ep:  376 | Steps: 1000 | Reward:  7484.61
Total T:  377000 | Ep:  377 | Steps: 1000 | Reward:  7228.19
Total T:  378000 | Ep:  378 | Steps: 1000 | Reward:  7373.92
Total T:  379000 | Ep:  379 | Steps: 1000 | Reward:  7410.03
Total T:  380000 | Ep:  380 | Steps: 1000 | Reward:  7335.17
---------------------------------------
Evaluation over 10 episodes: 8015.186
---------------------------------------
Total T:  381000 | Ep:  381 | Steps: 1000 | Reward:  7274.80
Total T:  382000 | Ep:  382 | Steps: 1000 | Reward:  7606.35
Total T:  383000 | Ep:  383 | Steps: 1000 | Reward:  7375.06
Total T:  384000 | Ep:  384 | Steps: 1000 | Reward:  7360.01
Total T:  385000 | Ep:  385 | Steps: 1000 | Reward:  7394.90
Total T:  386000 | Ep:  386 | Steps: 1000 | Reward:  7569.73
Total T:  387000 | Ep:  387 | Steps: 1000 | Reward:  7418.85
Total T:  388000 | Ep:  388 | Steps: 1000 | Reward:  7477.07
Total T:  389000 | Ep:  389 | Steps: 1000 | Reward:  7321.32
Total T:  390000 | Ep:  390 | Steps: 1000 | Reward:  7273.73
---------------------------------------
Evaluation over 10 episodes: 7985.654
---------------------------------------
Total T:  391000 | Ep:  391 | Steps: 1000 | Reward:  7566.32
Total T:  392000 | Ep:  392 | Steps: 1000 | Reward:  7531.40
Total T:  393000 | Ep:  393 | Steps: 1000 | Reward:  7605.42
Total T:  394000 | Ep:  394 | Steps: 1000 | Reward:  7457.78
Total T:  395000 | Ep:  395 | Steps: 1000 | Reward:  7465.62
Total T:  396000 | Ep:  396 | Steps: 1000 | Reward:  7535.38
Total T:  397000 | Ep:  397 | Steps: 1000 | Reward:  7483.36
Total T:  398000 | Ep:  398 | Steps: 1000 | Reward:  7421.43
Total T:  399000 | Ep:  399 | Steps: 1000 | Reward:  7318.90
Total T:  400000 | Ep:  400 | Steps: 1000 | Reward:  7469.51
---------------------------------------
Evaluation over 10 episodes: 8125.346
---------------------------------------
Total T:  401000 | Ep:  401 | Steps: 1000 | Reward:  7437.11
Total T:  402000 | Ep:  402 | Steps: 1000 | Reward:  7590.72
Total T:  403000 | Ep:  403 | Steps: 1000 | Reward:  7496.04
Total T:  404000 | Ep:  404 | Steps: 1000 | Reward:  7319.87
Total T:  405000 | Ep:  405 | Steps: 1000 | Reward:  7648.10
Total T:  406000 | Ep:  406 | Steps: 1000 | Reward:  7623.76
Total T:  407000 | Ep:  407 | Steps: 1000 | Reward:  7610.94
Total T:  408000 | Ep:  408 | Steps: 1000 | Reward:  7365.69
Total T:  409000 | Ep:  409 | Steps: 1000 | Reward:  7545.55
Total T:  410000 | Ep:  410 | Steps: 1000 | Reward:  7606.58
---------------------------------------
Evaluation over 10 episodes: 8220.814
---------------------------------------
Total T:  411000 | Ep:  411 | Steps: 1000 | Reward:  7535.37
Total T:  412000 | Ep:  412 | Steps: 1000 | Reward:  7429.47
Total T:  413000 | Ep:  413 | Steps: 1000 | Reward:  7529.89
Total T:  414000 | Ep:  414 | Steps: 1000 | Reward:  7511.55
Total T:  415000 | Ep:  415 | Steps: 1000 | Reward:  7634.11
Total T:  416000 | Ep:  416 | Steps: 1000 | Reward:  7661.84
Total T:  417000 | Ep:  417 | Steps: 1000 | Reward:  7655.57
Total T:  418000 | Ep:  418 | Steps: 1000 | Reward:  7431.69
Total T:  419000 | Ep:  419 | Steps: 1000 | Reward:  7479.46
Total T:  420000 | Ep:  420 | Steps: 1000 | Reward:  7852.62
---------------------------------------
Evaluation over 10 episodes: 8063.663
---------------------------------------
Total T:  421000 | Ep:  421 | Steps: 1000 | Reward:  7516.41
Total T:  422000 | Ep:  422 | Steps: 1000 | Reward:  7509.96
Total T:  423000 | Ep:  423 | Steps: 1000 | Reward:  7865.76
Total T:  424000 | Ep:  424 | Steps: 1000 | Reward:  7586.66
Total T:  425000 | Ep:  425 | Steps: 1000 | Reward:  7645.97
Total T:  426000 | Ep:  426 | Steps: 1000 | Reward:  7560.88
Total T:  427000 | Ep:  427 | Steps: 1000 | Reward:  7602.91
Total T:  428000 | Ep:  428 | Steps: 1000 | Reward:  7589.88
Total T:  429000 | Ep:  429 | Steps: 1000 | Reward:  7663.04
Total T:  430000 | Ep:  430 | Steps: 1000 | Reward:  7686.21
---------------------------------------
Evaluation over 10 episodes: 8231.608
---------------------------------------
Total T:  431000 | Ep:  431 | Steps: 1000 | Reward:  7399.54
Total T:  432000 | Ep:  432 | Steps: 1000 | Reward:  7481.24
Total T:  433000 | Ep:  433 | Steps: 1000 | Reward:  7488.96
Total T:  434000 | Ep:  434 | Steps: 1000 | Reward:  7239.72
Total T:  435000 | Ep:  435 | Steps: 1000 | Reward:  7514.24
Total T:  436000 | Ep:  436 | Steps: 1000 | Reward:  7460.36
Total T:  437000 | Ep:  437 | Steps: 1000 | Reward:  7548.06
Total T:  438000 | Ep:  438 | Steps: 1000 | Reward:  7797.30
Total T:  439000 | Ep:  439 | Steps: 1000 | Reward:  7731.07
Total T:  440000 | Ep:  440 | Steps: 1000 | Reward:  7776.22
---------------------------------------
Evaluation over 10 episodes: 8222.698
---------------------------------------
Total T:  441000 | Ep:  441 | Steps: 1000 | Reward:  7736.89
Total T:  442000 | Ep:  442 | Steps: 1000 | Reward:  7558.53
Total T:  443000 | Ep:  443 | Steps: 1000 | Reward:  7492.49
Total T:  444000 | Ep:  444 | Steps: 1000 | Reward:  7531.65
Total T:  445000 | Ep:  445 | Steps: 1000 | Reward:  7681.71
Total T:  446000 | Ep:  446 | Steps: 1000 | Reward:  7749.97
Total T:  447000 | Ep:  447 | Steps: 1000 | Reward:  7656.70
Total T:  448000 | Ep:  448 | Steps: 1000 | Reward:  7633.39
Total T:  449000 | Ep:  449 | Steps: 1000 | Reward:  7723.07
Total T:  450000 | Ep:  450 | Steps: 1000 | Reward:  7974.34
---------------------------------------
Evaluation over 10 episodes: 8289.990
---------------------------------------
Total T:  451000 | Ep:  451 | Steps: 1000 | Reward:  7709.88
Total T:  452000 | Ep:  452 | Steps: 1000 | Reward:  7737.45
Total T:  453000 | Ep:  453 | Steps: 1000 | Reward:  7641.95
Total T:  454000 | Ep:  454 | Steps: 1000 | Reward:  7678.78
Total T:  455000 | Ep:  455 | Steps: 1000 | Reward:  7655.65
Total T:  456000 | Ep:  456 | Steps: 1000 | Reward:  7528.64
Total T:  457000 | Ep:  457 | Steps: 1000 | Reward:  7526.10
Total T:  458000 | Ep:  458 | Steps: 1000 | Reward:  7607.03
Total T:  459000 | Ep:  459 | Steps: 1000 | Reward:  7736.18
Total T:  460000 | Ep:  460 | Steps: 1000 | Reward:  7765.29
---------------------------------------
Evaluation over 10 episodes: 8175.808
---------------------------------------
Total T:  461000 | Ep:  461 | Steps: 1000 | Reward:  7792.29
Total T:  462000 | Ep:  462 | Steps: 1000 | Reward:  7632.28
Total T:  463000 | Ep:  463 | Steps: 1000 | Reward:  7891.36
Total T:  464000 | Ep:  464 | Steps: 1000 | Reward:  7489.23
Total T:  465000 | Ep:  465 | Steps: 1000 | Reward:  7525.11
Total T:  466000 | Ep:  466 | Steps: 1000 | Reward:  7846.60
Total T:  467000 | Ep:  467 | Steps: 1000 | Reward:  7761.86
Total T:  468000 | Ep:  468 | Steps: 1000 | Reward:  7555.47
Total T:  469000 | Ep:  469 | Steps: 1000 | Reward:  7575.07
Total T:  470000 | Ep:  470 | Steps: 1000 | Reward:  7755.48
---------------------------------------
Evaluation over 10 episodes: 8330.209
---------------------------------------
Total T:  471000 | Ep:  471 | Steps: 1000 | Reward:  7709.52
Total T:  472000 | Ep:  472 | Steps: 1000 | Reward:  7643.83
Total T:  473000 | Ep:  473 | Steps: 1000 | Reward:  7677.68
Total T:  474000 | Ep:  474 | Steps: 1000 | Reward:  7721.99
Total T:  475000 | Ep:  475 | Steps: 1000 | Reward:  7681.73
Total T:  476000 | Ep:  476 | Steps: 1000 | Reward:  7649.49
Total T:  477000 | Ep:  477 | Steps: 1000 | Reward:  7666.24
Total T:  478000 | Ep:  478 | Steps: 1000 | Reward:  7702.81
Total T:  479000 | Ep:  479 | Steps: 1000 | Reward:  7865.13
Total T:  480000 | Ep:  480 | Steps: 1000 | Reward:  7873.19
---------------------------------------
Evaluation over 10 episodes: 8337.393
---------------------------------------
Total T:  481000 | Ep:  481 | Steps: 1000 | Reward:  7728.71
Total T:  482000 | Ep:  482 | Steps: 1000 | Reward:  7713.92
Total T:  483000 | Ep:  483 | Steps: 1000 | Reward:  7761.38
Total T:  484000 | Ep:  484 | Steps: 1000 | Reward:  7757.12
Total T:  485000 | Ep:  485 | Steps: 1000 | Reward:  7690.07
Total T:  486000 | Ep:  486 | Steps: 1000 | Reward:  7532.48
Total T:  487000 | Ep:  487 | Steps: 1000 | Reward:  7615.78
Total T:  488000 | Ep:  488 | Steps: 1000 | Reward:  7605.79
Total T:  489000 | Ep:  489 | Steps: 1000 | Reward:  7748.66
Total T:  490000 | Ep:  490 | Steps: 1000 | Reward:  7652.66
---------------------------------------
Evaluation over 10 episodes: 8454.285
---------------------------------------
Total T:  491000 | Ep:  491 | Steps: 1000 | Reward:  7706.16
Total T:  492000 | Ep:  492 | Steps: 1000 | Reward:  7543.40
Total T:  493000 | Ep:  493 | Steps: 1000 | Reward:  7677.54
Total T:  494000 | Ep:  494 | Steps: 1000 | Reward:  7567.13
Total T:  495000 | Ep:  495 | Steps: 1000 | Reward:  7646.84
Total T:  496000 | Ep:  496 | Steps: 1000 | Reward:  7941.21
Total T:  497000 | Ep:  497 | Steps: 1000 | Reward:  7588.26
Total T:  498000 | Ep:  498 | Steps: 1000 | Reward:  7805.37
Total T:  499000 | Ep:  499 | Steps: 1000 | Reward:  7578.15
Total T:  500000 | Ep:  500 | Steps: 1000 | Reward:  8033.34
---------------------------------------
Evaluation over 10 episodes: 8106.143
---------------------------------------
Total T:  501000 | Ep:  501 | Steps: 1000 | Reward:  7700.85
Total T:  502000 | Ep:  502 | Steps: 1000 | Reward:  7815.75
Total T:  503000 | Ep:  503 | Steps: 1000 | Reward:  7856.65
Total T:  504000 | Ep:  504 | Steps: 1000 | Reward:  7634.71
Total T:  505000 | Ep:  505 | Steps: 1000 | Reward:  7819.90
Total T:  506000 | Ep:  506 | Steps: 1000 | Reward:  7898.60
Total T:  507000 | Ep:  507 | Steps: 1000 | Reward:  7806.63
Total T:  508000 | Ep:  508 | Steps: 1000 | Reward:  7931.80
Total T:  509000 | Ep:  509 | Steps: 1000 | Reward:  7960.10
Total T:  510000 | Ep:  510 | Steps: 1000 | Reward:  7675.76
---------------------------------------
Evaluation over 10 episodes: 8590.016
---------------------------------------
Total T:  511000 | Ep:  511 | Steps: 1000 | Reward:  7802.72
Total T:  512000 | Ep:  512 | Steps: 1000 | Reward:  7930.80
Total T:  513000 | Ep:  513 | Steps: 1000 | Reward:  7494.87
Total T:  514000 | Ep:  514 | Steps: 1000 | Reward:  7626.69
Total T:  515000 | Ep:  515 | Steps: 1000 | Reward:  7811.02
Total T:  516000 | Ep:  516 | Steps: 1000 | Reward:  7879.69
Total T:  517000 | Ep:  517 | Steps: 1000 | Reward:  7616.74
Total T:  518000 | Ep:  518 | Steps: 1000 | Reward:  7742.52
Total T:  519000 | Ep:  519 | Steps: 1000 | Reward:  8041.26
Total T:  520000 | Ep:  520 | Steps: 1000 | Reward:  7906.04
---------------------------------------
Evaluation over 10 episodes: 8383.145
---------------------------------------
Total T:  521000 | Ep:  521 | Steps: 1000 | Reward:  7881.90
Total T:  522000 | Ep:  522 | Steps: 1000 | Reward:  7808.47
Total T:  523000 | Ep:  523 | Steps: 1000 | Reward:  7712.49
Total T:  524000 | Ep:  524 | Steps: 1000 | Reward:  7785.83
Total T:  525000 | Ep:  525 | Steps: 1000 | Reward:  7726.43
Total T:  526000 | Ep:  526 | Steps: 1000 | Reward:  7987.61
Total T:  527000 | Ep:  527 | Steps: 1000 | Reward:  7764.67
Total T:  528000 | Ep:  528 | Steps: 1000 | Reward:  7722.13
Total T:  529000 | Ep:  529 | Steps: 1000 | Reward:  7898.28
Total T:  530000 | Ep:  530 | Steps: 1000 | Reward:  7859.48
---------------------------------------
Evaluation over 10 episodes: 8306.626
---------------------------------------
Total T:  531000 | Ep:  531 | Steps: 1000 | Reward:  7880.51
Total T:  532000 | Ep:  532 | Steps: 1000 | Reward:  7754.46
Total T:  533000 | Ep:  533 | Steps: 1000 | Reward:  7830.64
Total T:  534000 | Ep:  534 | Steps: 1000 | Reward:  7717.36
Total T:  535000 | Ep:  535 | Steps: 1000 | Reward:  7741.14
Total T:  536000 | Ep:  536 | Steps: 1000 | Reward:  7607.21
Total T:  537000 | Ep:  537 | Steps: 1000 | Reward:  7940.97
Total T:  538000 | Ep:  538 | Steps: 1000 | Reward:  7802.57
Total T:  539000 | Ep:  539 | Steps: 1000 | Reward:  7947.56
Total T:  540000 | Ep:  540 | Steps: 1000 | Reward:  7757.98
---------------------------------------
Evaluation over 10 episodes: 8466.595
---------------------------------------
Total T:  541000 | Ep:  541 | Steps: 1000 | Reward:  7796.39
Total T:  542000 | Ep:  542 | Steps: 1000 | Reward:  8040.95
Total T:  543000 | Ep:  543 | Steps: 1000 | Reward:  7762.99
Total T:  544000 | Ep:  544 | Steps: 1000 | Reward:  7957.27
Total T:  545000 | Ep:  545 | Steps: 1000 | Reward:  7806.36
Total T:  546000 | Ep:  546 | Steps: 1000 | Reward:  7866.84
Total T:  547000 | Ep:  547 | Steps: 1000 | Reward:  7866.67
Total T:  548000 | Ep:  548 | Steps: 1000 | Reward:  7860.38
Total T:  549000 | Ep:  549 | Steps: 1000 | Reward:  7953.43
Total T:  550000 | Ep:  550 | Steps: 1000 | Reward:  7819.56
---------------------------------------
Evaluation over 10 episodes: 8496.430
---------------------------------------
Total T:  551000 | Ep:  551 | Steps: 1000 | Reward:  7769.24
Total T:  552000 | Ep:  552 | Steps: 1000 | Reward:  7753.95
Total T:  553000 | Ep:  553 | Steps: 1000 | Reward:  7938.43
Total T:  554000 | Ep:  554 | Steps: 1000 | Reward:  7896.65
Total T:  555000 | Ep:  555 | Steps: 1000 | Reward:  7947.13
Total T:  556000 | Ep:  556 | Steps: 1000 | Reward:  7797.30
Total T:  557000 | Ep:  557 | Steps: 1000 | Reward:  7940.22
Total T:  558000 | Ep:  558 | Steps: 1000 | Reward:  7822.09
Total T:  559000 | Ep:  559 | Steps: 1000 | Reward:  7943.79
Total T:  560000 | Ep:  560 | Steps: 1000 | Reward:  7801.40
---------------------------------------
Evaluation over 10 episodes: 8545.517
---------------------------------------
Total T:  561000 | Ep:  561 | Steps: 1000 | Reward:  7867.43
Total T:  562000 | Ep:  562 | Steps: 1000 | Reward:  7569.22
Total T:  563000 | Ep:  563 | Steps: 1000 | Reward:  7876.49
Total T:  564000 | Ep:  564 | Steps: 1000 | Reward:  7664.56
Total T:  565000 | Ep:  565 | Steps: 1000 | Reward:  7994.06
Total T:  566000 | Ep:  566 | Steps: 1000 | Reward:  7857.91
Total T:  567000 | Ep:  567 | Steps: 1000 | Reward:  7662.77
Total T:  568000 | Ep:  568 | Steps: 1000 | Reward:  7945.47
Total T:  569000 | Ep:  569 | Steps: 1000 | Reward:  7725.56
Total T:  570000 | Ep:  570 | Steps: 1000 | Reward:  7793.84
---------------------------------------
Evaluation over 10 episodes: 8476.053
---------------------------------------
Total T:  571000 | Ep:  571 | Steps: 1000 | Reward:  7920.33
Total T:  572000 | Ep:  572 | Steps: 1000 | Reward:  8007.03
Total T:  573000 | Ep:  573 | Steps: 1000 | Reward:  7951.80
Total T:  574000 | Ep:  574 | Steps: 1000 | Reward:  7767.80
Total T:  575000 | Ep:  575 | Steps: 1000 | Reward:  7918.07
Total T:  576000 | Ep:  576 | Steps: 1000 | Reward:  7870.56
Total T:  577000 | Ep:  577 | Steps: 1000 | Reward:  7992.71
Total T:  578000 | Ep:  578 | Steps: 1000 | Reward:  7964.09
Total T:  579000 | Ep:  579 | Steps: 1000 | Reward:  7811.24
Total T:  580000 | Ep:  580 | Steps: 1000 | Reward:  7929.47
---------------------------------------
Evaluation over 10 episodes: 8649.214
---------------------------------------
Total T:  581000 | Ep:  581 | Steps: 1000 | Reward:  8235.21
Total T:  582000 | Ep:  582 | Steps: 1000 | Reward:  7939.61
Total T:  583000 | Ep:  583 | Steps: 1000 | Reward:  7813.05
Total T:  584000 | Ep:  584 | Steps: 1000 | Reward:  8032.46
Total T:  585000 | Ep:  585 | Steps: 1000 | Reward:  7868.53
Total T:  586000 | Ep:  586 | Steps: 1000 | Reward:  8006.81
Total T:  587000 | Ep:  587 | Steps: 1000 | Reward:  7748.16
Total T:  588000 | Ep:  588 | Steps: 1000 | Reward:  8017.41
Total T:  589000 | Ep:  589 | Steps: 1000 | Reward:  7898.49
Total T:  590000 | Ep:  590 | Steps: 1000 | Reward:  7994.05
---------------------------------------
Evaluation over 10 episodes: 8641.623
---------------------------------------
Total T:  591000 | Ep:  591 | Steps: 1000 | Reward:  7839.09
Total T:  592000 | Ep:  592 | Steps: 1000 | Reward:  7890.51
Total T:  593000 | Ep:  593 | Steps: 1000 | Reward:  8076.06
Total T:  594000 | Ep:  594 | Steps: 1000 | Reward:  8075.48
Total T:  595000 | Ep:  595 | Steps: 1000 | Reward:  7971.85
Total T:  596000 | Ep:  596 | Steps: 1000 | Reward:  8128.84
Total T:  597000 | Ep:  597 | Steps: 1000 | Reward:  8170.88
Total T:  598000 | Ep:  598 | Steps: 1000 | Reward:  7857.84
Total T:  599000 | Ep:  599 | Steps: 1000 | Reward:  8120.08
Total T:  600000 | Ep:  600 | Steps: 1000 | Reward:  8085.35
---------------------------------------
Evaluation over 10 episodes: 8644.673
---------------------------------------
Total T:  601000 | Ep:  601 | Steps: 1000 | Reward:  7857.55
Total T:  602000 | Ep:  602 | Steps: 1000 | Reward:  8242.50
Total T:  603000 | Ep:  603 | Steps: 1000 | Reward:  7925.53
Total T:  604000 | Ep:  604 | Steps: 1000 | Reward:  8114.38
Total T:  605000 | Ep:  605 | Steps: 1000 | Reward:  8202.44
Total T:  606000 | Ep:  606 | Steps: 1000 | Reward:  8055.10
Total T:  607000 | Ep:  607 | Steps: 1000 | Reward:  7959.68
Total T:  608000 | Ep:  608 | Steps: 1000 | Reward:  8187.80
Total T:  609000 | Ep:  609 | Steps: 1000 | Reward:  8077.27
Total T:  610000 | Ep:  610 | Steps: 1000 | Reward:  8012.43
---------------------------------------
Evaluation over 10 episodes: 8609.162
---------------------------------------
Total T:  611000 | Ep:  611 | Steps: 1000 | Reward:  8169.74
Total T:  612000 | Ep:  612 | Steps: 1000 | Reward:  7903.69
Total T:  613000 | Ep:  613 | Steps: 1000 | Reward:  7775.26
Total T:  614000 | Ep:  614 | Steps: 1000 | Reward:  8207.67
Total T:  615000 | Ep:  615 | Steps: 1000 | Reward:  7947.46
Total T:  616000 | Ep:  616 | Steps: 1000 | Reward:  8076.90
Total T:  617000 | Ep:  617 | Steps: 1000 | Reward:  7899.41
Total T:  618000 | Ep:  618 | Steps: 1000 | Reward:  8037.64
Total T:  619000 | Ep:  619 | Steps: 1000 | Reward:  7923.59
Total T:  620000 | Ep:  620 | Steps: 1000 | Reward:  7998.07
---------------------------------------
Evaluation over 10 episodes: 8579.683
---------------------------------------
Total T:  621000 | Ep:  621 | Steps: 1000 | Reward:  8116.49
Total T:  622000 | Ep:  622 | Steps: 1000 | Reward:  8303.81
Total T:  623000 | Ep:  623 | Steps: 1000 | Reward:  8105.48
Total T:  624000 | Ep:  624 | Steps: 1000 | Reward:  8022.37
Total T:  625000 | Ep:  625 | Steps: 1000 | Reward:  8086.03
Total T:  626000 | Ep:  626 | Steps: 1000 | Reward:  7963.08
Total T:  627000 | Ep:  627 | Steps: 1000 | Reward:  8113.06
Total T:  628000 | Ep:  628 | Steps: 1000 | Reward:  8164.59
Total T:  629000 | Ep:  629 | Steps: 1000 | Reward:  7884.44
Total T:  630000 | Ep:  630 | Steps: 1000 | Reward:  8182.04
---------------------------------------
Evaluation over 10 episodes: 8550.854
---------------------------------------
Total T:  631000 | Ep:  631 | Steps: 1000 | Reward:  8207.37
Total T:  632000 | Ep:  632 | Steps: 1000 | Reward:  8121.20
Total T:  633000 | Ep:  633 | Steps: 1000 | Reward:  8090.28
Total T:  634000 | Ep:  634 | Steps: 1000 | Reward:  8132.14
Total T:  635000 | Ep:  635 | Steps: 1000 | Reward:  8071.47
Total T:  636000 | Ep:  636 | Steps: 1000 | Reward:  8140.41
Total T:  637000 | Ep:  637 | Steps: 1000 | Reward:  8110.90
Total T:  638000 | Ep:  638 | Steps: 1000 | Reward:  8324.50
Total T:  639000 | Ep:  639 | Steps: 1000 | Reward:  8164.98
Total T:  640000 | Ep:  640 | Steps: 1000 | Reward:  7653.83
---------------------------------------
Evaluation over 10 episodes: 8737.165
---------------------------------------
Total T:  641000 | Ep:  641 | Steps: 1000 | Reward:  8121.54
Total T:  642000 | Ep:  642 | Steps: 1000 | Reward:  8203.19
Total T:  643000 | Ep:  643 | Steps: 1000 | Reward:  8051.31
Total T:  644000 | Ep:  644 | Steps: 1000 | Reward:  7866.61
Total T:  645000 | Ep:  645 | Steps: 1000 | Reward:  8144.14
Total T:  646000 | Ep:  646 | Steps: 1000 | Reward:  7995.44
Total T:  647000 | Ep:  647 | Steps: 1000 | Reward:  8168.09
Total T:  648000 | Ep:  648 | Steps: 1000 | Reward:  8007.78
Total T:  649000 | Ep:  649 | Steps: 1000 | Reward:  7981.65
Total T:  650000 | Ep:  650 | Steps: 1000 | Reward:  8088.55
---------------------------------------
Evaluation over 10 episodes: 8703.891
---------------------------------------
Total T:  651000 | Ep:  651 | Steps: 1000 | Reward:  7847.68
Total T:  652000 | Ep:  652 | Steps: 1000 | Reward:  8186.03
Total T:  653000 | Ep:  653 | Steps: 1000 | Reward:  8130.52
Total T:  654000 | Ep:  654 | Steps: 1000 | Reward:  8173.93
Total T:  655000 | Ep:  655 | Steps: 1000 | Reward:  7981.19
Total T:  656000 | Ep:  656 | Steps: 1000 | Reward:  8049.79
Total T:  657000 | Ep:  657 | Steps: 1000 | Reward:  8161.62
Total T:  658000 | Ep:  658 | Steps: 1000 | Reward:  8134.31
Total T:  659000 | Ep:  659 | Steps: 1000 | Reward:  8138.48
Total T:  660000 | Ep:  660 | Steps: 1000 | Reward:  8078.38
---------------------------------------
Evaluation over 10 episodes: 8731.881
---------------------------------------
Total T:  661000 | Ep:  661 | Steps: 1000 | Reward:  7990.87
Total T:  662000 | Ep:  662 | Steps: 1000 | Reward:  8164.82
Total T:  663000 | Ep:  663 | Steps: 1000 | Reward:  8143.67
Total T:  664000 | Ep:  664 | Steps: 1000 | Reward:   855.37
Total T:  665000 | Ep:  665 | Steps: 1000 | Reward:  8041.07
Total T:  666000 | Ep:  666 | Steps: 1000 | Reward:  8075.41
Total T:  667000 | Ep:  667 | Steps: 1000 | Reward:  8253.90
Total T:  668000 | Ep:  668 | Steps: 1000 | Reward:  8293.06
Total T:  669000 | Ep:  669 | Steps: 1000 | Reward:  8185.55
Total T:  670000 | Ep:  670 | Steps: 1000 | Reward:  8042.76
---------------------------------------
Evaluation over 10 episodes: 8862.891
---------------------------------------
Total T:  671000 | Ep:  671 | Steps: 1000 | Reward:  7959.97
Total T:  672000 | Ep:  672 | Steps: 1000 | Reward:  8073.25
Total T:  673000 | Ep:  673 | Steps: 1000 | Reward:  8180.19
Total T:  674000 | Ep:  674 | Steps: 1000 | Reward:  8220.11
Total T:  675000 | Ep:  675 | Steps: 1000 | Reward:  8345.19
Total T:  676000 | Ep:  676 | Steps: 1000 | Reward:  7997.27
Total T:  677000 | Ep:  677 | Steps: 1000 | Reward:  8283.55
Total T:  678000 | Ep:  678 | Steps: 1000 | Reward:  8166.67
Total T:  679000 | Ep:  679 | Steps: 1000 | Reward:  8283.25
Total T:  680000 | Ep:  680 | Steps: 1000 | Reward:  8270.04
---------------------------------------
Evaluation over 10 episodes: 8791.164
---------------------------------------
Total T:  681000 | Ep:  681 | Steps: 1000 | Reward:  8269.41
Total T:  682000 | Ep:  682 | Steps: 1000 | Reward:  7986.41
Total T:  683000 | Ep:  683 | Steps: 1000 | Reward:  8149.12
Total T:  684000 | Ep:  684 | Steps: 1000 | Reward:  8027.16
Total T:  685000 | Ep:  685 | Steps: 1000 | Reward:  7970.96
Total T:  686000 | Ep:  686 | Steps: 1000 | Reward:  8042.72
Total T:  687000 | Ep:  687 | Steps: 1000 | Reward:  8124.62
Total T:  688000 | Ep:  688 | Steps: 1000 | Reward:  8124.56
Total T:  689000 | Ep:  689 | Steps: 1000 | Reward:  8039.07
Total T:  690000 | Ep:  690 | Steps: 1000 | Reward:  8402.34
---------------------------------------
Evaluation over 10 episodes: 8759.851
---------------------------------------
Total T:  691000 | Ep:  691 | Steps: 1000 | Reward:  7983.70
Total T:  692000 | Ep:  692 | Steps: 1000 | Reward:  8335.99
Total T:  693000 | Ep:  693 | Steps: 1000 | Reward:  8276.98
Total T:  694000 | Ep:  694 | Steps: 1000 | Reward:  7962.11
Total T:  695000 | Ep:  695 | Steps: 1000 | Reward:  8198.74
Total T:  696000 | Ep:  696 | Steps: 1000 | Reward:  8111.91
Total T:  697000 | Ep:  697 | Steps: 1000 | Reward:  7993.72
Total T:  698000 | Ep:  698 | Steps: 1000 | Reward:  8085.55
Total T:  699000 | Ep:  699 | Steps: 1000 | Reward:  8447.87
Total T:  700000 | Ep:  700 | Steps: 1000 | Reward:  8286.96
---------------------------------------
Evaluation over 10 episodes: 8899.406
---------------------------------------
Total T:  701000 | Ep:  701 | Steps: 1000 | Reward:  8093.58
Total T:  702000 | Ep:  702 | Steps: 1000 | Reward:  8394.69
Total T:  703000 | Ep:  703 | Steps: 1000 | Reward:  8177.38
Total T:  704000 | Ep:  704 | Steps: 1000 | Reward:  8310.55
Total T:  705000 | Ep:  705 | Steps: 1000 | Reward:  8367.91
Total T:  706000 | Ep:  706 | Steps: 1000 | Reward:  8015.66
Total T:  707000 | Ep:  707 | Steps: 1000 | Reward:  8176.44
Total T:  708000 | Ep:  708 | Steps: 1000 | Reward:  8065.46
Total T:  709000 | Ep:  709 | Steps: 1000 | Reward:  8491.39
Total T:  710000 | Ep:  710 | Steps: 1000 | Reward:  8348.61
---------------------------------------
Evaluation over 10 episodes: 8834.054
---------------------------------------
Total T:  711000 | Ep:  711 | Steps: 1000 | Reward:  8525.09
Total T:  712000 | Ep:  712 | Steps: 1000 | Reward:  8364.46
Total T:  713000 | Ep:  713 | Steps: 1000 | Reward:  8063.08
Total T:  714000 | Ep:  714 | Steps: 1000 | Reward:  8184.96
Total T:  715000 | Ep:  715 | Steps: 1000 | Reward:  8253.92
Total T:  716000 | Ep:  716 | Steps: 1000 | Reward:  8397.13
Total T:  717000 | Ep:  717 | Steps: 1000 | Reward:  8219.32
Total T:  718000 | Ep:  718 | Steps: 1000 | Reward:  8099.93
Total T:  719000 | Ep:  719 | Steps: 1000 | Reward:  8381.66
Total T:  720000 | Ep:  720 | Steps: 1000 | Reward:  8398.42
---------------------------------------
Evaluation over 10 episodes: 8939.877
---------------------------------------
Total T:  721000 | Ep:  721 | Steps: 1000 | Reward:  8413.51
Total T:  722000 | Ep:  722 | Steps: 1000 | Reward:  8162.41
Total T:  723000 | Ep:  723 | Steps: 1000 | Reward:  8277.40
Total T:  724000 | Ep:  724 | Steps: 1000 | Reward:  8457.67
Total T:  725000 | Ep:  725 | Steps: 1000 | Reward:  8237.72
Total T:  726000 | Ep:  726 | Steps: 1000 | Reward:  8297.43
Total T:  727000 | Ep:  727 | Steps: 1000 | Reward:  8422.30
Total T:  728000 | Ep:  728 | Steps: 1000 | Reward:  8243.82
Total T:  729000 | Ep:  729 | Steps: 1000 | Reward:  8398.27
Total T:  730000 | Ep:  730 | Steps: 1000 | Reward:  8415.51
---------------------------------------
Evaluation over 10 episodes: 8851.894
---------------------------------------
Total T:  731000 | Ep:  731 | Steps: 1000 | Reward:  8341.84
Total T:  732000 | Ep:  732 | Steps: 1000 | Reward:  8106.08
Total T:  733000 | Ep:  733 | Steps: 1000 | Reward:  8415.99
Total T:  734000 | Ep:  734 | Steps: 1000 | Reward:  8385.47
Total T:  735000 | Ep:  735 | Steps: 1000 | Reward:  8367.41
Total T:  736000 | Ep:  736 | Steps: 1000 | Reward:  8235.99
Total T:  737000 | Ep:  737 | Steps: 1000 | Reward:  8107.11
Total T:  738000 | Ep:  738 | Steps: 1000 | Reward:  8303.19
Total T:  739000 | Ep:  739 | Steps: 1000 | Reward:  8089.50
Total T:  740000 | Ep:  740 | Steps: 1000 | Reward:  8248.25
---------------------------------------
Evaluation over 10 episodes: 8946.490
---------------------------------------
Total T:  741000 | Ep:  741 | Steps: 1000 | Reward:  8340.95
Total T:  742000 | Ep:  742 | Steps: 1000 | Reward:  8352.69
Total T:  743000 | Ep:  743 | Steps: 1000 | Reward:  8282.66
Total T:  744000 | Ep:  744 | Steps: 1000 | Reward:  8447.10
Total T:  745000 | Ep:  745 | Steps: 1000 | Reward:  8432.24
Total T:  746000 | Ep:  746 | Steps: 1000 | Reward:  8513.86
Total T:  747000 | Ep:  747 | Steps: 1000 | Reward:  8262.71
Total T:  748000 | Ep:  748 | Steps: 1000 | Reward:  8567.08
Total T:  749000 | Ep:  749 | Steps: 1000 | Reward:  8111.48
Total T:  750000 | Ep:  750 | Steps: 1000 | Reward:  8393.25
---------------------------------------
Evaluation over 10 episodes: 8886.584
---------------------------------------
Total T:  751000 | Ep:  751 | Steps: 1000 | Reward:  8216.31
Total T:  752000 | Ep:  752 | Steps: 1000 | Reward:  8325.05
Total T:  753000 | Ep:  753 | Steps: 1000 | Reward:  8479.34
Total T:  754000 | Ep:  754 | Steps: 1000 | Reward:  8320.88
Total T:  755000 | Ep:  755 | Steps: 1000 | Reward:  8503.02
Total T:  756000 | Ep:  756 | Steps: 1000 | Reward:  8095.10
Total T:  757000 | Ep:  757 | Steps: 1000 | Reward:  8483.22
Total T:  758000 | Ep:  758 | Steps: 1000 | Reward:  8406.77
Total T:  759000 | Ep:  759 | Steps: 1000 | Reward:  8329.42
Total T:  760000 | Ep:  760 | Steps: 1000 | Reward:  8188.07
---------------------------------------
Evaluation over 10 episodes: 8848.591
---------------------------------------
Total T:  761000 | Ep:  761 | Steps: 1000 | Reward:  8520.45
Total T:  762000 | Ep:  762 | Steps: 1000 | Reward:  8377.34
Total T:  763000 | Ep:  763 | Steps: 1000 | Reward:  8311.87
Total T:  764000 | Ep:  764 | Steps: 1000 | Reward:  8312.80
Total T:  765000 | Ep:  765 | Steps: 1000 | Reward:  8306.47
Total T:  766000 | Ep:  766 | Steps: 1000 | Reward:  8387.52
Total T:  767000 | Ep:  767 | Steps: 1000 | Reward:  8495.48
Total T:  768000 | Ep:  768 | Steps: 1000 | Reward:  8430.61
Total T:  769000 | Ep:  769 | Steps: 1000 | Reward:  8348.61
Total T:  770000 | Ep:  770 | Steps: 1000 | Reward:  8449.14
---------------------------------------
Evaluation over 10 episodes: 9046.633
---------------------------------------
Total T:  771000 | Ep:  771 | Steps: 1000 | Reward:  8565.87
Total T:  772000 | Ep:  772 | Steps: 1000 | Reward:  8274.89
Total T:  773000 | Ep:  773 | Steps: 1000 | Reward:  8396.60
Total T:  774000 | Ep:  774 | Steps: 1000 | Reward:  8637.22
Total T:  775000 | Ep:  775 | Steps: 1000 | Reward:  8435.88
Total T:  776000 | Ep:  776 | Steps: 1000 | Reward:  8648.73
Total T:  777000 | Ep:  777 | Steps: 1000 | Reward:  8338.66
Total T:  778000 | Ep:  778 | Steps: 1000 | Reward:  8535.46
Total T:  779000 | Ep:  779 | Steps: 1000 | Reward:  8329.68
Total T:  780000 | Ep:  780 | Steps: 1000 | Reward:  8249.73
---------------------------------------
Evaluation over 10 episodes: 8921.017
---------------------------------------
Total T:  781000 | Ep:  781 | Steps: 1000 | Reward:  8074.58
Total T:  782000 | Ep:  782 | Steps: 1000 | Reward:  8423.58
Total T:  783000 | Ep:  783 | Steps: 1000 | Reward:  8627.66
Total T:  784000 | Ep:  784 | Steps: 1000 | Reward:  8342.18
Total T:  785000 | Ep:  785 | Steps: 1000 | Reward:  8263.90
Total T:  786000 | Ep:  786 | Steps: 1000 | Reward:  8532.22
Total T:  787000 | Ep:  787 | Steps: 1000 | Reward:  8467.59
Total T:  788000 | Ep:  788 | Steps: 1000 | Reward:  8376.27
Total T:  789000 | Ep:  789 | Steps: 1000 | Reward:  8672.64
Total T:  790000 | Ep:  790 | Steps: 1000 | Reward:  8391.75
---------------------------------------
Evaluation over 10 episodes: 9096.321
---------------------------------------
Total T:  791000 | Ep:  791 | Steps: 1000 | Reward:  8316.16
Total T:  792000 | Ep:  792 | Steps: 1000 | Reward:  8478.21
Total T:  793000 | Ep:  793 | Steps: 1000 | Reward:  8517.06
Total T:  794000 | Ep:  794 | Steps: 1000 | Reward:  8647.24
Total T:  795000 | Ep:  795 | Steps: 1000 | Reward:  8462.30
Total T:  796000 | Ep:  796 | Steps: 1000 | Reward:  8610.28
Total T:  797000 | Ep:  797 | Steps: 1000 | Reward:  8554.37
Total T:  798000 | Ep:  798 | Steps: 1000 | Reward:  8466.60
Total T:  799000 | Ep:  799 | Steps: 1000 | Reward:  8392.02
Total T:  800000 | Ep:  800 | Steps: 1000 | Reward:  8637.31
---------------------------------------
Evaluation over 10 episodes: 9141.320
---------------------------------------
Total T:  801000 | Ep:  801 | Steps: 1000 | Reward:  8295.51
Total T:  802000 | Ep:  802 | Steps: 1000 | Reward:  8427.02
Total T:  803000 | Ep:  803 | Steps: 1000 | Reward:  8476.39
Total T:  804000 | Ep:  804 | Steps: 1000 | Reward:  8582.26
Total T:  805000 | Ep:  805 | Steps: 1000 | Reward:  8610.53
Total T:  806000 | Ep:  806 | Steps: 1000 | Reward:  8729.54
Total T:  807000 | Ep:  807 | Steps: 1000 | Reward:  8621.70
Total T:  808000 | Ep:  808 | Steps: 1000 | Reward:  8474.97
Total T:  809000 | Ep:  809 | Steps: 1000 | Reward:  8620.05
Total T:  810000 | Ep:  810 | Steps: 1000 | Reward:  8524.70
---------------------------------------
Evaluation over 10 episodes: 9111.443
---------------------------------------
Total T:  811000 | Ep:  811 | Steps: 1000 | Reward:  8704.76
Total T:  812000 | Ep:  812 | Steps: 1000 | Reward:  8423.88
Total T:  813000 | Ep:  813 | Steps: 1000 | Reward:  8262.13
Total T:  814000 | Ep:  814 | Steps: 1000 | Reward:  8429.55
Total T:  815000 | Ep:  815 | Steps: 1000 | Reward:  8523.85
Total T:  816000 | Ep:  816 | Steps: 1000 | Reward:  8420.97
Total T:  817000 | Ep:  817 | Steps: 1000 | Reward:  8628.67
Total T:  818000 | Ep:  818 | Steps: 1000 | Reward:  8486.10
Total T:  819000 | Ep:  819 | Steps: 1000 | Reward:  8702.43
Total T:  820000 | Ep:  820 | Steps: 1000 | Reward:  8360.31
---------------------------------------
Evaluation over 10 episodes: 9285.952
---------------------------------------
Total T:  821000 | Ep:  821 | Steps: 1000 | Reward:  8488.29
Total T:  822000 | Ep:  822 | Steps: 1000 | Reward:  8744.41
Total T:  823000 | Ep:  823 | Steps: 1000 | Reward:  8809.22
Total T:  824000 | Ep:  824 | Steps: 1000 | Reward:  8322.36
Total T:  825000 | Ep:  825 | Steps: 1000 | Reward:  8569.10
Total T:  826000 | Ep:  826 | Steps: 1000 | Reward:  8707.98
Total T:  827000 | Ep:  827 | Steps: 1000 | Reward:  8594.60
Total T:  828000 | Ep:  828 | Steps: 1000 | Reward:  8683.41
Total T:  829000 | Ep:  829 | Steps: 1000 | Reward:  8716.38
Total T:  830000 | Ep:  830 | Steps: 1000 | Reward:  8554.67
---------------------------------------
Evaluation over 10 episodes: 8999.699
---------------------------------------
Total T:  831000 | Ep:  831 | Steps: 1000 | Reward:  8688.80
Total T:  832000 | Ep:  832 | Steps: 1000 | Reward:  8385.10
Total T:  833000 | Ep:  833 | Steps: 1000 | Reward:  8420.54
Total T:  834000 | Ep:  834 | Steps: 1000 | Reward:  8365.32
Total T:  835000 | Ep:  835 | Steps: 1000 | Reward:  8454.31
Total T:  836000 | Ep:  836 | Steps: 1000 | Reward:  8632.41
Total T:  837000 | Ep:  837 | Steps: 1000 | Reward:  8327.05
Total T:  838000 | Ep:  838 | Steps: 1000 | Reward:  8661.29
Total T:  839000 | Ep:  839 | Steps: 1000 | Reward:  8652.41
Total T:  840000 | Ep:  840 | Steps: 1000 | Reward:  8779.61
---------------------------------------
Evaluation over 10 episodes: 9100.786
---------------------------------------
Total T:  841000 | Ep:  841 | Steps: 1000 | Reward:  8647.09
Total T:  842000 | Ep:  842 | Steps: 1000 | Reward:  8200.63
Total T:  843000 | Ep:  843 | Steps: 1000 | Reward:  8423.76
Total T:  844000 | Ep:  844 | Steps: 1000 | Reward:  8479.86
Total T:  845000 | Ep:  845 | Steps: 1000 | Reward:  8597.86
Total T:  846000 | Ep:  846 | Steps: 1000 | Reward:  8824.92
Total T:  847000 | Ep:  847 | Steps: 1000 | Reward:  8764.17
Total T:  848000 | Ep:  848 | Steps: 1000 | Reward:  8553.54
Total T:  849000 | Ep:  849 | Steps: 1000 | Reward:  8761.17
Total T:  850000 | Ep:  850 | Steps: 1000 | Reward:  8588.32
---------------------------------------
Evaluation over 10 episodes: 9199.968
---------------------------------------
Total T:  851000 | Ep:  851 | Steps: 1000 | Reward:  8819.81
Total T:  852000 | Ep:  852 | Steps: 1000 | Reward:  8676.99
Total T:  853000 | Ep:  853 | Steps: 1000 | Reward:  8540.12
Total T:  854000 | Ep:  854 | Steps: 1000 | Reward:  8889.75
Total T:  855000 | Ep:  855 | Steps: 1000 | Reward:  8684.25
Total T:  856000 | Ep:  856 | Steps: 1000 | Reward:  8685.25
Total T:  857000 | Ep:  857 | Steps: 1000 | Reward:  8447.60
Total T:  858000 | Ep:  858 | Steps: 1000 | Reward:  8739.23
Total T:  859000 | Ep:  859 | Steps: 1000 | Reward:  8676.27
Total T:  860000 | Ep:  860 | Steps: 1000 | Reward:  8676.31
---------------------------------------
Evaluation over 10 episodes: 9249.592
---------------------------------------
Total T:  861000 | Ep:  861 | Steps: 1000 | Reward:  8693.02
Total T:  862000 | Ep:  862 | Steps: 1000 | Reward:  8744.79
Total T:  863000 | Ep:  863 | Steps: 1000 | Reward:  8707.70
Total T:  864000 | Ep:  864 | Steps: 1000 | Reward:  8783.70
Total T:  865000 | Ep:  865 | Steps: 1000 | Reward:  8951.81
Total T:  866000 | Ep:  866 | Steps: 1000 | Reward:  8603.71
Total T:  867000 | Ep:  867 | Steps: 1000 | Reward:  8765.82
Total T:  868000 | Ep:  868 | Steps: 1000 | Reward:  8754.56
Total T:  869000 | Ep:  869 | Steps: 1000 | Reward:  8606.20
Total T:  870000 | Ep:  870 | Steps: 1000 | Reward:  8756.06
---------------------------------------
Evaluation over 10 episodes: 9420.993
---------------------------------------
Total T:  871000 | Ep:  871 | Steps: 1000 | Reward:  8796.97
Total T:  872000 | Ep:  872 | Steps: 1000 | Reward:  8559.86
Total T:  873000 | Ep:  873 | Steps: 1000 | Reward:  8823.46
Total T:  874000 | Ep:  874 | Steps: 1000 | Reward:  8739.76
Total T:  875000 | Ep:  875 | Steps: 1000 | Reward:  8827.84
Total T:  876000 | Ep:  876 | Steps: 1000 | Reward:  8715.97
Total T:  877000 | Ep:  877 | Steps: 1000 | Reward:  8763.28
Total T:  878000 | Ep:  878 | Steps: 1000 | Reward:  8983.91
Total T:  879000 | Ep:  879 | Steps: 1000 | Reward:  8576.79
Total T:  880000 | Ep:  880 | Steps: 1000 | Reward:  8609.81
---------------------------------------
Evaluation over 10 episodes: 9429.178
---------------------------------------
Total T:  881000 | Ep:  881 | Steps: 1000 | Reward:  8740.89
Total T:  882000 | Ep:  882 | Steps: 1000 | Reward:  8642.86
Total T:  883000 | Ep:  883 | Steps: 1000 | Reward:  8623.19
Total T:  884000 | Ep:  884 | Steps: 1000 | Reward:  8757.10
Total T:  885000 | Ep:  885 | Steps: 1000 | Reward:  8553.36
Total T:  886000 | Ep:  886 | Steps: 1000 | Reward:  8635.53
Total T:  887000 | Ep:  887 | Steps: 1000 | Reward:  8845.10
Total T:  888000 | Ep:  888 | Steps: 1000 | Reward:  8536.73
Total T:  889000 | Ep:  889 | Steps: 1000 | Reward:  8728.87
Total T:  890000 | Ep:  890 | Steps: 1000 | Reward:  8728.52
---------------------------------------
Evaluation over 10 episodes: 9374.016
---------------------------------------
Total T:  891000 | Ep:  891 | Steps: 1000 | Reward:  8528.03
Total T:  892000 | Ep:  892 | Steps: 1000 | Reward:  8761.47
Total T:  893000 | Ep:  893 | Steps: 1000 | Reward:  8714.09
Total T:  894000 | Ep:  894 | Steps: 1000 | Reward:  8342.30
Total T:  895000 | Ep:  895 | Steps: 1000 | Reward:  8442.57
Total T:  896000 | Ep:  896 | Steps: 1000 | Reward:  8434.18
Total T:  897000 | Ep:  897 | Steps: 1000 | Reward:  8689.00
Total T:  898000 | Ep:  898 | Steps: 1000 | Reward:  8582.28
Total T:  899000 | Ep:  899 | Steps: 1000 | Reward:  8792.71
Total T:  900000 | Ep:  900 | Steps: 1000 | Reward:  8759.07
---------------------------------------
Evaluation over 10 episodes: 9428.099
---------------------------------------
Total T:  901000 | Ep:  901 | Steps: 1000 | Reward:  8663.58
Total T:  902000 | Ep:  902 | Steps: 1000 | Reward:  8893.31
Total T:  903000 | Ep:  903 | Steps: 1000 | Reward:  8609.01
Total T:  904000 | Ep:  904 | Steps: 1000 | Reward:  8944.52
Total T:  905000 | Ep:  905 | Steps: 1000 | Reward:  8783.60
Total T:  906000 | Ep:  906 | Steps: 1000 | Reward:  8652.09
Total T:  907000 | Ep:  907 | Steps: 1000 | Reward:  8884.52
Total T:  908000 | Ep:  908 | Steps: 1000 | Reward:  9037.34
Total T:  909000 | Ep:  909 | Steps: 1000 | Reward:  8835.89
Total T:  910000 | Ep:  910 | Steps: 1000 | Reward:  8672.81
---------------------------------------
Evaluation over 10 episodes: 9411.666
---------------------------------------
Total T:  911000 | Ep:  911 | Steps: 1000 | Reward:  8554.44
Total T:  912000 | Ep:  912 | Steps: 1000 | Reward:  8800.15
Total T:  913000 | Ep:  913 | Steps: 1000 | Reward:  8568.81
Total T:  914000 | Ep:  914 | Steps: 1000 | Reward:  8891.32
Total T:  915000 | Ep:  915 | Steps: 1000 | Reward:  8827.93
Total T:  916000 | Ep:  916 | Steps: 1000 | Reward:  8965.20
Total T:  917000 | Ep:  917 | Steps: 1000 | Reward:  8815.40
Total T:  918000 | Ep:  918 | Steps: 1000 | Reward:  8499.88
Total T:  919000 | Ep:  919 | Steps: 1000 | Reward:  8544.35
Total T:  920000 | Ep:  920 | Steps: 1000 | Reward:  8573.69
---------------------------------------
Evaluation over 10 episodes: 9180.751
---------------------------------------
Total T:  921000 | Ep:  921 | Steps: 1000 | Reward:  9011.63
Total T:  922000 | Ep:  922 | Steps: 1000 | Reward:  8774.71
Total T:  923000 | Ep:  923 | Steps: 1000 | Reward:  8536.03
Total T:  924000 | Ep:  924 | Steps: 1000 | Reward:  8765.83
Total T:  925000 | Ep:  925 | Steps: 1000 | Reward:  8756.27
Total T:  926000 | Ep:  926 | Steps: 1000 | Reward:  8787.87
Total T:  927000 | Ep:  927 | Steps: 1000 | Reward:  8767.70
Total T:  928000 | Ep:  928 | Steps: 1000 | Reward:  8298.89
Total T:  929000 | Ep:  929 | Steps: 1000 | Reward:  8649.86
Total T:  930000 | Ep:  930 | Steps: 1000 | Reward:  8881.38
---------------------------------------
Evaluation over 10 episodes: 9322.197
---------------------------------------
Total T:  931000 | Ep:  931 | Steps: 1000 | Reward:  8765.07
Total T:  932000 | Ep:  932 | Steps: 1000 | Reward:  9026.15
Total T:  933000 | Ep:  933 | Steps: 1000 | Reward:  9143.87
Total T:  934000 | Ep:  934 | Steps: 1000 | Reward:  8493.20
Total T:  935000 | Ep:  935 | Steps: 1000 | Reward:  9021.81
Total T:  936000 | Ep:  936 | Steps: 1000 | Reward:  8761.24
Total T:  937000 | Ep:  937 | Steps: 1000 | Reward:  8571.75
Total T:  938000 | Ep:  938 | Steps: 1000 | Reward:  8960.05
Total T:  939000 | Ep:  939 | Steps: 1000 | Reward:  8694.73
Total T:  940000 | Ep:  940 | Steps: 1000 | Reward:  8788.80
---------------------------------------
Evaluation over 10 episodes: 9493.718
---------------------------------------
Total T:  941000 | Ep:  941 | Steps: 1000 | Reward:  8727.42
Total T:  942000 | Ep:  942 | Steps: 1000 | Reward:  8913.98
Total T:  943000 | Ep:  943 | Steps: 1000 | Reward:  8926.50
Total T:  944000 | Ep:  944 | Steps: 1000 | Reward:  8681.35
Total T:  945000 | Ep:  945 | Steps: 1000 | Reward:  8818.83
Total T:  946000 | Ep:  946 | Steps: 1000 | Reward:  8905.55
Total T:  947000 | Ep:  947 | Steps: 1000 | Reward:  8629.75
Total T:  948000 | Ep:  948 | Steps: 1000 | Reward:  9021.47
Total T:  949000 | Ep:  949 | Steps: 1000 | Reward:  8747.73
Total T:  950000 | Ep:  950 | Steps: 1000 | Reward:  8992.65
---------------------------------------
Evaluation over 10 episodes: 9481.778
---------------------------------------
Total T:  951000 | Ep:  951 | Steps: 1000 | Reward:  8870.06
Total T:  952000 | Ep:  952 | Steps: 1000 | Reward:  8265.20
Total T:  953000 | Ep:  953 | Steps: 1000 | Reward:  8683.16
Total T:  954000 | Ep:  954 | Steps: 1000 | Reward:  8818.30
Total T:  955000 | Ep:  955 | Steps: 1000 | Reward:  8953.38
Total T:  956000 | Ep:  956 | Steps: 1000 | Reward:  8675.21
Total T:  957000 | Ep:  957 | Steps: 1000 | Reward:  8574.37
Total T:  958000 | Ep:  958 | Steps: 1000 | Reward:  8647.86
Total T:  959000 | Ep:  959 | Steps: 1000 | Reward:  8658.55
Total T:  960000 | Ep:  960 | Steps: 1000 | Reward:  8728.35
---------------------------------------
Evaluation over 10 episodes: 9418.709
---------------------------------------
Total T:  961000 | Ep:  961 | Steps: 1000 | Reward:  8880.84
Total T:  962000 | Ep:  962 | Steps: 1000 | Reward:  9015.03
Total T:  963000 | Ep:  963 | Steps: 1000 | Reward:  8861.42
Total T:  964000 | Ep:  964 | Steps: 1000 | Reward:  8815.43
Total T:  965000 | Ep:  965 | Steps: 1000 | Reward:  8918.36
Total T:  966000 | Ep:  966 | Steps: 1000 | Reward:  8770.90
Total T:  967000 | Ep:  967 | Steps: 1000 | Reward:  8909.50
Total T:  968000 | Ep:  968 | Steps: 1000 | Reward:  9007.41
Total T:  969000 | Ep:  969 | Steps: 1000 | Reward:  9276.25
Total T:  970000 | Ep:  970 | Steps: 1000 | Reward:  8939.07
---------------------------------------
Evaluation over 10 episodes: 9476.853
---------------------------------------
Total T:  971000 | Ep:  971 | Steps: 1000 | Reward:  8836.82
Total T:  972000 | Ep:  972 | Steps: 1000 | Reward:  9031.70
Total T:  973000 | Ep:  973 | Steps: 1000 | Reward:  9122.46
Total T:  974000 | Ep:  974 | Steps: 1000 | Reward:  9061.79
Total T:  975000 | Ep:  975 | Steps: 1000 | Reward:  8757.98
Total T:  976000 | Ep:  976 | Steps: 1000 | Reward:  9026.88
Total T:  977000 | Ep:  977 | Steps: 1000 | Reward:  8880.40
Total T:  978000 | Ep:  978 | Steps: 1000 | Reward:  9016.80
Total T:  979000 | Ep:  979 | Steps: 1000 | Reward:  9020.27
Total T:  980000 | Ep:  980 | Steps: 1000 | Reward:  8788.85
---------------------------------------
Evaluation over 10 episodes: 9497.446
---------------------------------------
Total T:  981000 | Ep:  981 | Steps: 1000 | Reward:  8953.28
Total T:  982000 | Ep:  982 | Steps: 1000 | Reward:  8718.82
Total T:  983000 | Ep:  983 | Steps: 1000 | Reward:  8998.31
Total T:  984000 | Ep:  984 | Steps: 1000 | Reward:  9046.96
Total T:  985000 | Ep:  985 | Steps: 1000 | Reward:  9137.70
Total T:  986000 | Ep:  986 | Steps: 1000 | Reward:  8870.97
Total T:  987000 | Ep:  987 | Steps: 1000 | Reward:  9093.17
Total T:  988000 | Ep:  988 | Steps: 1000 | Reward:  9217.00
Total T:  989000 | Ep:  989 | Steps: 1000 | Reward:  8807.11
Total T:  990000 | Ep:  990 | Steps: 1000 | Reward:  9234.03
---------------------------------------
Evaluation over 10 episodes: 9553.824
---------------------------------------
Total T:  991000 | Ep:  991 | Steps: 1000 | Reward:  9014.86
Total T:  992000 | Ep:  992 | Steps: 1000 | Reward:  8653.23
Total T:  993000 | Ep:  993 | Steps: 1000 | Reward:  8915.48
Total T:  994000 | Ep:  994 | Steps: 1000 | Reward:  9064.53
Total T:  995000 | Ep:  995 | Steps: 1000 | Reward:  8927.83
Total T:  996000 | Ep:  996 | Steps: 1000 | Reward:  8826.67
Total T:  997000 | Ep:  997 | Steps: 1000 | Reward:  9096.30
Total T:  998000 | Ep:  998 | Steps: 1000 | Reward:  8830.05
Total T:  999000 | Ep:  999 | Steps: 1000 | Reward:  8932.33
Total T: 1000000 | Ep: 1000 | Steps: 1000 | Reward:  9017.14
---------------------------------------
Evaluation over 10 episodes: 9289.629
---------------------------------------

[main] Model saved:
        actor  -> /home/naida/Desktop/CS515-Deep-RL/TD3_algorithm/runs/td3_sweep_halfcheetah-v4_seed0_HalfCheetah-v4_10-05-2026_21-37-46/model_actor
        critic -> /home/naida/Desktop/CS515-Deep-RL/TD3_algorithm/runs/td3_sweep_halfcheetah-v4_seed0_HalfCheetah-v4_10-05-2026_21-37-46/model_critic
[main] Training history -> /home/naida/Desktop/CS515-Deep-RL/TD3_algorithm/runs/td3_sweep_halfcheetah-v4_seed0_HalfCheetah-v4_10-05-2026_21-37-46/episode_rewards.csv
[main] Eval history     -> /home/naida/Desktop/CS515-Deep-RL/TD3_algorithm/runs/td3_sweep_halfcheetah-v4_seed0_HalfCheetah-v4_10-05-2026_21-37-46/eval_rewards.csv
[main] Summary          -> /home/naida/Desktop/CS515-Deep-RL/TD3_algorithm/runs/td3_sweep_halfcheetah-v4_seed0_HalfCheetah-v4_10-05-2026_21-37-46/summary.json
[main] Unified eval -> /home/naida/Desktop/CS515-Deep-RL/results/continuous/td3/halfcheetah-v4/seed_0.npy
[main] Wallclock    -> /home/naida/Desktop/CS515-Deep-RL/results/wallclock/continuous/td3/halfcheetah-v4/seed_0.npy
[plot] Saved plot to /home/naida/Desktop/CS515-Deep-RL/TD3_algorithm/runs/td3_sweep_halfcheetah-v4_seed0_HalfCheetah-v4_10-05-2026_21-37-46/training_curves.png

============================================================
Training complete. To watch the trained agent play:
  python test.py --env_name HalfCheetah-v4 --load_dir "/home/naida/Desktop/CS515-Deep-RL/TD3_algorithm/runs/td3_sweep_halfcheetah-v4_seed0_HalfCheetah-v4_10-05-2026_21-37-46"
============================================================
