C:\Users\mohamedosama\AppData\Local\Python\pythoncore-3.14-64\Lib\site-packages\gymnasium\envs\registration.py:513: DeprecationWarning: [33mWARN: The environment Walker2d-v4 is out of date. You should consider upgrading to version `v5`.[0m
  logger.deprecation(
Traceback (most recent call last):
  File "C:\Users\mohamedosama\AppData\Local\Python\pythoncore-3.14-64\Lib\site-packages\gymnasium\envs\mujoco\mujoco_env.py", line 11, in <module>
    import mujoco
ModuleNotFoundError: No module named 'mujoco'

The above exception was the direct cause of the following exception:

Traceback (most recent call last):
  File "<frozen runpy>", line 198, in _run_module_as_main
  File "<frozen runpy>", line 88, in _run_code
  File "C:\Users\mohamedosama\Downloads\CS515-Deep-RL\trpo\train.py", line 231, in <module>
    main()
    ~~~~^^
  File "C:\Users\mohamedosama\Downloads\CS515-Deep-RL\trpo\train.py", line 227, in main
    run(cfg)
    ~~~^^^^^
  File "C:\Users\mohamedosama\Downloads\CS515-Deep-RL\trpo\train.py", line 73, in run
    env = make_env(cfg.env_name, cfg.seed)
  File "C:\Users\mohamedosama\Downloads\CS515-Deep-RL\trpo\train.py", line 47, in make_env
    env = gym.make(env_name)
  File "C:\Users\mohamedosama\AppData\Local\Python\pythoncore-3.14-64\Lib\site-packages\gymnasium\envs\registration.py", line 697, in make
    env_creator = load_env_creator(env_spec.entry_point)
  File "C:\Users\mohamedosama\AppData\Local\Python\pythoncore-3.14-64\Lib\site-packages\gymnasium\envs\registration.py", line 545, in load_env_creator
    mod = importlib.import_module(mod_name)
  File "C:\Users\mohamedosama\AppData\Local\Python\pythoncore-3.14-64\Lib\importlib\__init__.py", line 88, in import_module
    return _bootstrap._gcd_import(name[level:], package, level)
           ~~~~~~~~~~~~~~~~~~~~~~^^^^^^^^^^^^^^^^^^^^^^^^^^^^^^
  File "<frozen importlib._bootstrap>", line 1398, in _gcd_import
  File "<frozen importlib._bootstrap>", line 1371, in _find_and_load
  File "<frozen importlib._bootstrap>", line 1314, in _find_and_load_unlocked
  File "<frozen importlib._bootstrap>", line 491, in _call_with_frames_removed
  File "<frozen importlib._bootstrap>", line 1398, in _gcd_import
  File "<frozen importlib._bootstrap>", line 1371, in _find_and_load
  File "<frozen importlib._bootstrap>", line 1342, in _find_and_load_unlocked
  File "<frozen importlib._bootstrap>", line 938, in _load_unlocked
  File "<frozen importlib._bootstrap_external>", line 759, in exec_module
  File "<frozen importlib._bootstrap>", line 491, in _call_with_frames_removed
  File "C:\Users\mohamedosama\AppData\Local\Python\pythoncore-3.14-64\Lib\site-packages\gymnasium\envs\mujoco\__init__.py", line 1, in <module>
    from gymnasium.envs.mujoco.mujoco_env import MujocoEnv
  File "C:\Users\mohamedosama\AppData\Local\Python\pythoncore-3.14-64\Lib\site-packages\gymnasium\envs\mujoco\mujoco_env.py", line 13, in <module>
    raise error.DependencyNotInstalled(
        'MuJoCo is not installed, run `pip install "gymnasium[mujoco]"`'
    ) from e
gymnasium.error.DependencyNotInstalled: MuJoCo is not installed, run `pip install "gymnasium[mujoco]"`
