GPU not detected. Defaulting to CPU.
########################
logging outputs to trpo\data\trpo_sweep_Walker2d-v4_2026-05-13_14-08-40
########################
[eval @ step    25000] mean return =    93.19
[update    1 | steps    25000 | sps   1616] ep_return    4.13  kl 0.0098  bt 0  ✓  ev -0.001
[eval @ step    50000] mean return =    81.21
[update    2 | steps    50000 | sps   1669] ep_return    7.45  kl 0.0097  bt 0  ✓  ev 0.330
[eval @ step    75000] mean return =   132.98
[update    3 | steps    75000 | sps   1620] ep_return   16.18  kl 0.0097  bt 0  ✓  ev 0.440
[eval @ step   100000] mean return =   176.99
[update    4 | steps   100000 | sps   1575] ep_return   23.28  kl 0.0098  bt 0  ✓  ev 0.470
[eval @ step   125000] mean return =   259.43
[update    5 | steps   125000 | sps   1566] ep_return   35.57  kl 0.0092  bt 0  ✓  ev 0.576
[eval @ step   150000] mean return =   303.99
[update    6 | steps   150000 | sps   1565] ep_return   53.10  kl 0.0090  bt 0  ✓  ev 0.660
[eval @ step   175000] mean return =   284.07
[update    7 | steps   175000 | sps   1546] ep_return  105.25  kl 0.0085  bt 0  ✓  ev 0.729
[eval @ step   200000] mean return =   289.05
[update    8 | steps   200000 | sps   1537] ep_return  136.41  kl 0.0084  bt 0  ✓  ev 0.807
[eval @ step   225000] mean return =   295.14
[update    9 | steps   225000 | sps   1527] ep_return  158.81  kl 0.0081  bt 0  ✓  ev 0.805
[eval @ step   250000] mean return =   288.73
[update   10 | steps   250000 | sps   1519] ep_return  174.61  kl 0.0081  bt 0  ✓  ev 0.820
[eval @ step   275000] mean return =   282.65
[update   11 | steps   275000 | sps   1518] ep_return  229.29  kl 0.0073  bt 0  ✓  ev 0.844
[eval @ step   300000] mean return =   274.54
[update   12 | steps   300000 | sps   1515] ep_return  225.93  kl 0.0078  bt 0  ✓  ev 0.882
[eval @ step   325000] mean return =   274.42
[update   13 | steps   325000 | sps   1527] ep_return  253.15  kl 0.0078  bt 0  ✓  ev 0.888
[eval @ step   350000] mean return =   276.96
[update   14 | steps   350000 | sps   1527] ep_return  251.44  kl 0.0077  bt 0  ✓  ev 0.913
[eval @ step   375000] mean return =   277.35
[update   15 | steps   375000 | sps   1517] ep_return  260.32  kl 0.0078  bt 0  ✓  ev 0.900
[eval @ step   400000] mean return =   283.89
[update   16 | steps   400000 | sps   1514] ep_return  280.40  kl 0.0075  bt 0  ✓  ev 0.919
[eval @ step   425000] mean return =   283.23
[update   17 | steps   425000 | sps   1509] ep_return  276.70  kl 0.0074  bt 0  ✓  ev 0.926
[eval @ step   450000] mean return =   272.81
[update   18 | steps   450000 | sps   1503] ep_return  293.29  kl 0.0077  bt 0  ✓  ev 0.944
[eval @ step   475000] mean return =   283.62
[update   19 | steps   475000 | sps   1504] ep_return  287.53  kl 0.0077  bt 0  ✓  ev 0.938
[eval @ step   500000] mean return =   281.49
[update   20 | steps   500000 | sps   1503] ep_return  279.47  kl 0.0076  bt 0  ✓  ev 0.960
[eval @ step   525000] mean return =   280.57
[update   21 | steps   525000 | sps   1498] ep_return  289.95  kl 0.0074  bt 0  ✓  ev 0.955
[eval @ step   550000] mean return =   278.50
[update   22 | steps   550000 | sps   1496] ep_return  283.93  kl 0.0073  bt 0  ✓  ev 0.968
[eval @ step   575000] mean return =   282.94
[update   23 | steps   575000 | sps   1492] ep_return  281.41  kl 0.0074  bt 0  ✓  ev 0.969
[eval @ step   600000] mean return =   289.76
[update   24 | steps   600000 | sps   1493] ep_return  287.16  kl 0.0085  bt 0  ✓  ev 0.971
[eval @ step   625000] mean return =   298.17
[update   25 | steps   625000 | sps   1491] ep_return  291.21  kl 0.0081  bt 0  ✓  ev 0.978
[eval @ step   650000] mean return =   321.49
[update   26 | steps   650000 | sps   1492] ep_return  283.75  kl 0.0081  bt 0  ✓  ev 0.978
[eval @ step   675000] mean return =   340.60
[update   27 | steps   675000 | sps   1490] ep_return  300.74  kl 0.0087  bt 0  ✓  ev 0.971
[eval @ step   700000] mean return =   351.40
[update   28 | steps   700000 | sps   1487] ep_return  306.25  kl 0.0084  bt 0  ✓  ev 0.979
[eval @ step   725000] mean return =   370.67
[update   29 | steps   725000 | sps   1487] ep_return  314.44  kl 0.0090  bt 0  ✓  ev 0.973
[eval @ step   750000] mean return =   373.48
[update   30 | steps   750000 | sps   1488] ep_return  303.02  kl 0.0095  bt 0  ✓  ev 0.972
[eval @ step   775000] mean return =   369.67
[update   31 | steps   775000 | sps   1486] ep_return  341.12  kl 0.0093  bt 0  ✓  ev 0.972
[eval @ step   800000] mean return =   363.30
[update   32 | steps   800000 | sps   1486] ep_return  339.74  kl 0.0097  bt 0  ✓  ev 0.969
[eval @ step   825000] mean return =   354.60
[update   33 | steps   825000 | sps   1485] ep_return  364.60  kl 0.0089  bt 0  ✓  ev 0.974
[eval @ step   850000] mean return =   359.31
[update   34 | steps   850000 | sps   1485] ep_return  368.34  kl 0.0089  bt 0  ✓  ev 0.982
[eval @ step   875000] mean return =   359.88
[update   35 | steps   875000 | sps   1486] ep_return  363.11  kl 0.0091  bt 0  ✓  ev 0.984
[eval @ step   900000] mean return =   365.93
[update   36 | steps   900000 | sps   1483] ep_return  369.14  kl 0.0086  bt 0  ✓  ev 0.988
[eval @ step   925000] mean return =   360.63
[update   37 | steps   925000 | sps   1480] ep_return  374.20  kl 0.0086  bt 0  ✓  ev 0.987
[eval @ step   950000] mean return =   367.79
[update   38 | steps   950000 | sps   1476] ep_return  366.62  kl 0.0090  bt 0  ✓  ev 0.990
[eval @ step   975000] mean return =   368.88
[update   39 | steps   975000 | sps   1474] ep_return  367.80  kl 0.0090  bt 0  ✓  ev 0.990
[eval @ step  1000000] mean return =   383.03
[update   40 | steps  1000000 | sps   1476] ep_return  373.24  kl 0.0086  bt 0  ✓  ev 0.988
Saved final model to trpo\data\trpo_sweep_Walker2d-v4_2026-05-13_14-08-40\model_final.pt
Saved 40 eval points -> C:\Users\mohamedosama\Downloads\CS515-Deep-RL\results\continuous\trpo\walker2d-v4\seed_0.npy
Saved wallclock              -> C:\Users\mohamedosama\Downloads\CS515-Deep-RL\results\wallclock\continuous\trpo\walker2d-v4\seed_0.npy
