GPU not detected. Defaulting to CPU.
########################
logging outputs to trpo\data\trpo_sweep_Hopper-v4_2026-05-13_13-03-29
########################
[update    1 | steps     8192 | sps   1945] ep_return   28.73  kl 0.0098  bt 0  ✓  ev -0.004
[eval @ step    16384] mean return =    74.56
[update    2 | steps    16384 | sps   1936] ep_return   43.06  kl 0.0094  bt 0  ✓  ev 0.341
[eval @ step    24576] mean return =    72.79
[update    3 | steps    24576 | sps   1927] ep_return   64.27  kl 0.0097  bt 0  ✓  ev 0.411
[eval @ step    32768] mean return =    84.43
[update    4 | steps    32768 | sps   1927] ep_return   88.31  kl 0.0083  bt 0  ✓  ev 0.443
[eval @ step    40960] mean return =   116.52
[update    5 | steps    40960 | sps   1924] ep_return  108.88  kl 0.0100  bt 0  ✓  ev 0.699
[update    6 | steps    49152 | sps   1918] ep_return  143.65  kl 0.0094  bt 0  ✓  ev 0.615
[eval @ step    57344] mean return =   229.10
[update    7 | steps    57344 | sps   1759] ep_return  172.35  kl 0.0098  bt 0  ✓  ev 0.706
[eval @ step    65536] mean return =   222.57
[update    8 | steps    65536 | sps   1658] ep_return  198.86  kl 0.0091  bt 0  ✓  ev 0.801
[eval @ step    73728] mean return =   223.21
[update    9 | steps    73728 | sps   1591] ep_return  219.92  kl 0.0095  bt 0  ✓  ev 0.913
[eval @ step    81920] mean return =   216.82
[update   10 | steps    81920 | sps   1537] ep_return  226.28  kl 0.0088  bt 0  ✓  ev 0.966
[eval @ step    90112] mean return =   224.59
[update   11 | steps    90112 | sps   1496] ep_return  230.09  kl 0.0089  bt 0  ✓  ev 0.990
[update   12 | steps    98304 | sps   1476] ep_return  240.34  kl 0.0091  bt 0  ✓  ev 0.980
[eval @ step   106496] mean return =   276.66
[update   13 | steps   106496 | sps   1446] ep_return  249.99  kl 0.0087  bt 0  ✓  ev 0.948
[eval @ step   114688] mean return =   282.11
[update   14 | steps   114688 | sps   1425] ep_return  271.03  kl 0.0024  bt 1  ✓  ev 0.960
[eval @ step   122880] mean return =   289.48
[update   15 | steps   122880 | sps   1408] ep_return  282.44  kl 0.0023  bt 1  ✓  ev 0.980
[eval @ step   131072] mean return =   297.13
[update   16 | steps   131072 | sps   1392] ep_return  282.56  kl 0.0096  bt 0  ✓  ev 0.965
[update   17 | steps   139264 | sps   1385] ep_return  291.66  kl 0.0093  bt 0  ✓  ev 0.979
[eval @ step   147456] mean return =   306.91
[update   18 | steps   147456 | sps   1372] ep_return  302.21  kl 0.0100  bt 0  ✓  ev 0.982
[eval @ step   155648] mean return =   311.13
[update   19 | steps   155648 | sps   1361] ep_return  304.67  kl 0.0025  bt 1  ✓  ev 0.990
[eval @ step   163840] mean return =   317.70
[update   20 | steps   163840 | sps   1352] ep_return  311.06  kl 0.0025  bt 1  ✓  ev 0.994
[eval @ step   172032] mean return =   321.32
[update   21 | steps   172032 | sps   1343] ep_return  315.77  kl 0.0025  bt 1  ✓  ev 0.989
[eval @ step   180224] mean return =   329.79
[update   22 | steps   180224 | sps   1336] ep_return  320.85  kl 0.0025  bt 1  ✓  ev 0.995
[update   23 | steps   188416 | sps   1333] ep_return  323.55  kl 0.0025  bt 1  ✓  ev 0.981
[eval @ step   196608] mean return =   370.37
[update   24 | steps   196608 | sps   1327] ep_return  333.04  kl 0.0100  bt 0  ✓  ev 0.992
[eval @ step   204800] mean return =   398.64
[update   25 | steps   204800 | sps   1321] ep_return  346.65  kl 0.0094  bt 0  ✓  ev 0.990
[eval @ step   212992] mean return =   454.75
[update   26 | steps   212992 | sps   1316] ep_return  360.77  kl 0.0100  bt 0  ✓  ev 0.986
[eval @ step   221184] mean return =   502.19
[update   27 | steps   221184 | sps   1310] ep_return  387.81  kl 0.0024  bt 1  ✓  ev 0.979
[update   28 | steps   229376 | sps   1309] ep_return  406.59  kl 0.0025  bt 1  ✓  ev 0.978
[eval @ step   237568] mean return =   489.80
[update   29 | steps   237568 | sps   1306] ep_return  412.61  kl 0.0078  bt 0  ✓  ev 0.940
[eval @ step   245760] mean return =   739.40
[update   30 | steps   245760 | sps   1303] ep_return  433.78  kl 0.0094  bt 0  ✓  ev 0.950
[eval @ step   253952] mean return =   958.90
[update   31 | steps   253952 | sps   1300] ep_return  481.69  kl 0.0097  bt 0  ✓  ev 0.905
[eval @ step   262144] mean return =  1017.91
[update   32 | steps   262144 | sps   1297] ep_return  531.19  kl 0.0088  bt 0  ✓  ev 0.926
[eval @ step   270336] mean return =   890.19
[update   33 | steps   270336 | sps   1295] ep_return  594.68  kl 0.0097  bt 0  ✓  ev 0.949
[update   34 | steps   278528 | sps   1299] ep_return  667.82  kl 0.0024  bt 1  ✓  ev 0.943
[eval @ step   286720] mean return =   875.82
[update   35 | steps   286720 | sps   1298] ep_return  727.77  kl 0.0096  bt 0  ✓  ev 0.930
[eval @ step   294912] mean return =   882.61
[update   36 | steps   294912 | sps   1296] ep_return  796.43  kl 0.0026  bt 1  ✓  ev 0.957
[eval @ step   303104] mean return =   884.72
[update   37 | steps   303104 | sps   1292] ep_return  853.98  kl 0.0087  bt 0  ✓  ev 0.978
[eval @ step   311296] mean return =   915.00
[update   38 | steps   311296 | sps   1289] ep_return  919.59  kl 0.0093  bt 0  ✓  ev 0.982
[update   39 | steps   319488 | sps   1292] ep_return  979.15  kl 0.0084  bt 0  ✓  ev 0.977
[eval @ step   327680] mean return =  1266.08
[update   40 | steps   327680 | sps   1288] ep_return 1021.79  kl 0.0093  bt 0  ✓  ev 0.938
[eval @ step   335872] mean return =  2181.71
[update   41 | steps   335872 | sps   1282] ep_return 1027.02  kl 0.0093  bt 0  ✓  ev 0.927
[eval @ step   344064] mean return =  2167.64
[update   42 | steps   344064 | sps   1272] ep_return 1074.42  kl 0.0025  bt 1  ✓  ev 0.908
[eval @ step   352256] mean return =   921.86
[update   43 | steps   352256 | sps   1270] ep_return 1098.24  kl 0.0095  bt 0  ✓  ev 0.961
[eval @ step   360448] mean return =  2123.91
[update   44 | steps   360448 | sps   1264] ep_return 1113.68  kl 0.0091  bt 0  ✓  ev 0.976
[update   45 | steps   368640 | sps   1267] ep_return 1157.17  kl 0.0094  bt 0  ✓  ev 0.986
[eval @ step   376832] mean return =  2206.45
[update   46 | steps   376832 | sps   1258] ep_return 1206.17  kl 0.0025  bt 1  ✓  ev 0.984
[eval @ step   385024] mean return =  2447.95
[update   47 | steps   385024 | sps   1250] ep_return 1241.81  kl 0.0096  bt 0  ✓  ev 0.983
[eval @ step   393216] mean return =  2609.33
[update   48 | steps   393216 | sps   1241] ep_return 1303.42  kl 0.0024  bt 1  ✓  ev 0.980
[eval @ step   401408] mean return =  2315.27
[update   49 | steps   401408 | sps   1237] ep_return 1373.92  kl 0.0024  bt 1  ✓  ev 0.982
[update   50 | steps   409600 | sps   1239] ep_return 1442.02  kl 0.0097  bt 0  ✓  ev 0.986
[eval @ step   417792] mean return =  2201.69
[update   51 | steps   417792 | sps   1235] ep_return 1469.46  kl 0.0083  bt 0  ✓  ev 0.946
[eval @ step   425984] mean return =  2077.85
[update   52 | steps   425984 | sps   1230] ep_return 1536.06  kl 0.0093  bt 0  ✓  ev 0.991
[eval @ step   434176] mean return =  2373.69
[update   53 | steps   434176 | sps   1224] ep_return 1555.14  kl 0.0099  bt 0  ✓  ev 0.986
[eval @ step   442368] mean return =  2448.50
[update   54 | steps   442368 | sps   1220] ep_return 1573.14  kl 0.0025  bt 1  ✓  ev 0.990
[eval @ step   450560] mean return =  2699.29
[update   55 | steps   450560 | sps   1214] ep_return 1454.04  kl 0.0027  bt 1  ✓  ev 0.990
[update   56 | steps   458752 | sps   1216] ep_return 1425.65  kl 0.0094  bt 0  ✓  ev 0.993
[eval @ step   466944] mean return =  1918.16
[update   57 | steps   466944 | sps   1213] ep_return 1470.07  kl 0.0087  bt 0  ✓  ev 0.990
[eval @ step   475136] mean return =  1717.58
[update   58 | steps   475136 | sps   1212] ep_return 1460.64  kl 0.0025  bt 1  ✓  ev 0.995
[eval @ step   483328] mean return =  2186.58
[update   59 | steps   483328 | sps   1208] ep_return 1463.64  kl 0.0095  bt 0  ✓  ev 0.960
[eval @ step   491520] mean return =  2519.21
[update   60 | steps   491520 | sps   1204] ep_return 1443.08  kl 0.0025  bt 1  ✓  ev 0.991
[update   61 | steps   499712 | sps   1207] ep_return 1477.54  kl 0.0087  bt 0  ✓  ev 0.955
[eval @ step   507904] mean return =  2172.59
[update   62 | steps   507904 | sps   1205] ep_return 1514.44  kl 0.0094  bt 0  ✓  ev 0.988
[eval @ step   516096] mean return =  2585.37
[update   63 | steps   516096 | sps   1203] ep_return 1478.98  kl 0.0096  bt 0  ✓  ev 0.985
[eval @ step   524288] mean return =  2426.23
[update   64 | steps   524288 | sps   1198] ep_return 1445.46  kl 0.0097  bt 0  ✓  ev 0.978
[eval @ step   532480] mean return =  2338.81
[update   65 | steps   532480 | sps   1196] ep_return 1467.39  kl 0.0026  bt 1  ✓  ev 0.992
[eval @ step   540672] mean return =  2769.76
[update   66 | steps   540672 | sps   1191] ep_return 1561.57  kl 0.0025  bt 1  ✓  ev 0.990
[update   67 | steps   548864 | sps   1194] ep_return 1621.70  kl 0.0025  bt 1  ✓  ev 0.992
[eval @ step   557056] mean return =  2573.88
[update   68 | steps   557056 | sps   1191] ep_return 1649.32  kl 0.0025  bt 1  ✓  ev 0.994
[eval @ step   565248] mean return =  2925.90
[update   69 | steps   565248 | sps   1187] ep_return 1628.62  kl 0.0098  bt 0  ✓  ev 0.993
[eval @ step   573440] mean return =  2947.23
[update   70 | steps   573440 | sps   1181] ep_return 1644.29  kl 0.0025  bt 1  ✓  ev 0.994
[eval @ step   581632] mean return =  2915.97
[update   71 | steps   581632 | sps   1178] ep_return 1694.09  kl 0.0093  bt 0  ✓  ev 0.996
[update   72 | steps   589824 | sps   1181] ep_return 1616.10  kl 0.0025  bt 1  ✓  ev 0.995
[eval @ step   598016] mean return =  2933.77
[update   73 | steps   598016 | sps   1177] ep_return 1525.77  kl 0.0024  bt 1  ✓  ev 0.986
[eval @ step   606208] mean return =  2913.34
[update   74 | steps   606208 | sps   1173] ep_return 1457.84  kl 0.0098  bt 0  ✓  ev 0.995
[eval @ step   614400] mean return =  2882.25
[update   75 | steps   614400 | sps   1170] ep_return 1439.42  kl 0.0024  bt 1  ✓  ev 0.996
[eval @ step   622592] mean return =  2930.54
[update   76 | steps   622592 | sps   1166] ep_return 1435.11  kl 0.0098  bt 0  ✓  ev 0.996
[eval @ step   630784] mean return =  2949.97
[update   77 | steps   630784 | sps   1163] ep_return 1437.94  kl 0.0025  bt 1  ✓  ev 0.997
[update   78 | steps   638976 | sps   1166] ep_return 1471.75  kl 0.0025  bt 1  ✓  ev 0.997
[eval @ step   647168] mean return =  2887.15
[update   79 | steps   647168 | sps   1163] ep_return 1456.78  kl 0.0095  bt 0  ✓  ev 0.945
[eval @ step   655360] mean return =  2896.68
[update   80 | steps   655360 | sps   1159] ep_return 1496.37  kl 0.0025  bt 1  ✓  ev 0.989
[eval @ step   663552] mean return =  2906.74
[update   81 | steps   663552 | sps   1157] ep_return 1571.68  kl 0.0026  bt 1  ✓  ev 0.995
[eval @ step   671744] mean return =  2904.71
[update   82 | steps   671744 | sps   1154] ep_return 1564.05  kl 0.0026  bt 1  ✓  ev 0.995
[update   83 | steps   679936 | sps   1157] ep_return 1577.06  kl 0.0100  bt 0  ✓  ev 0.996
[eval @ step   688128] mean return =  2938.18
[update   84 | steps   688128 | sps   1154] ep_return 1623.28  kl 0.0025  bt 1  ✓  ev 0.994
[eval @ step   696320] mean return =  2974.14
[update   85 | steps   696320 | sps   1152] ep_return 1700.93  kl 0.0097  bt 0  ✓  ev 0.997
[eval @ step   704512] mean return =  2957.96
[update   86 | steps   704512 | sps   1150] ep_return 1680.62  kl 0.0027  bt 1  ✓  ev 0.994
[eval @ step   712704] mean return =  2945.56
[update   87 | steps   712704 | sps   1146] ep_return 1622.36  kl 0.0025  bt 1  ✓  ev 0.993
[eval @ step   720896] mean return =  2926.15
[update   88 | steps   720896 | sps   1144] ep_return 1589.73  kl 0.0026  bt 1  ✓  ev 0.993
[update   89 | steps   729088 | sps   1146] ep_return 1522.48  kl 0.0024  bt 1  ✓  ev 0.997
[eval @ step   737280] mean return =  2941.46
[update   90 | steps   737280 | sps   1143] ep_return 1484.98  kl 0.0025  bt 1  ✓  ev 0.997
[eval @ step   745472] mean return =  2938.71
[update   91 | steps   745472 | sps   1141] ep_return 1488.81  kl 0.0098  bt 0  ✓  ev 0.996
[eval @ step   753664] mean return =  2941.05
[update   92 | steps   753664 | sps   1138] ep_return 1532.93  kl 0.0025  bt 1  ✓  ev 0.996
[eval @ step   761856] mean return =  2939.74
[update   93 | steps   761856 | sps   1137] ep_return 1553.51  kl 0.0025  bt 1  ✓  ev 0.997
[eval @ step   770048] mean return =  2949.90
[update   94 | steps   770048 | sps   1134] ep_return 1573.77  kl 0.0100  bt 0  ✓  ev 0.995
[update   95 | steps   778240 | sps   1137] ep_return 1633.78  kl 0.0025  bt 1  ✓  ev 0.994
[eval @ step   786432] mean return =  2962.70
[update   96 | steps   786432 | sps   1135] ep_return 1708.10  kl 0.0025  bt 1  ✓  ev 0.994
[eval @ step   794624] mean return =  2941.68
[update   97 | steps   794624 | sps   1134] ep_return 1675.40  kl 0.0100  bt 0  ✓  ev 0.997
[eval @ step   802816] mean return =  2947.11
[update   98 | steps   802816 | sps   1132] ep_return 1747.80  kl 0.0025  bt 1  ✓  ev 0.989
[eval @ step   811008] mean return =  2970.24
[update   99 | steps   811008 | sps   1130] ep_return 1756.57  kl 0.0025  bt 1  ✓  ev 0.994
[update  100 | steps   819200 | sps   1132] ep_return 1814.41  kl 0.0097  bt 0  ✓  ev 0.984
[eval @ step   827392] mean return =  2967.18
[update  101 | steps   827392 | sps   1131] ep_return 1862.88  kl 0.0025  bt 1  ✓  ev 0.993
[eval @ step   835584] mean return =  2939.10
[update  102 | steps   835584 | sps   1129] ep_return 1912.78  kl 0.0096  bt 0  ✓  ev 0.930
[eval @ step   843776] mean return =  2938.10
[update  103 | steps   843776 | sps   1128] ep_return 1944.97  kl 0.0025  bt 1  ✓  ev 0.993
[eval @ step   851968] mean return =  2979.03
[update  104 | steps   851968 | sps   1125] ep_return 1994.63  kl 0.0026  bt 1  ✓  ev 0.992
[eval @ step   860160] mean return =  2960.58
[update  105 | steps   860160 | sps   1124] ep_return 2096.99  kl 0.0099  bt 0  ✓  ev 0.987
[update  106 | steps   868352 | sps   1126] ep_return 2158.94  kl 0.0098  bt 0  ✓  ev 0.991
[eval @ step   876544] mean return =  3082.33
[update  107 | steps   876544 | sps   1125] ep_return 2229.78  kl 0.0025  bt 1  ✓  ev 0.993
[eval @ step   884736] mean return =  3062.58
[update  108 | steps   884736 | sps   1123] ep_return 2253.51  kl 0.0026  bt 1  ✓  ev 0.937
[eval @ step   892928] mean return =  3101.27
[update  109 | steps   892928 | sps   1121] ep_return 2295.27  kl 0.0025  bt 1  ✓  ev 0.983
[eval @ step   901120] mean return =  3092.46
[update  110 | steps   901120 | sps   1119] ep_return 2396.81  kl 0.0027  bt 1  ✓  ev 0.981
[update  111 | steps   909312 | sps   1121] ep_return 2399.04  kl 0.0025  bt 1  ✓  ev 0.985
[eval @ step   917504] mean return =  3073.62
[update  112 | steps   917504 | sps   1120] ep_return 2410.85  kl 0.0026  bt 1  ✓  ev 0.986
[eval @ step   925696] mean return =  3073.67
[update  113 | steps   925696 | sps   1118] ep_return 2447.44  kl 0.0025  bt 1  ✓  ev 0.990
[eval @ step   933888] mean return =  3045.64
[update  114 | steps   933888 | sps   1117] ep_return 2478.57  kl 0.0095  bt 0  ✓  ev 0.988
[eval @ step   942080] mean return =  3066.38
[update  115 | steps   942080 | sps   1115] ep_return 2500.89  kl 0.0025  bt 1  ✓  ev 0.991
[eval @ step   950272] mean return =  3046.31
[update  116 | steps   950272 | sps   1114] ep_return 2420.29  kl 0.0026  bt 1  ✓  ev 0.989
[update  117 | steps   958464 | sps   1116] ep_return 2447.88  kl 0.0025  bt 1  ✓  ev 0.991
[eval @ step   966656] mean return =  3098.49
[update  118 | steps   966656 | sps   1115] ep_return 2501.70  kl 0.0025  bt 1  ✓  ev 0.981
[eval @ step   974848] mean return =  3159.74
[update  119 | steps   974848 | sps   1113] ep_return 2527.48  kl 0.0097  bt 0  ✓  ev 0.988
[eval @ step   983040] mean return =  3098.67
[update  120 | steps   983040 | sps   1112] ep_return 2413.61  kl 0.0098  bt 0  ✓  ev 0.849
[eval @ step   991232] mean return =  3099.74
[update  121 | steps   991232 | sps   1110] ep_return 2480.12  kl 0.0094  bt 0  ✓  ev 0.969
[update  122 | steps   999424 | sps   1112] ep_return 2514.45  kl 0.0099  bt 0  ✓  ev 0.990
Saved final model to trpo\data\trpo_sweep_Hopper-v4_2026-05-13_13-03-29\model_final.pt
Saved 99 eval points -> C:\Users\mohamedosama\Downloads\CS515-Deep-RL\results\continuous\trpo\hopper-v4\seed_2.npy
Saved wallclock              -> C:\Users\mohamedosama\Downloads\CS515-Deep-RL\results\wallclock\continuous\trpo\hopper-v4\seed_2.npy
