GPU not detected. Defaulting to CPU.
########################
logging outputs to trpo\data\trpo_sweep_Walker2d-v4_2026-05-13_13-26-09
########################
[update    1 | steps     8192 | sps   1454] ep_return   -1.22  kl 0.0097  bt 0  ✓  ev 0.040
[eval @ step    16384] mean return =    22.54
[update    2 | steps    16384 | sps   1453] ep_return   -0.61  kl 0.0025  bt 1  ✓  ev 0.318
[eval @ step    24576] mean return =   278.26
[update    3 | steps    24576 | sps   1381] ep_return    1.22  kl 0.0025  bt 1  ✓  ev 0.344
[eval @ step    32768] mean return =   291.14
[update    4 | steps    32768 | sps   1369] ep_return    2.08  kl 0.0025  bt 1  ✓  ev 0.327
[eval @ step    40960] mean return =   297.29
[update    5 | steps    40960 | sps   1350] ep_return    3.04  kl 0.0025  bt 1  ✓  ev 0.324
[update    6 | steps    49152 | sps   1363] ep_return    3.21  kl 0.0025  bt 1  ✓  ev 0.365
[eval @ step    57344] mean return =   300.43
[update    7 | steps    57344 | sps   1332] ep_return    5.62  kl 0.0025  bt 1  ✓  ev 0.367
[eval @ step    65536] mean return =   301.73
[update    8 | steps    65536 | sps   1323] ep_return    8.31  kl 0.0026  bt 1  ✓  ev 0.365
[eval @ step    73728] mean return =   301.86
[update    9 | steps    73728 | sps   1322] ep_return   13.30  kl 0.0097  bt 0  ✓  ev 0.386
[eval @ step    81920] mean return =   298.20
[update   10 | steps    81920 | sps   1314] ep_return   17.21  kl 0.0097  bt 0  ✓  ev 0.362
[eval @ step    90112] mean return =   291.69
[update   11 | steps    90112 | sps   1306] ep_return   34.99  kl 0.0093  bt 0  ✓  ev 0.350
[update   12 | steps    98304 | sps   1313] ep_return   53.82  kl 0.0089  bt 0  ✓  ev 0.470
[eval @ step   106496] mean return =   283.73
[update   13 | steps   106496 | sps   1305] ep_return   94.03  kl 0.0083  bt 0  ✓  ev 0.460
[eval @ step   114688] mean return =   289.22
[update   14 | steps   114688 | sps   1302] ep_return  146.18  kl 0.0085  bt 0  ✓  ev 0.651
[eval @ step   122880] mean return =   292.28
[update   15 | steps   122880 | sps   1304] ep_return  159.09  kl 0.0084  bt 0  ✓  ev 0.719
[eval @ step   131072] mean return =   296.51
[update   16 | steps   131072 | sps   1303] ep_return  176.76  kl 0.0076  bt 0  ✓  ev 0.847
[update   17 | steps   139264 | sps   1317] ep_return  211.54  kl 0.0073  bt 0  ✓  ev 0.904
[eval @ step   147456] mean return =   282.20
[update   18 | steps   147456 | sps   1310] ep_return  241.13  kl 0.0078  bt 0  ✓  ev 0.890
[eval @ step   155648] mean return =   277.40
[update   19 | steps   155648 | sps   1311] ep_return  265.28  kl 0.0079  bt 0  ✓  ev 0.870
[eval @ step   163840] mean return =   277.11
[update   20 | steps   163840 | sps   1313] ep_return  270.51  kl 0.0075  bt 0  ✓  ev 0.931
[eval @ step   172032] mean return =   274.39
[update   21 | steps   172032 | sps   1314] ep_return  267.09  kl 0.0072  bt 0  ✓  ev 0.935
[eval @ step   180224] mean return =   271.04
[update   22 | steps   180224 | sps   1314] ep_return  275.82  kl 0.0076  bt 0  ✓  ev 0.937
[update   23 | steps   188416 | sps   1320] ep_return  280.88  kl 0.0078  bt 0  ✓  ev 0.934
[eval @ step   196608] mean return =   277.52
[update   24 | steps   196608 | sps   1322] ep_return  277.29  kl 0.0073  bt 0  ✓  ev 0.968
[eval @ step   204800] mean return =   284.52
[update   25 | steps   204800 | sps   1319] ep_return  281.92  kl 0.0076  bt 0  ✓  ev 0.949
[eval @ step   212992] mean return =   278.10
[update   26 | steps   212992 | sps   1315] ep_return  278.73  kl 0.0083  bt 0  ✓  ev 0.959
[eval @ step   221184] mean return =   279.86
[update   27 | steps   221184 | sps   1312] ep_return  278.22  kl 0.0081  bt 0  ✓  ev 0.965
[update   28 | steps   229376 | sps   1315] ep_return  273.84  kl 0.0077  bt 0  ✓  ev 0.963
[eval @ step   237568] mean return =   282.89
[update   29 | steps   237568 | sps   1315] ep_return  276.04  kl 0.0073  bt 0  ✓  ev 0.956
[eval @ step   245760] mean return =   290.79
[update   30 | steps   245760 | sps   1314] ep_return  289.58  kl 0.0079  bt 0  ✓  ev 0.978
[eval @ step   253952] mean return =   291.84
[update   31 | steps   253952 | sps   1314] ep_return  288.04  kl 0.0079  bt 0  ✓  ev 0.957
[eval @ step   262144] mean return =   300.12
[update   32 | steps   262144 | sps   1315] ep_return  291.01  kl 0.0081  bt 0  ✓  ev 0.971
[eval @ step   270336] mean return =   315.20
[update   33 | steps   270336 | sps   1315] ep_return  296.10  kl 0.0077  bt 0  ✓  ev 0.985
[update   34 | steps   278528 | sps   1315] ep_return  302.34  kl 0.0081  bt 0  ✓  ev 0.983
[eval @ step   286720] mean return =   345.91
[update   35 | steps   286720 | sps   1312] ep_return  294.67  kl 0.0088  bt 0  ✓  ev 0.988
[eval @ step   294912] mean return =   356.28
[update   36 | steps   294912 | sps   1312] ep_return  296.01  kl 0.0090  bt 0  ✓  ev 0.980
[eval @ step   303104] mean return =   357.42
[update   37 | steps   303104 | sps   1313] ep_return  301.88  kl 0.0090  bt 0  ✓  ev 0.970
[eval @ step   311296] mean return =   364.21
[update   38 | steps   311296 | sps   1314] ep_return  306.03  kl 0.0086  bt 0  ✓  ev 0.974
[update   39 | steps   319488 | sps   1320] ep_return  318.92  kl 0.0083  bt 0  ✓  ev 0.974
[eval @ step   327680] mean return =   375.89
[update   40 | steps   327680 | sps   1319] ep_return  329.46  kl 0.0092  bt 0  ✓  ev 0.975
[eval @ step   335872] mean return =   381.48
[update   41 | steps   335872 | sps   1323] ep_return  331.89  kl 0.0085  bt 0  ✓  ev 0.963
[eval @ step   344064] mean return =   386.79
[update   42 | steps   344064 | sps   1323] ep_return  335.14  kl 0.0087  bt 0  ✓  ev 0.978
[eval @ step   352256] mean return =   392.38
[update   43 | steps   352256 | sps   1325] ep_return  343.93  kl 0.0096  bt 0  ✓  ev 0.976
[eval @ step   360448] mean return =   392.94
[update   44 | steps   360448 | sps   1325] ep_return  361.78  kl 0.0089  bt 0  ✓  ev 0.979
[update   45 | steps   368640 | sps   1329] ep_return  363.00  kl 0.0090  bt 0  ✓  ev 0.982
[eval @ step   376832] mean return =   384.65
[update   46 | steps   376832 | sps   1328] ep_return  368.68  kl 0.0088  bt 0  ✓  ev 0.973
[eval @ step   385024] mean return =   384.20
[update   47 | steps   385024 | sps   1329] ep_return  381.84  kl 0.0090  bt 0  ✓  ev 0.985
[eval @ step   393216] mean return =   386.61
[update   48 | steps   393216 | sps   1329] ep_return  382.95  kl 0.0087  bt 0  ✓  ev 0.990
[eval @ step   401408] mean return =   389.38
[update   49 | steps   401408 | sps   1332] ep_return  386.61  kl 0.0093  bt 0  ✓  ev 0.989
[update   50 | steps   409600 | sps   1334] ep_return  386.56  kl 0.0092  bt 0  ✓  ev 0.988
[eval @ step   417792] mean return =   406.06
[update   51 | steps   417792 | sps   1335] ep_return  383.87  kl 0.0091  bt 0  ✓  ev 0.988
[eval @ step   425984] mean return =   407.92
[update   52 | steps   425984 | sps   1335] ep_return  385.64  kl 0.0092  bt 0  ✓  ev 0.989
[eval @ step   434176] mean return =   412.53
[update   53 | steps   434176 | sps   1336] ep_return  386.06  kl 0.0086  bt 0  ✓  ev 0.992
[eval @ step   442368] mean return =   418.23
[update   54 | steps   442368 | sps   1335] ep_return  392.65  kl 0.0088  bt 0  ✓  ev 0.981
[eval @ step   450560] mean return =   419.65
[update   55 | steps   450560 | sps   1337] ep_return  392.24  kl 0.0093  bt 0  ✓  ev 0.987
[update   56 | steps   458752 | sps   1342] ep_return  400.51  kl 0.0087  bt 0  ✓  ev 0.990
[eval @ step   466944] mean return =   427.88
[update   57 | steps   466944 | sps   1343] ep_return  405.96  kl 0.0089  bt 0  ✓  ev 0.992
[eval @ step   475136] mean return =   434.21
[update   58 | steps   475136 | sps   1345] ep_return  404.25  kl 0.0095  bt 0  ✓  ev 0.993
[eval @ step   483328] mean return =   440.16
[update   59 | steps   483328 | sps   1346] ep_return  402.53  kl 0.0098  bt 0  ✓  ev 0.993
[eval @ step   491520] mean return =   439.18
[update   60 | steps   491520 | sps   1346] ep_return  406.08  kl 0.0096  bt 0  ✓  ev 0.993
[update   61 | steps   499712 | sps   1346] ep_return  406.52  kl 0.0093  bt 0  ✓  ev 0.993
[eval @ step   507904] mean return =   443.04
[update   62 | steps   507904 | sps   1345] ep_return  407.69  kl 0.0094  bt 0  ✓  ev 0.993
[eval @ step   516096] mean return =   453.19
[update   63 | steps   516096 | sps   1345] ep_return  409.14  kl 0.0097  bt 0  ✓  ev 0.993
[eval @ step   524288] mean return =   454.72
[update   64 | steps   524288 | sps   1344] ep_return  413.67  kl 0.0097  bt 0  ✓  ev 0.989
[eval @ step   532480] mean return =   457.12
[update   65 | steps   532480 | sps   1345] ep_return  415.54  kl 0.0092  bt 0  ✓  ev 0.991
[eval @ step   540672] mean return =   462.80
[update   66 | steps   540672 | sps   1343] ep_return  422.33  kl 0.0098  bt 0  ✓  ev 0.992
[update   67 | steps   548864 | sps   1346] ep_return  425.54  kl 0.0093  bt 0  ✓  ev 0.987
[eval @ step   557056] mean return =   487.25
[update   68 | steps   557056 | sps   1346] ep_return  425.34  kl 0.0091  bt 0  ✓  ev 0.985
[eval @ step   565248] mean return =   499.35
[update   69 | steps   565248 | sps   1347] ep_return  427.04  kl 0.0097  bt 0  ✓  ev 0.992
[eval @ step   573440] mean return =   521.37
[update   70 | steps   573440 | sps   1348] ep_return  430.10  kl 0.0098  bt 0  ✓  ev 0.993
[eval @ step   581632] mean return =   549.07
[update   71 | steps   581632 | sps   1348] ep_return  443.95  kl 0.0094  bt 0  ✓  ev 0.990
[update   72 | steps   589824 | sps   1351] ep_return  454.37  kl 0.0025  bt 1  ✓  ev 0.989
[eval @ step   598016] mean return =   556.74
[update   73 | steps   598016 | sps   1352] ep_return  462.64  kl 0.0025  bt 1  ✓  ev 0.988
[eval @ step   606208] mean return =   554.38
[update   74 | steps   606208 | sps   1351] ep_return  464.87  kl 0.0025  bt 1  ✓  ev 0.988
[eval @ step   614400] mean return =   557.50
[update   75 | steps   614400 | sps   1351] ep_return  466.07  kl 0.0026  bt 1  ✓  ev 0.989
[eval @ step   622592] mean return =   560.63
[update   76 | steps   622592 | sps   1351] ep_return  476.44  kl 0.0025  bt 1  ✓  ev 0.987
[eval @ step   630784] mean return =   566.10
[update   77 | steps   630784 | sps   1350] ep_return  484.72  kl 0.0026  bt 1  ✓  ev 0.987
[update   78 | steps   638976 | sps   1352] ep_return  493.34  kl 0.0100  bt 0  ✓  ev 0.986
[eval @ step   647168] mean return =   576.13
[update   79 | steps   647168 | sps   1351] ep_return  500.30  kl 0.0099  bt 0  ✓  ev 0.987
[eval @ step   655360] mean return =   574.73
[update   80 | steps   655360 | sps   1351] ep_return  521.21  kl 0.0096  bt 0  ✓  ev 0.981
[eval @ step   663552] mean return =   579.72
[update   81 | steps   663552 | sps   1353] ep_return  530.73  kl 0.0026  bt 1  ✓  ev 0.987
[eval @ step   671744] mean return =   584.10
[update   82 | steps   671744 | sps   1352] ep_return  538.97  kl 0.0093  bt 0  ✓  ev 0.982
[update   83 | steps   679936 | sps   1355] ep_return  542.88  kl 0.0025  bt 1  ✓  ev 0.986
[eval @ step   688128] mean return =   606.37
[update   84 | steps   688128 | sps   1356] ep_return  550.63  kl 0.0025  bt 1  ✓  ev 0.977
[eval @ step   696320] mean return =   611.44
[update   85 | steps   696320 | sps   1356] ep_return  559.60  kl 0.0025  bt 1  ✓  ev 0.984
[eval @ step   704512] mean return =   634.88
[update   86 | steps   704512 | sps   1354] ep_return  559.12  kl 0.0025  bt 1  ✓  ev 0.984
[eval @ step   712704] mean return =  1077.33
[update   87 | steps   712704 | sps   1350] ep_return  569.01  kl 0.0100  bt 0  ✓  ev 0.973
[eval @ step   720896] mean return =  1305.68
[update   88 | steps   720896 | sps   1345] ep_return  591.39  kl 0.0098  bt 0  ✓  ev 0.955
[update   89 | steps   729088 | sps   1347] ep_return  610.44  kl 0.0096  bt 0  ✓  ev 0.962
[eval @ step   737280] mean return =  1235.29
[update   90 | steps   737280 | sps   1346] ep_return  616.42  kl 0.0092  bt 0  ✓  ev 0.974
[eval @ step   745472] mean return =   989.41
[update   91 | steps   745472 | sps   1344] ep_return  641.97  kl 0.0098  bt 0  ✓  ev 0.949
[eval @ step   753664] mean return =   885.94
[update   92 | steps   753664 | sps   1343] ep_return  666.42  kl 0.0098  bt 0  ✓  ev 0.950
[eval @ step   761856] mean return =   922.13
[update   93 | steps   761856 | sps   1341] ep_return  699.10  kl 0.0025  bt 1  ✓  ev 0.952
[eval @ step   770048] mean return =  1117.93
[update   94 | steps   770048 | sps   1339] ep_return  720.32  kl 0.0096  bt 0  ✓  ev 0.959
[update   95 | steps   778240 | sps   1340] ep_return  710.45  kl 0.0099  bt 0  ✓  ev 0.957
[eval @ step   786432] mean return =  1295.36
[update   96 | steps   786432 | sps   1338] ep_return  721.76  kl 0.0099  bt 0  ✓  ev 0.956
[eval @ step   794624] mean return =  1277.97
[update   97 | steps   794624 | sps   1334] ep_return  707.45  kl 0.0095  bt 0  ✓  ev 0.942
[eval @ step   802816] mean return =  1331.88
[update   98 | steps   802816 | sps   1329] ep_return  717.66  kl 0.0025  bt 1  ✓  ev 0.940
[eval @ step   811008] mean return =  1362.28
[update   99 | steps   811008 | sps   1326] ep_return  735.04  kl 0.0025  bt 1  ✓  ev 0.949
[update  100 | steps   819200 | sps   1329] ep_return  735.66  kl 0.0098  bt 0  ✓  ev 0.945
[eval @ step   827392] mean return =  1384.90
[update  101 | steps   827392 | sps   1326] ep_return  775.30  kl 0.0099  bt 0  ✓  ev 0.936
[eval @ step   835584] mean return =  1141.44
[update  102 | steps   835584 | sps   1324] ep_return  794.71  kl 0.0096  bt 0  ✓  ev 0.950
[eval @ step   843776] mean return =  1228.99
[update  103 | steps   843776 | sps   1322] ep_return  806.79  kl 0.0026  bt 1  ✓  ev 0.944
[eval @ step   851968] mean return =  1138.71
[update  104 | steps   851968 | sps   1320] ep_return  826.55  kl 0.0025  bt 1  ✓  ev 0.955
[eval @ step   860160] mean return =  1143.99
[update  105 | steps   860160 | sps   1319] ep_return  796.47  kl 0.0025  bt 1  ✓  ev 0.951
[update  106 | steps   868352 | sps   1320] ep_return  815.64  kl 0.0098  bt 0  ✓  ev 0.947
[eval @ step   876544] mean return =  1195.40
[update  107 | steps   876544 | sps   1319] ep_return  822.64  kl 0.0025  bt 1  ✓  ev 0.906
[eval @ step   884736] mean return =  1356.52
[update  108 | steps   884736 | sps   1318] ep_return  856.95  kl 0.0100  bt 0  ✓  ev 0.910
[eval @ step   892928] mean return =  1048.05
[update  109 | steps   892928 | sps   1317] ep_return  855.97  kl 0.0027  bt 1  ✓  ev 0.930
[eval @ step   901120] mean return =  1275.64
[update  110 | steps   901120 | sps   1316] ep_return  879.60  kl 0.0026  bt 1  ✓  ev 0.936
[update  111 | steps   909312 | sps   1318] ep_return  909.86  kl 0.0025  bt 1  ✓  ev 0.937
[eval @ step   917504] mean return =   963.87
[update  112 | steps   917504 | sps   1318] ep_return  908.02  kl 0.0025  bt 1  ✓  ev 0.936
[eval @ step   925696] mean return =   734.46
[update  113 | steps   925696 | sps   1317] ep_return  953.24  kl 0.0027  bt 1  ✓  ev 0.919
[eval @ step   933888] mean return =  1106.75
[update  114 | steps   933888 | sps   1309] ep_return  965.81  kl 0.0025  bt 1  ✓  ev 0.937
[eval @ step   942080] mean return =  1026.16
[update  115 | steps   942080 | sps   1307] ep_return  921.32  kl 0.0025  bt 1  ✓  ev 0.934
[eval @ step   950272] mean return =  1106.81
[update  116 | steps   950272 | sps   1305] ep_return  915.90  kl 0.0025  bt 1  ✓  ev 0.944
[update  117 | steps   958464 | sps   1307] ep_return  907.53  kl 0.0025  bt 1  ✓  ev 0.947
[eval @ step   966656] mean return =  1097.54
[update  118 | steps   966656 | sps   1305] ep_return  890.13  kl 0.0025  bt 1  ✓  ev 0.966
[eval @ step   974848] mean return =  1009.04
[update  119 | steps   974848 | sps   1303] ep_return  921.10  kl 0.0027  bt 1  ✓  ev 0.961
[eval @ step   983040] mean return =   861.00
[update  120 | steps   983040 | sps   1302] ep_return  959.98  kl 0.0025  bt 1  ✓  ev 0.939
[eval @ step   991232] mean return =   873.60
[update  121 | steps   991232 | sps   1301] ep_return  958.13  kl 0.0026  bt 1  ✓  ev 0.954
[update  122 | steps   999424 | sps   1303] ep_return  963.27  kl 0.0026  bt 1  ✓  ev 0.953
Saved final model to trpo\data\trpo_sweep_Walker2d-v4_2026-05-13_13-26-09\model_final.pt
Saved 99 eval points -> C:\Users\mohamedosama\Downloads\CS515-Deep-RL\results\continuous\trpo\walker2d-v4\seed_1.npy
Saved wallclock              -> C:\Users\mohamedosama\Downloads\CS515-Deep-RL\results\wallclock\continuous\trpo\walker2d-v4\seed_1.npy
