GPU not detected. Defaulting to CPU.
########################
logging outputs to trpo\data\trpo_sweep_Walker2d-v4_2026-05-13_13-26-34
########################
[update    1 | steps     8192 | sps   1391] ep_return    3.32  kl 0.0095  bt 0  ✓  ev -0.027
[eval @ step    16384] mean return =    30.84
[update    2 | steps    16384 | sps   1376] ep_return    4.89  kl 0.0025  bt 1  ✓  ev 0.267
[eval @ step    24576] mean return =    59.73
[update    3 | steps    24576 | sps   1361] ep_return    7.35  kl 0.0100  bt 0  ✓  ev 0.308
[eval @ step    32768] mean return =   211.00
[update    4 | steps    32768 | sps   1367] ep_return    9.58  kl 0.0096  bt 0  ✓  ev 0.326
[eval @ step    40960] mean return =   304.52
[update    5 | steps    40960 | sps   1370] ep_return   19.48  kl 0.0091  bt 0  ✓  ev 0.355
[update    6 | steps    49152 | sps   1357] ep_return   38.62  kl 0.0092  bt 0  ✓  ev 0.397
[eval @ step    57344] mean return =   338.01
[update    7 | steps    57344 | sps   1336] ep_return   44.63  kl 0.0084  bt 0  ✓  ev 0.527
[eval @ step    65536] mean return =   306.32
[update    8 | steps    65536 | sps   1331] ep_return   63.35  kl 0.0086  bt 0  ✓  ev 0.595
[eval @ step    73728] mean return =   296.64
[update    9 | steps    73728 | sps   1327] ep_return   87.37  kl 0.0078  bt 0  ✓  ev 0.672
[eval @ step    81920] mean return =   299.82
[update   10 | steps    81920 | sps   1318] ep_return  122.90  kl 0.0082  bt 0  ✓  ev 0.750
[eval @ step    90112] mean return =   296.20
[update   11 | steps    90112 | sps   1309] ep_return  142.52  kl 0.0086  bt 0  ✓  ev 0.805
[update   12 | steps    98304 | sps   1323] ep_return  179.41  kl 0.0083  bt 0  ✓  ev 0.816
[eval @ step   106496] mean return =   296.02
[update   13 | steps   106496 | sps   1319] ep_return  202.73  kl 0.0079  bt 0  ✓  ev 0.853
[eval @ step   114688] mean return =   311.54
[update   14 | steps   114688 | sps   1316] ep_return  230.20  kl 0.0082  bt 0  ✓  ev 0.885
[eval @ step   122880] mean return =   309.17
[update   15 | steps   122880 | sps   1317] ep_return  223.71  kl 0.0086  bt 0  ✓  ev 0.882
[eval @ step   131072] mean return =   314.02
[update   16 | steps   131072 | sps   1315] ep_return  251.98  kl 0.0075  bt 0  ✓  ev 0.894
[update   17 | steps   139264 | sps   1320] ep_return  260.47  kl 0.0080  bt 0  ✓  ev 0.888
[eval @ step   147456] mean return =   310.14
[update   18 | steps   147456 | sps   1322] ep_return  269.36  kl 0.0081  bt 0  ✓  ev 0.928
[eval @ step   155648] mean return =   309.91
[update   19 | steps   155648 | sps   1325] ep_return  276.39  kl 0.0078  bt 0  ✓  ev 0.907
[eval @ step   163840] mean return =   310.19
[update   20 | steps   163840 | sps   1321] ep_return  286.01  kl 0.0077  bt 0  ✓  ev 0.946
[eval @ step   172032] mean return =   307.61
[update   21 | steps   172032 | sps   1316] ep_return  286.32  kl 0.0078  bt 0  ✓  ev 0.946
[eval @ step   180224] mean return =   310.90
[update   22 | steps   180224 | sps   1313] ep_return  280.02  kl 0.0078  bt 0  ✓  ev 0.914
[update   23 | steps   188416 | sps   1316] ep_return  286.58  kl 0.0080  bt 0  ✓  ev 0.948
[eval @ step   196608] mean return =   311.45
[update   24 | steps   196608 | sps   1314] ep_return  287.37  kl 0.0081  bt 0  ✓  ev 0.962
[eval @ step   204800] mean return =   316.07
[update   25 | steps   204800 | sps   1311] ep_return  286.43  kl 0.0080  bt 0  ✓  ev 0.954
[eval @ step   212992] mean return =   318.71
[update   26 | steps   212992 | sps   1311] ep_return  302.04  kl 0.0079  bt 0  ✓  ev 0.958
[eval @ step   221184] mean return =   323.05
[update   27 | steps   221184 | sps   1310] ep_return  297.64  kl 0.0084  bt 0  ✓  ev 0.964
[update   28 | steps   229376 | sps   1313] ep_return  291.74  kl 0.0081  bt 0  ✓  ev 0.949
[eval @ step   237568] mean return =   354.89
[update   29 | steps   237568 | sps   1314] ep_return  304.54  kl 0.0083  bt 0  ✓  ev 0.972
[eval @ step   245760] mean return =   366.32
[update   30 | steps   245760 | sps   1313] ep_return  309.91  kl 0.0087  bt 0  ✓  ev 0.964
[eval @ step   253952] mean return =   378.95
[update   31 | steps   253952 | sps   1312] ep_return  307.29  kl 0.0078  bt 0  ✓  ev 0.965
[eval @ step   262144] mean return =   380.39
[update   32 | steps   262144 | sps   1310] ep_return  306.23  kl 0.0086  bt 0  ✓  ev 0.964
[eval @ step   270336] mean return =   381.09
[update   33 | steps   270336 | sps   1309] ep_return  315.92  kl 0.0086  bt 0  ✓  ev 0.965
[update   34 | steps   278528 | sps   1312] ep_return  331.44  kl 0.0087  bt 0  ✓  ev 0.950
[eval @ step   286720] mean return =   379.16
[update   35 | steps   286720 | sps   1315] ep_return  339.99  kl 0.0086  bt 0  ✓  ev 0.959
[eval @ step   294912] mean return =   380.77
[update   36 | steps   294912 | sps   1316] ep_return  346.78  kl 0.0086  bt 0  ✓  ev 0.959
[eval @ step   303104] mean return =   381.09
[update   37 | steps   303104 | sps   1316] ep_return  354.47  kl 0.0085  bt 0  ✓  ev 0.965
[eval @ step   311296] mean return =   381.69
[update   38 | steps   311296 | sps   1319] ep_return  355.15  kl 0.0092  bt 0  ✓  ev 0.973
[update   39 | steps   319488 | sps   1322] ep_return  361.97  kl 0.0090  bt 0  ✓  ev 0.966
[eval @ step   327680] mean return =   387.80
[update   40 | steps   327680 | sps   1321] ep_return  369.82  kl 0.0089  bt 0  ✓  ev 0.973
[eval @ step   335872] mean return =   393.96
[update   41 | steps   335872 | sps   1319] ep_return  386.54  kl 0.0087  bt 0  ✓  ev 0.975
[eval @ step   344064] mean return =   397.34
[update   42 | steps   344064 | sps   1316] ep_return  385.95  kl 0.0083  bt 0  ✓  ev 0.977
[eval @ step   352256] mean return =   398.43
[update   43 | steps   352256 | sps   1317] ep_return  388.53  kl 0.0089  bt 0  ✓  ev 0.987
[eval @ step   360448] mean return =   400.27
[update   44 | steps   360448 | sps   1317] ep_return  386.26  kl 0.0081  bt 0  ✓  ev 0.985
[update   45 | steps   368640 | sps   1324] ep_return  388.61  kl 0.0080  bt 0  ✓  ev 0.977
[eval @ step   376832] mean return =   398.83
[update   46 | steps   376832 | sps   1323] ep_return  389.32  kl 0.0089  bt 0  ✓  ev 0.983
[eval @ step   385024] mean return =   395.58
[update   47 | steps   385024 | sps   1322] ep_return  396.17  kl 0.0087  bt 0  ✓  ev 0.979
[eval @ step   393216] mean return =   393.80
[update   48 | steps   393216 | sps   1323] ep_return  399.34  kl 0.0083  bt 0  ✓  ev 0.982
[eval @ step   401408] mean return =   401.16
[update   49 | steps   401408 | sps   1326] ep_return  398.20  kl 0.0078  bt 0  ✓  ev 0.966
[update   50 | steps   409600 | sps   1329] ep_return  397.91  kl 0.0081  bt 0  ✓  ev 0.981
[eval @ step   417792] mean return =   407.09
[update   51 | steps   417792 | sps   1328] ep_return  397.65  kl 0.0081  bt 0  ✓  ev 0.981
[eval @ step   425984] mean return =   414.65
[update   52 | steps   425984 | sps   1330] ep_return  401.25  kl 0.0086  bt 0  ✓  ev 0.984
[eval @ step   434176] mean return =   416.23
[update   53 | steps   434176 | sps   1330] ep_return  400.41  kl 0.0090  bt 0  ✓  ev 0.978
[eval @ step   442368] mean return =   416.47
[update   54 | steps   442368 | sps   1332] ep_return  404.43  kl 0.0084  bt 0  ✓  ev 0.983
[eval @ step   450560] mean return =   419.42
[update   55 | steps   450560 | sps   1332] ep_return  405.50  kl 0.0084  bt 0  ✓  ev 0.969
[update   56 | steps   458752 | sps   1336] ep_return  403.45  kl 0.0088  bt 0  ✓  ev 0.963
[eval @ step   466944] mean return =   411.23
[update   57 | steps   466944 | sps   1337] ep_return  403.96  kl 0.0091  bt 0  ✓  ev 0.971
[eval @ step   475136] mean return =   424.65
[update   58 | steps   475136 | sps   1336] ep_return  408.49  kl 0.0092  bt 0  ✓  ev 0.970
[eval @ step   483328] mean return =   429.03
[update   59 | steps   483328 | sps   1336] ep_return  412.83  kl 0.0092  bt 0  ✓  ev 0.974
[eval @ step   491520] mean return =   436.47
[update   60 | steps   491520 | sps   1337] ep_return  415.10  kl 0.0082  bt 0  ✓  ev 0.971
[update   61 | steps   499712 | sps   1341] ep_return  424.35  kl 0.0096  bt 0  ✓  ev 0.970
[eval @ step   507904] mean return =   441.61
[update   62 | steps   507904 | sps   1340] ep_return  437.14  kl 0.0090  bt 0  ✓  ev 0.949
[eval @ step   516096] mean return =   471.50
[update   63 | steps   516096 | sps   1339] ep_return  447.01  kl 0.0098  bt 0  ✓  ev 0.958
[eval @ step   524288] mean return =   531.55
[update   64 | steps   524288 | sps   1339] ep_return  458.27  kl 0.0093  bt 0  ✓  ev 0.946
[eval @ step   532480] mean return =   545.10
[update   65 | steps   532480 | sps   1340] ep_return  471.56  kl 0.0087  bt 0  ✓  ev 0.943
[eval @ step   540672] mean return =   587.45
[update   66 | steps   540672 | sps   1340] ep_return  504.55  kl 0.0087  bt 0  ✓  ev 0.943
[update   67 | steps   548864 | sps   1342] ep_return  529.44  kl 0.0025  bt 1  ✓  ev 0.944
[eval @ step   557056] mean return =  1747.11
[update   68 | steps   557056 | sps   1336] ep_return  549.15  kl 0.0090  bt 0  ✓  ev 0.946
[eval @ step   565248] mean return =  1741.83
[update   69 | steps   565248 | sps   1329] ep_return  563.48  kl 0.0093  bt 0  ✓  ev 0.932
[eval @ step   573440] mean return =  1715.48
[update   70 | steps   573440 | sps   1324] ep_return  588.86  kl 0.0089  bt 0  ✓  ev 0.922
[eval @ step   581632] mean return =  1768.19
[update   71 | steps   581632 | sps   1318] ep_return  619.82  kl 0.0092  bt 0  ✓  ev 0.930
[update   72 | steps   589824 | sps   1320] ep_return  656.16  kl 0.0095  bt 0  ✓  ev 0.902
[eval @ step   598016] mean return =  1650.19
[update   73 | steps   598016 | sps   1312] ep_return  704.23  kl 0.0096  bt 0  ✓  ev 0.891
[eval @ step   606208] mean return =  1633.26
[update   74 | steps   606208 | sps   1309] ep_return  750.92  kl 0.0096  bt 0  ✓  ev 0.928
[eval @ step   614400] mean return =  1577.53
[update   75 | steps   614400 | sps   1304] ep_return  769.20  kl 0.0089  bt 0  ✓  ev 0.929
[eval @ step   622592] mean return =  1618.96
[update   76 | steps   622592 | sps   1301] ep_return  817.65  kl 0.0092  bt 0  ✓  ev 0.906
[eval @ step   630784] mean return =  1610.54
[update   77 | steps   630784 | sps   1297] ep_return  834.73  kl 0.0095  bt 0  ✓  ev 0.893
[update   78 | steps   638976 | sps   1301] ep_return  860.33  kl 0.0096  bt 0  ✓  ev 0.899
[eval @ step   647168] mean return =  1565.56
[update   79 | steps   647168 | sps   1297] ep_return  877.33  kl 0.0025  bt 1  ✓  ev 0.912
[eval @ step   655360] mean return =  1655.90
[update   80 | steps   655360 | sps   1292] ep_return  940.80  kl 0.0098  bt 0  ✓  ev 0.940
[eval @ step   663552] mean return =  1621.30
[update   81 | steps   663552 | sps   1288] ep_return 1025.82  kl 0.0094  bt 0  ✓  ev 0.942
[eval @ step   671744] mean return =  1588.03
[update   82 | steps   671744 | sps   1286] ep_return 1033.22  kl 0.0095  bt 0  ✓  ev 0.934
[update   83 | steps   679936 | sps   1288] ep_return 1070.62  kl 0.0094  bt 0  ✓  ev 0.915
[eval @ step   688128] mean return =  1532.87
[update   84 | steps   688128 | sps   1283] ep_return 1125.70  kl 0.0098  bt 0  ✓  ev 0.929
[eval @ step   696320] mean return =  1455.34
[update   85 | steps   696320 | sps   1280] ep_return 1101.06  kl 0.0093  bt 0  ✓  ev 0.937
[eval @ step   704512] mean return =  1488.22
[update   86 | steps   704512 | sps   1277] ep_return 1063.22  kl 0.0093  bt 0  ✓  ev 0.936
[eval @ step   712704] mean return =  1502.31
[update   87 | steps   712704 | sps   1273] ep_return  994.21  kl 0.0096  bt 0  ✓  ev 0.914
[eval @ step   720896] mean return =  1505.20
[update   88 | steps   720896 | sps   1271] ep_return  951.06  kl 0.0091  bt 0  ✓  ev 0.948
[update   89 | steps   729088 | sps   1274] ep_return  976.99  kl 0.0093  bt 0  ✓  ev 0.915
[eval @ step   737280] mean return =  1596.56
[update   90 | steps   737280 | sps   1271] ep_return 1005.41  kl 0.0025  bt 1  ✓  ev 0.920
[eval @ step   745472] mean return =  1660.66
[update   91 | steps   745472 | sps   1268] ep_return 1065.84  kl 0.0098  bt 0  ✓  ev 0.925
[eval @ step   753664] mean return =  1718.60
[update   92 | steps   753664 | sps   1264] ep_return 1134.95  kl 0.0098  bt 0  ✓  ev 0.937
[eval @ step   761856] mean return =  1709.34
[update   93 | steps   761856 | sps   1260] ep_return 1134.37  kl 0.0092  bt 0  ✓  ev 0.955
[eval @ step   770048] mean return =  1776.40
[update   94 | steps   770048 | sps   1258] ep_return 1179.07  kl 0.0093  bt 0  ✓  ev 0.950
[update   95 | steps   778240 | sps   1260] ep_return 1125.23  kl 0.0095  bt 0  ✓  ev 0.940
[eval @ step   786432] mean return =  1848.55
[update   96 | steps   786432 | sps   1257] ep_return 1113.01  kl 0.0095  bt 0  ✓  ev 0.941
[eval @ step   794624] mean return =  2048.91
[update   97 | steps   794624 | sps   1255] ep_return 1092.21  kl 0.0095  bt 0  ✓  ev 0.921
[eval @ step   802816] mean return =  2036.20
[update   98 | steps   802816 | sps   1254] ep_return 1089.62  kl 0.0025  bt 1  ✓  ev 0.916
[eval @ step   811008] mean return =  2067.37
[update   99 | steps   811008 | sps   1251] ep_return 1150.01  kl 0.0094  bt 0  ✓  ev 0.945
[update  100 | steps   819200 | sps   1254] ep_return 1115.95  kl 0.0093  bt 0  ✓  ev 0.954
[eval @ step   827392] mean return =  2110.85
[update  101 | steps   827392 | sps   1253] ep_return 1103.65  kl 0.0097  bt 0  ✓  ev 0.931
[eval @ step   835584] mean return =  2058.30
[update  102 | steps   835584 | sps   1251] ep_return 1084.25  kl 0.0027  bt 1  ✓  ev 0.966
[eval @ step   843776] mean return =  2095.97
[update  103 | steps   843776 | sps   1249] ep_return 1084.98  kl 0.0097  bt 0  ✓  ev 0.941
[eval @ step   851968] mean return =  2073.71
[update  104 | steps   851968 | sps   1244] ep_return 1113.52  kl 0.0026  bt 1  ✓  ev 0.952
[eval @ step   860160] mean return =  2077.06
[update  105 | steps   860160 | sps   1242] ep_return 1121.15  kl 0.0099  bt 0  ✓  ev 0.948
[update  106 | steps   868352 | sps   1244] ep_return 1206.20  kl 0.0025  bt 1  ✓  ev 0.945
[eval @ step   876544] mean return =  2087.69
[update  107 | steps   876544 | sps   1243] ep_return 1263.21  kl 0.0097  bt 0  ✓  ev 0.945
[eval @ step   884736] mean return =  2106.18
[update  108 | steps   884736 | sps   1241] ep_return 1335.79  kl 0.0099  bt 0  ✓  ev 0.960
[eval @ step   892928] mean return =  2064.77
[update  109 | steps   892928 | sps   1239] ep_return 1375.74  kl 0.0026  bt 1  ✓  ev 0.948
[eval @ step   901120] mean return =  2026.98
[update  110 | steps   901120 | sps   1236] ep_return 1329.63  kl 0.0025  bt 1  ✓  ev 0.943
[update  111 | steps   909312 | sps   1239] ep_return 1306.83  kl 0.0098  bt 0  ✓  ev 0.938
[eval @ step   917504] mean return =  2111.56
[update  112 | steps   917504 | sps   1237] ep_return 1217.25  kl 0.0098  bt 0  ✓  ev 0.952
[eval @ step   925696] mean return =  2020.65
[update  113 | steps   925696 | sps   1238] ep_return 1204.85  kl 0.0095  bt 0  ✓  ev 0.958
[eval @ step   933888] mean return =  2002.45
[update  114 | steps   933888 | sps   1240] ep_return 1202.08  kl 0.0100  bt 0  ✓  ev 0.960
[eval @ step   942080] mean return =  2030.71
[update  115 | steps   942080 | sps   1241] ep_return 1217.59  kl 0.0097  bt 0  ✓  ev 0.965
[eval @ step   950272] mean return =  2085.65
[update  116 | steps   950272 | sps   1243] ep_return 1256.69  kl 0.0097  bt 0  ✓  ev 0.968
[update  117 | steps   958464 | sps   1247] ep_return 1336.23  kl 0.0099  bt 0  ✓  ev 0.954
[eval @ step   966656] mean return =  2094.27
[update  118 | steps   966656 | sps   1249] ep_return 1448.82  kl 0.0099  bt 0  ✓  ev 0.965
[eval @ step   974848] mean return =  2115.57
[update  119 | steps   974848 | sps   1250] ep_return 1428.83  kl 0.0026  bt 1  ✓  ev 0.964
[eval @ step   983040] mean return =  2113.94
[update  120 | steps   983040 | sps   1252] ep_return 1417.22  kl 0.0094  bt 0  ✓  ev 0.976
[eval @ step   991232] mean return =  2101.25
[update  121 | steps   991232 | sps   1253] ep_return 1384.81  kl 0.0095  bt 0  ✓  ev 0.967
[update  122 | steps   999424 | sps   1257] ep_return 1364.25  kl 0.0099  bt 0  ✓  ev 0.959
Saved final model to trpo\data\trpo_sweep_Walker2d-v4_2026-05-13_13-26-34\model_final.pt
Saved 99 eval points -> C:\Users\mohamedosama\Downloads\CS515-Deep-RL\results\continuous\trpo\walker2d-v4\seed_3.npy
Saved wallclock              -> C:\Users\mohamedosama\Downloads\CS515-Deep-RL\results\wallclock\continuous\trpo\walker2d-v4\seed_3.npy
