GPU not detected. Defaulting to CPU.
########################
logging outputs to trpo\data\trpo_sweep_HalfCheetah-v4_2026-05-13_13-13-10
########################
[update    1 | steps     8192 | sps   1570] ep_return -275.20  kl 0.0074  bt 0  ✓  ev -0.002
[eval @ step    16384] mean return =   153.00
[update    2 | steps    16384 | sps   1349] ep_return -268.75  kl 0.0075  bt 0  ✓  ev 0.266
[eval @ step    24576] mean return =   126.05
[update    3 | steps    24576 | sps   1271] ep_return -250.84  kl 0.0074  bt 0  ✓  ev 0.333
[eval @ step    32768] mean return =    -2.46
[update    4 | steps    32768 | sps   1249] ep_return -242.74  kl 0.0071  bt 0  ✓  ev 0.352
[eval @ step    40960] mean return =   -45.70
[update    5 | steps    40960 | sps   1238] ep_return -241.08  kl 0.0075  bt 0  ✓  ev 0.414
[update    6 | steps    49152 | sps   1283] ep_return -235.62  kl 0.0074  bt 0  ✓  ev 0.470
[eval @ step    57344] mean return =   -39.02
[update    7 | steps    57344 | sps   1265] ep_return -227.42  kl 0.0077  bt 0  ✓  ev 0.407
[eval @ step    65536] mean return =   -24.57
[update    8 | steps    65536 | sps   1247] ep_return -217.62  kl 0.0077  bt 0  ✓  ev 0.590
[eval @ step    73728] mean return =   -33.09
[update    9 | steps    73728 | sps   1235] ep_return -209.84  kl 0.0075  bt 0  ✓  ev 0.528
[eval @ step    81920] mean return =   -36.56
[update   10 | steps    81920 | sps   1235] ep_return -208.20  kl 0.0077  bt 0  ✓  ev 0.489
[eval @ step    90112] mean return =   -24.19
[update   11 | steps    90112 | sps   1237] ep_return -202.25  kl 0.0081  bt 0  ✓  ev 0.598
[update   12 | steps    98304 | sps   1260] ep_return -200.19  kl 0.0077  bt 0  ✓  ev 0.676
[eval @ step   106496] mean return =   -18.44
[update   13 | steps   106496 | sps   1248] ep_return -193.70  kl 0.0078  bt 0  ✓  ev 0.674
[eval @ step   114688] mean return =   -12.78
[update   14 | steps   114688 | sps   1241] ep_return -184.82  kl 0.0075  bt 0  ✓  ev 0.658
[eval @ step   122880] mean return =    17.77
[update   15 | steps   122880 | sps   1233] ep_return -174.55  kl 0.0077  bt 0  ✓  ev 0.730
[eval @ step   131072] mean return =    -1.06
[update   16 | steps   131072 | sps   1231] ep_return -168.43  kl 0.0074  bt 0  ✓  ev 0.644
[update   17 | steps   139264 | sps   1245] ep_return -159.52  kl 0.0080  bt 0  ✓  ev 0.606
[eval @ step   147456] mean return =    -5.98
[update   18 | steps   147456 | sps   1243] ep_return -149.87  kl 0.0080  bt 0  ✓  ev 0.659
[eval @ step   155648] mean return =   -15.15
[update   19 | steps   155648 | sps   1238] ep_return -138.99  kl 0.0080  bt 0  ✓  ev 0.679
[eval @ step   163840] mean return =    -4.16
[update   20 | steps   163840 | sps   1236] ep_return -137.09  kl 0.0078  bt 0  ✓  ev 0.681
[eval @ step   172032] mean return =    -2.77
[update   21 | steps   172032 | sps   1233] ep_return -125.59  kl 0.0084  bt 0  ✓  ev 0.439
[eval @ step   180224] mean return =    -7.34
[update   22 | steps   180224 | sps   1235] ep_return -117.55  kl 0.0080  bt 0  ✓  ev 0.793
[update   23 | steps   188416 | sps   1247] ep_return -111.69  kl 0.0082  bt 0  ✓  ev 0.710
[eval @ step   196608] mean return =     1.76
[update   24 | steps   196608 | sps   1242] ep_return -101.49  kl 0.0086  bt 0  ✓  ev 0.764
[eval @ step   204800] mean return =    32.03
[update   25 | steps   204800 | sps   1238] ep_return  -91.57  kl 0.0082  bt 0  ✓  ev 0.742
[eval @ step   212992] mean return =    26.30
[update   26 | steps   212992 | sps   1236] ep_return  -80.03  kl 0.0087  bt 0  ✓  ev 0.771
[eval @ step   221184] mean return =    19.40
[update   27 | steps   221184 | sps   1232] ep_return  -68.30  kl 0.0081  bt 0  ✓  ev 0.729
[update   28 | steps   229376 | sps   1243] ep_return  -53.31  kl 0.0085  bt 0  ✓  ev 0.658
[eval @ step   237568] mean return =    43.92
[update   29 | steps   237568 | sps   1241] ep_return  -39.03  kl 0.0084  bt 0  ✓  ev 0.708
[eval @ step   245760] mean return =    21.86
[update   30 | steps   245760 | sps   1239] ep_return  -27.01  kl 0.0084  bt 0  ✓  ev 0.812
[eval @ step   253952] mean return =    25.84
[update   31 | steps   253952 | sps   1236] ep_return  -17.84  kl 0.0086  bt 0  ✓  ev 0.409
[eval @ step   262144] mean return =    39.80
[update   32 | steps   262144 | sps   1236] ep_return   -3.25  kl 0.0089  bt 0  ✓  ev 0.427
[eval @ step   270336] mean return =    24.81
[update   33 | steps   270336 | sps   1235] ep_return    3.87  kl 0.0089  bt 0  ✓  ev 0.572
[update   34 | steps   278528 | sps   1245] ep_return   15.15  kl 0.0089  bt 0  ✓  ev 0.614
[eval @ step   286720] mean return =    51.18
[update   35 | steps   286720 | sps   1241] ep_return   27.21  kl 0.0089  bt 0  ✓  ev 0.768
[eval @ step   294912] mean return =    29.25
[update   36 | steps   294912 | sps   1238] ep_return   39.93  kl 0.0090  bt 0  ✓  ev 0.742
[eval @ step   303104] mean return =    24.26
[update   37 | steps   303104 | sps   1238] ep_return   50.60  kl 0.0094  bt 0  ✓  ev 0.288
[eval @ step   311296] mean return =    32.37
[update   38 | steps   311296 | sps   1235] ep_return   64.96  kl 0.0087  bt 0  ✓  ev 0.325
[update   39 | steps   319488 | sps   1243] ep_return   73.97  kl 0.0093  bt 0  ✓  ev 0.759
[eval @ step   327680] mean return =    10.96
[update   40 | steps   327680 | sps   1242] ep_return   84.64  kl 0.0094  bt 0  ✓  ev 0.799
[eval @ step   335872] mean return =    16.80
[update   41 | steps   335872 | sps   1242] ep_return   93.66  kl 0.0090  bt 0  ✓  ev 0.547
[eval @ step   344064] mean return =    -5.77
[update   42 | steps   344064 | sps   1239] ep_return  105.40  kl 0.0096  bt 0  ✓  ev 0.350
[eval @ step   352256] mean return =     4.72
[update   43 | steps   352256 | sps   1238] ep_return  115.42  kl 0.0090  bt 0  ✓  ev 0.767
[eval @ step   360448] mean return =    10.92
[update   44 | steps   360448 | sps   1237] ep_return  125.05  kl 0.0094  bt 0  ✓  ev 0.628
[update   45 | steps   368640 | sps   1245] ep_return  133.40  kl 0.0090  bt 0  ✓  ev 0.864
[eval @ step   376832] mean return =   -11.83
[update   46 | steps   376832 | sps   1242] ep_return  146.67  kl 0.0091  bt 0  ✓  ev 0.804
[eval @ step   385024] mean return =   -22.52
[update   47 | steps   385024 | sps   1241] ep_return  162.04  kl 0.0091  bt 0  ✓  ev 0.316
[eval @ step   393216] mean return =   -33.79
[update   48 | steps   393216 | sps   1240] ep_return  175.52  kl 0.0092  bt 0  ✓  ev 0.374
[eval @ step   401408] mean return =   -43.93
[update   49 | steps   401408 | sps   1237] ep_return  188.14  kl 0.0093  bt 0  ✓  ev 0.373
[update   50 | steps   409600 | sps   1244] ep_return  188.56  kl 0.0095  bt 0  ✓  ev 0.824
[eval @ step   417792] mean return =   -34.05
[update   51 | steps   417792 | sps   1244] ep_return  197.29  kl 0.0090  bt 0  ✓  ev 0.773
[eval @ step   425984] mean return =   -42.89
[update   52 | steps   425984 | sps   1242] ep_return  199.51  kl 0.0092  bt 0  ✓  ev 0.875
[eval @ step   434176] mean return =   -51.28
[update   53 | steps   434176 | sps   1242] ep_return  207.42  kl 0.0096  bt 0  ✓  ev 0.307
[eval @ step   442368] mean return =   -60.66
[update   54 | steps   442368 | sps   1241] ep_return  213.58  kl 0.0093  bt 0  ✓  ev 0.866
[eval @ step   450560] mean return =   -59.25
[update   55 | steps   450560 | sps   1241] ep_return  218.56  kl 0.0100  bt 0  ✓  ev 0.902
[update   56 | steps   458752 | sps   1247] ep_return  223.71  kl 0.0097  bt 0  ✓  ev 0.909
[eval @ step   466944] mean return =   -41.81
[update   57 | steps   466944 | sps   1246] ep_return  237.50  kl 0.0094  bt 0  ✓  ev 0.353
[eval @ step   475136] mean return =   -46.70
[update   58 | steps   475136 | sps   1246] ep_return  246.35  kl 0.0094  bt 0  ✓  ev 0.787
[eval @ step   483328] mean return =   -93.66
[update   59 | steps   483328 | sps   1244] ep_return  255.20  kl 0.0098  bt 0  ✓  ev 0.345
[eval @ step   491520] mean return =  -104.78
[update   60 | steps   491520 | sps   1242] ep_return  257.73  kl 0.0096  bt 0  ✓  ev 0.916
[update   61 | steps   499712 | sps   1246] ep_return  259.09  kl 0.0097  bt 0  ✓  ev 0.805
[eval @ step   507904] mean return =   -62.83
[update   62 | steps   507904 | sps   1245] ep_return  260.38  kl 0.0025  bt 1  ✓  ev 0.936
[eval @ step   516096] mean return =   -58.18
[update   63 | steps   516096 | sps   1243] ep_return  276.01  kl 0.0092  bt 0  ✓  ev 0.348
[eval @ step   524288] mean return =   -49.15
[update   64 | steps   524288 | sps   1242] ep_return  282.47  kl 0.0025  bt 1  ✓  ev 0.895
[eval @ step   532480] mean return =   -61.98
[update   65 | steps   532480 | sps   1242] ep_return  297.24  kl 0.0093  bt 0  ✓  ev 0.320
[eval @ step   540672] mean return =   -32.27
[update   66 | steps   540672 | sps   1241] ep_return  310.35  kl 0.0097  bt 0  ✓  ev 0.362
[update   67 | steps   548864 | sps   1245] ep_return  323.61  kl 0.0099  bt 0  ✓  ev 0.315
[eval @ step   557056] mean return =    45.02
[update   68 | steps   557056 | sps   1244] ep_return  337.52  kl 0.0095  bt 0  ✓  ev 0.841
[eval @ step   565248] mean return =   -44.91
[update   69 | steps   565248 | sps   1243] ep_return  343.58  kl 0.0096  bt 0  ✓  ev 0.594
[eval @ step   573440] mean return =    97.56
[update   70 | steps   573440 | sps   1243] ep_return  355.01  kl 0.0097  bt 0  ✓  ev 0.753
[eval @ step   581632] mean return =   381.05
[update   71 | steps   581632 | sps   1242] ep_return  355.09  kl 0.0097  bt 0  ✓  ev 0.842
[update   72 | steps   589824 | sps   1246] ep_return  366.21  kl 0.0095  bt 0  ✓  ev 0.750
[eval @ step   598016] mean return =   380.73
[update   73 | steps   598016 | sps   1244] ep_return  381.55  kl 0.0099  bt 0  ✓  ev 0.338
[eval @ step   606208] mean return =   305.09
[update   74 | steps   606208 | sps   1243] ep_return  403.45  kl 0.0099  bt 0  ✓  ev 0.473
[eval @ step   614400] mean return =   767.49
[update   75 | steps   614400 | sps   1242] ep_return  409.85  kl 0.0099  bt 0  ✓  ev 0.773
[eval @ step   622592] mean return =   749.28
[update   76 | steps   622592 | sps   1241] ep_return  415.57  kl 0.0100  bt 0  ✓  ev 0.922
[eval @ step   630784] mean return =   780.31
[update   77 | steps   630784 | sps   1241] ep_return  427.07  kl 0.0025  bt 1  ✓  ev 0.831
[update   78 | steps   638976 | sps   1244] ep_return  433.76  kl 0.0025  bt 1  ✓  ev 0.413
[eval @ step   647168] mean return =   759.77
[update   79 | steps   647168 | sps   1243] ep_return  442.18  kl 0.0099  bt 0  ✓  ev 0.280
[eval @ step   655360] mean return =   808.74
[update   80 | steps   655360 | sps   1244] ep_return  452.80  kl 0.0095  bt 0  ✓  ev 0.400
[eval @ step   663552] mean return =   789.87
[update   81 | steps   663552 | sps   1243] ep_return  462.20  kl 0.0098  bt 0  ✓  ev 0.380
[eval @ step   671744] mean return =   800.79
[update   82 | steps   671744 | sps   1242] ep_return  462.82  kl 0.0025  bt 1  ✓  ev 0.885
[update   83 | steps   679936 | sps   1246] ep_return  470.40  kl 0.0099  bt 0  ✓  ev 0.899
[eval @ step   688128] mean return =   834.79
[update   84 | steps   688128 | sps   1245] ep_return  484.35  kl 0.0098  bt 0  ✓  ev 0.411
[eval @ step   696320] mean return =   840.90
[update   85 | steps   696320 | sps   1243] ep_return  495.92  kl 0.0026  bt 1  ✓  ev 0.303
[eval @ step   704512] mean return =   860.56
[update   86 | steps   704512 | sps   1244] ep_return  497.21  kl 0.0026  bt 1  ✓  ev 0.828
[eval @ step   712704] mean return =   879.22
[update   87 | steps   712704 | sps   1243] ep_return  499.86  kl 0.0025  bt 1  ✓  ev 0.883
[eval @ step   720896] mean return =   868.46
[update   88 | steps   720896 | sps   1243] ep_return  512.27  kl 0.0025  bt 1  ✓  ev 0.426
[update   89 | steps   729088 | sps   1246] ep_return  529.85  kl 0.0093  bt 0  ✓  ev 0.319
[eval @ step   737280] mean return =   879.95
[update   90 | steps   737280 | sps   1245] ep_return  539.48  kl 0.0025  bt 1  ✓  ev 0.412
[eval @ step   745472] mean return =   889.48
[update   91 | steps   745472 | sps   1244] ep_return  544.33  kl 0.0099  bt 0  ✓  ev 0.828
[eval @ step   753664] mean return =   902.80
[update   92 | steps   753664 | sps   1243] ep_return  545.39  kl 0.0026  bt 1  ✓  ev 0.909
[eval @ step   761856] mean return =   882.82
[update   93 | steps   761856 | sps   1242] ep_return  544.18  kl 0.0026  bt 1  ✓  ev 0.904
[eval @ step   770048] mean return =   902.02
[update   94 | steps   770048 | sps   1242] ep_return  544.34  kl 0.0025  bt 1  ✓  ev 0.923
[update   95 | steps   778240 | sps   1245] ep_return  544.23  kl 0.0096  bt 0  ✓  ev 0.839
[eval @ step   786432] mean return =   900.05
[update   96 | steps   786432 | sps   1244] ep_return  531.78  kl 0.0097  bt 0  ✓  ev 0.931
[eval @ step   794624] mean return =   909.27
[update   97 | steps   794624 | sps   1243] ep_return  525.98  kl 0.0096  bt 0  ✓  ev 0.883
[eval @ step   802816] mean return =   907.09
[update   98 | steps   802816 | sps   1242] ep_return  519.43  kl 0.0025  bt 1  ✓  ev 0.944
[eval @ step   811008] mean return =   893.73
[update   99 | steps   811008 | sps   1242] ep_return  531.32  kl 0.0025  bt 1  ✓  ev 0.862
[update  100 | steps   819200 | sps   1245] ep_return  526.97  kl 0.0099  bt 0  ✓  ev 0.911
[eval @ step   827392] mean return =   986.68
[update  101 | steps   827392 | sps   1245] ep_return  528.25  kl 0.0026  bt 1  ✓  ev 0.694
[eval @ step   835584] mean return =  1000.16
[update  102 | steps   835584 | sps   1245] ep_return  532.36  kl 0.0100  bt 0  ✓  ev 0.761
[eval @ step   843776] mean return =   994.01
[update  103 | steps   843776 | sps   1244] ep_return  540.16  kl 0.0025  bt 1  ✓  ev 0.552
[eval @ step   851968] mean return =  1001.96
[update  104 | steps   851968 | sps   1244] ep_return  544.54  kl 0.0099  bt 0  ✓  ev 0.850
[eval @ step   860160] mean return =   989.21
[update  105 | steps   860160 | sps   1243] ep_return  558.11  kl 0.0100  bt 0  ✓  ev 0.895
[update  106 | steps   868352 | sps   1246] ep_return  578.56  kl 0.0026  bt 1  ✓  ev 0.358
[eval @ step   876544] mean return =  1023.47
[update  107 | steps   876544 | sps   1246] ep_return  593.85  kl 0.0099  bt 0  ✓  ev 0.705
[eval @ step   884736] mean return =  1025.20
[update  108 | steps   884736 | sps   1245] ep_return  612.31  kl 0.0026  bt 1  ✓  ev 0.878
[eval @ step   892928] mean return =  1019.59
[update  109 | steps   892928 | sps   1245] ep_return  625.32  kl 0.0026  bt 1  ✓  ev 0.353
[eval @ step   901120] mean return =  1082.89
[update  110 | steps   901120 | sps   1245] ep_return  635.82  kl 0.0025  bt 1  ✓  ev 0.936
[update  111 | steps   909312 | sps   1248] ep_return  650.94  kl 0.0025  bt 1  ✓  ev 0.342
[eval @ step   917504] mean return =  1072.44
[update  112 | steps   917504 | sps   1248] ep_return  641.08  kl 0.0099  bt 0  ✓  ev 0.948
[eval @ step   925696] mean return =  1049.45
[update  113 | steps   925696 | sps   1248] ep_return  642.07  kl 0.0026  bt 1  ✓  ev 0.917
[eval @ step   933888] mean return =  1116.06
[update  114 | steps   933888 | sps   1248] ep_return  643.38  kl 0.0098  bt 0  ✓  ev 0.876
[eval @ step   942080] mean return =  1089.52
[update  115 | steps   942080 | sps   1247] ep_return  637.59  kl 0.0099  bt 0  ✓  ev 0.928
[eval @ step   950272] mean return =  1099.42
[update  116 | steps   950272 | sps   1247] ep_return  646.15  kl 0.0025  bt 1  ✓  ev 0.371
[update  117 | steps   958464 | sps   1249] ep_return  651.66  kl 0.0099  bt 0  ✓  ev 0.912
[eval @ step   966656] mean return =  1087.70
[update  118 | steps   966656 | sps   1248] ep_return  647.33  kl 0.0026  bt 1  ✓  ev 0.880
[eval @ step   974848] mean return =  1115.24
[update  119 | steps   974848 | sps   1248] ep_return  652.39  kl 0.0025  bt 1  ✓  ev 0.394
[eval @ step   983040] mean return =  1145.15
[update  120 | steps   983040 | sps   1248] ep_return  662.93  kl 0.0026  bt 1  ✓  ev 0.414
[eval @ step   991232] mean return =  1158.39
[update  121 | steps   991232 | sps   1247] ep_return  666.33  kl 0.0098  bt 0  ✓  ev 0.450
[update  122 | steps   999424 | sps   1250] ep_return  675.84  kl 0.0026  bt 1  ✓  ev 0.424
Saved final model to trpo\data\trpo_sweep_HalfCheetah-v4_2026-05-13_13-13-10\model_final.pt
Saved 99 eval points -> C:\Users\mohamedosama\Downloads\CS515-Deep-RL\results\continuous\trpo\halfcheetah-v4\seed_1.npy
Saved wallclock              -> C:\Users\mohamedosama\Downloads\CS515-Deep-RL\results\wallclock\continuous\trpo\halfcheetah-v4\seed_1.npy
