GPU not detected. Defaulting to CPU.
########################
logging outputs to trpo\data\trpo_sweep_Walker2d-v4_2026-05-13_14-08-40
########################
[eval @ step    25000] mean return =     8.27
[update    1 | steps    25000 | sps   1620] ep_return    2.29  kl 0.0025  bt 1  ✓  ev -0.013
[eval @ step    50000] mean return =    14.48
[update    2 | steps    50000 | sps   1668] ep_return    3.07  kl 0.0100  bt 0  ✓  ev 0.342
[eval @ step    75000] mean return =    99.49
[update    3 | steps    75000 | sps   1600] ep_return    4.78  kl 0.0100  bt 0  ✓  ev 0.344
[eval @ step   100000] mean return =    75.73
[update    4 | steps   100000 | sps   1588] ep_return    6.97  kl 0.0099  bt 0  ✓  ev 0.338
[eval @ step   125000] mean return =    91.03
[update    5 | steps   125000 | sps   1559] ep_return   12.62  kl 0.0025  bt 1  ✓  ev 0.358
[eval @ step   150000] mean return =   214.03
[update    6 | steps   150000 | sps   1548] ep_return   18.42  kl 0.0024  bt 1  ✓  ev 0.410
[eval @ step   175000] mean return =   383.51
[update    7 | steps   175000 | sps   1531] ep_return   18.52  kl 0.0097  bt 0  ✓  ev 0.438
[eval @ step   200000] mean return =   371.39
[update    8 | steps   200000 | sps   1510] ep_return   38.69  kl 0.0090  bt 0  ✓  ev 0.485
[eval @ step   225000] mean return =   355.78
[update    9 | steps   225000 | sps   1496] ep_return   59.50  kl 0.0091  bt 0  ✓  ev 0.608
[eval @ step   250000] mean return =   341.93
[update   10 | steps   250000 | sps   1492] ep_return  106.72  kl 0.0084  bt 0  ✓  ev 0.678
[eval @ step   275000] mean return =   324.15
[update   11 | steps   275000 | sps   1489] ep_return  144.40  kl 0.0084  bt 0  ✓  ev 0.773
[eval @ step   300000] mean return =   314.05
[update   12 | steps   300000 | sps   1487] ep_return  177.32  kl 0.0084  bt 0  ✓  ev 0.807
[eval @ step   325000] mean return =   316.92
[update   13 | steps   325000 | sps   1506] ep_return  217.54  kl 0.0079  bt 0  ✓  ev 0.864
[eval @ step   350000] mean return =   308.71
[update   14 | steps   350000 | sps   1500] ep_return  231.45  kl 0.0073  bt 0  ✓  ev 0.871
[eval @ step   375000] mean return =   304.26
[update   15 | steps   375000 | sps   1494] ep_return  242.18  kl 0.0080  bt 0  ✓  ev 0.894
[eval @ step   400000] mean return =   306.79
[update   16 | steps   400000 | sps   1490] ep_return  246.94  kl 0.0074  bt 0  ✓  ev 0.922
[eval @ step   425000] mean return =   313.61
[update   17 | steps   425000 | sps   1488] ep_return  277.60  kl 0.0079  bt 0  ✓  ev 0.926
[eval @ step   450000] mean return =   311.21
[update   18 | steps   450000 | sps   1487] ep_return  258.06  kl 0.0079  bt 0  ✓  ev 0.930
[eval @ step   475000] mean return =   307.04
[update   19 | steps   475000 | sps   1486] ep_return  269.58  kl 0.0078  bt 0  ✓  ev 0.962
[eval @ step   500000] mean return =   301.01
[update   20 | steps   500000 | sps   1477] ep_return  273.93  kl 0.0080  bt 0  ✓  ev 0.966
[eval @ step   525000] mean return =   287.92
[update   21 | steps   525000 | sps   1478] ep_return  274.28  kl 0.0082  bt 0  ✓  ev 0.932
[eval @ step   550000] mean return =   282.17
[update   22 | steps   550000 | sps   1475] ep_return  281.46  kl 0.0077  bt 0  ✓  ev 0.963
[eval @ step   575000] mean return =   271.17
[update   23 | steps   575000 | sps   1472] ep_return  282.33  kl 0.0080  bt 0  ✓  ev 0.971
[eval @ step   600000] mean return =   269.09
[update   24 | steps   600000 | sps   1474] ep_return  283.60  kl 0.0073  bt 0  ✓  ev 0.959
[eval @ step   625000] mean return =   270.27
[update   25 | steps   625000 | sps   1473] ep_return  286.09  kl 0.0080  bt 0  ✓  ev 0.974
[eval @ step   650000] mean return =   277.72
[update   26 | steps   650000 | sps   1474] ep_return  299.43  kl 0.0080  bt 0  ✓  ev 0.973
[eval @ step   675000] mean return =   287.58
[update   27 | steps   675000 | sps   1473] ep_return  296.67  kl 0.0083  bt 0  ✓  ev 0.977
[eval @ step   700000] mean return =   309.57
[update   28 | steps   700000 | sps   1478] ep_return  295.85  kl 0.0081  bt 0  ✓  ev 0.970
[eval @ step   725000] mean return =   317.10
[update   29 | steps   725000 | sps   1479] ep_return  312.58  kl 0.0087  bt 0  ✓  ev 0.967
[eval @ step   750000] mean return =   337.60
[update   30 | steps   750000 | sps   1480] ep_return  312.20  kl 0.0084  bt 0  ✓  ev 0.973
[eval @ step   775000] mean return =   390.65
[update   31 | steps   775000 | sps   1480] ep_return  339.19  kl 0.0089  bt 0  ✓  ev 0.978
[eval @ step   800000] mean return =   408.22
[update   32 | steps   800000 | sps   1481] ep_return  347.32  kl 0.0086  bt 0  ✓  ev 0.969
[eval @ step   825000] mean return =   422.75
[update   33 | steps   825000 | sps   1482] ep_return  360.69  kl 0.0092  bt 0  ✓  ev 0.970
[eval @ step   850000] mean return =   435.98
[update   34 | steps   850000 | sps   1478] ep_return  361.59  kl 0.0091  bt 0  ✓  ev 0.956
[eval @ step   875000] mean return =   463.89
[update   35 | steps   875000 | sps   1474] ep_return  380.13  kl 0.0095  bt 0  ✓  ev 0.969
[eval @ step   900000] mean return =   490.60
[update   36 | steps   900000 | sps   1475] ep_return  394.27  kl 0.0085  bt 0  ✓  ev 0.956
[eval @ step   925000] mean return =   498.39
[update   37 | steps   925000 | sps   1475] ep_return  414.03  kl 0.0097  bt 0  ✓  ev 0.968
[eval @ step   950000] mean return =   528.89
[update   38 | steps   950000 | sps   1475] ep_return  419.62  kl 0.0095  bt 0  ✓  ev 0.964
[eval @ step   975000] mean return =   561.73
[update   39 | steps   975000 | sps   1475] ep_return  447.30  kl 0.0090  bt 0  ✓  ev 0.956
[eval @ step  1000000] mean return =   522.76
[update   40 | steps  1000000 | sps   1474] ep_return  470.46  kl 0.0089  bt 0  ✓  ev 0.939
Saved final model to trpo\data\trpo_sweep_Walker2d-v4_2026-05-13_14-08-40\model_final.pt
Saved 40 eval points -> C:\Users\mohamedosama\Downloads\CS515-Deep-RL\results\continuous\trpo\walker2d-v4\seed_4.npy
Saved wallclock              -> C:\Users\mohamedosama\Downloads\CS515-Deep-RL\results\wallclock\continuous\trpo\walker2d-v4\seed_4.npy
