GPU not detected. Defaulting to CPU.
########################
logging outputs to trpo\data\trpo_sweep_HalfCheetah-v4_2026-05-13_13-17-10
########################
[update    1 | steps     8192 | sps   1576] ep_return -303.89  kl 0.0072  bt 0  ✓  ev -0.004
[eval @ step    16384] mean return = -1138.95
[update    2 | steps    16384 | sps   1419] ep_return -286.43  kl 0.0072  bt 0  ✓  ev 0.306
[eval @ step    24576] mean return = -1151.43
[update    3 | steps    24576 | sps   1325] ep_return -270.27  kl 0.0067  bt 0  ✓  ev 0.366
[eval @ step    32768] mean return = -1001.96
[update    4 | steps    32768 | sps   1280] ep_return -261.63  kl 0.0070  bt 0  ✓  ev 0.359
[eval @ step    40960] mean return =  -937.59
[update    5 | steps    40960 | sps   1246] ep_return -254.08  kl 0.0074  bt 0  ✓  ev 0.293
[update    6 | steps    49152 | sps   1284] ep_return -249.49  kl 0.0071  bt 0  ✓  ev 0.362
[eval @ step    57344] mean return =  -934.74
[update    7 | steps    57344 | sps   1263] ep_return -246.48  kl 0.0072  bt 0  ✓  ev 0.368
[eval @ step    65536] mean return =  -863.52
[update    8 | steps    65536 | sps   1254] ep_return -243.90  kl 0.0073  bt 0  ✓  ev 0.331
[eval @ step    73728] mean return =  -833.67
[update    9 | steps    73728 | sps   1245] ep_return -238.49  kl 0.0073  bt 0  ✓  ev 0.610
[eval @ step    81920] mean return =  -695.23
[update   10 | steps    81920 | sps   1238] ep_return -236.86  kl 0.0078  bt 0  ✓  ev 0.381
[eval @ step    90112] mean return =  -675.64
[update   11 | steps    90112 | sps   1240] ep_return -231.19  kl 0.0078  bt 0  ✓  ev 0.382
[update   12 | steps    98304 | sps   1262] ep_return -231.32  kl 0.0076  bt 0  ✓  ev 0.373
[eval @ step   106496] mean return =  -538.01
[update   13 | steps   106496 | sps   1260] ep_return -221.77  kl 0.0078  bt 0  ✓  ev 0.362
[eval @ step   114688] mean return =  -532.55
[update   14 | steps   114688 | sps   1256] ep_return -214.22  kl 0.0080  bt 0  ✓  ev 0.332
[eval @ step   122880] mean return =  -540.49
[update   15 | steps   122880 | sps   1250] ep_return -211.40  kl 0.0074  bt 0  ✓  ev 0.344
[eval @ step   131072] mean return =  -573.99
[update   16 | steps   131072 | sps   1249] ep_return -208.33  kl 0.0080  bt 0  ✓  ev 0.233
[update   17 | steps   139264 | sps   1263] ep_return -202.14  kl 0.0080  bt 0  ✓  ev 0.350
[eval @ step   147456] mean return =  -549.61
[update   18 | steps   147456 | sps   1261] ep_return -193.66  kl 0.0078  bt 0  ✓  ev 0.339
[eval @ step   155648] mean return =  -433.71
[update   19 | steps   155648 | sps   1253] ep_return -188.03  kl 0.0080  bt 0  ✓  ev 0.343
[eval @ step   163840] mean return =  -365.10
[update   20 | steps   163840 | sps   1252] ep_return -180.49  kl 0.0079  bt 0  ✓  ev 0.354
[eval @ step   172032] mean return =  -368.56
[update   21 | steps   172032 | sps   1247] ep_return -174.49  kl 0.0082  bt 0  ✓  ev 0.373
[eval @ step   180224] mean return =  -351.37
[update   22 | steps   180224 | sps   1244] ep_return -169.88  kl 0.0078  bt 0  ✓  ev 0.361
[update   23 | steps   188416 | sps   1254] ep_return -165.19  kl 0.0075  bt 0  ✓  ev 0.366
[eval @ step   196608] mean return =  -180.01
[update   24 | steps   196608 | sps   1248] ep_return -156.04  kl 0.0079  bt 0  ✓  ev 0.299
[eval @ step   204800] mean return =   -70.67
[update   25 | steps   204800 | sps   1245] ep_return -149.96  kl 0.0081  bt 0  ✓  ev 0.375
[eval @ step   212992] mean return =    90.12
[update   26 | steps   212992 | sps   1241] ep_return -145.44  kl 0.0078  bt 0  ✓  ev 0.360
[eval @ step   221184] mean return =    57.04
[update   27 | steps   221184 | sps   1242] ep_return -138.37  kl 0.0084  bt 0  ✓  ev 0.351
[update   28 | steps   229376 | sps   1253] ep_return -130.19  kl 0.0081  bt 0  ✓  ev 0.305
[eval @ step   237568] mean return =   -39.45
[update   29 | steps   237568 | sps   1251] ep_return -127.83  kl 0.0078  bt 0  ✓  ev 0.310
[eval @ step   245760] mean return =    50.74
[update   30 | steps   245760 | sps   1250] ep_return -125.06  kl 0.0080  bt 0  ✓  ev 0.308
[eval @ step   253952] mean return =   104.44
[update   31 | steps   253952 | sps   1247] ep_return -120.50  kl 0.0083  bt 0  ✓  ev 0.286
[eval @ step   262144] mean return =   107.76
[update   32 | steps   262144 | sps   1245] ep_return -118.59  kl 0.0078  bt 0  ✓  ev 0.326
[eval @ step   270336] mean return =   113.56
[update   33 | steps   270336 | sps   1239] ep_return -113.77  kl 0.0085  bt 0  ✓  ev 0.176
[update   34 | steps   278528 | sps   1249] ep_return -110.38  kl 0.0082  bt 0  ✓  ev 0.300
[eval @ step   286720] mean return =   132.20
[update   35 | steps   286720 | sps   1245] ep_return -103.17  kl 0.0083  bt 0  ✓  ev 0.248
[eval @ step   294912] mean return =   150.49
[update   36 | steps   294912 | sps   1243] ep_return  -98.33  kl 0.0083  bt 0  ✓  ev 0.334
[eval @ step   303104] mean return =   135.40
[update   37 | steps   303104 | sps   1240] ep_return  -93.34  kl 0.0086  bt 0  ✓  ev 0.214
[eval @ step   311296] mean return =    68.74
[update   38 | steps   311296 | sps   1239] ep_return  -85.63  kl 0.0082  bt 0  ✓  ev 0.288
[update   39 | steps   319488 | sps   1246] ep_return  -77.26  kl 0.0085  bt 0  ✓  ev 0.441
[eval @ step   327680] mean return =    69.47
[update   40 | steps   327680 | sps   1244] ep_return  -71.20  kl 0.0090  bt 0  ✓  ev 0.379
[eval @ step   335872] mean return =    43.83
[update   41 | steps   335872 | sps   1242] ep_return  -63.87  kl 0.0082  bt 0  ✓  ev 0.448
[eval @ step   344064] mean return =    74.02
[update   42 | steps   344064 | sps   1240] ep_return  -57.49  kl 0.0085  bt 0  ✓  ev 0.470
[eval @ step   352256] mean return =    51.58
[update   43 | steps   352256 | sps   1238] ep_return  -50.38  kl 0.0086  bt 0  ✓  ev 0.529
[eval @ step   360448] mean return =    11.76
[update   44 | steps   360448 | sps   1238] ep_return  -41.28  kl 0.0092  bt 0  ✓  ev 0.481
[update   45 | steps   368640 | sps   1245] ep_return  -34.46  kl 0.0088  bt 0  ✓  ev 0.502
[eval @ step   376832] mean return =   151.58
[update   46 | steps   376832 | sps   1243] ep_return  -26.84  kl 0.0084  bt 0  ✓  ev 0.560
[eval @ step   385024] mean return =    81.30
[update   47 | steps   385024 | sps   1242] ep_return  -19.90  kl 0.0088  bt 0  ✓  ev 0.498
[eval @ step   393216] mean return =   141.17
[update   48 | steps   393216 | sps   1241] ep_return  -13.97  kl 0.0089  bt 0  ✓  ev 0.596
[eval @ step   401408] mean return =   277.01
[update   49 | steps   401408 | sps   1239] ep_return   -3.18  kl 0.0090  bt 0  ✓  ev 0.611
[update   50 | steps   409600 | sps   1245] ep_return    2.12  kl 0.0087  bt 0  ✓  ev 0.664
[eval @ step   417792] mean return =   112.38
[update   51 | steps   417792 | sps   1244] ep_return   13.37  kl 0.0090  bt 0  ✓  ev 0.662
[eval @ step   425984] mean return =    39.26
[update   52 | steps   425984 | sps   1245] ep_return   21.79  kl 0.0092  bt 0  ✓  ev 0.622
[eval @ step   434176] mean return =   225.93
[update   53 | steps   434176 | sps   1244] ep_return   40.85  kl 0.0096  bt 0  ✓  ev 0.372
[eval @ step   442368] mean return =   229.99
[update   54 | steps   442368 | sps   1243] ep_return   52.21  kl 0.0090  bt 0  ✓  ev 0.587
[eval @ step   450560] mean return =   138.59
[update   55 | steps   450560 | sps   1242] ep_return   64.61  kl 0.0096  bt 0  ✓  ev 0.649
[update   56 | steps   458752 | sps   1248] ep_return   75.26  kl 0.0088  bt 0  ✓  ev 0.722
[eval @ step   466944] mean return =   259.94
[update   57 | steps   466944 | sps   1247] ep_return   86.66  kl 0.0090  bt 0  ✓  ev 0.702
[eval @ step   475136] mean return =   398.46
[update   58 | steps   475136 | sps   1246] ep_return  104.26  kl 0.0095  bt 0  ✓  ev 0.615
[eval @ step   483328] mean return =   131.07
[update   59 | steps   483328 | sps   1244] ep_return  123.43  kl 0.0094  bt 0  ✓  ev 0.569
[eval @ step   491520] mean return =   318.92
[update   60 | steps   491520 | sps   1244] ep_return  143.31  kl 0.0096  bt 0  ✓  ev 0.702
[update   61 | steps   499712 | sps   1249] ep_return  161.34  kl 0.0094  bt 0  ✓  ev 0.621
[eval @ step   507904] mean return =   622.89
[update   62 | steps   507904 | sps   1250] ep_return  179.28  kl 0.0025  bt 1  ✓  ev 0.533
[eval @ step   516096] mean return =   549.42
[update   63 | steps   516096 | sps   1248] ep_return  190.88  kl 0.0094  bt 0  ✓  ev 0.789
[eval @ step   524288] mean return =   610.82
[update   64 | steps   524288 | sps   1247] ep_return  208.05  kl 0.0100  bt 0  ✓  ev 0.777
[eval @ step   532480] mean return =   412.33
[update   65 | steps   532480 | sps   1246] ep_return  218.35  kl 0.0094  bt 0  ✓  ev 0.716
[eval @ step   540672] mean return =   253.97
[update   66 | steps   540672 | sps   1244] ep_return  234.53  kl 0.0094  bt 0  ✓  ev 0.691
[update   67 | steps   548864 | sps   1248] ep_return  250.27  kl 0.0099  bt 0  ✓  ev 0.809
[eval @ step   557056] mean return =   594.71
[update   68 | steps   557056 | sps   1248] ep_return  275.19  kl 0.0096  bt 0  ✓  ev 0.628
[eval @ step   565248] mean return =   685.94
[update   69 | steps   565248 | sps   1248] ep_return  293.81  kl 0.0025  bt 1  ✓  ev 0.619
[eval @ step   573440] mean return =   514.65
[update   70 | steps   573440 | sps   1247] ep_return  306.08  kl 0.0025  bt 1  ✓  ev 0.526
[eval @ step   581632] mean return =   685.65
[update   71 | steps   581632 | sps   1246] ep_return  319.15  kl 0.0025  bt 1  ✓  ev 0.678
[update   72 | steps   589824 | sps   1249] ep_return  330.04  kl 0.0025  bt 1  ✓  ev 0.846
[eval @ step   598016] mean return =   727.45
[update   73 | steps   598016 | sps   1248] ep_return  341.41  kl 0.0097  bt 0  ✓  ev 0.636
[eval @ step   606208] mean return =   774.79
[update   74 | steps   606208 | sps   1247] ep_return  351.76  kl 0.0025  bt 1  ✓  ev 0.723
[eval @ step   614400] mean return =   796.85
[update   75 | steps   614400 | sps   1247] ep_return  366.18  kl 0.0025  bt 1  ✓  ev 0.599
[eval @ step   622592] mean return =   698.94
[update   76 | steps   622592 | sps   1246] ep_return  379.51  kl 0.0025  bt 1  ✓  ev 0.590
[eval @ step   630784] mean return =   757.72
[update   77 | steps   630784 | sps   1245] ep_return  393.00  kl 0.0025  bt 1  ✓  ev 0.636
[update   78 | steps   638976 | sps   1249] ep_return  405.39  kl 0.0097  bt 0  ✓  ev 0.670
[eval @ step   647168] mean return =   857.59
[update   79 | steps   647168 | sps   1248] ep_return  417.39  kl 0.0025  bt 1  ✓  ev 0.704
[eval @ step   655360] mean return =   854.89
[update   80 | steps   655360 | sps   1247] ep_return  427.76  kl 0.0025  bt 1  ✓  ev 0.504
[eval @ step   663552] mean return =   775.76
[update   81 | steps   663552 | sps   1247] ep_return  434.26  kl 0.0025  bt 1  ✓  ev 0.701
[eval @ step   671744] mean return =   823.07
[update   82 | steps   671744 | sps   1246] ep_return  444.39  kl 0.0025  bt 1  ✓  ev 0.637
[update   83 | steps   679936 | sps   1248] ep_return  454.28  kl 0.0025  bt 1  ✓  ev 0.681
[eval @ step   688128] mean return =   846.89
[update   84 | steps   688128 | sps   1247] ep_return  465.40  kl 0.0098  bt 0  ✓  ev 0.721
[eval @ step   696320] mean return =   905.47
[update   85 | steps   696320 | sps   1247] ep_return  473.94  kl 0.0025  bt 1  ✓  ev 0.653
[eval @ step   704512] mean return =   925.60
[update   86 | steps   704512 | sps   1246] ep_return  482.33  kl 0.0024  bt 1  ✓  ev 0.546
[eval @ step   712704] mean return =   782.32
[update   87 | steps   712704 | sps   1245] ep_return  491.48  kl 0.0025  bt 1  ✓  ev 0.541
[eval @ step   720896] mean return =   961.42
[update   88 | steps   720896 | sps   1244] ep_return  499.99  kl 0.0098  bt 0  ✓  ev 0.311
[update   89 | steps   729088 | sps   1248] ep_return  507.85  kl 0.0095  bt 0  ✓  ev 0.604
[eval @ step   737280] mean return =   968.34
[update   90 | steps   737280 | sps   1246] ep_return  515.23  kl 0.0025  bt 1  ✓  ev 0.529
[eval @ step   745472] mean return =   983.98
[update   91 | steps   745472 | sps   1245] ep_return  520.25  kl 0.0024  bt 1  ✓  ev 0.672
[eval @ step   753664] mean return =   980.78
[update   92 | steps   753664 | sps   1245] ep_return  527.96  kl 0.0026  bt 1  ✓  ev 0.637
[eval @ step   761856] mean return =   988.13
[update   93 | steps   761856 | sps   1245] ep_return  534.46  kl 0.0025  bt 1  ✓  ev 0.619
[eval @ step   770048] mean return =   981.77
[update   94 | steps   770048 | sps   1244] ep_return  544.28  kl 0.0025  bt 1  ✓  ev 0.390
[update   95 | steps   778240 | sps   1247] ep_return  549.85  kl 0.0025  bt 1  ✓  ev 0.547
[eval @ step   786432] mean return =   993.86
[update   96 | steps   786432 | sps   1245] ep_return  558.91  kl 0.0026  bt 1  ✓  ev 0.435
[eval @ step   794624] mean return =   893.33
[update   97 | steps   794624 | sps   1245] ep_return  565.40  kl 0.0025  bt 1  ✓  ev 0.629
[eval @ step   802816] mean return =   972.72
[update   98 | steps   802816 | sps   1244] ep_return  575.35  kl 0.0026  bt 1  ✓  ev 0.618
[eval @ step   811008] mean return =   932.35
[update   99 | steps   811008 | sps   1243] ep_return  580.54  kl 0.0025  bt 1  ✓  ev 0.546
[update  100 | steps   819200 | sps   1246] ep_return  583.92  kl 0.0026  bt 1  ✓  ev 0.689
[eval @ step   827392] mean return =   997.11
[update  101 | steps   827392 | sps   1246] ep_return  590.00  kl 0.0098  bt 0  ✓  ev 0.876
[eval @ step   835584] mean return =   941.70
[update  102 | steps   835584 | sps   1246] ep_return  596.22  kl 0.0025  bt 1  ✓  ev 0.639
[eval @ step   843776] mean return =  1001.37
[update  103 | steps   843776 | sps   1246] ep_return  605.71  kl 0.0026  bt 1  ✓  ev 0.676
[eval @ step   851968] mean return =   966.48
[update  104 | steps   851968 | sps   1245] ep_return  608.97  kl 0.0098  bt 0  ✓  ev 0.899
[eval @ step   860160] mean return =  1013.78
[update  105 | steps   860160 | sps   1244] ep_return  613.12  kl 0.0099  bt 0  ✓  ev 0.565
[update  106 | steps   868352 | sps   1246] ep_return  616.50  kl 0.0025  bt 1  ✓  ev 0.327
[eval @ step   876544] mean return =  1075.02
[update  107 | steps   876544 | sps   1246] ep_return  614.58  kl 0.0027  bt 1  ✓  ev 0.579
[eval @ step   884736] mean return =  1044.42
[update  108 | steps   884736 | sps   1246] ep_return  619.12  kl 0.0025  bt 1  ✓  ev 0.503
[eval @ step   892928] mean return =  1046.26
[update  109 | steps   892928 | sps   1245] ep_return  625.42  kl 0.0025  bt 1  ✓  ev 0.481
[eval @ step   901120] mean return =  1045.36
[update  110 | steps   901120 | sps   1245] ep_return  625.99  kl 0.0025  bt 1  ✓  ev 0.862
[update  111 | steps   909312 | sps   1247] ep_return  633.81  kl 0.0026  bt 1  ✓  ev 0.351
[eval @ step   917504] mean return =  1069.45
[update  112 | steps   917504 | sps   1247] ep_return  639.07  kl 0.0025  bt 1  ✓  ev 0.634
[eval @ step   925696] mean return =  1008.82
[update  113 | steps   925696 | sps   1247] ep_return  646.74  kl 0.0025  bt 1  ✓  ev 0.500
[eval @ step   933888] mean return =  1038.73
[update  114 | steps   933888 | sps   1247] ep_return  648.06  kl 0.0025  bt 1  ✓  ev 0.713
[eval @ step   942080] mean return =  1031.00
[update  115 | steps   942080 | sps   1247] ep_return  653.29  kl 0.0025  bt 1  ✓  ev 0.730
[eval @ step   950272] mean return =  1046.81
[update  116 | steps   950272 | sps   1247] ep_return  660.90  kl 0.0026  bt 1  ✓  ev 0.601
[update  117 | steps   958464 | sps   1249] ep_return  670.17  kl 0.0025  bt 1  ✓  ev 0.494
[eval @ step   966656] mean return =  1094.05
[update  118 | steps   966656 | sps   1250] ep_return  674.01  kl 0.0025  bt 1  ✓  ev 0.662
[eval @ step   974848] mean return =  1054.65
[update  119 | steps   974848 | sps   1250] ep_return  679.44  kl 0.0025  bt 1  ✓  ev 0.727
[eval @ step   983040] mean return =  1116.11
[update  120 | steps   983040 | sps   1250] ep_return  686.32  kl 0.0025  bt 1  ✓  ev 0.641
[eval @ step   991232] mean return =  1073.86
[update  121 | steps   991232 | sps   1251] ep_return  692.74  kl 0.0026  bt 1  ✓  ev 0.391
[update  122 | steps   999424 | sps   1255] ep_return  692.66  kl 0.0026  bt 1  ✓  ev 0.880
Saved final model to trpo\data\trpo_sweep_HalfCheetah-v4_2026-05-13_13-17-10\model_final.pt
Saved 99 eval points -> C:\Users\mohamedosama\Downloads\CS515-Deep-RL\results\continuous\trpo\halfcheetah-v4\seed_3.npy
Saved wallclock              -> C:\Users\mohamedosama\Downloads\CS515-Deep-RL\results\wallclock\continuous\trpo\halfcheetah-v4\seed_3.npy
