GPU not detected. Defaulting to CPU.
########################
logging outputs to trpo\data\trpo_sweep_Walker2d-v4_2026-05-13_14-08-40
########################
[eval @ step    25000] mean return =    10.30
[update    1 | steps    25000 | sps   1627] ep_return   -1.06  kl 0.0098  bt 0  ✓  ev 0.039
[eval @ step    50000] mean return =   280.88
[update    2 | steps    50000 | sps   1684] ep_return   -0.00  kl 0.0099  bt 0  ✓  ev 0.338
[eval @ step    75000] mean return =   289.30
[update    3 | steps    75000 | sps   1584] ep_return    2.32  kl 0.0099  bt 0  ✓  ev 0.307
[eval @ step   100000] mean return =   290.53
[update    4 | steps   100000 | sps   1536] ep_return    5.68  kl 0.0100  bt 0  ✓  ev 0.337
[eval @ step   125000] mean return =   292.81
[update    5 | steps   125000 | sps   1529] ep_return   11.24  kl 0.0025  bt 1  ✓  ev 0.351
[eval @ step   150000] mean return =   292.14
[update    6 | steps   150000 | sps   1507] ep_return   11.34  kl 0.0025  bt 1  ✓  ev 0.383
[eval @ step   175000] mean return =   291.16
[update    7 | steps   175000 | sps   1485] ep_return   12.77  kl 0.0024  bt 1  ✓  ev 0.401
[eval @ step   200000] mean return =   292.53
[update    8 | steps   200000 | sps   1475] ep_return   26.13  kl 0.0024  bt 1  ✓  ev 0.418
[eval @ step   225000] mean return =   288.75
[update    9 | steps   225000 | sps   1469] ep_return   29.74  kl 0.0025  bt 1  ✓  ev 0.444
[eval @ step   250000] mean return =   287.52
[update   10 | steps   250000 | sps   1471] ep_return   35.69  kl 0.0094  bt 0  ✓  ev 0.466
[eval @ step   275000] mean return =   286.46
[update   11 | steps   275000 | sps   1463] ep_return   69.15  kl 0.0094  bt 0  ✓  ev 0.577
[eval @ step   300000] mean return =   288.97
[update   12 | steps   300000 | sps   1455] ep_return  140.80  kl 0.0091  bt 0  ✓  ev 0.707
[eval @ step   325000] mean return =   282.68
[update   13 | steps   325000 | sps   1472] ep_return  201.28  kl 0.0081  bt 0  ✓  ev 0.820
[eval @ step   350000] mean return =   277.98
[update   14 | steps   350000 | sps   1470] ep_return  223.53  kl 0.0080  bt 0  ✓  ev 0.865
[eval @ step   375000] mean return =   272.34
[update   15 | steps   375000 | sps   1464] ep_return  265.47  kl 0.0081  bt 0  ✓  ev 0.873
[eval @ step   400000] mean return =   268.44
[update   16 | steps   400000 | sps   1462] ep_return  277.46  kl 0.0077  bt 0  ✓  ev 0.928
[eval @ step   425000] mean return =   269.93
[update   17 | steps   425000 | sps   1468] ep_return  264.17  kl 0.0073  bt 0  ✓  ev 0.942
[eval @ step   450000] mean return =   262.93
[update   18 | steps   450000 | sps   1463] ep_return  267.71  kl 0.0079  bt 0  ✓  ev 0.964
[eval @ step   475000] mean return =   261.24
[update   19 | steps   475000 | sps   1467] ep_return  289.37  kl 0.0073  bt 0  ✓  ev 0.969
[eval @ step   500000] mean return =   261.61
[update   20 | steps   500000 | sps   1466] ep_return  279.75  kl 0.0072  bt 0  ✓  ev 0.982
[eval @ step   525000] mean return =   264.53
[update   21 | steps   525000 | sps   1464] ep_return  273.53  kl 0.0078  bt 0  ✓  ev 0.985
[eval @ step   550000] mean return =   267.93
[update   22 | steps   550000 | sps   1464] ep_return  280.72  kl 0.0077  bt 0  ✓  ev 0.981
[eval @ step   575000] mean return =   275.26
[update   23 | steps   575000 | sps   1469] ep_return  280.48  kl 0.0073  bt 0  ✓  ev 0.989
[eval @ step   600000] mean return =   286.12
[update   24 | steps   600000 | sps   1465] ep_return  284.80  kl 0.0079  bt 0  ✓  ev 0.988
[eval @ step   625000] mean return =   297.65
[update   25 | steps   625000 | sps   1464] ep_return  286.53  kl 0.0081  bt 0  ✓  ev 0.991
[eval @ step   650000] mean return =   320.26
[update   26 | steps   650000 | sps   1464] ep_return  291.99  kl 0.0084  bt 0  ✓  ev 0.988
[eval @ step   675000] mean return =   344.49
[update   27 | steps   675000 | sps   1463] ep_return  290.18  kl 0.0093  bt 0  ✓  ev 0.989
[eval @ step   700000] mean return =   356.70
[update   28 | steps   700000 | sps   1463] ep_return  305.50  kl 0.0090  bt 0  ✓  ev 0.980
[eval @ step   725000] mean return =   365.97
[update   29 | steps   725000 | sps   1460] ep_return  315.53  kl 0.0094  bt 0  ✓  ev 0.980
[eval @ step   750000] mean return =   371.86
[update   30 | steps   750000 | sps   1456] ep_return  328.24  kl 0.0095  bt 0  ✓  ev 0.977
[eval @ step   775000] mean return =   373.41
[update   31 | steps   775000 | sps   1456] ep_return  344.83  kl 0.0091  bt 0  ✓  ev 0.975
[eval @ step   800000] mean return =   377.60
[update   32 | steps   800000 | sps   1454] ep_return  357.22  kl 0.0088  bt 0  ✓  ev 0.982
[eval @ step   825000] mean return =   380.37
[update   33 | steps   825000 | sps   1453] ep_return  358.38  kl 0.0089  bt 0  ✓  ev 0.980
[eval @ step   850000] mean return =   386.22
[update   34 | steps   850000 | sps   1454] ep_return  372.75  kl 0.0089  bt 0  ✓  ev 0.986
[eval @ step   875000] mean return =   394.58
[update   35 | steps   875000 | sps   1453] ep_return  372.81  kl 0.0092  bt 0  ✓  ev 0.988
[eval @ step   900000] mean return =   402.70
[update   36 | steps   900000 | sps   1451] ep_return  387.37  kl 0.0093  bt 0  ✓  ev 0.990
[eval @ step   925000] mean return =   410.22
[update   37 | steps   925000 | sps   1450] ep_return  388.62  kl 0.0094  bt 0  ✓  ev 0.991
[eval @ step   950000] mean return =   410.95
[update   38 | steps   950000 | sps   1452] ep_return  391.34  kl 0.0093  bt 0  ✓  ev 0.992
[eval @ step   975000] mean return =   414.80
[update   39 | steps   975000 | sps   1451] ep_return  395.75  kl 0.0091  bt 0  ✓  ev 0.992
[eval @ step  1000000] mean return =   417.71
[update   40 | steps  1000000 | sps   1453] ep_return  392.38  kl 0.0091  bt 0  ✓  ev 0.993
Saved final model to trpo\data\trpo_sweep_Walker2d-v4_2026-05-13_14-08-40\model_final.pt
Saved 40 eval points -> C:\Users\mohamedosama\Downloads\CS515-Deep-RL\results\continuous\trpo\walker2d-v4\seed_1.npy
Saved wallclock              -> C:\Users\mohamedosama\Downloads\CS515-Deep-RL\results\wallclock\continuous\trpo\walker2d-v4\seed_1.npy
