GPU not detected. Defaulting to CPU.
########################
logging outputs to trpo\data\trpo_sweep_Walker2d-v4_2026-05-13_13-18-33
########################
[update    1 | steps     8192 | sps   1464] ep_return    4.49  kl 0.0096  bt 0  ✓  ev -0.001
[eval @ step    16384] mean return =    71.90
[update    2 | steps    16384 | sps   1421] ep_return    7.80  kl 0.0100  bt 0  ✓  ev 0.305
[eval @ step    24576] mean return =   214.22
[update    3 | steps    24576 | sps   1398] ep_return   12.94  kl 0.0088  bt 0  ✓  ev 0.360
[eval @ step    32768] mean return =   201.58
[update    4 | steps    32768 | sps   1366] ep_return   15.29  kl 0.0024  bt 1  ✓  ev 0.421
[eval @ step    40960] mean return =   276.32
[update    5 | steps    40960 | sps   1370] ep_return   22.93  kl 0.0095  bt 0  ✓  ev 0.481
[update    6 | steps    49152 | sps   1360] ep_return   34.21  kl 0.0087  bt 0  ✓  ev 0.581
[eval @ step    57344] mean return =   304.95
[update    7 | steps    57344 | sps   1356] ep_return   49.68  kl 0.0085  bt 0  ✓  ev 0.646
[eval @ step    65536] mean return =   300.68
[update    8 | steps    65536 | sps   1348] ep_return   65.07  kl 0.0083  bt 0  ✓  ev 0.734
[eval @ step    73728] mean return =   290.75
[update    9 | steps    73728 | sps   1337] ep_return   98.31  kl 0.0082  bt 0  ✓  ev 0.732
[eval @ step    81920] mean return =   275.79
[update   10 | steps    81920 | sps   1345] ep_return  125.81  kl 0.0080  bt 0  ✓  ev 0.756
[eval @ step    90112] mean return =   280.18
[update   11 | steps    90112 | sps   1344] ep_return  143.51  kl 0.0078  bt 0  ✓  ev 0.762
[update   12 | steps    98304 | sps   1349] ep_return  159.89  kl 0.0078  bt 0  ✓  ev 0.818
[eval @ step   106496] mean return =   283.09
[update   13 | steps   106496 | sps   1343] ep_return  162.72  kl 0.0073  bt 0  ✓  ev 0.846
[eval @ step   114688] mean return =   277.89
[update   14 | steps   114688 | sps   1341] ep_return  182.38  kl 0.0070  bt 0  ✓  ev 0.868
[eval @ step   122880] mean return =   270.26
[update   15 | steps   122880 | sps   1339] ep_return  202.66  kl 0.0076  bt 0  ✓  ev 0.867
[eval @ step   131072] mean return =   264.54
[update   16 | steps   131072 | sps   1338] ep_return  206.95  kl 0.0071  bt 0  ✓  ev 0.838
[update   17 | steps   139264 | sps   1344] ep_return  223.91  kl 0.0073  bt 0  ✓  ev 0.862
[eval @ step   147456] mean return =   264.16
[update   18 | steps   147456 | sps   1343] ep_return  239.10  kl 0.0073  bt 0  ✓  ev 0.876
[eval @ step   155648] mean return =   267.70
[update   19 | steps   155648 | sps   1346] ep_return  251.91  kl 0.0074  bt 0  ✓  ev 0.924
[eval @ step   163840] mean return =   267.78
[update   20 | steps   163840 | sps   1341] ep_return  246.57  kl 0.0077  bt 0  ✓  ev 0.906
[eval @ step   172032] mean return =   267.99
[update   21 | steps   172032 | sps   1338] ep_return  259.11  kl 0.0076  bt 0  ✓  ev 0.897
[eval @ step   180224] mean return =   267.37
[update   22 | steps   180224 | sps   1340] ep_return  267.40  kl 0.0078  bt 0  ✓  ev 0.904
[update   23 | steps   188416 | sps   1344] ep_return  265.31  kl 0.0077  bt 0  ✓  ev 0.936
[eval @ step   196608] mean return =   269.97
[update   24 | steps   196608 | sps   1342] ep_return  269.38  kl 0.0073  bt 0  ✓  ev 0.947
[eval @ step   204800] mean return =   261.78
[update   25 | steps   204800 | sps   1340] ep_return  282.77  kl 0.0078  bt 0  ✓  ev 0.915
[eval @ step   212992] mean return =   260.71
[update   26 | steps   212992 | sps   1337] ep_return  285.48  kl 0.0076  bt 0  ✓  ev 0.894
[eval @ step   221184] mean return =   267.95
[update   27 | steps   221184 | sps   1335] ep_return  293.06  kl 0.0078  bt 0  ✓  ev 0.937
[update   28 | steps   229376 | sps   1340] ep_return  295.70  kl 0.0083  bt 0  ✓  ev 0.920
[eval @ step   237568] mean return =   260.12
[update   29 | steps   237568 | sps   1340] ep_return  297.38  kl 0.0077  bt 0  ✓  ev 0.918
[eval @ step   245760] mean return =   253.48
[update   30 | steps   245760 | sps   1339] ep_return  290.96  kl 0.0080  bt 0  ✓  ev 0.942
[eval @ step   253952] mean return =   253.61
[update   31 | steps   253952 | sps   1340] ep_return  297.42  kl 0.0074  bt 0  ✓  ev 0.964
[eval @ step   262144] mean return =   254.27
[update   32 | steps   262144 | sps   1340] ep_return  287.52  kl 0.0078  bt 0  ✓  ev 0.961
[eval @ step   270336] mean return =   254.31
[update   33 | steps   270336 | sps   1340] ep_return  286.95  kl 0.0083  bt 0  ✓  ev 0.950
[update   34 | steps   278528 | sps   1342] ep_return  284.77  kl 0.0078  bt 0  ✓  ev 0.962
[eval @ step   286720] mean return =   254.26
[update   35 | steps   286720 | sps   1342] ep_return  291.98  kl 0.0077  bt 0  ✓  ev 0.939
[eval @ step   294912] mean return =   255.79
[update   36 | steps   294912 | sps   1341] ep_return  298.83  kl 0.0080  bt 0  ✓  ev 0.970
[eval @ step   303104] mean return =   259.27
[update   37 | steps   303104 | sps   1341] ep_return  308.93  kl 0.0080  bt 0  ✓  ev 0.975
[eval @ step   311296] mean return =   259.65
[update   38 | steps   311296 | sps   1339] ep_return  300.69  kl 0.0085  bt 0  ✓  ev 0.959
[update   39 | steps   319488 | sps   1341] ep_return  292.49  kl 0.0087  bt 0  ✓  ev 0.983
[eval @ step   327680] mean return =   277.52
[update   40 | steps   327680 | sps   1341] ep_return  288.40  kl 0.0081  bt 0  ✓  ev 0.985
[eval @ step   335872] mean return =   284.20
[update   41 | steps   335872 | sps   1339] ep_return  286.31  kl 0.0083  bt 0  ✓  ev 0.983
[eval @ step   344064] mean return =   286.14
[update   42 | steps   344064 | sps   1340] ep_return  282.50  kl 0.0083  bt 0  ✓  ev 0.984
[eval @ step   352256] mean return =   290.92
[update   43 | steps   352256 | sps   1339] ep_return  290.47  kl 0.0077  bt 0  ✓  ev 0.981
[eval @ step   360448] mean return =   296.10
[update   44 | steps   360448 | sps   1340] ep_return  304.54  kl 0.0081  bt 0  ✓  ev 0.979
[update   45 | steps   368640 | sps   1340] ep_return  301.62  kl 0.0092  bt 0  ✓  ev 0.986
[eval @ step   376832] mean return =   312.32
[update   46 | steps   376832 | sps   1338] ep_return  302.66  kl 0.0085  bt 0  ✓  ev 0.987
[eval @ step   385024] mean return =   325.63
[update   47 | steps   385024 | sps   1336] ep_return  302.59  kl 0.0084  bt 0  ✓  ev 0.985
[eval @ step   393216] mean return =   341.67
[update   48 | steps   393216 | sps   1335] ep_return  312.69  kl 0.0092  bt 0  ✓  ev 0.976
[eval @ step   401408] mean return =   350.46
[update   49 | steps   401408 | sps   1335] ep_return  313.33  kl 0.0086  bt 0  ✓  ev 0.963
[update   50 | steps   409600 | sps   1337] ep_return  313.15  kl 0.0088  bt 0  ✓  ev 0.973
[eval @ step   417792] mean return =   358.94
[update   51 | steps   417792 | sps   1336] ep_return  315.53  kl 0.0095  bt 0  ✓  ev 0.973
[eval @ step   425984] mean return =   360.56
[update   52 | steps   425984 | sps   1334] ep_return  319.82  kl 0.0085  bt 0  ✓  ev 0.968
[eval @ step   434176] mean return =   361.08
[update   53 | steps   434176 | sps   1335] ep_return  322.79  kl 0.0098  bt 0  ✓  ev 0.966
[eval @ step   442368] mean return =   362.03
[update   54 | steps   442368 | sps   1333] ep_return  335.67  kl 0.0098  bt 0  ✓  ev 0.968
[eval @ step   450560] mean return =   364.18
[update   55 | steps   450560 | sps   1330] ep_return  353.11  kl 0.0092  bt 0  ✓  ev 0.980
[update   56 | steps   458752 | sps   1331] ep_return  364.72  kl 0.0091  bt 0  ✓  ev 0.977
[eval @ step   466944] mean return =   366.50
[update   57 | steps   466944 | sps   1331] ep_return  367.47  kl 0.0087  bt 0  ✓  ev 0.989
[eval @ step   475136] mean return =   366.78
[update   58 | steps   475136 | sps   1329] ep_return  370.98  kl 0.0091  bt 0  ✓  ev 0.990
[eval @ step   483328] mean return =   367.59
[update   59 | steps   483328 | sps   1327] ep_return  370.03  kl 0.0085  bt 0  ✓  ev 0.986
[eval @ step   491520] mean return =   366.70
[update   60 | steps   491520 | sps   1326] ep_return  370.08  kl 0.0091  bt 0  ✓  ev 0.988
[update   61 | steps   499712 | sps   1327] ep_return  371.81  kl 0.0083  bt 0  ✓  ev 0.991
[eval @ step   507904] mean return =   370.24
[update   62 | steps   507904 | sps   1326] ep_return  377.77  kl 0.0092  bt 0  ✓  ev 0.988
[eval @ step   516096] mean return =   370.65
[update   63 | steps   516096 | sps   1327] ep_return  378.31  kl 0.0088  bt 0  ✓  ev 0.991
[eval @ step   524288] mean return =   372.98
[update   64 | steps   524288 | sps   1327] ep_return  381.62  kl 0.0093  bt 0  ✓  ev 0.985
[eval @ step   532480] mean return =   374.46
[update   65 | steps   532480 | sps   1328] ep_return  380.46  kl 0.0087  bt 0  ✓  ev 0.991
[eval @ step   540672] mean return =   375.66
[update   66 | steps   540672 | sps   1328] ep_return  383.32  kl 0.0091  bt 0  ✓  ev 0.991
[update   67 | steps   548864 | sps   1329] ep_return  387.97  kl 0.0089  bt 0  ✓  ev 0.986
[eval @ step   557056] mean return =   380.45
[update   68 | steps   557056 | sps   1328] ep_return  386.52  kl 0.0094  bt 0  ✓  ev 0.979
[eval @ step   565248] mean return =   381.23
[update   69 | steps   565248 | sps   1328] ep_return  393.95  kl 0.0090  bt 0  ✓  ev 0.985
[eval @ step   573440] mean return =   382.08
[update   70 | steps   573440 | sps   1327] ep_return  398.58  kl 0.0095  bt 0  ✓  ev 0.979
[eval @ step   581632] mean return =   384.95
[update   71 | steps   581632 | sps   1326] ep_return  403.93  kl 0.0095  bt 0  ✓  ev 0.981
[update   72 | steps   589824 | sps   1327] ep_return  411.26  kl 0.0091  bt 0  ✓  ev 0.971
[eval @ step   598016] mean return =   389.91
[update   73 | steps   598016 | sps   1327] ep_return  420.45  kl 0.0086  bt 0  ✓  ev 0.961
[eval @ step   606208] mean return =   393.91
[update   74 | steps   606208 | sps   1327] ep_return  421.99  kl 0.0096  bt 0  ✓  ev 0.964
[eval @ step   614400] mean return =   400.60
[update   75 | steps   614400 | sps   1325] ep_return  425.55  kl 0.0091  bt 0  ✓  ev 0.963
[eval @ step   622592] mean return =   419.10
[update   76 | steps   622592 | sps   1324] ep_return  435.42  kl 0.0089  bt 0  ✓  ev 0.965
[eval @ step   630784] mean return =   433.27
[update   77 | steps   630784 | sps   1323] ep_return  456.09  kl 0.0092  bt 0  ✓  ev 0.948
[update   78 | steps   638976 | sps   1324] ep_return  465.06  kl 0.0088  bt 0  ✓  ev 0.955
[eval @ step   647168] mean return =   679.10
[update   79 | steps   647168 | sps   1322] ep_return  465.09  kl 0.0099  bt 0  ✓  ev 0.947
[eval @ step   655360] mean return =   741.46
[update   80 | steps   655360 | sps   1321] ep_return  472.74  kl 0.0100  bt 0  ✓  ev 0.939
[eval @ step   663552] mean return =   796.75
[update   81 | steps   663552 | sps   1319] ep_return  492.90  kl 0.0094  bt 0  ✓  ev 0.949
[eval @ step   671744] mean return =  1302.85
[update   82 | steps   671744 | sps   1315] ep_return  491.38  kl 0.0100  bt 0  ✓  ev 0.920
[update   83 | steps   679936 | sps   1316] ep_return  509.80  kl 0.0096  bt 0  ✓  ev 0.919
[eval @ step   688128] mean return =  1848.43
[update   84 | steps   688128 | sps   1311] ep_return  513.00  kl 0.0026  bt 1  ✓  ev 0.922
[eval @ step   696320] mean return =  1948.83
[update   85 | steps   696320 | sps   1305] ep_return  560.07  kl 0.0096  bt 0  ✓  ev 0.918
[eval @ step   704512] mean return =  1849.86
[update   86 | steps   704512 | sps   1300] ep_return  580.79  kl 0.0100  bt 0  ✓  ev 0.920
[eval @ step   712704] mean return =  1839.54
[update   87 | steps   712704 | sps   1294] ep_return  631.79  kl 0.0025  bt 1  ✓  ev 0.920
[eval @ step   720896] mean return =  1853.70
[update   88 | steps   720896 | sps   1288] ep_return  703.02  kl 0.0095  bt 0  ✓  ev 0.918
[update   89 | steps   729088 | sps   1289] ep_return  735.89  kl 0.0094  bt 0  ✓  ev 0.938
[eval @ step   737280] mean return =  1813.47
[update   90 | steps   737280 | sps   1285] ep_return  808.80  kl 0.0096  bt 0  ✓  ev 0.921
[eval @ step   745472] mean return =  1817.97
[update   91 | steps   745472 | sps   1280] ep_return  863.25  kl 0.0098  bt 0  ✓  ev 0.921
[eval @ step   753664] mean return =  1902.11
[update   92 | steps   753664 | sps   1274] ep_return  917.95  kl 0.0098  bt 0  ✓  ev 0.931
[eval @ step   761856] mean return =  1998.56
[update   93 | steps   761856 | sps   1269] ep_return  910.52  kl 0.0097  bt 0  ✓  ev 0.942
[eval @ step   770048] mean return =  1953.32
[update   94 | steps   770048 | sps   1264] ep_return  927.90  kl 0.0096  bt 0  ✓  ev 0.942
[update   95 | steps   778240 | sps   1265] ep_return  982.65  kl 0.0100  bt 0  ✓  ev 0.925
[eval @ step   786432] mean return =  2003.09
[update   96 | steps   786432 | sps   1260] ep_return  995.03  kl 0.0025  bt 1  ✓  ev 0.941
[eval @ step   794624] mean return =  1980.32
[update   97 | steps   794624 | sps   1255] ep_return 1023.04  kl 0.0025  bt 1  ✓  ev 0.942
[eval @ step   802816] mean return =  2092.78
[update   98 | steps   802816 | sps   1250] ep_return 1088.02  kl 0.0025  bt 1  ✓  ev 0.953
[eval @ step   811008] mean return =  2115.58
[update   99 | steps   811008 | sps   1246] ep_return 1080.21  kl 0.0025  bt 1  ✓  ev 0.931
[update  100 | steps   819200 | sps   1247] ep_return 1064.79  kl 0.0095  bt 0  ✓  ev 0.923
[eval @ step   827392] mean return =  2085.63
[update  101 | steps   827392 | sps   1243] ep_return 1173.29  kl 0.0025  bt 1  ✓  ev 0.893
[eval @ step   835584] mean return =  2088.62
[update  102 | steps   835584 | sps   1239] ep_return 1145.17  kl 0.0026  bt 1  ✓  ev 0.919
[eval @ step   843776] mean return =  2130.73
[update  103 | steps   843776 | sps   1236] ep_return 1135.99  kl 0.0100  bt 0  ✓  ev 0.910
[eval @ step   851968] mean return =  2200.09
[update  104 | steps   851968 | sps   1234] ep_return 1153.07  kl 0.0096  bt 0  ✓  ev 0.945
[eval @ step   860160] mean return =  2118.91
[update  105 | steps   860160 | sps   1231] ep_return 1161.90  kl 0.0025  bt 1  ✓  ev 0.912
[update  106 | steps   868352 | sps   1233] ep_return 1078.19  kl 0.0025  bt 1  ✓  ev 0.925
[eval @ step   876544] mean return =  2186.47
[update  107 | steps   876544 | sps   1229] ep_return 1046.75  kl 0.0099  bt 0  ✓  ev 0.935
[eval @ step   884736] mean return =  2155.71
[update  108 | steps   884736 | sps   1227] ep_return 1079.99  kl 0.0098  bt 0  ✓  ev 0.951
[eval @ step   892928] mean return =  2198.67
[update  109 | steps   892928 | sps   1224] ep_return 1108.30  kl 0.0026  bt 1  ✓  ev 0.940
[eval @ step   901120] mean return =  2180.83
[update  110 | steps   901120 | sps   1222] ep_return 1105.43  kl 0.0098  bt 0  ✓  ev 0.929
[update  111 | steps   909312 | sps   1223] ep_return 1149.54  kl 0.0094  bt 0  ✓  ev 0.930
[eval @ step   917504] mean return =  2181.67
[update  112 | steps   917504 | sps   1220] ep_return 1170.90  kl 0.0025  bt 1  ✓  ev 0.939
[eval @ step   925696] mean return =  2264.92
[update  113 | steps   925696 | sps   1217] ep_return 1184.02  kl 0.0096  bt 0  ✓  ev 0.953
[eval @ step   933888] mean return =  2280.84
[update  114 | steps   933888 | sps   1216] ep_return 1114.38  kl 0.0026  bt 1  ✓  ev 0.949
[eval @ step   942080] mean return =  2294.89
[update  115 | steps   942080 | sps   1215] ep_return 1130.67  kl 0.0099  bt 0  ✓  ev 0.951
[eval @ step   950272] mean return =  2288.52
[update  116 | steps   950272 | sps   1211] ep_return 1129.41  kl 0.0026  bt 1  ✓  ev 0.944
[update  117 | steps   958464 | sps   1212] ep_return 1187.77  kl 0.0027  bt 1  ✓  ev 0.943
[eval @ step   966656] mean return =  2297.49
[update  118 | steps   966656 | sps   1211] ep_return 1215.81  kl 0.0026  bt 1  ✓  ev 0.919
[eval @ step   974848] mean return =  2310.96
[update  119 | steps   974848 | sps   1209] ep_return 1221.55  kl 0.0025  bt 1  ✓  ev 0.952
[eval @ step   983040] mean return =  2306.84
[update  120 | steps   983040 | sps   1207] ep_return 1255.65  kl 0.0025  bt 1  ✓  ev 0.941
[eval @ step   991232] mean return =  2325.92
[update  121 | steps   991232 | sps   1205] ep_return 1272.48  kl 0.0025  bt 1  ✓  ev 0.949
[update  122 | steps   999424 | sps   1207] ep_return 1298.11  kl 0.0025  bt 1  ✓  ev 0.933
Saved final model to trpo\data\trpo_sweep_Walker2d-v4_2026-05-13_13-18-33\model_final.pt
Saved 99 eval points -> C:\Users\mohamedosama\Downloads\CS515-Deep-RL\results\continuous\trpo\walker2d-v4\seed_0.npy
Saved wallclock              -> C:\Users\mohamedosama\Downloads\CS515-Deep-RL\results\wallclock\continuous\trpo\walker2d-v4\seed_0.npy
