GPU not detected. Defaulting to CPU.
########################
logging outputs to trpo\data\trpo_sweep_Pendulum-v1_2026-05-13_13-03-29
########################
[eval @ step     8192] mean return = -1296.50
[update    1 | steps     8192 | sps   2415] ep_return -1313.01  kl 0.0065  bt 0  ✓  ev 0.002
[eval @ step    16384] mean return = -1242.20
[update    2 | steps    16384 | sps   2451] ep_return -1301.42  kl 0.0067  bt 0  ✓  ev 0.001
[eval @ step    24576] mean return = -1236.78
[update    3 | steps    24576 | sps   2475] ep_return -1325.14  kl 0.0059  bt 0  ✓  ev 0.000
[eval @ step    32768] mean return = -1168.48
[update    4 | steps    32768 | sps   2485] ep_return -1301.27  kl 0.0079  bt 0  ✓  ev 0.000
[eval @ step    40960] mean return = -1143.93
[update    5 | steps    40960 | sps   2489] ep_return -1228.57  kl 0.0076  bt 0  ✓  ev 0.000
[eval @ step    49152] mean return = -1057.58
[update    6 | steps    49152 | sps   2497] ep_return -1172.67  kl 0.0090  bt 0  ✓  ev 0.000
[eval @ step    57344] mean return = -1037.93
[update    7 | steps    57344 | sps   2500] ep_return -1121.73  kl 0.0068  bt 0  ✓  ev 0.360
[eval @ step    65536] mean return =  -949.25
[update    8 | steps    65536 | sps   2439] ep_return -1091.32  kl 0.0091  bt 0  ✓  ev 0.559
[eval @ step    73728] mean return =  -942.70
[update    9 | steps    73728 | sps   2288] ep_return -1048.20  kl 0.0081  bt 0  ✓  ev 0.740
[eval @ step    81920] mean return =  -911.50
[update   10 | steps    81920 | sps   2188] ep_return -1025.33  kl 0.0076  bt 0  ✓  ev 0.758
[eval @ step    90112] mean return =  -869.25
[update   11 | steps    90112 | sps   2110] ep_return -980.28  kl 0.0098  bt 0  ✓  ev 0.801
[eval @ step    98304] mean return =  -828.21
[update   12 | steps    98304 | sps   2049] ep_return -952.62  kl 0.0023  bt 1  ✓  ev 0.853
[eval @ step   106496] mean return =  -802.24
[update   13 | steps   106496 | sps   2001] ep_return -915.76  kl 0.0022  bt 1  ✓  ev 0.868
[eval @ step   114688] mean return =  -817.34
[update   14 | steps   114688 | sps   1960] ep_return -877.99  kl 0.0090  bt 0  ✓  ev 0.855
[eval @ step   122880] mean return =  -789.56
[update   15 | steps   122880 | sps   1929] ep_return -848.58  kl 0.0024  bt 1  ✓  ev 0.912
[eval @ step   131072] mean return =  -729.20
[update   16 | steps   131072 | sps   1898] ep_return -825.45  kl 0.0023  bt 1  ✓  ev 0.864
[eval @ step   139264] mean return =  -694.33
[update   17 | steps   139264 | sps   1875] ep_return -801.64  kl 0.0024  bt 1  ✓  ev 0.882
[eval @ step   147456] mean return =  -661.75
[update   18 | steps   147456 | sps   1856] ep_return -791.28  kl 0.0095  bt 0  ✓  ev 0.893
[eval @ step   155648] mean return =  -633.57
[update   19 | steps   155648 | sps   1839] ep_return -788.50  kl 0.0098  bt 0  ✓  ev 0.910
[eval @ step   163840] mean return =  -619.33
[update   20 | steps   163840 | sps   1829] ep_return -758.69  kl 0.0026  bt 1  ✓  ev 0.888
[eval @ step   172032] mean return =  -577.93
[update   21 | steps   172032 | sps   1814] ep_return -732.18  kl 0.0023  bt 1  ✓  ev 0.879
[eval @ step   180224] mean return =  -581.67
[update   22 | steps   180224 | sps   1802] ep_return -701.86  kl 0.0023  bt 1  ✓  ev 0.880
[eval @ step   188416] mean return =  -558.98
[update   23 | steps   188416 | sps   1792] ep_return -704.61  kl 0.0023  bt 1  ✓  ev 0.887
[eval @ step   196608] mean return =  -590.71
[update   24 | steps   196608 | sps   1782] ep_return -700.44  kl 0.0025  bt 1  ✓  ev 0.889
[eval @ step   204800] mean return =  -557.48
[update   25 | steps   204800 | sps   1774] ep_return -671.86  kl 0.0099  bt 0  ✓  ev 0.862
[eval @ step   212992] mean return =  -502.17
[update   26 | steps   212992 | sps   1766] ep_return -657.75  kl 0.0027  bt 1  ✓  ev 0.881
[eval @ step   221184] mean return =  -461.10
[update   27 | steps   221184 | sps   1761] ep_return -647.14  kl 0.0024  bt 1  ✓  ev 0.889
[eval @ step   229376] mean return =  -495.32
[update   28 | steps   229376 | sps   1755] ep_return -634.72  kl 0.0025  bt 1  ✓  ev 0.898
[eval @ step   237568] mean return =  -425.94
[update   29 | steps   237568 | sps   1750] ep_return -625.28  kl 0.0025  bt 1  ✓  ev 0.888
[eval @ step   245760] mean return =  -424.03
[update   30 | steps   245760 | sps   1746] ep_return -606.13  kl 0.0023  bt 1  ✓  ev 0.901
[eval @ step   253952] mean return =  -437.61
[update   31 | steps   253952 | sps   1740] ep_return -599.12  kl 0.0027  bt 1  ✓  ev 0.901
[eval @ step   262144] mean return =  -436.22
[update   32 | steps   262144 | sps   1738] ep_return -588.04  kl 0.0095  bt 0  ✓  ev 0.890
[eval @ step   270336] mean return =  -412.24
[update   33 | steps   270336 | sps   1733] ep_return -567.25  kl 0.0025  bt 1  ✓  ev 0.898
[eval @ step   278528] mean return =  -374.35
[update   34 | steps   278528 | sps   1731] ep_return -541.43  kl 0.0027  bt 1  ✓  ev 0.894
[eval @ step   286720] mean return =  -337.27
[update   35 | steps   286720 | sps   1727] ep_return -516.29  kl 0.0024  bt 1  ✓  ev 0.891
[eval @ step   294912] mean return =  -338.05
[update   36 | steps   294912 | sps   1727] ep_return -504.10  kl 0.0026  bt 1  ✓  ev 0.881
[eval @ step   303104] mean return =  -313.85
[update   37 | steps   303104 | sps   1723] ep_return -496.05  kl 0.0024  bt 1  ✓  ev 0.899
[eval @ step   311296] mean return =  -279.89
[update   38 | steps   311296 | sps   1721] ep_return -473.70  kl 0.0025  bt 1  ✓  ev 0.908
[eval @ step   319488] mean return =  -270.85
[update   39 | steps   319488 | sps   1721] ep_return -443.98  kl 0.0024  bt 1  ✓  ev 0.886
[eval @ step   327680] mean return =  -186.93
[update   40 | steps   327680 | sps   1723] ep_return -411.64  kl 0.0094  bt 0  ✓  ev 0.890
[eval @ step   335872] mean return =  -149.05
[update   41 | steps   335872 | sps   1722] ep_return -366.76  kl 0.0099  bt 0  ✓  ev 0.883
[eval @ step   344064] mean return =  -135.10
[update   42 | steps   344064 | sps   1722] ep_return -303.45  kl 0.0098  bt 0  ✓  ev 0.906
[eval @ step   352256] mean return =  -135.06
[update   43 | steps   352256 | sps   1725] ep_return -225.25  kl 0.0025  bt 1  ✓  ev 0.930
[eval @ step   360448] mean return =  -134.90
[update   44 | steps   360448 | sps   1724] ep_return -188.39  kl 0.0097  bt 0  ✓  ev 0.988
[eval @ step   368640] mean return =  -134.73
[update   45 | steps   368640 | sps   1726] ep_return -165.17  kl 0.0096  bt 0  ✓  ev 0.981
[eval @ step   376832] mean return =  -134.76
[update   46 | steps   376832 | sps   1726] ep_return -164.17  kl 0.0081  bt 0  ✓  ev 0.985
[eval @ step   385024] mean return =  -134.60
[update   47 | steps   385024 | sps   1727] ep_return -168.35  kl 0.0090  bt 0  ✓  ev 0.992
[eval @ step   393216] mean return =  -134.57
[update   48 | steps   393216 | sps   1728] ep_return -158.65  kl 0.0024  bt 1  ✓  ev 0.961
[eval @ step   401408] mean return =  -134.57
[update   49 | steps   401408 | sps   1731] ep_return -151.69  kl 0.0027  bt 1  ✓  ev 0.988
[eval @ step   409600] mean return =  -134.59
[update   50 | steps   409600 | sps   1733] ep_return -150.09  kl 0.0026  bt 1  ✓  ev 0.978
[eval @ step   417792] mean return =  -134.55
[update   51 | steps   417792 | sps   1734] ep_return -142.76  kl 0.0025  bt 1  ✓  ev 0.988
[eval @ step   425984] mean return =  -134.55
[update   52 | steps   425984 | sps   1736] ep_return -154.85  kl 0.0093  bt 0  ✓  ev 0.992
[eval @ step   434176] mean return =  -134.43
[update   53 | steps   434176 | sps   1738] ep_return -150.14  kl 0.0096  bt 0  ✓  ev 0.990
[eval @ step   442368] mean return =  -134.56
[update   54 | steps   442368 | sps   1738] ep_return -142.94  kl 0.0095  bt 0  ✓  ev 0.991
[eval @ step   450560] mean return =  -134.54
[update   55 | steps   450560 | sps   1737] ep_return -128.42  kl 0.0021  bt 1  ✓  ev 0.986
[eval @ step   458752] mean return =  -134.47
[update   56 | steps   458752 | sps   1738] ep_return -142.69  kl 0.0091  bt 0  ✓  ev 0.987
[eval @ step   466944] mean return =  -134.39
[update   57 | steps   466944 | sps   1737] ep_return -147.55  kl 0.0023  bt 1  ✓  ev 0.995
[eval @ step   475136] mean return =  -134.31
[update   58 | steps   475136 | sps   1739] ep_return -136.09  kl 0.0023  bt 1  ✓  ev 0.974
[eval @ step   483328] mean return =  -134.16
[update   59 | steps   483328 | sps   1740] ep_return -138.98  kl 0.0084  bt 0  ✓  ev 0.977
[eval @ step   491520] mean return =  -134.15
[update   60 | steps   491520 | sps   1741] ep_return -133.98  kl 0.0031  bt 1  ✓  ev 0.990
[eval @ step   499712] mean return =  -134.19
[update   61 | steps   499712 | sps   1741] ep_return -150.96  kl 0.0091  bt 0  ✓  ev 0.989
[eval @ step   507904] mean return =  -134.19
[update   62 | steps   507904 | sps   1741] ep_return -154.55  kl 0.0081  bt 0  ✓  ev 0.996
[eval @ step   516096] mean return =  -134.24
[update   63 | steps   516096 | sps   1739] ep_return -160.96  kl 0.0080  bt 0  ✓  ev 0.987
[eval @ step   524288] mean return =  -134.16
[update   64 | steps   524288 | sps   1737] ep_return -152.32  kl 0.0023  bt 1  ✓  ev 0.991
[eval @ step   532480] mean return =  -134.22
[update   65 | steps   532480 | sps   1737] ep_return -140.55  kl 0.0099  bt 0  ✓  ev 0.991
[eval @ step   540672] mean return =  -134.24
[update   66 | steps   540672 | sps   1737] ep_return -139.64  kl 0.0096  bt 0  ✓  ev 0.985
[eval @ step   548864] mean return =  -134.22
[update   67 | steps   548864 | sps   1738] ep_return -142.58  kl 0.0023  bt 1  ✓  ev 0.993
[eval @ step   557056] mean return =  -134.24
[update   68 | steps   557056 | sps   1738] ep_return -149.38  kl 0.0095  bt 0  ✓  ev 0.982
[eval @ step   565248] mean return =  -134.17
[update   69 | steps   565248 | sps   1738] ep_return -141.78  kl 0.0079  bt 0  ✓  ev 0.990
[eval @ step   573440] mean return =  -134.09
[update   70 | steps   573440 | sps   1738] ep_return -138.61  kl 0.0023  bt 1  ✓  ev 0.989
[eval @ step   581632] mean return =  -134.12
[update   71 | steps   581632 | sps   1738] ep_return -135.99  kl 0.0029  bt 1  ✓  ev 0.990
[eval @ step   589824] mean return =  -134.14
[update   72 | steps   589824 | sps   1737] ep_return -140.85  kl 0.0099  bt 0  ✓  ev 0.993
[eval @ step   598016] mean return =  -134.08
[update   73 | steps   598016 | sps   1738] ep_return -149.71  kl 0.0080  bt 0  ✓  ev 0.996
[eval @ step   606208] mean return =  -134.14
[update   74 | steps   606208 | sps   1738] ep_return -148.80  kl 0.0023  bt 1  ✓  ev 0.994
[eval @ step   614400] mean return =  -134.05
[update   75 | steps   614400 | sps   1737] ep_return -149.52  kl 0.0025  bt 1  ✓  ev 0.994
[eval @ step   622592] mean return =  -134.00
[update   76 | steps   622592 | sps   1737] ep_return -149.31  kl 0.0024  bt 1  ✓  ev 0.991
[eval @ step   630784] mean return =  -133.90
[update   77 | steps   630784 | sps   1737] ep_return -143.47  kl 0.0024  bt 1  ✓  ev 0.998
[eval @ step   638976] mean return =  -133.87
[update   78 | steps   638976 | sps   1738] ep_return -154.52  kl 0.0098  bt 0  ✓  ev 0.989
[eval @ step   647168] mean return =  -133.90
[update   79 | steps   647168 | sps   1738] ep_return -156.01  kl 0.0083  bt 0  ✓  ev 0.995
[eval @ step   655360] mean return =  -133.77
[update   80 | steps   655360 | sps   1739] ep_return -145.20  kl 0.0099  bt 0  ✓  ev 0.999
[eval @ step   663552] mean return =  -133.76
[update   81 | steps   663552 | sps   1738] ep_return -127.03  kl 0.0029  bt 1  ✓  ev 0.990
[eval @ step   671744] mean return =  -133.70
[update   82 | steps   671744 | sps   1737] ep_return -126.66  kl 0.0084  bt 0  ✓  ev 0.984
[eval @ step   679936] mean return =  -133.69
[update   83 | steps   679936 | sps   1738] ep_return -130.49  kl 0.0026  bt 1  ✓  ev 0.992
[eval @ step   688128] mean return =  -133.63
[update   84 | steps   688128 | sps   1738] ep_return -138.52  kl 0.0028  bt 1  ✓  ev 0.998
[eval @ step   696320] mean return =  -133.68
[update   85 | steps   696320 | sps   1740] ep_return -135.19  kl 0.0083  bt 0  ✓  ev 0.981
[eval @ step   704512] mean return =  -133.64
[update   86 | steps   704512 | sps   1740] ep_return -133.15  kl 0.0029  bt 1  ✓  ev 0.990
[eval @ step   712704] mean return =  -133.69
[update   87 | steps   712704 | sps   1741] ep_return -147.52  kl 0.0098  bt 0  ✓  ev 0.998
[eval @ step   720896] mean return =  -133.70
[update   88 | steps   720896 | sps   1741] ep_return -150.08  kl 0.0026  bt 1  ✓  ev 0.997
[eval @ step   729088] mean return =  -133.76
[update   89 | steps   729088 | sps   1742] ep_return -145.65  kl 0.0024  bt 1  ✓  ev 0.987
[eval @ step   737280] mean return =  -133.78
[update   90 | steps   737280 | sps   1741] ep_return -153.46  kl 0.0028  bt 1  ✓  ev 0.992
[eval @ step   745472] mean return =  -133.73
[update   91 | steps   745472 | sps   1741] ep_return -154.47  kl 0.0023  bt 1  ✓  ev 0.994
[eval @ step   753664] mean return =  -133.74
[update   92 | steps   753664 | sps   1743] ep_return -158.85  kl 0.0025  bt 1  ✓  ev 0.996
[eval @ step   761856] mean return =  -133.82
[update   93 | steps   761856 | sps   1744] ep_return -156.42  kl 0.0023  bt 1  ✓  ev 0.993
[eval @ step   770048] mean return =  -133.80
[update   94 | steps   770048 | sps   1744] ep_return -155.49  kl 0.0022  bt 1  ✓  ev 0.996
[eval @ step   778240] mean return =  -133.83
[update   95 | steps   778240 | sps   1745] ep_return -150.89  kl 0.0025  bt 1  ✓  ev 0.978
[eval @ step   786432] mean return =  -133.74
[update   96 | steps   786432 | sps   1745] ep_return -141.73  kl 0.0030  bt 1  ✓  ev 0.985
[eval @ step   794624] mean return =  -133.82
[update   97 | steps   794624 | sps   1744] ep_return -141.98  kl 0.0024  bt 1  ✓  ev 0.996
[eval @ step   802816] mean return =  -133.77
[update   98 | steps   802816 | sps   1744] ep_return -136.42  kl 0.0025  bt 1  ✓  ev 0.998
[eval @ step   811008] mean return =  -133.81
[update   99 | steps   811008 | sps   1744] ep_return -136.56  kl 0.0027  bt 1  ✓  ev 0.992
[eval @ step   819200] mean return =  -133.86
[update  100 | steps   819200 | sps   1745] ep_return -140.19  kl 0.0025  bt 1  ✓  ev 0.992
[eval @ step   827392] mean return =  -133.95
[update  101 | steps   827392 | sps   1746] ep_return -145.49  kl 0.0099  bt 0  ✓  ev 0.986
[eval @ step   835584] mean return =  -133.94
[update  102 | steps   835584 | sps   1746] ep_return -144.04  kl 0.0096  bt 0  ✓  ev 0.997
[eval @ step   843776] mean return =  -133.93
[update  103 | steps   843776 | sps   1745] ep_return -147.41  kl 0.0022  bt 1  ✓  ev 0.995
[eval @ step   851968] mean return =  -133.92
[update  104 | steps   851968 | sps   1744] ep_return -154.26  kl 0.0082  bt 0  ✓  ev 0.992
[eval @ step   860160] mean return =  -134.24
[update  105 | steps   860160 | sps   1745] ep_return -168.42  kl 0.0100  bt 0  ✓  ev 0.996
[eval @ step   868352] mean return =  -133.83
[update  106 | steps   868352 | sps   1746] ep_return -172.78  kl 0.0092  bt 0  ✓  ev 0.989
[eval @ step   876544] mean return =  -133.78
[update  107 | steps   876544 | sps   1746] ep_return -147.76  kl 0.0100  bt 0  ✓  ev 0.975
[eval @ step   884736] mean return =  -133.86
[update  108 | steps   884736 | sps   1747] ep_return -150.43  kl 0.0087  bt 0  ✓  ev 0.986
[eval @ step   892928] mean return =  -133.84
[update  109 | steps   892928 | sps   1747] ep_return -141.00  kl 0.0026  bt 1  ✓  ev 0.994
[eval @ step   901120] mean return =  -133.78
[update  110 | steps   901120 | sps   1745] ep_return -142.71  kl 0.0079  bt 0  ✓  ev 0.992
[eval @ step   909312] mean return =  -133.74
[update  111 | steps   909312 | sps   1744] ep_return -146.56  kl 0.0024  bt 1  ✓  ev 0.991
[eval @ step   917504] mean return =  -133.72
[update  112 | steps   917504 | sps   1743] ep_return -159.04  kl 0.0023  bt 1  ✓  ev 0.994
[eval @ step   925696] mean return =  -133.68
[update  113 | steps   925696 | sps   1743] ep_return -154.41  kl 0.0026  bt 1  ✓  ev 0.990
[eval @ step   933888] mean return =  -133.65
[update  114 | steps   933888 | sps   1743] ep_return -154.70  kl 0.0098  bt 0  ✓  ev 0.996
[eval @ step   942080] mean return =  -133.63
[update  115 | steps   942080 | sps   1744] ep_return -151.22  kl 0.0080  bt 0  ✓  ev 0.991
[eval @ step   950272] mean return =  -133.73
[update  116 | steps   950272 | sps   1743] ep_return -135.76  kl 0.0094  bt 0  ✓  ev 0.998
[eval @ step   958464] mean return =  -133.73
[update  117 | steps   958464 | sps   1744] ep_return -127.28  kl 0.0027  bt 1  ✓  ev 0.997
[eval @ step   966656] mean return =  -133.72
[update  118 | steps   966656 | sps   1744] ep_return -131.61  kl 0.0025  bt 1  ✓  ev 0.981
[eval @ step   974848] mean return =  -133.67
[update  119 | steps   974848 | sps   1745] ep_return -147.11  kl 0.0085  bt 0  ✓  ev 0.988
[eval @ step   983040] mean return =  -133.77
[update  120 | steps   983040 | sps   1746] ep_return -167.17  kl 0.0095  bt 0  ✓  ev 0.995
[eval @ step   991232] mean return =  -133.70
[update  121 | steps   991232 | sps   1746] ep_return -171.89  kl 0.0030  bt 1  ✓  ev 0.992
[eval @ step   999424] mean return =  -133.65
[update  122 | steps   999424 | sps   1746] ep_return -159.97  kl 0.0026  bt 1  ✓  ev 0.991
Saved final model to trpo\data\trpo_sweep_Pendulum-v1_2026-05-13_13-03-29\model_final.pt
Saved 122 eval points -> C:\Users\mohamedosama\Downloads\CS515-Deep-RL\results\continuous\trpo\pendulum-v1\seed_1.npy
Saved wallclock              -> C:\Users\mohamedosama\Downloads\CS515-Deep-RL\results\wallclock\continuous\trpo\pendulum-v1\seed_1.npy
