GPU not detected. Defaulting to CPU.
########################
logging outputs to trpo\data\trpo_sweep_Walker2d-v4_2026-05-13_14-08-40
########################
[eval @ step    25000] mean return =    23.07
[update    1 | steps    25000 | sps   1644] ep_return    2.53  kl 0.0096  bt 0  ✓  ev -0.027
[eval @ step    50000] mean return =    40.94
[update    2 | steps    50000 | sps   1681] ep_return    4.91  kl 0.0100  bt 0  ✓  ev 0.315
[eval @ step    75000] mean return =   159.97
[update    3 | steps    75000 | sps   1624] ep_return   10.96  kl 0.0099  bt 0  ✓  ev 0.343
[eval @ step   100000] mean return =   309.73
[update    4 | steps   100000 | sps   1579] ep_return   21.65  kl 0.0099  bt 0  ✓  ev 0.358
[eval @ step   125000] mean return =   302.33
[update    5 | steps   125000 | sps   1551] ep_return   26.29  kl 0.0093  bt 0  ✓  ev 0.467
[eval @ step   150000] mean return =   306.99
[update    6 | steps   150000 | sps   1517] ep_return   56.15  kl 0.0092  bt 0  ✓  ev 0.546
[eval @ step   175000] mean return =   295.38
[update    7 | steps   175000 | sps   1504] ep_return  105.50  kl 0.0086  bt 0  ✓  ev 0.655
[eval @ step   200000] mean return =   282.22
[update    8 | steps   200000 | sps   1490] ep_return  135.38  kl 0.0085  bt 0  ✓  ev 0.783
[eval @ step   225000] mean return =   287.66
[update    9 | steps   225000 | sps   1484] ep_return  182.48  kl 0.0083  bt 0  ✓  ev 0.839
[eval @ step   250000] mean return =   302.49
[update   10 | steps   250000 | sps   1479] ep_return  232.66  kl 0.0082  bt 0  ✓  ev 0.848
[eval @ step   275000] mean return =   317.78
[update   11 | steps   275000 | sps   1464] ep_return  234.29  kl 0.0082  bt 0  ✓  ev 0.886
[eval @ step   300000] mean return =   312.38
[update   12 | steps   300000 | sps   1464] ep_return  260.69  kl 0.0078  bt 0  ✓  ev 0.905
[eval @ step   325000] mean return =   308.20
[update   13 | steps   325000 | sps   1483] ep_return  273.67  kl 0.0079  bt 0  ✓  ev 0.916
[eval @ step   350000] mean return =   314.74
[update   14 | steps   350000 | sps   1473] ep_return  285.18  kl 0.0075  bt 0  ✓  ev 0.921
[eval @ step   375000] mean return =   326.01
[update   15 | steps   375000 | sps   1472] ep_return  286.95  kl 0.0082  bt 0  ✓  ev 0.940
[eval @ step   400000] mean return =   335.90
[update   16 | steps   400000 | sps   1462] ep_return  293.84  kl 0.0079  bt 0  ✓  ev 0.940
[eval @ step   425000] mean return =   351.61
[update   17 | steps   425000 | sps   1461] ep_return  310.00  kl 0.0079  bt 0  ✓  ev 0.954
[eval @ step   450000] mean return =   376.78
[update   18 | steps   450000 | sps   1464] ep_return  310.33  kl 0.0086  bt 0  ✓  ev 0.954
[eval @ step   475000] mean return =   391.47
[update   19 | steps   475000 | sps   1461] ep_return  328.03  kl 0.0088  bt 0  ✓  ev 0.951
[eval @ step   500000] mean return =   408.07
[update   20 | steps   500000 | sps   1460] ep_return  337.11  kl 0.0090  bt 0  ✓  ev 0.961
[eval @ step   525000] mean return =   410.62
[update   21 | steps   525000 | sps   1464] ep_return  347.12  kl 0.0089  bt 0  ✓  ev 0.949
[eval @ step   550000] mean return =   405.26
[update   22 | steps   550000 | sps   1461] ep_return  343.75  kl 0.0086  bt 0  ✓  ev 0.957
[eval @ step   575000] mean return =   400.45
[update   23 | steps   575000 | sps   1462] ep_return  365.49  kl 0.0093  bt 0  ✓  ev 0.958
[eval @ step   600000] mean return =   401.17
[update   24 | steps   600000 | sps   1456] ep_return  363.60  kl 0.0088  bt 0  ✓  ev 0.967
[eval @ step   625000] mean return =   404.75
[update   25 | steps   625000 | sps   1455] ep_return  373.54  kl 0.0084  bt 0  ✓  ev 0.973
[eval @ step   650000] mean return =   409.20
[update   26 | steps   650000 | sps   1452] ep_return  381.00  kl 0.0080  bt 0  ✓  ev 0.976
[eval @ step   675000] mean return =   412.83
[update   27 | steps   675000 | sps   1449] ep_return  381.13  kl 0.0090  bt 0  ✓  ev 0.977
[eval @ step   700000] mean return =   419.84
[update   28 | steps   700000 | sps   1452] ep_return  379.75  kl 0.0088  bt 0  ✓  ev 0.980
[eval @ step   725000] mean return =   417.89
[update   29 | steps   725000 | sps   1449] ep_return  377.17  kl 0.0087  bt 0  ✓  ev 0.985
[eval @ step   750000] mean return =   412.26
[update   30 | steps   750000 | sps   1449] ep_return  385.84  kl 0.0090  bt 0  ✓  ev 0.985
[eval @ step   775000] mean return =   438.95
[update   31 | steps   775000 | sps   1448] ep_return  392.28  kl 0.0090  bt 0  ✓  ev 0.985
[eval @ step   800000] mean return =   426.71
[update   32 | steps   800000 | sps   1448] ep_return  390.39  kl 0.0081  bt 0  ✓  ev 0.988
[eval @ step   825000] mean return =   443.39
[update   33 | steps   825000 | sps   1448] ep_return  402.90  kl 0.0081  bt 0  ✓  ev 0.982
[eval @ step   850000] mean return =   439.47
[update   34 | steps   850000 | sps   1449] ep_return  404.91  kl 0.0089  bt 0  ✓  ev 0.986
[eval @ step   875000] mean return =   437.80
[update   35 | steps   875000 | sps   1450] ep_return  404.49  kl 0.0084  bt 0  ✓  ev 0.984
[eval @ step   900000] mean return =   446.51
[update   36 | steps   900000 | sps   1451] ep_return  412.22  kl 0.0092  bt 0  ✓  ev 0.978
[eval @ step   925000] mean return =   458.88
[update   37 | steps   925000 | sps   1453] ep_return  425.06  kl 0.0084  bt 0  ✓  ev 0.977
[eval @ step   950000] mean return =   459.40
[update   38 | steps   950000 | sps   1451] ep_return  425.78  kl 0.0090  bt 0  ✓  ev 0.971
[eval @ step   975000] mean return =   467.29
[update   39 | steps   975000 | sps   1454] ep_return  436.26  kl 0.0088  bt 0  ✓  ev 0.968
[eval @ step  1000000] mean return =   467.84
[update   40 | steps  1000000 | sps   1455] ep_return  450.94  kl 0.0092  bt 0  ✓  ev 0.971
Saved final model to trpo\data\trpo_sweep_Walker2d-v4_2026-05-13_14-08-40\model_final.pt
Saved 40 eval points -> C:\Users\mohamedosama\Downloads\CS515-Deep-RL\results\continuous\trpo\walker2d-v4\seed_3.npy
Saved wallclock              -> C:\Users\mohamedosama\Downloads\CS515-Deep-RL\results\wallclock\continuous\trpo\walker2d-v4\seed_3.npy
